CUDA Memory Cleared. Current VRAM Usage: 0.00 MB
On device cuda
Getting data loader crumb
Corrected 163/300 CRUMB test labels using train-derived (parent, code) -> label mapping
Total unique classes found: 2
Label IDs: [0, 1]
Total images in dataset: 2002
Total batches: 86 (at batch size 16)

============================================================
Run 1/1  |  seed=42  |  tag=crumb_scratch_lr3  |  results -> results/classification/run_20260713_200524_seed42
============================================================

Training classification for 100 epochs
Epoch 0
Epoch 0, Training Loss: 0.7014, Validation Loss: 0.6856 (best)
--- Saved model to checkpoints/classification/crumb_scratch_lr3/state.pt ---
Epoch 1
Epoch 1, Training Loss: 0.6947, Validation Loss: 0.6944
--- Saved model to checkpoints/classification/crumb_scratch_lr3/state.pt ---
Epoch 2
Epoch 2, Training Loss: 0.6883, Validation Loss: 0.7340
--- Saved model to checkpoints/classification/crumb_scratch_lr3/state.pt ---
Epoch 3
Epoch 3, Training Loss: 0.6833, Validation Loss: 2.1286
--- Saved model to checkpoints/classification/crumb_scratch_lr3/state.pt ---
Epoch 4
Epoch 4, Training Loss: 0.6805, Validation Loss: 0.6874
--- Saved model to checkpoints/classification/crumb_scratch_lr3/state.pt ---
Epoch 5
Epoch 5, Training Loss: 0.6775, Validation Loss: 0.6893
--- Saved model to checkpoints/classification/crumb_scratch_lr3/state.pt ---
Epoch 6
Epoch 6, Training Loss: 0.6730, Validation Loss: 0.8797
--- Saved model to checkpoints/classification/crumb_scratch_lr3/state.pt ---
Epoch 7
Epoch 7, Training Loss: 0.6737, Validation Loss: 1.9915
--- Saved model to checkpoints/classification/crumb_scratch_lr3/state.pt ---
Epoch 8
Epoch 8, Training Loss: 0.6772, Validation Loss: 2.4084
--- Saved model to checkpoints/classification/crumb_scratch_lr3/state.pt ---
Epoch 9
Epoch 9, Training Loss: 0.6730, Validation Loss: 0.6988
--- Saved model to checkpoints/classification/crumb_scratch_lr3/state.pt ---
Epoch 10
Epoch 10, Training Loss: 0.6800, Validation Loss: 0.6866
--- Saved model to checkpoints/classification/crumb_scratch_lr3/state.pt ---
Epoch 11
Epoch 11, Training Loss: 0.6762, Validation Loss: 0.7479
--- Saved model to checkpoints/classification/crumb_scratch_lr3/state.pt ---
Epoch 12
Epoch 12, Training Loss: 0.6736, Validation Loss: 0.7191
--- Saved model to checkpoints/classification/crumb_scratch_lr3/state.pt ---
Epoch 13
Epoch 13, Training Loss: 0.6735, Validation Loss: 1.7870
--- Saved model to checkpoints/classification/crumb_scratch_lr3/state.pt ---
Epoch 14
Epoch 14, Training Loss: 0.6661, Validation Loss: 7.8848
--- Saved model to checkpoints/classification/crumb_scratch_lr3/state.pt ---
Epoch 15
Epoch 15, Training Loss: 0.6717, Validation Loss: 1.9055
--- Saved model to checkpoints/classification/crumb_scratch_lr3/state.pt ---
Epoch 16
Epoch 16, Training Loss: 0.6717, Validation Loss: 3.6352
--- Saved model to checkpoints/classification/crumb_scratch_lr3/state.pt ---
Epoch 17
Epoch 17, Training Loss: 0.6709, Validation Loss: 3.4815
--- Saved model to checkpoints/classification/crumb_scratch_lr3/state.pt ---
Epoch 18
Epoch 18, Training Loss: 0.6693, Validation Loss: 2.4426
--- Saved model to checkpoints/classification/crumb_scratch_lr3/state.pt ---
Epoch 19
Epoch 19, Training Loss: 0.6623, Validation Loss: 0.7680
--- Saved model to checkpoints/classification/crumb_scratch_lr3/state.pt ---
Epoch 20
Epoch 20, Training Loss: 0.6742, Validation Loss: 0.7737
--- Saved model to checkpoints/classification/crumb_scratch_lr3/state.pt ---
Epoch 21
Epoch 21, Training Loss: 0.6704, Validation Loss: 0.9763
--- Saved model to checkpoints/classification/crumb_scratch_lr3/state.pt ---
Epoch 22
Epoch 22, Training Loss: 0.6624, Validation Loss: 0.8225
--- Saved model to checkpoints/classification/crumb_scratch_lr3/state.pt ---
Epoch 23
Epoch 23, Training Loss: 0.6705, Validation Loss: 0.9539
--- Saved model to checkpoints/classification/crumb_scratch_lr3/state.pt ---
Epoch 24
Epoch 24, Training Loss: 0.6674, Validation Loss: 0.7144
--- Saved model to checkpoints/classification/crumb_scratch_lr3/state.pt ---
Epoch 25
Epoch 25, Training Loss: 0.6751, Validation Loss: 0.8231
--- Saved model to checkpoints/classification/crumb_scratch_lr3/state.pt ---
Epoch 26
Epoch 26, Training Loss: 0.6730, Validation Loss: 4.7168
--- Saved model to checkpoints/classification/crumb_scratch_lr3/state.pt ---
Epoch 27
Epoch 27, Training Loss: 0.6718, Validation Loss: 0.9516
--- Saved model to checkpoints/classification/crumb_scratch_lr3/state.pt ---
Epoch 28
Epoch 28, Training Loss: 0.6737, Validation Loss: 0.6625 (best)
--- Saved model to checkpoints/classification/crumb_scratch_lr3/state.pt ---
Epoch 29
Epoch 29, Training Loss: 0.6674, Validation Loss: 0.9346
--- Saved model to checkpoints/classification/crumb_scratch_lr3/state.pt ---
Epoch 30
Epoch 30, Training Loss: 0.6648, Validation Loss: 1.0142
--- Saved model to checkpoints/classification/crumb_scratch_lr3/state.pt ---
Epoch 31
Epoch 31, Training Loss: 0.6680, Validation Loss: 1.4258
--- Saved model to checkpoints/classification/crumb_scratch_lr3/state.pt ---
Epoch 32
Epoch 32, Training Loss: 0.6658, Validation Loss: 1.4776
--- Saved model to checkpoints/classification/crumb_scratch_lr3/state.pt ---
Epoch 33
Epoch 33, Training Loss: 0.6637, Validation Loss: 3.6618
--- Saved model to checkpoints/classification/crumb_scratch_lr3/state.pt ---
Epoch 34
Epoch 34, Training Loss: 0.6564, Validation Loss: 0.7883
--- Saved model to checkpoints/classification/crumb_scratch_lr3/state.pt ---
Epoch 35
Epoch 35, Training Loss: 0.6652, Validation Loss: 1.9788
--- Saved model to checkpoints/classification/crumb_scratch_lr3/state.pt ---
Epoch 36
Epoch 36, Training Loss: 0.6589, Validation Loss: 3.4671
--- Saved model to checkpoints/classification/crumb_scratch_lr3/state.pt ---
Epoch 37
Epoch 37, Training Loss: 0.6634, Validation Loss: 0.6597 (best)
--- Saved model to checkpoints/classification/crumb_scratch_lr3/state.pt ---
Epoch 38
Epoch 38, Training Loss: 0.6689, Validation Loss: 1.3005
--- Saved model to checkpoints/classification/crumb_scratch_lr3/state.pt ---
Epoch 39
Epoch 39, Training Loss: 0.6609, Validation Loss: 1.5479
--- Saved model to checkpoints/classification/crumb_scratch_lr3/state.pt ---
Epoch 40
Epoch 40, Training Loss: 0.6692, Validation Loss: 2.3897
--- Saved model to checkpoints/classification/crumb_scratch_lr3/state.pt ---
Epoch 41
Epoch 41, Training Loss: 0.6666, Validation Loss: 5.2819
--- Saved model to checkpoints/classification/crumb_scratch_lr3/state.pt ---
Epoch 42
Epoch 42, Training Loss: 0.6642, Validation Loss: 0.6642
--- Saved model to checkpoints/classification/crumb_scratch_lr3/state.pt ---
Epoch 43
Epoch 43, Training Loss: 0.6679, Validation Loss: 1.6398
--- Saved model to checkpoints/classification/crumb_scratch_lr3/state.pt ---
Epoch 44
Epoch 44, Training Loss: 0.6601, Validation Loss: 2.7843
--- Saved model to checkpoints/classification/crumb_scratch_lr3/state.pt ---
Epoch 45
Epoch 45, Training Loss: 0.6576, Validation Loss: 2.9792
--- Saved model to checkpoints/classification/crumb_scratch_lr3/state.pt ---
Epoch 46
Epoch 46, Training Loss: 0.6617, Validation Loss: 5.3957
--- Saved model to checkpoints/classification/crumb_scratch_lr3/state.pt ---
Epoch 47
Epoch 47, Training Loss: 0.6642, Validation Loss: 0.8860
--- Saved model to checkpoints/classification/crumb_scratch_lr3/state.pt ---
Epoch 48
Epoch 48, Training Loss: 0.6652, Validation Loss: 0.6613
--- Saved model to checkpoints/classification/crumb_scratch_lr3/state.pt ---
Epoch 49
Epoch 49, Training Loss: 0.6670, Validation Loss: 1.1280
--- Saved model to checkpoints/classification/crumb_scratch_lr3/state.pt ---
Epoch 50
Epoch 50, Training Loss: 0.6643, Validation Loss: 0.6664
--- Saved model to checkpoints/classification/crumb_scratch_lr3/state.pt ---
Epoch 51
Epoch 51, Training Loss: 0.6578, Validation Loss: 1.5998
--- Saved model to checkpoints/classification/crumb_scratch_lr3/state.pt ---
Epoch 52
Epoch 52, Training Loss: 0.6603, Validation Loss: 1.1604
--- Saved model to checkpoints/classification/crumb_scratch_lr3/state.pt ---
Epoch 53
Epoch 53, Training Loss: 0.6672, Validation Loss: 1.3452
--- Saved model to checkpoints/classification/crumb_scratch_lr3/state.pt ---
Epoch 54
Epoch 54, Training Loss: 0.6586, Validation Loss: 1.1414
--- Saved model to checkpoints/classification/crumb_scratch_lr3/state.pt ---
Epoch 55
Epoch 55, Training Loss: 0.6648, Validation Loss: 4.2965
--- Saved model to checkpoints/classification/crumb_scratch_lr3/state.pt ---
Epoch 56
Epoch 56, Training Loss: 0.6606, Validation Loss: 10.6384
--- Saved model to checkpoints/classification/crumb_scratch_lr3/state.pt ---
Epoch 57
Epoch 57, Training Loss: 0.6635, Validation Loss: 0.6947
--- Saved model to checkpoints/classification/crumb_scratch_lr3/state.pt ---
Epoch 58
Epoch 58, Training Loss: 0.6645, Validation Loss: 2.6291
--- Saved model to checkpoints/classification/crumb_scratch_lr3/state.pt ---
Epoch 59
Epoch 59, Training Loss: 0.6668, Validation Loss: 2.7210
--- Saved model to checkpoints/classification/crumb_scratch_lr3/state.pt ---
Epoch 60
Epoch 60, Training Loss: 0.6542, Validation Loss: 4.1793
--- Saved model to checkpoints/classification/crumb_scratch_lr3/state.pt ---
Epoch 61
Epoch 61, Training Loss: 0.6625, Validation Loss: 1.0894
--- Saved model to checkpoints/classification/crumb_scratch_lr3/state.pt ---
Epoch 62
Epoch 62, Training Loss: 0.6551, Validation Loss: 1.0091
--- Saved model to checkpoints/classification/crumb_scratch_lr3/state.pt ---
Epoch 63
Epoch 63, Training Loss: 0.6673, Validation Loss: 4.1552
--- Saved model to checkpoints/classification/crumb_scratch_lr3/state.pt ---
Epoch 64
Epoch 64, Training Loss: 0.6639, Validation Loss: 0.8510
--- Saved model to checkpoints/classification/crumb_scratch_lr3/state.pt ---
Epoch 65
Epoch 65, Training Loss: 0.6579, Validation Loss: 9.0175
--- Saved model to checkpoints/classification/crumb_scratch_lr3/state.pt ---
Epoch 66
Epoch 66, Training Loss: 0.6614, Validation Loss: 3.8797
--- Saved model to checkpoints/classification/crumb_scratch_lr3/state.pt ---
Epoch 67
Epoch 67, Training Loss: 0.6557, Validation Loss: 4.8583
--- Saved model to checkpoints/classification/crumb_scratch_lr3/state.pt ---
Epoch 68
Epoch 68, Training Loss: 0.6642, Validation Loss: 2.3209
--- Saved model to checkpoints/classification/crumb_scratch_lr3/state.pt ---
Epoch 69
Epoch 69, Training Loss: 0.6591, Validation Loss: 1.0103
--- Saved model to checkpoints/classification/crumb_scratch_lr3/state.pt ---
Epoch 70
Epoch 70, Training Loss: 0.6562, Validation Loss: 1.4883
--- Saved model to checkpoints/classification/crumb_scratch_lr3/state.pt ---
Epoch 71
Epoch 71, Training Loss: 0.6556, Validation Loss: 2.4039
--- Saved model to checkpoints/classification/crumb_scratch_lr3/state.pt ---
Epoch 72
