CUDA Memory Cleared. Current VRAM Usage: 0.00 MB
On device cuda
Getting data loader crumb_fits
Loaded FITS stats: noise_rms=0.000324, peak_log=4.066700
Loaded FITS stats: noise_rms=0.000324, peak_log=4.066700
Total unique classes found: 2
Label IDs: [0, 1]
Total images in dataset: 1789
Total batches: 157 (at batch size 8)

============================================================
Run 1/1  |  seed=43  |  tag=cls_guided_diffusion_crumb_fits_seed43  |  results -> results/classifier_guided_diffusion/20260924_233835_cls_guided_diffusion_crumb_fits_seed43_921094
============================================================

Training classifier_guided_diffusion for 400 epochs
Loaded guidance classifier (classification) from checkpoints/classification/scratch
No pre-trained checkpoint at checkpoints/diffusion_crumb_fits, training from scratch
Epoch 0
/idia/users/bevan/pid-radast/classifier-guided-physics-informed-diffusion/.venv/lib/python3.11/site-packages/diffusers/configuration_utils.py:139: FutureWarning: Accessing config attribute `num_train_timesteps` directly via 'DDPMScheduler' object attribute is deprecated. Please access 'num_train_timesteps' over 'DDPMScheduler's config object instead, e.g. 'scheduler.config.num_train_timesteps'.
  deprecate("direct config name access", "1.0.0", deprecation_message, standard_warn=False)
/idia/users/bevan/pid-radast/classifier-guided-physics-informed-diffusion/.venv/lib/python3.11/site-packages/diffusers/models/attention_processor.py:1259: UserWarning: Memory Efficient attention is a non-deterministic algorithm. To explicitly disable Memory Efficient attention call torch.use_deterministic_algorithms(True, warn_only=False). (Triggered internally at ../aten/src/ATen/native/transformers/cuda/sdp_utils.h:419.)
  hidden_states = F.scaled_dot_product_attention(
/idia/users/bevan/pid-radast/classifier-guided-physics-informed-diffusion/.venv/lib/python3.11/site-packages/torchmetrics/utilities/prints.py:43: UserWarning: Metric `Kernel Inception Distance` will save all extracted features in buffer. For large datasets this may lead to large memory footprint.
  warnings.warn(*args, **kwargs)
Epoch 0 | Loss: 0.082173 | Val: 0.154000
FITS files saved to results/classifier_guided_diffusion/20260924_233835_cls_guided_diffusion_crumb_fits_seed43_921094/generated_fits
Computing FID/KID/PDF at epoch 0...
  FID: 181.0686 | KID: 0.205883
  Pixel PDF W-dist: 0.0176
--- Saved model to checkpoints/classifier_guided_diffusion/cls_guided_diffusion_crumb_fits_seed43/state.pt ---
Epoch 1
Epoch 1 | Loss: 0.030570 | Val: 0.145295
--- Saved model to checkpoints/classifier_guided_diffusion/cls_guided_diffusion_crumb_fits_seed43/state.pt ---
Epoch 2
Epoch 2 | Loss: 0.031499 | Val: 0.141256
--- Saved model to checkpoints/classifier_guided_diffusion/cls_guided_diffusion_crumb_fits_seed43/state.pt ---
Epoch 3
Epoch 3 | Loss: 0.026968 | Val: 0.140450
--- Saved model to checkpoints/classifier_guided_diffusion/cls_guided_diffusion_crumb_fits_seed43/state.pt ---
Epoch 4
Epoch 4 | Loss: 0.028254 | Val: 0.138580
--- Saved model to checkpoints/classifier_guided_diffusion/cls_guided_diffusion_crumb_fits_seed43/state.pt ---
Epoch 5
Epoch 5 | Loss: 0.022322 | Val: 0.140502
--- Saved model to checkpoints/classifier_guided_diffusion/cls_guided_diffusion_crumb_fits_seed43/state.pt ---
Epoch 6
Epoch 6 | Loss: 0.022471 | Val: 0.137684
--- Saved model to checkpoints/classifier_guided_diffusion/cls_guided_diffusion_crumb_fits_seed43/state.pt ---
Epoch 7
Epoch 7 | Loss: 0.024675 | Val: 0.136013
--- Saved model to checkpoints/classifier_guided_diffusion/cls_guided_diffusion_crumb_fits_seed43/state.pt ---
Epoch 8
Epoch 8 | Loss: 0.020186 | Val: 0.136417
--- Saved model to checkpoints/classifier_guided_diffusion/cls_guided_diffusion_crumb_fits_seed43/state.pt ---
Epoch 9
Epoch 9 | Loss: 0.025600 | Val: 0.136534
--- Saved model to checkpoints/classifier_guided_diffusion/cls_guided_diffusion_crumb_fits_seed43/state.pt ---
Epoch 10
Epoch 10 | Loss: 0.020616 | Val: 0.135819
FITS files saved to results/classifier_guided_diffusion/20260924_233835_cls_guided_diffusion_crumb_fits_seed43_921094/generated_fits
Computing FID/KID/PDF at epoch 10...
  FID: 149.3177 | KID: 0.141931
  Pixel PDF W-dist: 0.1310
--- Saved model to checkpoints/classifier_guided_diffusion/cls_guided_diffusion_crumb_fits_seed43/state.pt ---
Epoch 11
Epoch 11 | Loss: 0.027888 | Val: 0.135872
--- Saved model to checkpoints/classifier_guided_diffusion/cls_guided_diffusion_crumb_fits_seed43/state.pt ---
Epoch 12
Epoch 12 | Loss: 0.023070 | Val: 0.137923
--- Saved model to checkpoints/classifier_guided_diffusion/cls_guided_diffusion_crumb_fits_seed43/state.pt ---
Epoch 13
Epoch 13 | Loss: 0.026607 | Val: 0.135526
--- Saved model to checkpoints/classifier_guided_diffusion/cls_guided_diffusion_crumb_fits_seed43/state.pt ---
Epoch 14
Epoch 14 | Loss: 0.022443 | Val: 0.134910
--- Saved model to checkpoints/classifier_guided_diffusion/cls_guided_diffusion_crumb_fits_seed43/state.pt ---
Epoch 15
Epoch 15 | Loss: 0.021925 | Val: 0.133736
--- Saved model to checkpoints/classifier_guided_diffusion/cls_guided_diffusion_crumb_fits_seed43/state.pt ---
Epoch 16
Epoch 16 | Loss: 0.025674 | Val: 0.134625
--- Saved model to checkpoints/classifier_guided_diffusion/cls_guided_diffusion_crumb_fits_seed43/state.pt ---
Epoch 17
Epoch 17 | Loss: 0.021350 | Val: 0.133796
--- Saved model to checkpoints/classifier_guided_diffusion/cls_guided_diffusion_crumb_fits_seed43/state.pt ---
Epoch 18
Epoch 18 | Loss: 0.030484 | Val: 0.135257
--- Saved model to checkpoints/classifier_guided_diffusion/cls_guided_diffusion_crumb_fits_seed43/state.pt ---
Epoch 19
Epoch 19 | Loss: 0.022872 | Val: 0.134398
--- Saved model to checkpoints/classifier_guided_diffusion/cls_guided_diffusion_crumb_fits_seed43/state.pt ---
Epoch 20
Epoch 20 | Loss: 0.023506 | Val: 0.133195
FITS files saved to results/classifier_guided_diffusion/20260924_233835_cls_guided_diffusion_crumb_fits_seed43_921094/generated_fits
Computing FID/KID/PDF at epoch 20...
  FID: 175.3180 | KID: 0.151830
  Pixel PDF W-dist: 0.1731
--- Saved model to checkpoints/classifier_guided_diffusion/cls_guided_diffusion_crumb_fits_seed43/state.pt ---
Epoch 21
Epoch 21 | Loss: 0.028527 | Val: 0.133584
--- Saved model to checkpoints/classifier_guided_diffusion/cls_guided_diffusion_crumb_fits_seed43/state.pt ---
Epoch 22
Epoch 22 | Loss: 0.022945 | Val: 0.134955
--- Saved model to checkpoints/classifier_guided_diffusion/cls_guided_diffusion_crumb_fits_seed43/state.pt ---
Epoch 23
Epoch 23 | Loss: 0.024474 | Val: 0.134472
--- Saved model to checkpoints/classifier_guided_diffusion/cls_guided_diffusion_crumb_fits_seed43/state.pt ---
Epoch 24
Epoch 24 | Loss: 0.030501 | Val: 0.135094
--- Saved model to checkpoints/classifier_guided_diffusion/cls_guided_diffusion_crumb_fits_seed43/state.pt ---
Epoch 25
Epoch 25 | Loss: 0.026258 | Val: 0.133860
--- Saved model to checkpoints/classifier_guided_diffusion/cls_guided_diffusion_crumb_fits_seed43/state.pt ---
Epoch 26
Epoch 26 | Loss: 0.023924 | Val: 0.133424
--- Saved model to checkpoints/classifier_guided_diffusion/cls_guided_diffusion_crumb_fits_seed43/state.pt ---
Epoch 27
Epoch 27 | Loss: 0.023025 | Val: 0.134760
--- Saved model to checkpoints/classifier_guided_diffusion/cls_guided_diffusion_crumb_fits_seed43/state.pt ---
Epoch 28
Epoch 28 | Loss: 0.028208 | Val: 0.133739
--- Saved model to checkpoints/classifier_guided_diffusion/cls_guided_diffusion_crumb_fits_seed43/state.pt ---
Epoch 29
Epoch 29 | Loss: 0.022361 | Val: 0.133457
--- Saved model to checkpoints/classifier_guided_diffusion/cls_guided_diffusion_crumb_fits_seed43/state.pt ---
Epoch 30
Epoch 30 | Loss: 0.024478 | Val: 0.135014
FITS files saved to results/classifier_guided_diffusion/20260924_233835_cls_guided_diffusion_crumb_fits_seed43_921094/generated_fits
Computing FID/KID/PDF at epoch 30...
  FID: 160.4078 | KID: 0.152341
  Pixel PDF W-dist: 0.0938
--- Saved model to checkpoints/classifier_guided_diffusion/cls_guided_diffusion_crumb_fits_seed43/state.pt ---
Epoch 31
Epoch 31 | Loss: 0.024477 | Val: 0.132401
--- Saved model to checkpoints/classifier_guided_diffusion/cls_guided_diffusion_crumb_fits_seed43/state.pt ---
Epoch 32
Epoch 32 | Loss: 0.018662 | Val: 0.133143
--- Saved model to checkpoints/classifier_guided_diffusion/cls_guided_diffusion_crumb_fits_seed43/state.pt ---
Epoch 33
Epoch 33 | Loss: 0.025613 | Val: 0.132919
--- Saved model to checkpoints/classifier_guided_diffusion/cls_guided_diffusion_crumb_fits_seed43/state.pt ---
Epoch 34
Epoch 34 | Loss: 0.024793 | Val: 0.132925
--- Saved model to checkpoints/classifier_guided_diffusion/cls_guided_diffusion_crumb_fits_seed43/state.pt ---
Epoch 35
Epoch 35 | Loss: 0.023535 | Val: 0.133981
--- Saved model to checkpoints/classifier_guided_diffusion/cls_guided_diffusion_crumb_fits_seed43/state.pt ---
Epoch 36
Epoch 36 | Loss: 0.023870 | Val: 0.134204
--- Saved model to checkpoints/classifier_guided_diffusion/cls_guided_diffusion_crumb_fits_seed43/state.pt ---
Epoch 37
Epoch 37 | Loss: 0.025834 | Val: 0.134234
--- Saved model to checkpoints/classifier_guided_diffusion/cls_guided_diffusion_crumb_fits_seed43/state.pt ---
Epoch 38
Epoch 38 | Loss: 0.027341 | Val: 0.132513
--- Saved model to checkpoints/classifier_guided_diffusion/cls_guided_diffusion_crumb_fits_seed43/state.pt ---
Epoch 39
Epoch 39 | Loss: 0.022538 | Val: 0.132671
--- Saved model to checkpoints/classifier_guided_diffusion/cls_guided_diffusion_crumb_fits_seed43/state.pt ---
Epoch 40
Epoch 40 | Loss: 0.020190 | Val: 0.132706
FITS files saved to results/classifier_guided_diffusion/20260924_233835_cls_guided_diffusion_crumb_fits_seed43_921094/generated_fits
Computing FID/KID/PDF at epoch 40...
  FID: 148.6283 | KID: 0.143367
  Pixel PDF W-dist: 0.0953
--- Saved model to checkpoints/classifier_guided_diffusion/cls_guided_diffusion_crumb_fits_seed43/state.pt ---
Epoch 41
Epoch 41 | Loss: 0.028098 | Val: 0.133104
--- Saved model to checkpoints/classifier_guided_diffusion/cls_guided_diffusion_crumb_fits_seed43/state.pt ---
Epoch 42
Epoch 42 | Loss: 0.026122 | Val: 0.132957
--- Saved model to checkpoints/classifier_guided_diffusion/cls_guided_diffusion_crumb_fits_seed43/state.pt ---
Epoch 43
Epoch 43 | Loss: 0.020363 | Val: 0.132482
--- Saved model to checkpoints/classifier_guided_diffusion/cls_guided_diffusion_crumb_fits_seed43/state.pt ---
Epoch 44
Epoch 44 | Loss: 0.022982 | Val: 0.132166
--- Saved model to checkpoints/classifier_guided_diffusion/cls_guided_diffusion_crumb_fits_seed43/state.pt ---
Epoch 45
Epoch 45 | Loss: 0.022963 | Val: 0.132323
--- Saved model to checkpoints/classifier_guided_diffusion/cls_guided_diffusion_crumb_fits_seed43/state.pt ---
Epoch 46
Epoch 46 | Loss: 0.025585 | Val: 0.133821
--- Saved model to checkpoints/classifier_guided_diffusion/cls_guided_diffusion_crumb_fits_seed43/state.pt ---
Epoch 47
Epoch 47 | Loss: 0.023343 | Val: 0.132168
--- Saved model to checkpoints/classifier_guided_diffusion/cls_guided_diffusion_crumb_fits_seed43/state.pt ---
Epoch 48
Epoch 48 | Loss: 0.024246 | Val: 0.132579
--- Saved model to checkpoints/classifier_guided_diffusion/cls_guided_diffusion_crumb_fits_seed43/state.pt ---
Epoch 49
Epoch 49 | Loss: 0.023488 | Val: 0.131594
--- Saved model to checkpoints/classifier_guided_diffusion/cls_guided_diffusion_crumb_fits_seed43/state.pt ---
Epoch 50
Epoch 50 | Loss: 0.020346 | Val: 0.132570
FITS files saved to results/classifier_guided_diffusion/20260924_233835_cls_guided_diffusion_crumb_fits_seed43_921094/generated_fits
Computing FID/KID/PDF at epoch 50...
  FID: 163.6492 | KID: 0.153179
  Pixel PDF W-dist: 0.1058
--- Saved model to checkpoints/classifier_guided_diffusion/cls_guided_diffusion_crumb_fits_seed43/state.pt ---
Epoch 51
Epoch 51 | Loss: 0.019995 | Val: 0.133729
--- Saved model to checkpoints/classifier_guided_diffusion/cls_guided_diffusion_crumb_fits_seed43/state.pt ---
Epoch 52
Epoch 52 | Loss: 0.025602 | Val: 0.132651
--- Saved model to checkpoints/classifier_guided_diffusion/cls_guided_diffusion_crumb_fits_seed43/state.pt ---
Epoch 53
Epoch 53 | Loss: 0.024340 | Val: 0.132008
--- Saved model to checkpoints/classifier_guided_diffusion/cls_guided_diffusion_crumb_fits_seed43/state.pt ---
Epoch 54
Epoch 54 | Loss: 0.020857 | Val: 0.132595
--- Saved model to checkpoints/classifier_guided_diffusion/cls_guided_diffusion_crumb_fits_seed43/state.pt ---
Epoch 55
Epoch 55 | Loss: 0.025288 | Val: 0.131284
--- Saved model to checkpoints/classifier_guided_diffusion/cls_guided_diffusion_crumb_fits_seed43/state.pt ---
Epoch 56
Epoch 56 | Loss: 0.024176 | Val: 0.131509
--- Saved model to checkpoints/classifier_guided_diffusion/cls_guided_diffusion_crumb_fits_seed43/state.pt ---
Epoch 57
Epoch 57 | Loss: 0.020275 | Val: 0.132277
--- Saved model to checkpoints/classifier_guided_diffusion/cls_guided_diffusion_crumb_fits_seed43/state.pt ---
Epoch 58
Epoch 58 | Loss: 0.025613 | Val: 0.132105
--- Saved model to checkpoints/classifier_guided_diffusion/cls_guided_diffusion_crumb_fits_seed43/state.pt ---
Epoch 59
Epoch 59 | Loss: 0.025223 | Val: 0.133192
--- Saved model to checkpoints/classifier_guided_diffusion/cls_guided_diffusion_crumb_fits_seed43/state.pt ---
Epoch 60
Epoch 60 | Loss: 0.025464 | Val: 0.133102
FITS files saved to results/classifier_guided_diffusion/20260924_233835_cls_guided_diffusion_crumb_fits_seed43_921094/generated_fits
Computing FID/KID/PDF at epoch 60...
  FID: 154.5176 | KID: 0.129202
  Pixel PDF W-dist: 0.0478
--- Saved model to checkpoints/classifier_guided_diffusion/cls_guided_diffusion_crumb_fits_seed43/state.pt ---
Epoch 61
Epoch 61 | Loss: 0.026784 | Val: 0.130769
--- Saved model to checkpoints/classifier_guided_diffusion/cls_guided_diffusion_crumb_fits_seed43/state.pt ---
Epoch 62
Epoch 62 | Loss: 0.019802 | Val: 0.131081
--- Saved model to checkpoints/classifier_guided_diffusion/cls_guided_diffusion_crumb_fits_seed43/state.pt ---
Epoch 63
Epoch 63 | Loss: 0.024503 | Val: 0.131217
--- Saved model to checkpoints/classifier_guided_diffusion/cls_guided_diffusion_crumb_fits_seed43/state.pt ---
Epoch 64
Epoch 64 | Loss: 0.025935 | Val: 0.131056
--- Saved model to checkpoints/classifier_guided_diffusion/cls_guided_diffusion_crumb_fits_seed43/state.pt ---
Epoch 65
Epoch 65 | Loss: 0.022520 | Val: 0.131489
--- Saved model to checkpoints/classifier_guided_diffusion/cls_guided_diffusion_crumb_fits_seed43/state.pt ---
Epoch 66
Epoch 66 | Loss: 0.021265 | Val: 0.131327
--- Saved model to checkpoints/classifier_guided_diffusion/cls_guided_diffusion_crumb_fits_seed43/state.pt ---
Epoch 67
Epoch 67 | Loss: 0.025959 | Val: 0.132391
--- Saved model to checkpoints/classifier_guided_diffusion/cls_guided_diffusion_crumb_fits_seed43/state.pt ---
Epoch 68
Epoch 68 | Loss: 0.025859 | Val: 0.133210
--- Saved model to checkpoints/classifier_guided_diffusion/cls_guided_diffusion_crumb_fits_seed43/state.pt ---
Epoch 69
Epoch 69 | Loss: 0.027024 | Val: 0.130889
--- Saved model to checkpoints/classifier_guided_diffusion/cls_guided_diffusion_crumb_fits_seed43/state.pt ---
Epoch 70
Epoch 70 | Loss: 0.022057 | Val: 0.130836
FITS files saved to results/classifier_guided_diffusion/20260924_233835_cls_guided_diffusion_crumb_fits_seed43_921094/generated_fits
Computing FID/KID/PDF at epoch 70...
  FID: 150.7379 | KID: 0.131012
  Pixel PDF W-dist: 0.0475
--- Saved model to checkpoints/classifier_guided_diffusion/cls_guided_diffusion_crumb_fits_seed43/state.pt ---
Epoch 71
Epoch 71 | Loss: 0.028061 | Val: 0.130024
--- Saved model to checkpoints/classifier_guided_diffusion/cls_guided_diffusion_crumb_fits_seed43/state.pt ---
Epoch 72
Epoch 72 | Loss: 0.026158 | Val: 0.130020
--- Saved model to checkpoints/classifier_guided_diffusion/cls_guided_diffusion_crumb_fits_seed43/state.pt ---
Epoch 73
Epoch 73 | Loss: 0.025450 | Val: 0.130273
--- Saved model to checkpoints/classifier_guided_diffusion/cls_guided_diffusion_crumb_fits_seed43/state.pt ---
Epoch 74
Epoch 74 | Loss: 0.027137 | Val: 0.129811
--- Saved model to checkpoints/classifier_guided_diffusion/cls_guided_diffusion_crumb_fits_seed43/state.pt ---
Epoch 75
Epoch 75 | Loss: 0.022387 | Val: 0.131005
--- Saved model to checkpoints/classifier_guided_diffusion/cls_guided_diffusion_crumb_fits_seed43/state.pt ---
Epoch 76
Epoch 76 | Loss: 0.021449 | Val: 0.130177
--- Saved model to checkpoints/classifier_guided_diffusion/cls_guided_diffusion_crumb_fits_seed43/state.pt ---
Epoch 77
Epoch 77 | Loss: 0.022391 | Val: 0.130387
--- Saved model to checkpoints/classifier_guided_diffusion/cls_guided_diffusion_crumb_fits_seed43/state.pt ---
Epoch 78
Epoch 78 | Loss: 0.028316 | Val: 0.130314
--- Saved model to checkpoints/classifier_guided_diffusion/cls_guided_diffusion_crumb_fits_seed43/state.pt ---
Epoch 79
Epoch 79 | Loss: 0.025796 | Val: 0.131241
--- Saved model to checkpoints/classifier_guided_diffusion/cls_guided_diffusion_crumb_fits_seed43/state.pt ---
Epoch 80
Epoch 80 | Loss: 0.021937 | Val: 0.131130
FITS files saved to results/classifier_guided_diffusion/20260924_233835_cls_guided_diffusion_crumb_fits_seed43_921094/generated_fits
Computing FID/KID/PDF at epoch 80...
  FID: 164.5273 | KID: 0.128251
  Pixel PDF W-dist: 0.0587
--- Saved model to checkpoints/classifier_guided_diffusion/cls_guided_diffusion_crumb_fits_seed43/state.pt ---
Epoch 81
Epoch 81 | Loss: 0.022438 | Val: 0.130443
--- Saved model to checkpoints/classifier_guided_diffusion/cls_guided_diffusion_crumb_fits_seed43/state.pt ---
Epoch 82
Epoch 82 | Loss: 0.022345 | Val: 0.129256
--- Saved model to checkpoints/classifier_guided_diffusion/cls_guided_diffusion_crumb_fits_seed43/state.pt ---
Epoch 83
Epoch 83 | Loss: 0.023030 | Val: 0.130532
--- Saved model to checkpoints/classifier_guided_diffusion/cls_guided_diffusion_crumb_fits_seed43/state.pt ---
Epoch 84
Epoch 84 | Loss: 0.018808 | Val: 0.130954
--- Saved model to checkpoints/classifier_guided_diffusion/cls_guided_diffusion_crumb_fits_seed43/state.pt ---
Epoch 85
Epoch 85 | Loss: 0.024981 | Val: 0.129671
--- Saved model to checkpoints/classifier_guided_diffusion/cls_guided_diffusion_crumb_fits_seed43/state.pt ---
Epoch 86
Epoch 86 | Loss: 0.023949 | Val: 0.131318
--- Saved model to checkpoints/classifier_guided_diffusion/cls_guided_diffusion_crumb_fits_seed43/state.pt ---
Epoch 87
Epoch 87 | Loss: 0.027769 | Val: 0.129897
--- Saved model to checkpoints/classifier_guided_diffusion/cls_guided_diffusion_crumb_fits_seed43/state.pt ---
Epoch 88
Epoch 88 | Loss: 0.025115 | Val: 0.130189
--- Saved model to checkpoints/classifier_guided_diffusion/cls_guided_diffusion_crumb_fits_seed43/state.pt ---
Epoch 89
Epoch 89 | Loss: 0.023198 | Val: 0.130312
--- Saved model to checkpoints/classifier_guided_diffusion/cls_guided_diffusion_crumb_fits_seed43/state.pt ---
Epoch 90
Epoch 90 | Loss: 0.021609 | Val: 0.130905
FITS files saved to results/classifier_guided_diffusion/20260924_233835_cls_guided_diffusion_crumb_fits_seed43_921094/generated_fits
Computing FID/KID/PDF at epoch 90...
  FID: 155.4310 | KID: 0.136690
  Pixel PDF W-dist: 0.0485
--- Saved model to checkpoints/classifier_guided_diffusion/cls_guided_diffusion_crumb_fits_seed43/state.pt ---
Epoch 91
Epoch 91 | Loss: 0.020111 | Val: 0.130719
--- Saved model to checkpoints/classifier_guided_diffusion/cls_guided_diffusion_crumb_fits_seed43/state.pt ---
Epoch 92
Epoch 92 | Loss: 0.022899 | Val: 0.129920
--- Saved model to checkpoints/classifier_guided_diffusion/cls_guided_diffusion_crumb_fits_seed43/state.pt ---
Epoch 93
Epoch 93 | Loss: 0.025401 | Val: 0.130006
--- Saved model to checkpoints/classifier_guided_diffusion/cls_guided_diffusion_crumb_fits_seed43/state.pt ---
Epoch 94
Epoch 94 | Loss: 0.027670 | Val: 0.130248
--- Saved model to checkpoints/classifier_guided_diffusion/cls_guided_diffusion_crumb_fits_seed43/state.pt ---
Epoch 95
Epoch 95 | Loss: 0.021328 | Val: 0.130942
--- Saved model to checkpoints/classifier_guided_diffusion/cls_guided_diffusion_crumb_fits_seed43/state.pt ---
Epoch 96
Epoch 96 | Loss: 0.020949 | Val: 0.129646
--- Saved model to checkpoints/classifier_guided_diffusion/cls_guided_diffusion_crumb_fits_seed43/state.pt ---
Epoch 97
Epoch 97 | Loss: 0.023353 | Val: 0.130389
--- Saved model to checkpoints/classifier_guided_diffusion/cls_guided_diffusion_crumb_fits_seed43/state.pt ---
Epoch 98
Epoch 98 | Loss: 0.026586 | Val: 0.130675
--- Saved model to checkpoints/classifier_guided_diffusion/cls_guided_diffusion_crumb_fits_seed43/state.pt ---
Epoch 99
Epoch 99 | Loss: 0.023205 | Val: 0.129886
--- Saved model to checkpoints/classifier_guided_diffusion/cls_guided_diffusion_crumb_fits_seed43/state.pt ---
Epoch 100
Epoch 100 | Loss: 0.022447 | Val: 0.129453
FITS files saved to results/classifier_guided_diffusion/20260924_233835_cls_guided_diffusion_crumb_fits_seed43_921094/generated_fits
Computing FID/KID/PDF at epoch 100...
  FID: 193.0429 | KID: 0.171910
  Pixel PDF W-dist: 0.0679
--- Saved model to checkpoints/classifier_guided_diffusion/cls_guided_diffusion_crumb_fits_seed43/state.pt ---
Epoch 101
Epoch 101 | Loss: 0.023562 | Val: 0.131237
--- Saved model to checkpoints/classifier_guided_diffusion/cls_guided_diffusion_crumb_fits_seed43/state.pt ---
Epoch 102
Epoch 102 | Loss: 0.023825 | Val: 0.129910
--- Saved model to checkpoints/classifier_guided_diffusion/cls_guided_diffusion_crumb_fits_seed43/state.pt ---
Epoch 103
Epoch 103 | Loss: 0.020985 | Val: 0.129721
--- Saved model to checkpoints/classifier_guided_diffusion/cls_guided_diffusion_crumb_fits_seed43/state.pt ---
Epoch 104
Epoch 104 | Loss: 0.023212 | Val: 0.129285
--- Saved model to checkpoints/classifier_guided_diffusion/cls_guided_diffusion_crumb_fits_seed43/state.pt ---
Epoch 105
Epoch 105 | Loss: 0.023589 | Val: 0.129271
--- Saved model to checkpoints/classifier_guided_diffusion/cls_guided_diffusion_crumb_fits_seed43/state.pt ---
Epoch 106
Epoch 106 | Loss: 0.024788 | Val: 0.130772
--- Saved model to checkpoints/classifier_guided_diffusion/cls_guided_diffusion_crumb_fits_seed43/state.pt ---
Epoch 107
Epoch 107 | Loss: 0.023454 | Val: 0.129565
--- Saved model to checkpoints/classifier_guided_diffusion/cls_guided_diffusion_crumb_fits_seed43/state.pt ---
Epoch 108
Epoch 108 | Loss: 0.023949 | Val: 0.129245
--- Saved model to checkpoints/classifier_guided_diffusion/cls_guided_diffusion_crumb_fits_seed43/state.pt ---
Epoch 109
Epoch 109 | Loss: 0.021731 | Val: 0.129456
--- Saved model to checkpoints/classifier_guided_diffusion/cls_guided_diffusion_crumb_fits_seed43/state.pt ---
Epoch 110
Epoch 110 | Loss: 0.018611 | Val: 0.129657
FITS files saved to results/classifier_guided_diffusion/20260924_233835_cls_guided_diffusion_crumb_fits_seed43_921094/generated_fits
Computing FID/KID/PDF at epoch 110...
  FID: 80.7365 | KID: 0.040045
  Pixel PDF W-dist: 0.0507
--- Saved model to checkpoints/classifier_guided_diffusion/cls_guided_diffusion_crumb_fits_seed43/state.pt ---
Epoch 111
Epoch 111 | Loss: 0.024721 | Val: 0.130605
--- Saved model to checkpoints/classifier_guided_diffusion/cls_guided_diffusion_crumb_fits_seed43/state.pt ---
Epoch 112
Epoch 112 | Loss: 0.026379 | Val: 0.129751
--- Saved model to checkpoints/classifier_guided_diffusion/cls_guided_diffusion_crumb_fits_seed43/state.pt ---
Epoch 113
Epoch 113 | Loss: 0.021378 | Val: 0.129876
--- Saved model to checkpoints/classifier_guided_diffusion/cls_guided_diffusion_crumb_fits_seed43/state.pt ---
Epoch 114
Epoch 114 | Loss: 0.026455 | Val: 0.130200
--- Saved model to checkpoints/classifier_guided_diffusion/cls_guided_diffusion_crumb_fits_seed43/state.pt ---
Epoch 115
Epoch 115 | Loss: 0.024285 | Val: 0.129221
--- Saved model to checkpoints/classifier_guided_diffusion/cls_guided_diffusion_crumb_fits_seed43/state.pt ---
Epoch 116
Epoch 116 | Loss: 0.025399 | Val: 0.129446
--- Saved model to checkpoints/classifier_guided_diffusion/cls_guided_diffusion_crumb_fits_seed43/state.pt ---
Epoch 117
Epoch 117 | Loss: 0.024965 | Val: 0.129231
--- Saved model to checkpoints/classifier_guided_diffusion/cls_guided_diffusion_crumb_fits_seed43/state.pt ---
Epoch 118
Epoch 118 | Loss: 0.024946 | Val: 0.129087
--- Saved model to checkpoints/classifier_guided_diffusion/cls_guided_diffusion_crumb_fits_seed43/state.pt ---
Epoch 119
Epoch 119 | Loss: 0.022202 | Val: 0.128819
--- Saved model to checkpoints/classifier_guided_diffusion/cls_guided_diffusion_crumb_fits_seed43/state.pt ---
Epoch 120
Epoch 120 | Loss: 0.021922 | Val: 0.128542
FITS files saved to results/classifier_guided_diffusion/20260924_233835_cls_guided_diffusion_crumb_fits_seed43_921094/generated_fits
Computing FID/KID/PDF at epoch 120...
  FID: 100.0914 | KID: 0.063013
  Pixel PDF W-dist: 0.0105
--- Saved model to checkpoints/classifier_guided_diffusion/cls_guided_diffusion_crumb_fits_seed43/state.pt ---
Epoch 121
Epoch 121 | Loss: 0.023686 | Val: 0.129247
--- Saved model to checkpoints/classifier_guided_diffusion/cls_guided_diffusion_crumb_fits_seed43/state.pt ---
Epoch 122
Epoch 122 | Loss: 0.019589 | Val: 0.128704
--- Saved model to checkpoints/classifier_guided_diffusion/cls_guided_diffusion_crumb_fits_seed43/state.pt ---
Epoch 123
Epoch 123 | Loss: 0.025737 | Val: 0.129328
--- Saved model to checkpoints/classifier_guided_diffusion/cls_guided_diffusion_crumb_fits_seed43/state.pt ---
Epoch 124
Epoch 124 | Loss: 0.028261 | Val: 0.129075
--- Saved model to checkpoints/classifier_guided_diffusion/cls_guided_diffusion_crumb_fits_seed43/state.pt ---
Epoch 125
Epoch 125 | Loss: 0.023883 | Val: 0.128468
--- Saved model to checkpoints/classifier_guided_diffusion/cls_guided_diffusion_crumb_fits_seed43/state.pt ---
Epoch 126
Epoch 126 | Loss: 0.020627 | Val: 0.131417
--- Saved model to checkpoints/classifier_guided_diffusion/cls_guided_diffusion_crumb_fits_seed43/state.pt ---
Epoch 127
Epoch 127 | Loss: 0.022272 | Val: 0.129310
--- Saved model to checkpoints/classifier_guided_diffusion/cls_guided_diffusion_crumb_fits_seed43/state.pt ---
Epoch 128
Epoch 128 | Loss: 0.021343 | Val: 0.129092
--- Saved model to checkpoints/classifier_guided_diffusion/cls_guided_diffusion_crumb_fits_seed43/state.pt ---
Epoch 129
Epoch 129 | Loss: 0.022067 | Val: 0.129898
--- Saved model to checkpoints/classifier_guided_diffusion/cls_guided_diffusion_crumb_fits_seed43/state.pt ---
Epoch 130
Epoch 130 | Loss: 0.026420 | Val: 0.129223
FITS files saved to results/classifier_guided_diffusion/20260924_233835_cls_guided_diffusion_crumb_fits_seed43_921094/generated_fits
Computing FID/KID/PDF at epoch 130...
  FID: 102.8004 | KID: 0.074206
  Pixel PDF W-dist: 0.0888
--- Saved model to checkpoints/classifier_guided_diffusion/cls_guided_diffusion_crumb_fits_seed43/state.pt ---
Epoch 131
Epoch 131 | Loss: 0.025420 | Val: 0.128955
--- Saved model to checkpoints/classifier_guided_diffusion/cls_guided_diffusion_crumb_fits_seed43/state.pt ---
Epoch 132
Epoch 132 | Loss: 0.027410 | Val: 0.129309
--- Saved model to checkpoints/classifier_guided_diffusion/cls_guided_diffusion_crumb_fits_seed43/state.pt ---
Epoch 133
Epoch 133 | Loss: 0.018754 | Val: 0.129272
--- Saved model to checkpoints/classifier_guided_diffusion/cls_guided_diffusion_crumb_fits_seed43/state.pt ---
Epoch 134
Epoch 134 | Loss: 0.020993 | Val: 0.130774
--- Saved model to checkpoints/classifier_guided_diffusion/cls_guided_diffusion_crumb_fits_seed43/state.pt ---
Epoch 135
Epoch 135 | Loss: 0.023244 | Val: 0.129904
--- Saved model to checkpoints/classifier_guided_diffusion/cls_guided_diffusion_crumb_fits_seed43/state.pt ---
Epoch 136
Epoch 136 | Loss: 0.023369 | Val: 0.129709
--- Saved model to checkpoints/classifier_guided_diffusion/cls_guided_diffusion_crumb_fits_seed43/state.pt ---
Epoch 137
Epoch 137 | Loss: 0.025161 | Val: 0.129482
--- Saved model to checkpoints/classifier_guided_diffusion/cls_guided_diffusion_crumb_fits_seed43/state.pt ---
Epoch 138
Epoch 138 | Loss: 0.018687 | Val: 0.129929
--- Saved model to checkpoints/classifier_guided_diffusion/cls_guided_diffusion_crumb_fits_seed43/state.pt ---
Epoch 139
Epoch 139 | Loss: 0.019802 | Val: 0.128617
--- Saved model to checkpoints/classifier_guided_diffusion/cls_guided_diffusion_crumb_fits_seed43/state.pt ---
Epoch 140
Epoch 140 | Loss: 0.025107 | Val: 0.128439
FITS files saved to results/classifier_guided_diffusion/20260924_233835_cls_guided_diffusion_crumb_fits_seed43_921094/generated_fits
Computing FID/KID/PDF at epoch 140...
  FID: 114.1252 | KID: 0.097273
  Pixel PDF W-dist: 0.0227
--- Saved model to checkpoints/classifier_guided_diffusion/cls_guided_diffusion_crumb_fits_seed43/state.pt ---
Epoch 141
Epoch 141 | Loss: 0.022487 | Val: 0.132153
--- Saved model to checkpoints/classifier_guided_diffusion/cls_guided_diffusion_crumb_fits_seed43/state.pt ---
Epoch 142
Epoch 142 | Loss: 0.019457 | Val: 0.128907
--- Saved model to checkpoints/classifier_guided_diffusion/cls_guided_diffusion_crumb_fits_seed43/state.pt ---
Epoch 143
Epoch 143 | Loss: 0.021764 | Val: 0.129897
--- Saved model to checkpoints/classifier_guided_diffusion/cls_guided_diffusion_crumb_fits_seed43/state.pt ---
Epoch 144
Epoch 144 | Loss: 0.023998 | Val: 0.131089
--- Saved model to checkpoints/classifier_guided_diffusion/cls_guided_diffusion_crumb_fits_seed43/state.pt ---
Epoch 145
Epoch 145 | Loss: 0.025965 | Val: 0.129997
--- Saved model to checkpoints/classifier_guided_diffusion/cls_guided_diffusion_crumb_fits_seed43/state.pt ---
Epoch 146
Epoch 146 | Loss: 0.022911 | Val: 0.130082
--- Saved model to checkpoints/classifier_guided_diffusion/cls_guided_diffusion_crumb_fits_seed43/state.pt ---
Epoch 147
Epoch 147 | Loss: 0.024239 | Val: 0.129118
--- Saved model to checkpoints/classifier_guided_diffusion/cls_guided_diffusion_crumb_fits_seed43/state.pt ---
Epoch 148
Epoch 148 | Loss: 0.020521 | Val: 0.128932
--- Saved model to checkpoints/classifier_guided_diffusion/cls_guided_diffusion_crumb_fits_seed43/state.pt ---
Epoch 149
Epoch 149 | Loss: 0.021365 | Val: 0.129739
--- Saved model to checkpoints/classifier_guided_diffusion/cls_guided_diffusion_crumb_fits_seed43/state.pt ---
Epoch 150
Epoch 150 | Loss: 0.021580 | Val: 0.129227
FITS files saved to results/classifier_guided_diffusion/20260924_233835_cls_guided_diffusion_crumb_fits_seed43_921094/generated_fits
Computing FID/KID/PDF at epoch 150...
  FID: 94.4541 | KID: 0.043721
  Pixel PDF W-dist: 0.0196
--- Saved model to checkpoints/classifier_guided_diffusion/cls_guided_diffusion_crumb_fits_seed43/state.pt ---
Epoch 151
Epoch 151 | Loss: 0.018230 | Val: 0.128957
--- Saved model to checkpoints/classifier_guided_diffusion/cls_guided_diffusion_crumb_fits_seed43/state.pt ---
Epoch 152
Epoch 152 | Loss: 0.022353 | Val: 0.129932
--- Saved model to checkpoints/classifier_guided_diffusion/cls_guided_diffusion_crumb_fits_seed43/state.pt ---
Epoch 153
Epoch 153 | Loss: 0.023216 | Val: 0.130537
--- Saved model to checkpoints/classifier_guided_diffusion/cls_guided_diffusion_crumb_fits_seed43/state.pt ---
Epoch 154
Epoch 154 | Loss: 0.022347 | Val: 0.131703
--- Saved model to checkpoints/classifier_guided_diffusion/cls_guided_diffusion_crumb_fits_seed43/state.pt ---
Epoch 155
Epoch 155 | Loss: 0.020735 | Val: 0.129014
--- Saved model to checkpoints/classifier_guided_diffusion/cls_guided_diffusion_crumb_fits_seed43/state.pt ---
Epoch 156
Epoch 156 | Loss: 0.021367 | Val: 0.129114
--- Saved model to checkpoints/classifier_guided_diffusion/cls_guided_diffusion_crumb_fits_seed43/state.pt ---
Epoch 157
Epoch 157 | Loss: 0.021874 | Val: 0.129069
--- Saved model to checkpoints/classifier_guided_diffusion/cls_guided_diffusion_crumb_fits_seed43/state.pt ---
Epoch 158
Epoch 158 | Loss: 0.020374 | Val: 0.130094
--- Saved model to checkpoints/classifier_guided_diffusion/cls_guided_diffusion_crumb_fits_seed43/state.pt ---
Epoch 159
Epoch 159 | Loss: 0.026344 | Val: 0.128912
--- Saved model to checkpoints/classifier_guided_diffusion/cls_guided_diffusion_crumb_fits_seed43/state.pt ---
Epoch 160
Epoch 160 | Loss: 0.020880 | Val: 0.129301
FITS files saved to results/classifier_guided_diffusion/20260924_233835_cls_guided_diffusion_crumb_fits_seed43_921094/generated_fits
Computing FID/KID/PDF at epoch 160...
  FID: 79.7690 | KID: 0.031174
  Pixel PDF W-dist: 0.0202
--- Saved model to checkpoints/classifier_guided_diffusion/cls_guided_diffusion_crumb_fits_seed43/state.pt ---
Epoch 161
Epoch 161 | Loss: 0.020422 | Val: 0.129667
--- Saved model to checkpoints/classifier_guided_diffusion/cls_guided_diffusion_crumb_fits_seed43/state.pt ---
Epoch 162
Epoch 162 | Loss: 0.023621 | Val: 0.128618
--- Saved model to checkpoints/classifier_guided_diffusion/cls_guided_diffusion_crumb_fits_seed43/state.pt ---
Epoch 163
Epoch 163 | Loss: 0.020952 | Val: 0.129196
--- Saved model to checkpoints/classifier_guided_diffusion/cls_guided_diffusion_crumb_fits_seed43/state.pt ---
Epoch 164
Epoch 164 | Loss: 0.022344 | Val: 0.129054
--- Saved model to checkpoints/classifier_guided_diffusion/cls_guided_diffusion_crumb_fits_seed43/state.pt ---
Epoch 165
Epoch 165 | Loss: 0.023940 | Val: 0.128893
--- Saved model to checkpoints/classifier_guided_diffusion/cls_guided_diffusion_crumb_fits_seed43/state.pt ---
Epoch 166
Epoch 166 | Loss: 0.020935 | Val: 0.128841
--- Saved model to checkpoints/classifier_guided_diffusion/cls_guided_diffusion_crumb_fits_seed43/state.pt ---
Epoch 167
Epoch 167 | Loss: 0.021596 | Val: 0.128097
--- Saved model to checkpoints/classifier_guided_diffusion/cls_guided_diffusion_crumb_fits_seed43/state.pt ---
Epoch 168
Epoch 168 | Loss: 0.018730 | Val: 0.130824
--- Saved model to checkpoints/classifier_guided_diffusion/cls_guided_diffusion_crumb_fits_seed43/state.pt ---
Epoch 169
Epoch 169 | Loss: 0.026289 | Val: 0.129178
--- Saved model to checkpoints/classifier_guided_diffusion/cls_guided_diffusion_crumb_fits_seed43/state.pt ---
Epoch 170
Epoch 170 | Loss: 0.028362 | Val: 0.128589
FITS files saved to results/classifier_guided_diffusion/20260924_233835_cls_guided_diffusion_crumb_fits_seed43_921094/generated_fits
Computing FID/KID/PDF at epoch 170...
  FID: 77.5076 | KID: 0.025143
  Pixel PDF W-dist: 0.0188
--- Saved model to checkpoints/classifier_guided_diffusion/cls_guided_diffusion_crumb_fits_seed43/state.pt ---
Epoch 171
Epoch 171 | Loss: 0.023285 | Val: 0.129934
--- Saved model to checkpoints/classifier_guided_diffusion/cls_guided_diffusion_crumb_fits_seed43/state.pt ---
Epoch 172
Epoch 172 | Loss: 0.022664 | Val: 0.131413
--- Saved model to checkpoints/classifier_guided_diffusion/cls_guided_diffusion_crumb_fits_seed43/state.pt ---
Epoch 173
Epoch 173 | Loss: 0.026817 | Val: 0.130908
--- Saved model to checkpoints/classifier_guided_diffusion/cls_guided_diffusion_crumb_fits_seed43/state.pt ---
Epoch 174
Epoch 174 | Loss: 0.019158 | Val: 0.129730
--- Saved model to checkpoints/classifier_guided_diffusion/cls_guided_diffusion_crumb_fits_seed43/state.pt ---
Epoch 175
Epoch 175 | Loss: 0.019729 | Val: 0.128183
--- Saved model to checkpoints/classifier_guided_diffusion/cls_guided_diffusion_crumb_fits_seed43/state.pt ---
Epoch 176
Epoch 176 | Loss: 0.022623 | Val: 0.128431
--- Saved model to checkpoints/classifier_guided_diffusion/cls_guided_diffusion_crumb_fits_seed43/state.pt ---
Epoch 177
Epoch 177 | Loss: 0.021456 | Val: 0.129458
--- Saved model to checkpoints/classifier_guided_diffusion/cls_guided_diffusion_crumb_fits_seed43/state.pt ---
Epoch 178
Epoch 178 | Loss: 0.021436 | Val: 0.128834
--- Saved model to checkpoints/classifier_guided_diffusion/cls_guided_diffusion_crumb_fits_seed43/state.pt ---
Epoch 179
Epoch 179 | Loss: 0.024418 | Val: 0.128884
--- Saved model to checkpoints/classifier_guided_diffusion/cls_guided_diffusion_crumb_fits_seed43/state.pt ---
Epoch 180
Epoch 180 | Loss: 0.019774 | Val: 0.128924
FITS files saved to results/classifier_guided_diffusion/20260924_233835_cls_guided_diffusion_crumb_fits_seed43_921094/generated_fits
Computing FID/KID/PDF at epoch 180...
  FID: 88.0172 | KID: 0.025469
  Pixel PDF W-dist: 0.0315
--- Saved model to checkpoints/classifier_guided_diffusion/cls_guided_diffusion_crumb_fits_seed43/state.pt ---
Epoch 181
Epoch 181 | Loss: 0.021926 | Val: 0.129100
--- Saved model to checkpoints/classifier_guided_diffusion/cls_guided_diffusion_crumb_fits_seed43/state.pt ---
Epoch 182
Epoch 182 | Loss: 0.021115 | Val: 0.129694
--- Saved model to checkpoints/classifier_guided_diffusion/cls_guided_diffusion_crumb_fits_seed43/state.pt ---
Epoch 183
Epoch 183 | Loss: 0.022589 | Val: 0.129725
--- Saved model to checkpoints/classifier_guided_diffusion/cls_guided_diffusion_crumb_fits_seed43/state.pt ---
Epoch 184
Epoch 184 | Loss: 0.019689 | Val: 0.128870
--- Saved model to checkpoints/classifier_guided_diffusion/cls_guided_diffusion_crumb_fits_seed43/state.pt ---
Epoch 185
Epoch 185 | Loss: 0.023484 | Val: 0.129053
--- Saved model to checkpoints/classifier_guided_diffusion/cls_guided_diffusion_crumb_fits_seed43/state.pt ---
Epoch 186
Epoch 186 | Loss: 0.020986 | Val: 0.129290
--- Saved model to checkpoints/classifier_guided_diffusion/cls_guided_diffusion_crumb_fits_seed43/state.pt ---
Epoch 187
Epoch 187 | Loss: 0.023748 | Val: 0.129059
--- Saved model to checkpoints/classifier_guided_diffusion/cls_guided_diffusion_crumb_fits_seed43/state.pt ---
Epoch 188
Epoch 188 | Loss: 0.023688 | Val: 0.128658
--- Saved model to checkpoints/classifier_guided_diffusion/cls_guided_diffusion_crumb_fits_seed43/state.pt ---
Epoch 189
Epoch 189 | Loss: 0.025290 | Val: 0.129260
--- Saved model to checkpoints/classifier_guided_diffusion/cls_guided_diffusion_crumb_fits_seed43/state.pt ---
Epoch 190
Epoch 190 | Loss: 0.022953 | Val: 0.128986
FITS files saved to results/classifier_guided_diffusion/20260924_233835_cls_guided_diffusion_crumb_fits_seed43_921094/generated_fits
Computing FID/KID/PDF at epoch 190...
  FID: 104.2582 | KID: 0.054585
  Pixel PDF W-dist: 0.0128
--- Saved model to checkpoints/classifier_guided_diffusion/cls_guided_diffusion_crumb_fits_seed43/state.pt ---
Epoch 191
Epoch 191 | Loss: 0.022971 | Val: 0.128843
--- Saved model to checkpoints/classifier_guided_diffusion/cls_guided_diffusion_crumb_fits_seed43/state.pt ---
Epoch 192
Epoch 192 | Loss: 0.024223 | Val: 0.128643
--- Saved model to checkpoints/classifier_guided_diffusion/cls_guided_diffusion_crumb_fits_seed43/state.pt ---
Epoch 193
Epoch 193 | Loss: 0.022709 | Val: 0.128652
--- Saved model to checkpoints/classifier_guided_diffusion/cls_guided_diffusion_crumb_fits_seed43/state.pt ---
Epoch 194
Epoch 194 | Loss: 0.022154 | Val: 0.128729
--- Saved model to checkpoints/classifier_guided_diffusion/cls_guided_diffusion_crumb_fits_seed43/state.pt ---
Epoch 195
Epoch 195 | Loss: 0.023226 | Val: 0.128873
--- Saved model to checkpoints/classifier_guided_diffusion/cls_guided_diffusion_crumb_fits_seed43/state.pt ---
Epoch 196
Epoch 196 | Loss: 0.025725 | Val: 0.129560
--- Saved model to checkpoints/classifier_guided_diffusion/cls_guided_diffusion_crumb_fits_seed43/state.pt ---
Epoch 197
Epoch 197 | Loss: 0.024239 | Val: 0.128748
--- Saved model to checkpoints/classifier_guided_diffusion/cls_guided_diffusion_crumb_fits_seed43/state.pt ---
Epoch 198
Epoch 198 | Loss: 0.021315 | Val: 0.128520
--- Saved model to checkpoints/classifier_guided_diffusion/cls_guided_diffusion_crumb_fits_seed43/state.pt ---
Epoch 199
Epoch 199 | Loss: 0.023202 | Val: 0.129725
--- Saved model to checkpoints/classifier_guided_diffusion/cls_guided_diffusion_crumb_fits_seed43/state.pt ---
Epoch 200
Epoch 200 | Loss: 0.019684 | Val: 0.128519
FITS files saved to results/classifier_guided_diffusion/20260924_233835_cls_guided_diffusion_crumb_fits_seed43_921094/generated_fits
Computing FID/KID/PDF at epoch 200...
  FID: 96.6078 | KID: 0.061827
  Pixel PDF W-dist: 0.0213
--- Saved model to checkpoints/classifier_guided_diffusion/cls_guided_diffusion_crumb_fits_seed43/state.pt ---
Epoch 201
Epoch 201 | Loss: 0.023739 | Val: 0.129386
--- Saved model to checkpoints/classifier_guided_diffusion/cls_guided_diffusion_crumb_fits_seed43/state.pt ---
Epoch 202
Epoch 202 | Loss: 0.021138 | Val: 0.129339
--- Saved model to checkpoints/classifier_guided_diffusion/cls_guided_diffusion_crumb_fits_seed43/state.pt ---
Epoch 203
Epoch 203 | Loss: 0.023624 | Val: 0.128885
--- Saved model to checkpoints/classifier_guided_diffusion/cls_guided_diffusion_crumb_fits_seed43/state.pt ---
Epoch 204
Epoch 204 | Loss: 0.021149 | Val: 0.129687
--- Saved model to checkpoints/classifier_guided_diffusion/cls_guided_diffusion_crumb_fits_seed43/state.pt ---
Epoch 205
Epoch 205 | Loss: 0.024213 | Val: 0.128940
--- Saved model to checkpoints/classifier_guided_diffusion/cls_guided_diffusion_crumb_fits_seed43/state.pt ---
Epoch 206
Epoch 206 | Loss: 0.026529 | Val: 0.129276
--- Saved model to checkpoints/classifier_guided_diffusion/cls_guided_diffusion_crumb_fits_seed43/state.pt ---
Epoch 207
Epoch 207 | Loss: 0.020147 | Val: 0.129185
--- Saved model to checkpoints/classifier_guided_diffusion/cls_guided_diffusion_crumb_fits_seed43/state.pt ---
Epoch 208
Epoch 208 | Loss: 0.024130 | Val: 0.128709
--- Saved model to checkpoints/classifier_guided_diffusion/cls_guided_diffusion_crumb_fits_seed43/state.pt ---
Epoch 209
Epoch 209 | Loss: 0.023761 | Val: 0.128014
--- Saved model to checkpoints/classifier_guided_diffusion/cls_guided_diffusion_crumb_fits_seed43/state.pt ---
Epoch 210
Epoch 210 | Loss: 0.017416 | Val: 0.133826
FITS files saved to results/classifier_guided_diffusion/20260924_233835_cls_guided_diffusion_crumb_fits_seed43_921094/generated_fits
Computing FID/KID/PDF at epoch 210...
  FID: 85.7578 | KID: 0.040689
  Pixel PDF W-dist: 0.0146
--- Saved model to checkpoints/classifier_guided_diffusion/cls_guided_diffusion_crumb_fits_seed43/state.pt ---
Epoch 211
Epoch 211 | Loss: 0.024126 | Val: 0.128573
--- Saved model to checkpoints/classifier_guided_diffusion/cls_guided_diffusion_crumb_fits_seed43/state.pt ---
Epoch 212
Epoch 212 | Loss: 0.021371 | Val: 0.129298
--- Saved model to checkpoints/classifier_guided_diffusion/cls_guided_diffusion_crumb_fits_seed43/state.pt ---
Epoch 213
Epoch 213 | Loss: 0.022638 | Val: 0.128744
--- Saved model to checkpoints/classifier_guided_diffusion/cls_guided_diffusion_crumb_fits_seed43/state.pt ---
Epoch 214
Epoch 214 | Loss: 0.019762 | Val: 0.129306
--- Saved model to checkpoints/classifier_guided_diffusion/cls_guided_diffusion_crumb_fits_seed43/state.pt ---
Epoch 215
Epoch 215 | Loss: 0.023820 | Val: 0.128441
--- Saved model to checkpoints/classifier_guided_diffusion/cls_guided_diffusion_crumb_fits_seed43/state.pt ---
Epoch 216
Epoch 216 | Loss: 0.022485 | Val: 0.129483
--- Saved model to checkpoints/classifier_guided_diffusion/cls_guided_diffusion_crumb_fits_seed43/state.pt ---
Epoch 217
Epoch 217 | Loss: 0.023862 | Val: 0.128963
--- Saved model to checkpoints/classifier_guided_diffusion/cls_guided_diffusion_crumb_fits_seed43/state.pt ---
Epoch 218
Epoch 218 | Loss: 0.024570 | Val: 0.129627
--- Saved model to checkpoints/classifier_guided_diffusion/cls_guided_diffusion_crumb_fits_seed43/state.pt ---
Epoch 219
Epoch 219 | Loss: 0.022974 | Val: 0.129666
--- Saved model to checkpoints/classifier_guided_diffusion/cls_guided_diffusion_crumb_fits_seed43/state.pt ---
Epoch 220
Epoch 220 | Loss: 0.026157 | Val: 0.129551
FITS files saved to results/classifier_guided_diffusion/20260924_233835_cls_guided_diffusion_crumb_fits_seed43_921094/generated_fits
Computing FID/KID/PDF at epoch 220...
  FID: 99.1157 | KID: 0.064450
  Pixel PDF W-dist: 0.0221
--- Saved model to checkpoints/classifier_guided_diffusion/cls_guided_diffusion_crumb_fits_seed43/state.pt ---
Epoch 221
Epoch 221 | Loss: 0.024663 | Val: 0.130239
--- Saved model to checkpoints/classifier_guided_diffusion/cls_guided_diffusion_crumb_fits_seed43/state.pt ---
Epoch 222
Epoch 222 | Loss: 0.022612 | Val: 0.129410
--- Saved model to checkpoints/classifier_guided_diffusion/cls_guided_diffusion_crumb_fits_seed43/state.pt ---
Epoch 223
Epoch 223 | Loss: 0.021568 | Val: 0.130221
--- Saved model to checkpoints/classifier_guided_diffusion/cls_guided_diffusion_crumb_fits_seed43/state.pt ---
Epoch 224
Epoch 224 | Loss: 0.018430 | Val: 0.129427
--- Saved model to checkpoints/classifier_guided_diffusion/cls_guided_diffusion_crumb_fits_seed43/state.pt ---
Epoch 225
Epoch 225 | Loss: 0.023357 | Val: 0.129204
--- Saved model to checkpoints/classifier_guided_diffusion/cls_guided_diffusion_crumb_fits_seed43/state.pt ---
Epoch 226
Epoch 226 | Loss: 0.022979 | Val: 0.128895
--- Saved model to checkpoints/classifier_guided_diffusion/cls_guided_diffusion_crumb_fits_seed43/state.pt ---
Epoch 227
Epoch 227 | Loss: 0.021483 | Val: 0.128898
--- Saved model to checkpoints/classifier_guided_diffusion/cls_guided_diffusion_crumb_fits_seed43/state.pt ---
Epoch 228
Epoch 228 | Loss: 0.026071 | Val: 0.129026
--- Saved model to checkpoints/classifier_guided_diffusion/cls_guided_diffusion_crumb_fits_seed43/state.pt ---
Epoch 229
Epoch 229 | Loss: 0.022963 | Val: 0.129386
--- Saved model to checkpoints/classifier_guided_diffusion/cls_guided_diffusion_crumb_fits_seed43/state.pt ---
Epoch 230
Epoch 230 | Loss: 0.024217 | Val: 0.129229
FITS files saved to results/classifier_guided_diffusion/20260924_233835_cls_guided_diffusion_crumb_fits_seed43_921094/generated_fits
Computing FID/KID/PDF at epoch 230...
  FID: 83.1434 | KID: 0.044058
  Pixel PDF W-dist: 0.0107
--- Saved model to checkpoints/classifier_guided_diffusion/cls_guided_diffusion_crumb_fits_seed43/state.pt ---
Epoch 231
Epoch 231 | Loss: 0.021130 | Val: 0.128758
--- Saved model to checkpoints/classifier_guided_diffusion/cls_guided_diffusion_crumb_fits_seed43/state.pt ---
Epoch 232
Epoch 232 | Loss: 0.020747 | Val: 0.128732
--- Saved model to checkpoints/classifier_guided_diffusion/cls_guided_diffusion_crumb_fits_seed43/state.pt ---
Epoch 233
Epoch 233 | Loss: 0.018968 | Val: 0.128995
--- Saved model to checkpoints/classifier_guided_diffusion/cls_guided_diffusion_crumb_fits_seed43/state.pt ---
Epoch 234
Epoch 234 | Loss: 0.020737 | Val: 0.130312
--- Saved model to checkpoints/classifier_guided_diffusion/cls_guided_diffusion_crumb_fits_seed43/state.pt ---
Epoch 235
Epoch 235 | Loss: 0.016666 | Val: 0.130560
--- Saved model to checkpoints/classifier_guided_diffusion/cls_guided_diffusion_crumb_fits_seed43/state.pt ---
Epoch 236
Epoch 236 | Loss: 0.024031 | Val: 0.129648
--- Saved model to checkpoints/classifier_guided_diffusion/cls_guided_diffusion_crumb_fits_seed43/state.pt ---
Epoch 237
Epoch 237 | Loss: 0.020111 | Val: 0.128887
--- Saved model to checkpoints/classifier_guided_diffusion/cls_guided_diffusion_crumb_fits_seed43/state.pt ---
Epoch 238
Epoch 238 | Loss: 0.022894 | Val: 0.129130
--- Saved model to checkpoints/classifier_guided_diffusion/cls_guided_diffusion_crumb_fits_seed43/state.pt ---
Epoch 239
Epoch 239 | Loss: 0.023987 | Val: 0.129299
--- Saved model to checkpoints/classifier_guided_diffusion/cls_guided_diffusion_crumb_fits_seed43/state.pt ---
Epoch 240
Epoch 240 | Loss: 0.019816 | Val: 0.129070
FITS files saved to results/classifier_guided_diffusion/20260924_233835_cls_guided_diffusion_crumb_fits_seed43_921094/generated_fits
Computing FID/KID/PDF at epoch 240...
  FID: 95.4351 | KID: 0.051807
  Pixel PDF W-dist: 0.0222
--- Saved model to checkpoints/classifier_guided_diffusion/cls_guided_diffusion_crumb_fits_seed43/state.pt ---
Epoch 241
Epoch 241 | Loss: 0.020470 | Val: 0.130593
--- Saved model to checkpoints/classifier_guided_diffusion/cls_guided_diffusion_crumb_fits_seed43/state.pt ---
Epoch 242
Epoch 242 | Loss: 0.020306 | Val: 0.129325
--- Saved model to checkpoints/classifier_guided_diffusion/cls_guided_diffusion_crumb_fits_seed43/state.pt ---
Epoch 243
Epoch 243 | Loss: 0.022917 | Val: 0.129748
--- Saved model to checkpoints/classifier_guided_diffusion/cls_guided_diffusion_crumb_fits_seed43/state.pt ---
Epoch 244
Epoch 244 | Loss: 0.019958 | Val: 0.133328
--- Saved model to checkpoints/classifier_guided_diffusion/cls_guided_diffusion_crumb_fits_seed43/state.pt ---
Epoch 245
Epoch 245 | Loss: 0.022735 | Val: 0.130993
--- Saved model to checkpoints/classifier_guided_diffusion/cls_guided_diffusion_crumb_fits_seed43/state.pt ---
Epoch 246
Epoch 246 | Loss: 0.022199 | Val: 0.128647
--- Saved model to checkpoints/classifier_guided_diffusion/cls_guided_diffusion_crumb_fits_seed43/state.pt ---
Epoch 247
Epoch 247 | Loss: 0.021036 | Val: 0.128796
--- Saved model to checkpoints/classifier_guided_diffusion/cls_guided_diffusion_crumb_fits_seed43/state.pt ---
Epoch 248
Epoch 248 | Loss: 0.024890 | Val: 0.128446
--- Saved model to checkpoints/classifier_guided_diffusion/cls_guided_diffusion_crumb_fits_seed43/state.pt ---
Epoch 249
Epoch 249 | Loss: 0.021242 | Val: 0.129093
--- Saved model to checkpoints/classifier_guided_diffusion/cls_guided_diffusion_crumb_fits_seed43/state.pt ---
Epoch 250
Epoch 250 | Loss: 0.023908 | Val: 0.129133
FITS files saved to results/classifier_guided_diffusion/20260924_233835_cls_guided_diffusion_crumb_fits_seed43_921094/generated_fits
Computing FID/KID/PDF at epoch 250...
  FID: 90.1024 | KID: 0.029090
  Pixel PDF W-dist: 0.0109
--- Saved model to checkpoints/classifier_guided_diffusion/cls_guided_diffusion_crumb_fits_seed43/state.pt ---
Epoch 251
Epoch 251 | Loss: 0.025442 | Val: 0.128718
--- Saved model to checkpoints/classifier_guided_diffusion/cls_guided_diffusion_crumb_fits_seed43/state.pt ---
Epoch 252
Epoch 252 | Loss: 0.017029 | Val: 0.131829
--- Saved model to checkpoints/classifier_guided_diffusion/cls_guided_diffusion_crumb_fits_seed43/state.pt ---
Epoch 253
Epoch 253 | Loss: 0.019000 | Val: 0.128738
--- Saved model to checkpoints/classifier_guided_diffusion/cls_guided_diffusion_crumb_fits_seed43/state.pt ---
Epoch 254
Epoch 254 | Loss: 0.024922 | Val: 0.129826
--- Saved model to checkpoints/classifier_guided_diffusion/cls_guided_diffusion_crumb_fits_seed43/state.pt ---
Epoch 255
Epoch 255 | Loss: 0.021527 | Val: 0.129354
--- Saved model to checkpoints/classifier_guided_diffusion/cls_guided_diffusion_crumb_fits_seed43/state.pt ---
Epoch 256
Epoch 256 | Loss: 0.024332 | Val: 0.128822
--- Saved model to checkpoints/classifier_guided_diffusion/cls_guided_diffusion_crumb_fits_seed43/state.pt ---
Epoch 257
Epoch 257 | Loss: 0.026609 | Val: 0.129006
--- Saved model to checkpoints/classifier_guided_diffusion/cls_guided_diffusion_crumb_fits_seed43/state.pt ---
Epoch 258
Epoch 258 | Loss: 0.020972 | Val: 0.128688
--- Saved model to checkpoints/classifier_guided_diffusion/cls_guided_diffusion_crumb_fits_seed43/state.pt ---
Epoch 259
Epoch 259 | Loss: 0.020119 | Val: 0.130174
--- Saved model to checkpoints/classifier_guided_diffusion/cls_guided_diffusion_crumb_fits_seed43/state.pt ---
Epoch 260
Epoch 260 | Loss: 0.019644 | Val: 0.129194
FITS files saved to results/classifier_guided_diffusion/20260924_233835_cls_guided_diffusion_crumb_fits_seed43_921094/generated_fits
Computing FID/KID/PDF at epoch 260...
  FID: 174.4364 | KID: 0.170409
  Pixel PDF W-dist: 0.0232
--- Saved model to checkpoints/classifier_guided_diffusion/cls_guided_diffusion_crumb_fits_seed43/state.pt ---
Epoch 261
Epoch 261 | Loss: 0.020001 | Val: 0.129162
--- Saved model to checkpoints/classifier_guided_diffusion/cls_guided_diffusion_crumb_fits_seed43/state.pt ---
Epoch 262
Epoch 262 | Loss: 0.019840 | Val: 0.129315
--- Saved model to checkpoints/classifier_guided_diffusion/cls_guided_diffusion_crumb_fits_seed43/state.pt ---
Epoch 263
Epoch 263 | Loss: 0.024342 | Val: 0.132480
--- Saved model to checkpoints/classifier_guided_diffusion/cls_guided_diffusion_crumb_fits_seed43/state.pt ---
Epoch 264
Epoch 264 | Loss: 0.021524 | Val: 0.131093
--- Saved model to checkpoints/classifier_guided_diffusion/cls_guided_diffusion_crumb_fits_seed43/state.pt ---
Epoch 265
Epoch 265 | Loss: 0.017527 | Val: 0.129336
--- Saved model to checkpoints/classifier_guided_diffusion/cls_guided_diffusion_crumb_fits_seed43/state.pt ---
Epoch 266
Epoch 266 | Loss: 0.023374 | Val: 0.130241
--- Saved model to checkpoints/classifier_guided_diffusion/cls_guided_diffusion_crumb_fits_seed43/state.pt ---
Epoch 267
Epoch 267 | Loss: 0.020480 | Val: 0.128719
--- Saved model to checkpoints/classifier_guided_diffusion/cls_guided_diffusion_crumb_fits_seed43/state.pt ---
Epoch 268
Epoch 268 | Loss: 0.022005 | Val: 0.129058
--- Saved model to checkpoints/classifier_guided_diffusion/cls_guided_diffusion_crumb_fits_seed43/state.pt ---
Epoch 269
Epoch 269 | Loss: 0.022532 | Val: 0.128785
--- Saved model to checkpoints/classifier_guided_diffusion/cls_guided_diffusion_crumb_fits_seed43/state.pt ---
Epoch 270
Epoch 270 | Loss: 0.020253 | Val: 0.129543
FITS files saved to results/classifier_guided_diffusion/20260924_233835_cls_guided_diffusion_crumb_fits_seed43_921094/generated_fits
Computing FID/KID/PDF at epoch 270...
  FID: 90.6609 | KID: 0.039301
  Pixel PDF W-dist: 0.0148
--- Saved model to checkpoints/classifier_guided_diffusion/cls_guided_diffusion_crumb_fits_seed43/state.pt ---
Epoch 271
Epoch 271 | Loss: 0.023119 | Val: 0.128882
--- Saved model to checkpoints/classifier_guided_diffusion/cls_guided_diffusion_crumb_fits_seed43/state.pt ---
Epoch 272
Epoch 272 | Loss: 0.022965 | Val: 0.129745
--- Saved model to checkpoints/classifier_guided_diffusion/cls_guided_diffusion_crumb_fits_seed43/state.pt ---
Epoch 273
Epoch 273 | Loss: 0.023101 | Val: 0.129238
--- Saved model to checkpoints/classifier_guided_diffusion/cls_guided_diffusion_crumb_fits_seed43/state.pt ---
Epoch 274
Epoch 274 | Loss: 0.023566 | Val: 0.128884
--- Saved model to checkpoints/classifier_guided_diffusion/cls_guided_diffusion_crumb_fits_seed43/state.pt ---
Epoch 275
Epoch 275 | Loss: 0.020808 | Val: 0.130039
--- Saved model to checkpoints/classifier_guided_diffusion/cls_guided_diffusion_crumb_fits_seed43/state.pt ---
Epoch 276
Epoch 276 | Loss: 0.026231 | Val: 0.129452
--- Saved model to checkpoints/classifier_guided_diffusion/cls_guided_diffusion_crumb_fits_seed43/state.pt ---
Epoch 277
Epoch 277 | Loss: 0.025971 | Val: 0.129615
--- Saved model to checkpoints/classifier_guided_diffusion/cls_guided_diffusion_crumb_fits_seed43/state.pt ---
Epoch 278
Epoch 278 | Loss: 0.018841 | Val: 0.129341
--- Saved model to checkpoints/classifier_guided_diffusion/cls_guided_diffusion_crumb_fits_seed43/state.pt ---
Epoch 279
Epoch 279 | Loss: 0.021668 | Val: 0.128531
--- Saved model to checkpoints/classifier_guided_diffusion/cls_guided_diffusion_crumb_fits_seed43/state.pt ---
Epoch 280
Epoch 280 | Loss: 0.024095 | Val: 0.128403
FITS files saved to results/classifier_guided_diffusion/20260924_233835_cls_guided_diffusion_crumb_fits_seed43_921094/generated_fits
Computing FID/KID/PDF at epoch 280...
  FID: 97.0489 | KID: 0.034668
  Pixel PDF W-dist: 0.0096
--- Saved model to checkpoints/classifier_guided_diffusion/cls_guided_diffusion_crumb_fits_seed43/state.pt ---
Epoch 281
Epoch 281 | Loss: 0.025351 | Val: 0.130988
--- Saved model to checkpoints/classifier_guided_diffusion/cls_guided_diffusion_crumb_fits_seed43/state.pt ---
Epoch 282
Epoch 282 | Loss: 0.020794 | Val: 0.129163
--- Saved model to checkpoints/classifier_guided_diffusion/cls_guided_diffusion_crumb_fits_seed43/state.pt ---
Epoch 283
Epoch 283 | Loss: 0.023394 | Val: 0.129972
--- Saved model to checkpoints/classifier_guided_diffusion/cls_guided_diffusion_crumb_fits_seed43/state.pt ---
Epoch 284
Epoch 284 | Loss: 0.019439 | Val: 0.128858
--- Saved model to checkpoints/classifier_guided_diffusion/cls_guided_diffusion_crumb_fits_seed43/state.pt ---
Epoch 285
Epoch 285 | Loss: 0.022949 | Val: 0.130476
--- Saved model to checkpoints/classifier_guided_diffusion/cls_guided_diffusion_crumb_fits_seed43/state.pt ---
Epoch 286
Epoch 286 | Loss: 0.021839 | Val: 0.128530
--- Saved model to checkpoints/classifier_guided_diffusion/cls_guided_diffusion_crumb_fits_seed43/state.pt ---
Epoch 287
Epoch 287 | Loss: 0.021434 | Val: 0.129377
--- Saved model to checkpoints/classifier_guided_diffusion/cls_guided_diffusion_crumb_fits_seed43/state.pt ---
Epoch 288
Epoch 288 | Loss: 0.022257 | Val: 0.128769
--- Saved model to checkpoints/classifier_guided_diffusion/cls_guided_diffusion_crumb_fits_seed43/state.pt ---
Epoch 289
Epoch 289 | Loss: 0.024398 | Val: 0.129018
--- Saved model to checkpoints/classifier_guided_diffusion/cls_guided_diffusion_crumb_fits_seed43/state.pt ---
Epoch 290
Epoch 290 | Loss: 0.024537 | Val: 0.129099
FITS files saved to results/classifier_guided_diffusion/20260924_233835_cls_guided_diffusion_crumb_fits_seed43_921094/generated_fits
Computing FID/KID/PDF at epoch 290...
  FID: 82.0376 | KID: 0.038801
  Pixel PDF W-dist: 0.0236
--- Saved model to checkpoints/classifier_guided_diffusion/cls_guided_diffusion_crumb_fits_seed43/state.pt ---
Epoch 291
Epoch 291 | Loss: 0.027363 | Val: 0.129090
--- Saved model to checkpoints/classifier_guided_diffusion/cls_guided_diffusion_crumb_fits_seed43/state.pt ---
Epoch 292
Epoch 292 | Loss: 0.019888 | Val: 0.129032
--- Saved model to checkpoints/classifier_guided_diffusion/cls_guided_diffusion_crumb_fits_seed43/state.pt ---
Epoch 293
Epoch 293 | Loss: 0.020097 | Val: 0.129493
--- Saved model to checkpoints/classifier_guided_diffusion/cls_guided_diffusion_crumb_fits_seed43/state.pt ---
Epoch 294
Epoch 294 | Loss: 0.018864 | Val: 0.129092
--- Saved model to checkpoints/classifier_guided_diffusion/cls_guided_diffusion_crumb_fits_seed43/state.pt ---
Epoch 295
Epoch 295 | Loss: 0.021951 | Val: 0.129786
--- Saved model to checkpoints/classifier_guided_diffusion/cls_guided_diffusion_crumb_fits_seed43/state.pt ---
Epoch 296
Epoch 296 | Loss: 0.028138 | Val: 0.129793
--- Saved model to checkpoints/classifier_guided_diffusion/cls_guided_diffusion_crumb_fits_seed43/state.pt ---
Epoch 297
Epoch 297 | Loss: 0.023574 | Val: 0.128528
--- Saved model to checkpoints/classifier_guided_diffusion/cls_guided_diffusion_crumb_fits_seed43/state.pt ---
Epoch 298
Epoch 298 | Loss: 0.024669 | Val: 0.129293
--- Saved model to checkpoints/classifier_guided_diffusion/cls_guided_diffusion_crumb_fits_seed43/state.pt ---
Epoch 299
Epoch 299 | Loss: 0.021520 | Val: 0.128830
--- Saved model to checkpoints/classifier_guided_diffusion/cls_guided_diffusion_crumb_fits_seed43/state.pt ---
Epoch 300
Epoch 300 | Loss: 0.025792 | Val: 0.128051
FITS files saved to results/classifier_guided_diffusion/20260924_233835_cls_guided_diffusion_crumb_fits_seed43_921094/generated_fits
Computing FID/KID/PDF at epoch 300...
  FID: 125.3417 | KID: 0.066114
  Pixel PDF W-dist: 0.0104
--- Saved model to checkpoints/classifier_guided_diffusion/cls_guided_diffusion_crumb_fits_seed43/state.pt ---
Epoch 301
Epoch 301 | Loss: 0.027903 | Val: 0.128859
--- Saved model to checkpoints/classifier_guided_diffusion/cls_guided_diffusion_crumb_fits_seed43/state.pt ---
Epoch 302
Epoch 302 | Loss: 0.018972 | Val: 0.129204
--- Saved model to checkpoints/classifier_guided_diffusion/cls_guided_diffusion_crumb_fits_seed43/state.pt ---
Epoch 303
Epoch 303 | Loss: 0.021537 | Val: 0.129124
--- Saved model to checkpoints/classifier_guided_diffusion/cls_guided_diffusion_crumb_fits_seed43/state.pt ---
Epoch 304
Epoch 304 | Loss: 0.022182 | Val: 0.129537
--- Saved model to checkpoints/classifier_guided_diffusion/cls_guided_diffusion_crumb_fits_seed43/state.pt ---
Epoch 305
Epoch 305 | Loss: 0.026430 | Val: 0.129338
--- Saved model to checkpoints/classifier_guided_diffusion/cls_guided_diffusion_crumb_fits_seed43/state.pt ---
Epoch 306
Epoch 306 | Loss: 0.025106 | Val: 0.129856
--- Saved model to checkpoints/classifier_guided_diffusion/cls_guided_diffusion_crumb_fits_seed43/state.pt ---
Epoch 307
Epoch 307 | Loss: 0.021908 | Val: 0.129475
--- Saved model to checkpoints/classifier_guided_diffusion/cls_guided_diffusion_crumb_fits_seed43/state.pt ---
Epoch 308
Epoch 308 | Loss: 0.024578 | Val: 0.128925
--- Saved model to checkpoints/classifier_guided_diffusion/cls_guided_diffusion_crumb_fits_seed43/state.pt ---
Epoch 309
Epoch 309 | Loss: 0.023043 | Val: 0.129476
--- Saved model to checkpoints/classifier_guided_diffusion/cls_guided_diffusion_crumb_fits_seed43/state.pt ---
Epoch 310
Epoch 310 | Loss: 0.021463 | Val: 0.128917
FITS files saved to results/classifier_guided_diffusion/20260924_233835_cls_guided_diffusion_crumb_fits_seed43_921094/generated_fits
Computing FID/KID/PDF at epoch 310...
  FID: 99.7270 | KID: 0.055658
  Pixel PDF W-dist: 0.0157
--- Saved model to checkpoints/classifier_guided_diffusion/cls_guided_diffusion_crumb_fits_seed43/state.pt ---
Epoch 311
Epoch 311 | Loss: 0.023629 | Val: 0.128496
--- Saved model to checkpoints/classifier_guided_diffusion/cls_guided_diffusion_crumb_fits_seed43/state.pt ---
Epoch 312
Epoch 312 | Loss: 0.021078 | Val: 0.129184
--- Saved model to checkpoints/classifier_guided_diffusion/cls_guided_diffusion_crumb_fits_seed43/state.pt ---
Epoch 313
Epoch 313 | Loss: 0.022499 | Val: 0.130521
--- Saved model to checkpoints/classifier_guided_diffusion/cls_guided_diffusion_crumb_fits_seed43/state.pt ---
Epoch 314
Epoch 314 | Loss: 0.026649 | Val: 0.129831
--- Saved model to checkpoints/classifier_guided_diffusion/cls_guided_diffusion_crumb_fits_seed43/state.pt ---
Epoch 315
Epoch 315 | Loss: 0.019698 | Val: 0.129958
--- Saved model to checkpoints/classifier_guided_diffusion/cls_guided_diffusion_crumb_fits_seed43/state.pt ---
Epoch 316
Epoch 316 | Loss: 0.018927 | Val: 0.130070
--- Saved model to checkpoints/classifier_guided_diffusion/cls_guided_diffusion_crumb_fits_seed43/state.pt ---
Epoch 317
Epoch 317 | Loss: 0.025253 | Val: 0.128961
--- Saved model to checkpoints/classifier_guided_diffusion/cls_guided_diffusion_crumb_fits_seed43/state.pt ---
Epoch 318
Epoch 318 | Loss: 0.017921 | Val: 0.130593
--- Saved model to checkpoints/classifier_guided_diffusion/cls_guided_diffusion_crumb_fits_seed43/state.pt ---
Epoch 319
Epoch 319 | Loss: 0.026991 | Val: 0.130820
--- Saved model to checkpoints/classifier_guided_diffusion/cls_guided_diffusion_crumb_fits_seed43/state.pt ---
Epoch 320
Epoch 320 | Loss: 0.022913 | Val: 0.129321
FITS files saved to results/classifier_guided_diffusion/20260924_233835_cls_guided_diffusion_crumb_fits_seed43_921094/generated_fits
Computing FID/KID/PDF at epoch 320...
  FID: 94.7709 | KID: 0.051110
  Pixel PDF W-dist: 0.0215
--- Saved model to checkpoints/classifier_guided_diffusion/cls_guided_diffusion_crumb_fits_seed43/state.pt ---
Epoch 321
Epoch 321 | Loss: 0.025813 | Val: 0.128504
--- Saved model to checkpoints/classifier_guided_diffusion/cls_guided_diffusion_crumb_fits_seed43/state.pt ---
Epoch 322
Epoch 322 | Loss: 0.019673 | Val: 0.129626
--- Saved model to checkpoints/classifier_guided_diffusion/cls_guided_diffusion_crumb_fits_seed43/state.pt ---
Epoch 323
Epoch 323 | Loss: 0.020287 | Val: 0.128249
--- Saved model to checkpoints/classifier_guided_diffusion/cls_guided_diffusion_crumb_fits_seed43/state.pt ---
Epoch 324
Epoch 324 | Loss: 0.027982 | Val: 0.128841
--- Saved model to checkpoints/classifier_guided_diffusion/cls_guided_diffusion_crumb_fits_seed43/state.pt ---
Epoch 325
Epoch 325 | Loss: 0.028029 | Val: 0.129432
--- Saved model to checkpoints/classifier_guided_diffusion/cls_guided_diffusion_crumb_fits_seed43/state.pt ---
Epoch 326
Epoch 326 | Loss: 0.021758 | Val: 0.129458
--- Saved model to checkpoints/classifier_guided_diffusion/cls_guided_diffusion_crumb_fits_seed43/state.pt ---
Epoch 327
Epoch 327 | Loss: 0.020607 | Val: 0.129328
--- Saved model to checkpoints/classifier_guided_diffusion/cls_guided_diffusion_crumb_fits_seed43/state.pt ---
Epoch 328
Epoch 328 | Loss: 0.024688 | Val: 0.129164
--- Saved model to checkpoints/classifier_guided_diffusion/cls_guided_diffusion_crumb_fits_seed43/state.pt ---
Epoch 329
Epoch 329 | Loss: 0.024340 | Val: 0.129035
--- Saved model to checkpoints/classifier_guided_diffusion/cls_guided_diffusion_crumb_fits_seed43/state.pt ---
Epoch 330
Epoch 330 | Loss: 0.023172 | Val: 0.129221
FITS files saved to results/classifier_guided_diffusion/20260924_233835_cls_guided_diffusion_crumb_fits_seed43_921094/generated_fits
Computing FID/KID/PDF at epoch 330...
  FID: 111.4217 | KID: 0.053786
  Pixel PDF W-dist: 0.0081
--- Saved model to checkpoints/classifier_guided_diffusion/cls_guided_diffusion_crumb_fits_seed43/state.pt ---
Epoch 331
Epoch 331 | Loss: 0.019102 | Val: 0.129826
--- Saved model to checkpoints/classifier_guided_diffusion/cls_guided_diffusion_crumb_fits_seed43/state.pt ---
Epoch 332
Epoch 332 | Loss: 0.023576 | Val: 0.130874
--- Saved model to checkpoints/classifier_guided_diffusion/cls_guided_diffusion_crumb_fits_seed43/state.pt ---
Epoch 333
Epoch 333 | Loss: 0.024169 | Val: 0.128532
--- Saved model to checkpoints/classifier_guided_diffusion/cls_guided_diffusion_crumb_fits_seed43/state.pt ---
Epoch 334
Epoch 334 | Loss: 0.021622 | Val: 0.129030
--- Saved model to checkpoints/classifier_guided_diffusion/cls_guided_diffusion_crumb_fits_seed43/state.pt ---
Epoch 335
Epoch 335 | Loss: 0.023030 | Val: 0.129689
--- Saved model to checkpoints/classifier_guided_diffusion/cls_guided_diffusion_crumb_fits_seed43/state.pt ---
Epoch 336
Epoch 336 | Loss: 0.019573 | Val: 0.128377
--- Saved model to checkpoints/classifier_guided_diffusion/cls_guided_diffusion_crumb_fits_seed43/state.pt ---
Epoch 337
Epoch 337 | Loss: 0.023402 | Val: 0.130382
--- Saved model to checkpoints/classifier_guided_diffusion/cls_guided_diffusion_crumb_fits_seed43/state.pt ---
Epoch 338
Epoch 338 | Loss: 0.022118 | Val: 0.130272
--- Saved model to checkpoints/classifier_guided_diffusion/cls_guided_diffusion_crumb_fits_seed43/state.pt ---
Epoch 339
Epoch 339 | Loss: 0.021483 | Val: 0.129092
--- Saved model to checkpoints/classifier_guided_diffusion/cls_guided_diffusion_crumb_fits_seed43/state.pt ---
Epoch 340
Epoch 340 | Loss: 0.017590 | Val: 0.128930
FITS files saved to results/classifier_guided_diffusion/20260924_233835_cls_guided_diffusion_crumb_fits_seed43_921094/generated_fits
Computing FID/KID/PDF at epoch 340...
  FID: 93.9958 | KID: 0.047680
  Pixel PDF W-dist: 0.0118
--- Saved model to checkpoints/classifier_guided_diffusion/cls_guided_diffusion_crumb_fits_seed43/state.pt ---
Epoch 341
Epoch 341 | Loss: 0.023906 | Val: 0.130242
--- Saved model to checkpoints/classifier_guided_diffusion/cls_guided_diffusion_crumb_fits_seed43/state.pt ---
Epoch 342
Epoch 342 | Loss: 0.020958 | Val: 0.130528
--- Saved model to checkpoints/classifier_guided_diffusion/cls_guided_diffusion_crumb_fits_seed43/state.pt ---
Epoch 343
Epoch 343 | Loss: 0.026728 | Val: 0.129841
--- Saved model to checkpoints/classifier_guided_diffusion/cls_guided_diffusion_crumb_fits_seed43/state.pt ---
Epoch 344
Epoch 344 | Loss: 0.022855 | Val: 0.129614
--- Saved model to checkpoints/classifier_guided_diffusion/cls_guided_diffusion_crumb_fits_seed43/state.pt ---
Epoch 345
Epoch 345 | Loss: 0.022160 | Val: 0.130420
--- Saved model to checkpoints/classifier_guided_diffusion/cls_guided_diffusion_crumb_fits_seed43/state.pt ---
Epoch 346
Epoch 346 | Loss: 0.021439 | Val: 0.129995
--- Saved model to checkpoints/classifier_guided_diffusion/cls_guided_diffusion_crumb_fits_seed43/state.pt ---
Epoch 347
Epoch 347 | Loss: 0.019290 | Val: 0.130854
--- Saved model to checkpoints/classifier_guided_diffusion/cls_guided_diffusion_crumb_fits_seed43/state.pt ---
Epoch 348
Epoch 348 | Loss: 0.025587 | Val: 0.130517
--- Saved model to checkpoints/classifier_guided_diffusion/cls_guided_diffusion_crumb_fits_seed43/state.pt ---
Epoch 349
Epoch 349 | Loss: 0.024724 | Val: 0.130885
--- Saved model to checkpoints/classifier_guided_diffusion/cls_guided_diffusion_crumb_fits_seed43/state.pt ---
Epoch 350
Epoch 350 | Loss: 0.021396 | Val: 0.129963
FITS files saved to results/classifier_guided_diffusion/20260924_233835_cls_guided_diffusion_crumb_fits_seed43_921094/generated_fits
Computing FID/KID/PDF at epoch 350...
  FID: 113.4230 | KID: 0.063184
  Pixel PDF W-dist: 0.0135
--- Saved model to checkpoints/classifier_guided_diffusion/cls_guided_diffusion_crumb_fits_seed43/state.pt ---
Epoch 351
Epoch 351 | Loss: 0.022999 | Val: 0.130917
--- Saved model to checkpoints/classifier_guided_diffusion/cls_guided_diffusion_crumb_fits_seed43/state.pt ---
Epoch 352
Epoch 352 | Loss: 0.021516 | Val: 0.130238
--- Saved model to checkpoints/classifier_guided_diffusion/cls_guided_diffusion_crumb_fits_seed43/state.pt ---
Epoch 353
Epoch 353 | Loss: 0.021691 | Val: 0.131420
--- Saved model to checkpoints/classifier_guided_diffusion/cls_guided_diffusion_crumb_fits_seed43/state.pt ---
Epoch 354
Epoch 354 | Loss: 0.020468 | Val: 0.129691
--- Saved model to checkpoints/classifier_guided_diffusion/cls_guided_diffusion_crumb_fits_seed43/state.pt ---
Epoch 355
Epoch 355 | Loss: 0.026957 | Val: 0.132388
--- Saved model to checkpoints/classifier_guided_diffusion/cls_guided_diffusion_crumb_fits_seed43/state.pt ---
Epoch 356
Epoch 356 | Loss: 0.026286 | Val: 0.130518
--- Saved model to checkpoints/classifier_guided_diffusion/cls_guided_diffusion_crumb_fits_seed43/state.pt ---
Epoch 357
Epoch 357 | Loss: 0.024844 | Val: 0.129086
--- Saved model to checkpoints/classifier_guided_diffusion/cls_guided_diffusion_crumb_fits_seed43/state.pt ---
Epoch 358
Epoch 358 | Loss: 0.020614 | Val: 0.129324
--- Saved model to checkpoints/classifier_guided_diffusion/cls_guided_diffusion_crumb_fits_seed43/state.pt ---
Epoch 359
Epoch 359 | Loss: 0.023225 | Val: 0.130317
--- Saved model to checkpoints/classifier_guided_diffusion/cls_guided_diffusion_crumb_fits_seed43/state.pt ---
Epoch 360
Epoch 360 | Loss: 0.022819 | Val: 0.128938
FITS files saved to results/classifier_guided_diffusion/20260924_233835_cls_guided_diffusion_crumb_fits_seed43_921094/generated_fits
Computing FID/KID/PDF at epoch 360...
  FID: 112.9029 | KID: 0.060754
  Pixel PDF W-dist: 0.0170
--- Saved model to checkpoints/classifier_guided_diffusion/cls_guided_diffusion_crumb_fits_seed43/state.pt ---
Epoch 361
Epoch 361 | Loss: 0.018869 | Val: 0.130676
--- Saved model to checkpoints/classifier_guided_diffusion/cls_guided_diffusion_crumb_fits_seed43/state.pt ---
Epoch 362
Epoch 362 | Loss: 0.019532 | Val: 0.129442
--- Saved model to checkpoints/classifier_guided_diffusion/cls_guided_diffusion_crumb_fits_seed43/state.pt ---
Epoch 363
Epoch 363 | Loss: 0.021809 | Val: 0.130067
--- Saved model to checkpoints/classifier_guided_diffusion/cls_guided_diffusion_crumb_fits_seed43/state.pt ---
Epoch 364
Epoch 364 | Loss: 0.023335 | Val: 0.129908
--- Saved model to checkpoints/classifier_guided_diffusion/cls_guided_diffusion_crumb_fits_seed43/state.pt ---
Epoch 365
Epoch 365 | Loss: 0.022659 | Val: 0.128977
--- Saved model to checkpoints/classifier_guided_diffusion/cls_guided_diffusion_crumb_fits_seed43/state.pt ---
Epoch 366
Epoch 366 | Loss: 0.018770 | Val: 0.130299
--- Saved model to checkpoints/classifier_guided_diffusion/cls_guided_diffusion_crumb_fits_seed43/state.pt ---
Epoch 367
Epoch 367 | Loss: 0.026963 | Val: 0.129687
--- Saved model to checkpoints/classifier_guided_diffusion/cls_guided_diffusion_crumb_fits_seed43/state.pt ---
Epoch 368
Epoch 368 | Loss: 0.019406 | Val: 0.129422
--- Saved model to checkpoints/classifier_guided_diffusion/cls_guided_diffusion_crumb_fits_seed43/state.pt ---
Epoch 369
Epoch 369 | Loss: 0.018833 | Val: 0.130007
--- Saved model to checkpoints/classifier_guided_diffusion/cls_guided_diffusion_crumb_fits_seed43/state.pt ---
Epoch 370
Epoch 370 | Loss: 0.023174 | Val: 0.130197
FITS files saved to results/classifier_guided_diffusion/20260924_233835_cls_guided_diffusion_crumb_fits_seed43_921094/generated_fits
Computing FID/KID/PDF at epoch 370...
  FID: 103.2092 | KID: 0.059547
  Pixel PDF W-dist: 0.0106
--- Saved model to checkpoints/classifier_guided_diffusion/cls_guided_diffusion_crumb_fits_seed43/state.pt ---
Epoch 371
Epoch 371 | Loss: 0.022631 | Val: 0.129385
--- Saved model to checkpoints/classifier_guided_diffusion/cls_guided_diffusion_crumb_fits_seed43/state.pt ---
Epoch 372
Epoch 372 | Loss: 0.022190 | Val: 0.128915
--- Saved model to checkpoints/classifier_guided_diffusion/cls_guided_diffusion_crumb_fits_seed43/state.pt ---
Epoch 373
Epoch 373 | Loss: 0.021230 | Val: 0.129643
--- Saved model to checkpoints/classifier_guided_diffusion/cls_guided_diffusion_crumb_fits_seed43/state.pt ---
Epoch 374
Epoch 374 | Loss: 0.018407 | Val: 0.128897
--- Saved model to checkpoints/classifier_guided_diffusion/cls_guided_diffusion_crumb_fits_seed43/state.pt ---
Epoch 375
Epoch 375 | Loss: 0.020218 | Val: 0.130491
--- Saved model to checkpoints/classifier_guided_diffusion/cls_guided_diffusion_crumb_fits_seed43/state.pt ---
Epoch 376
Epoch 376 | Loss: 0.021620 | Val: 0.130790
--- Saved model to checkpoints/classifier_guided_diffusion/cls_guided_diffusion_crumb_fits_seed43/state.pt ---
Epoch 377
Epoch 377 | Loss: 0.028838 | Val: 0.129664
--- Saved model to checkpoints/classifier_guided_diffusion/cls_guided_diffusion_crumb_fits_seed43/state.pt ---
Epoch 378
Epoch 378 | Loss: 0.020834 | Val: 0.128734
--- Saved model to checkpoints/classifier_guided_diffusion/cls_guided_diffusion_crumb_fits_seed43/state.pt ---
Epoch 379
Epoch 379 | Loss: 0.020848 | Val: 0.129919
--- Saved model to checkpoints/classifier_guided_diffusion/cls_guided_diffusion_crumb_fits_seed43/state.pt ---
Epoch 380
Epoch 380 | Loss: 0.024359 | Val: 0.129847
FITS files saved to results/classifier_guided_diffusion/20260924_233835_cls_guided_diffusion_crumb_fits_seed43_921094/generated_fits
Computing FID/KID/PDF at epoch 380...
  FID: 95.2434 | KID: 0.044127
  Pixel PDF W-dist: 0.0114
--- Saved model to checkpoints/classifier_guided_diffusion/cls_guided_diffusion_crumb_fits_seed43/state.pt ---
Epoch 381
Epoch 381 | Loss: 0.024795 | Val: 0.129982
--- Saved model to checkpoints/classifier_guided_diffusion/cls_guided_diffusion_crumb_fits_seed43/state.pt ---
Epoch 382
Epoch 382 | Loss: 0.026578 | Val: 0.130107
--- Saved model to checkpoints/classifier_guided_diffusion/cls_guided_diffusion_crumb_fits_seed43/state.pt ---
Epoch 383
Epoch 383 | Loss: 0.026634 | Val: 0.128944
--- Saved model to checkpoints/classifier_guided_diffusion/cls_guided_diffusion_crumb_fits_seed43/state.pt ---
Epoch 384
Epoch 384 | Loss: 0.027425 | Val: 0.128786
--- Saved model to checkpoints/classifier_guided_diffusion/cls_guided_diffusion_crumb_fits_seed43/state.pt ---
Epoch 385
Epoch 385 | Loss: 0.021305 | Val: 0.129611
--- Saved model to checkpoints/classifier_guided_diffusion/cls_guided_diffusion_crumb_fits_seed43/state.pt ---
Epoch 386
Epoch 386 | Loss: 0.024500 | Val: 0.129300
--- Saved model to checkpoints/classifier_guided_diffusion/cls_guided_diffusion_crumb_fits_seed43/state.pt ---
Epoch 387
Epoch 387 | Loss: 0.022655 | Val: 0.129696
--- Saved model to checkpoints/classifier_guided_diffusion/cls_guided_diffusion_crumb_fits_seed43/state.pt ---
Epoch 388
Epoch 388 | Loss: 0.019857 | Val: 0.131315
--- Saved model to checkpoints/classifier_guided_diffusion/cls_guided_diffusion_crumb_fits_seed43/state.pt ---
Epoch 389
Epoch 389 | Loss: 0.026837 | Val: 0.129837
--- Saved model to checkpoints/classifier_guided_diffusion/cls_guided_diffusion_crumb_fits_seed43/state.pt ---
Epoch 390
Epoch 390 | Loss: 0.020152 | Val: 0.129226
FITS files saved to results/classifier_guided_diffusion/20260924_233835_cls_guided_diffusion_crumb_fits_seed43_921094/generated_fits
Computing FID/KID/PDF at epoch 390...
  FID: 74.2222 | KID: 0.024564
  Pixel PDF W-dist: 0.0145
--- Saved model to checkpoints/classifier_guided_diffusion/cls_guided_diffusion_crumb_fits_seed43/state.pt ---
Epoch 391
Epoch 391 | Loss: 0.019401 | Val: 0.129357
--- Saved model to checkpoints/classifier_guided_diffusion/cls_guided_diffusion_crumb_fits_seed43/state.pt ---
Epoch 392
Epoch 392 | Loss: 0.020519 | Val: 0.130075
--- Saved model to checkpoints/classifier_guided_diffusion/cls_guided_diffusion_crumb_fits_seed43/state.pt ---
Epoch 393
Epoch 393 | Loss: 0.019643 | Val: 0.130145
--- Saved model to checkpoints/classifier_guided_diffusion/cls_guided_diffusion_crumb_fits_seed43/state.pt ---
Epoch 394
Epoch 394 | Loss: 0.023798 | Val: 0.128713
--- Saved model to checkpoints/classifier_guided_diffusion/cls_guided_diffusion_crumb_fits_seed43/state.pt ---
Epoch 395
Epoch 395 | Loss: 0.023178 | Val: 0.129640
--- Saved model to checkpoints/classifier_guided_diffusion/cls_guided_diffusion_crumb_fits_seed43/state.pt ---
Epoch 396
Epoch 396 | Loss: 0.019706 | Val: 0.128890
--- Saved model to checkpoints/classifier_guided_diffusion/cls_guided_diffusion_crumb_fits_seed43/state.pt ---
Epoch 397
Epoch 397 | Loss: 0.023650 | Val: 0.127806
--- Saved model to checkpoints/classifier_guided_diffusion/cls_guided_diffusion_crumb_fits_seed43/state.pt ---
Epoch 398
Epoch 398 | Loss: 0.022074 | Val: 0.130447
--- Saved model to checkpoints/classifier_guided_diffusion/cls_guided_diffusion_crumb_fits_seed43/state.pt ---
Epoch 399
Epoch 399 | Loss: 0.021691 | Val: 0.129364
--- Saved model to checkpoints/classifier_guided_diffusion/cls_guided_diffusion_crumb_fits_seed43/state.pt ---
FITS files saved to results/classifier_guided_diffusion/20260924_233835_cls_guided_diffusion_crumb_fits_seed43_921094/generated_fits
Generated images saved.
Loss graph saved to results/classifier_guided_diffusion/20260924_233835_cls_guided_diffusion_crumb_fits_seed43_921094/training_metrics.png
Generative metrics plot saved to results/classifier_guided_diffusion/20260924_233835_cls_guided_diffusion_crumb_fits_seed43_921094/generative_metrics.png
Pixel PDF history plot saved to results/classifier_guided_diffusion/20260924_233835_cls_guided_diffusion_crumb_fits_seed43_921094/pixel_pdf_history.png
Testing model
Loaded guidance classifier (classification) from checkpoints/classification/scratch
Generated test images saved to results/classifier_guided_diffusion/20260924_233835_cls_guided_diffusion_crumb_fits_seed43_921094/
