/idia/users/bevan/pid-radast/classifier-guided-physics-informed-diffusion/.venv/lib/python3.11/site-packages/torchvision/models/_utils.py:208: UserWarning: The parameter 'pretrained' is deprecated since 0.13 and may be removed in the future, please use 'weights' instead.
  warnings.warn(
/idia/users/bevan/pid-radast/classifier-guided-physics-informed-diffusion/.venv/lib/python3.11/site-packages/torchvision/models/_utils.py:223: UserWarning: Arguments other than a weight enum or `None` for 'weights' are deprecated since 0.13 and may be removed in the future. The current behavior is equivalent to passing `weights=None`.
  warnings.warn(msg)
On device cuda
Dataset: crumb
Getting data loader crumb
[0] test_idx=217  true=FR-II  pred=FR-I  confidence=92.9%  WRONG  -> results/sanity_check/sample_00_idx217_true-FR-II_pred-FR-I.png
[1] test_idx=113  true=FR-I  pred=FR-I  confidence=99.1%  CORRECT  -> results/sanity_check/sample_01_idx113_true-FR-I_pred-FR-I.png
[2] test_idx=23  true=FR-I  pred=FR-I  confidence=99.0%  CORRECT  -> results/sanity_check/sample_02_idx23_true-FR-I_pred-FR-I.png
[3] test_idx=186  true=FR-II  pred=FR-I  confidence=98.1%  WRONG  -> results/sanity_check/sample_03_idx186_true-FR-II_pred-FR-I.png
[4] test_idx=199  true=FR-II  pred=FR-I  confidence=88.3%  WRONG  -> results/sanity_check/sample_04_idx199_true-FR-II_pred-FR-I.png
[5] test_idx=187  true=FR-II  pred=FR-I  confidence=99.4%  WRONG  -> results/sanity_check/sample_05_idx187_true-FR-II_pred-FR-I.png
[6] test_idx=42  true=FR-I  pred=FR-I  confidence=83.7%  CORRECT  -> results/sanity_check/sample_06_idx42_true-FR-I_pred-FR-I.png
[7] test_idx=182  true=FR-II  pred=FR-I  confidence=85.9%  WRONG  -> results/sanity_check/sample_07_idx182_true-FR-II_pred-FR-I.png
[8] test_idx=173  true=FR-II  pred=FR-I  confidence=93.6%  WRONG  -> results/sanity_check/sample_08_idx173_true-FR-II_pred-FR-I.png
[9] test_idx=0  true=FR-I  pred=FR-I  confidence=81.2%  CORRECT  -> results/sanity_check/sample_09_idx0_true-FR-I_pred-FR-I.png
[10] test_idx=123  true=FR-I  pred=FR-II  confidence=84.2%  WRONG  -> results/sanity_check/sample_10_idx123_true-FR-I_pred-FR-II.png
[11] test_idx=241  true=FR-II  pred=FR-I  confidence=69.3%  WRONG  -> results/sanity_check/sample_11_idx241_true-FR-II_pred-FR-I.png
[12] test_idx=86  true=FR-I  pred=FR-I  confidence=90.4%  CORRECT  -> results/sanity_check/sample_12_idx86_true-FR-I_pred-FR-I.png
[13] test_idx=182  true=FR-II  pred=FR-I  confidence=85.9%  WRONG  -> results/sanity_check/sample_13_idx182_true-FR-II_pred-FR-I.png
[14] test_idx=232  true=FR-II  pred=FR-I  confidence=99.1%  WRONG  -> results/sanity_check/sample_14_idx232_true-FR-II_pred-FR-I.png
[15] test_idx=242  true=FR-II  pred=FR-I  confidence=61.1%  WRONG  -> results/sanity_check/sample_15_idx242_true-FR-II_pred-FR-I.png
[16] test_idx=208  true=FR-II  pred=FR-I  confidence=62.3%  WRONG  -> results/sanity_check/sample_16_idx208_true-FR-II_pred-FR-I.png
[17] test_idx=283  true=FR-II  pred=FR-I  confidence=95.6%  WRONG  -> results/sanity_check/sample_17_idx283_true-FR-II_pred-FR-I.png
[18] test_idx=157  true=FR-II  pred=FR-II  confidence=85.6%  CORRECT  -> results/sanity_check/sample_18_idx157_true-FR-II_pred-FR-II.png
[19] test_idx=211  true=FR-II  pred=FR-I  confidence=72.2%  WRONG  -> results/sanity_check/sample_19_idx211_true-FR-II_pred-FR-I.png
[20] test_idx=139  true=FR-I  pred=FR-II  confidence=98.9%  WRONG  -> results/sanity_check/sample_20_idx139_true-FR-I_pred-FR-II.png
[21] test_idx=126  true=FR-I  pred=FR-II  confidence=75.8%  WRONG  -> results/sanity_check/sample_21_idx126_true-FR-I_pred-FR-II.png
[22] test_idx=245  true=FR-II  pred=FR-II  confidence=71.7%  CORRECT  -> results/sanity_check/sample_22_idx245_true-FR-II_pred-FR-II.png
[23] test_idx=1  true=FR-I  pred=FR-I  confidence=87.7%  CORRECT  -> results/sanity_check/sample_23_idx1_true-FR-I_pred-FR-I.png
[24] test_idx=269  true=FR-II  pred=FR-II  confidence=99.9%  CORRECT  -> results/sanity_check/sample_24_idx269_true-FR-II_pred-FR-II.png
[25] test_idx=283  true=FR-II  pred=FR-I  confidence=95.6%  WRONG  -> results/sanity_check/sample_25_idx283_true-FR-II_pred-FR-I.png
[26] test_idx=280  true=FR-II  pred=FR-I  confidence=51.4%  WRONG  -> results/sanity_check/sample_26_idx280_true-FR-II_pred-FR-I.png
[27] test_idx=206  true=FR-II  pred=FR-I  confidence=96.2%  WRONG  -> results/sanity_check/sample_27_idx206_true-FR-II_pred-FR-I.png
[28] test_idx=131  true=FR-I  pred=FR-I  confidence=73.8%  CORRECT  -> results/sanity_check/sample_28_idx131_true-FR-I_pred-FR-I.png
[29] test_idx=276  true=FR-II  pred=FR-II  confidence=96.0%  CORRECT  -> results/sanity_check/sample_29_idx276_true-FR-II_pred-FR-II.png
[30] test_idx=72  true=FR-I  pred=FR-II  confidence=99.3%  WRONG  -> results/sanity_check/sample_30_idx72_true-FR-I_pred-FR-II.png
[31] test_idx=161  true=FR-II  pred=FR-II  confidence=96.5%  CORRECT  -> results/sanity_check/sample_31_idx161_true-FR-II_pred-FR-II.png
[32] test_idx=198  true=FR-II  pred=FR-II  confidence=69.6%  CORRECT  -> results/sanity_check/sample_32_idx198_true-FR-II_pred-FR-II.png
[33] test_idx=269  true=FR-II  pred=FR-II  confidence=99.9%  CORRECT  -> results/sanity_check/sample_33_idx269_true-FR-II_pred-FR-II.png
[34] test_idx=104  true=FR-I  pred=FR-II  confidence=94.5%  WRONG  -> results/sanity_check/sample_34_idx104_true-FR-I_pred-FR-II.png
[35] test_idx=143  true=FR-II  pred=FR-II  confidence=99.7%  CORRECT  -> results/sanity_check/sample_35_idx143_true-FR-II_pred-FR-II.png
[36] test_idx=100  true=FR-I  pred=FR-I  confidence=51.1%  CORRECT  -> results/sanity_check/sample_36_idx100_true-FR-I_pred-FR-I.png
[37] test_idx=22  true=FR-I  pred=FR-II  confidence=72.0%  WRONG  -> results/sanity_check/sample_37_idx22_true-FR-I_pred-FR-II.png
[38] test_idx=189  true=FR-II  pred=FR-I  confidence=57.8%  WRONG  -> results/sanity_check/sample_38_idx189_true-FR-II_pred-FR-I.png
[39] test_idx=252  true=FR-II  pred=FR-I  confidence=99.5%  WRONG  -> results/sanity_check/sample_39_idx252_true-FR-II_pred-FR-I.png
[40] test_idx=99  true=FR-I  pred=FR-I  confidence=94.3%  CORRECT  -> results/sanity_check/sample_40_idx99_true-FR-I_pred-FR-I.png
[41] test_idx=25  true=FR-I  pred=FR-II  confidence=74.4%  WRONG  -> results/sanity_check/sample_41_idx25_true-FR-I_pred-FR-II.png
[42] test_idx=148  true=FR-II  pred=FR-I  confidence=97.2%  WRONG  -> results/sanity_check/sample_42_idx148_true-FR-II_pred-FR-I.png
[43] test_idx=284  true=FR-II  pred=FR-II  confidence=54.0%  CORRECT  -> results/sanity_check/sample_43_idx284_true-FR-II_pred-FR-II.png
[44] test_idx=284  true=FR-II  pred=FR-II  confidence=54.0%  CORRECT  -> results/sanity_check/sample_44_idx284_true-FR-II_pred-FR-II.png
[45] test_idx=266  true=FR-II  pred=FR-II  confidence=76.4%  CORRECT  -> results/sanity_check/sample_45_idx266_true-FR-II_pred-FR-II.png
[46] test_idx=216  true=FR-II  pred=FR-I  confidence=99.0%  WRONG  -> results/sanity_check/sample_46_idx216_true-FR-II_pred-FR-I.png
[47] test_idx=241  true=FR-II  pred=FR-I  confidence=69.3%  WRONG  -> results/sanity_check/sample_47_idx241_true-FR-II_pred-FR-I.png
[48] test_idx=12  true=FR-I  pred=FR-I  confidence=95.7%  CORRECT  -> results/sanity_check/sample_48_idx12_true-FR-I_pred-FR-I.png
[49] test_idx=129  true=FR-I  pred=FR-I  confidence=88.5%  CORRECT  -> results/sanity_check/sample_49_idx129_true-FR-I_pred-FR-I.png
[50] test_idx=199  true=FR-II  pred=FR-I  confidence=88.3%  WRONG  -> results/sanity_check/sample_50_idx199_true-FR-II_pred-FR-I.png
[51] test_idx=185  true=FR-II  pred=FR-I  confidence=60.0%  WRONG  -> results/sanity_check/sample_51_idx185_true-FR-II_pred-FR-I.png
[52] test_idx=102  true=FR-I  pred=FR-I  confidence=74.6%  CORRECT  -> results/sanity_check/sample_52_idx102_true-FR-I_pred-FR-I.png
[53] test_idx=123  true=FR-I  pred=FR-II  confidence=84.2%  WRONG  -> results/sanity_check/sample_53_idx123_true-FR-I_pred-FR-II.png
[54] test_idx=18  true=FR-I  pred=FR-I  confidence=53.9%  CORRECT  -> results/sanity_check/sample_54_idx18_true-FR-I_pred-FR-I.png
[55] test_idx=183  true=FR-II  pred=FR-I  confidence=92.6%  WRONG  -> results/sanity_check/sample_55_idx183_true-FR-II_pred-FR-I.png
[56] test_idx=66  true=FR-I  pred=FR-II  confidence=96.0%  WRONG  -> results/sanity_check/sample_56_idx66_true-FR-I_pred-FR-II.png
[57] test_idx=19  true=FR-I  pred=FR-II  confidence=99.2%  WRONG  -> results/sanity_check/sample_57_idx19_true-FR-I_pred-FR-II.png
[58] test_idx=116  true=FR-I  pred=FR-II  confidence=77.7%  WRONG  -> results/sanity_check/sample_58_idx116_true-FR-I_pred-FR-II.png
[59] test_idx=154  true=FR-II  pred=FR-II  confidence=74.4%  CORRECT  -> results/sanity_check/sample_59_idx154_true-FR-II_pred-FR-II.png
[60] test_idx=62  true=FR-I  pred=FR-II  confidence=97.0%  WRONG  -> results/sanity_check/sample_60_idx62_true-FR-I_pred-FR-II.png
[61] test_idx=135  true=FR-I  pred=FR-I  confidence=88.1%  CORRECT  -> results/sanity_check/sample_61_idx135_true-FR-I_pred-FR-I.png
[62] test_idx=151  true=FR-II  pred=FR-I  confidence=94.4%  WRONG  -> results/sanity_check/sample_62_idx151_true-FR-II_pred-FR-I.png
[63] test_idx=141  true=FR-I  pred=FR-I  confidence=90.6%  CORRECT  -> results/sanity_check/sample_63_idx141_true-FR-I_pred-FR-I.png
[64] test_idx=261  true=FR-II  pred=FR-I  confidence=74.8%  WRONG  -> results/sanity_check/sample_64_idx261_true-FR-II_pred-FR-I.png
[65] test_idx=148  true=FR-II  pred=FR-I  confidence=97.2%  WRONG  -> results/sanity_check/sample_65_idx148_true-FR-II_pred-FR-I.png
[66] test_idx=1  true=FR-I  pred=FR-I  confidence=87.7%  CORRECT  -> results/sanity_check/sample_66_idx1_true-FR-I_pred-FR-I.png
[67] test_idx=111  true=FR-I  pred=FR-II  confidence=75.3%  WRONG  -> results/sanity_check/sample_67_idx111_true-FR-I_pred-FR-II.png
[68] test_idx=87  true=FR-I  pred=FR-II  confidence=97.8%  WRONG  -> results/sanity_check/sample_68_idx87_true-FR-I_pred-FR-II.png
[69] test_idx=167  true=FR-II  pred=FR-I  confidence=72.3%  WRONG  -> results/sanity_check/sample_69_idx167_true-FR-II_pred-FR-I.png
[70] test_idx=48  true=FR-I  pred=FR-I  confidence=97.3%  CORRECT  -> results/sanity_check/sample_70_idx48_true-FR-I_pred-FR-I.png
[71] test_idx=10  true=FR-I  pred=FR-II  confidence=97.5%  WRONG  -> results/sanity_check/sample_71_idx10_true-FR-I_pred-FR-II.png
[72] test_idx=52  true=FR-I  pred=FR-II  confidence=64.7%  WRONG  -> results/sanity_check/sample_72_idx52_true-FR-I_pred-FR-II.png
[73] test_idx=244  true=FR-II  pred=FR-I  confidence=79.1%  WRONG  -> results/sanity_check/sample_73_idx244_true-FR-II_pred-FR-I.png
[74] test_idx=139  true=FR-I  pred=FR-II  confidence=98.9%  WRONG  -> results/sanity_check/sample_74_idx139_true-FR-I_pred-FR-II.png
[75] test_idx=74  true=FR-I  pred=FR-I  confidence=93.7%  CORRECT  -> results/sanity_check/sample_75_idx74_true-FR-I_pred-FR-I.png
[76] test_idx=90  true=FR-I  pred=FR-I  confidence=98.0%  CORRECT  -> results/sanity_check/sample_76_idx90_true-FR-I_pred-FR-I.png
[77] test_idx=192  true=FR-II  pred=FR-I  confidence=53.6%  WRONG  -> results/sanity_check/sample_77_idx192_true-FR-II_pred-FR-I.png
[78] test_idx=177  true=FR-II  pred=FR-II  confidence=81.6%  CORRECT  -> results/sanity_check/sample_78_idx177_true-FR-II_pred-FR-II.png
[79] test_idx=253  true=FR-II  pred=FR-I  confidence=97.2%  WRONG  -> results/sanity_check/sample_79_idx253_true-FR-II_pred-FR-I.png
[80] test_idx=137  true=FR-I  pred=FR-I  confidence=98.9%  CORRECT  -> results/sanity_check/sample_80_idx137_true-FR-I_pred-FR-I.png
[81] test_idx=93  true=FR-I  pred=FR-I  confidence=97.2%  CORRECT  -> results/sanity_check/sample_81_idx93_true-FR-I_pred-FR-I.png
[82] test_idx=65  true=FR-I  pred=FR-I  confidence=62.9%  CORRECT  -> results/sanity_check/sample_82_idx65_true-FR-I_pred-FR-I.png
[83] test_idx=216  true=FR-II  pred=FR-I  confidence=99.0%  WRONG  -> results/sanity_check/sample_83_idx216_true-FR-II_pred-FR-I.png
[84] test_idx=120  true=FR-I  pred=FR-II  confidence=51.8%  WRONG  -> results/sanity_check/sample_84_idx120_true-FR-I_pred-FR-II.png
[85] test_idx=239  true=FR-II  pred=FR-II  confidence=70.7%  CORRECT  -> results/sanity_check/sample_85_idx239_true-FR-II_pred-FR-II.png
[86] test_idx=225  true=FR-II  pred=FR-I  confidence=94.9%  WRONG  -> results/sanity_check/sample_86_idx225_true-FR-II_pred-FR-I.png
[87] test_idx=25  true=FR-I  pred=FR-II  confidence=74.4%  WRONG  -> results/sanity_check/sample_87_idx25_true-FR-I_pred-FR-II.png
[88] test_idx=199  true=FR-II  pred=FR-I  confidence=88.3%  WRONG  -> results/sanity_check/sample_88_idx199_true-FR-II_pred-FR-I.png
[89] test_idx=124  true=FR-I  pred=FR-II  confidence=94.1%  WRONG  -> results/sanity_check/sample_89_idx124_true-FR-I_pred-FR-II.png
[90] test_idx=85  true=FR-I  pred=FR-I  confidence=97.4%  CORRECT  -> results/sanity_check/sample_90_idx85_true-FR-I_pred-FR-I.png
[91] test_idx=94  true=FR-I  pred=FR-I  confidence=98.0%  CORRECT  -> results/sanity_check/sample_91_idx94_true-FR-I_pred-FR-I.png
[92] test_idx=252  true=FR-II  pred=FR-I  confidence=99.5%  WRONG  -> results/sanity_check/sample_92_idx252_true-FR-II_pred-FR-I.png
[93] test_idx=189  true=FR-II  pred=FR-I  confidence=57.8%  WRONG  -> results/sanity_check/sample_93_idx189_true-FR-II_pred-FR-I.png
[94] test_idx=196  true=FR-II  pred=FR-II  confidence=97.9%  CORRECT  -> results/sanity_check/sample_94_idx196_true-FR-II_pred-FR-II.png
[95] test_idx=134  true=FR-I  pred=FR-I  confidence=96.4%  CORRECT  -> results/sanity_check/sample_95_idx134_true-FR-I_pred-FR-I.png
[96] test_idx=27  true=FR-I  pred=FR-I  confidence=83.1%  CORRECT  -> results/sanity_check/sample_96_idx27_true-FR-I_pred-FR-I.png
[97] test_idx=212  true=FR-II  pred=FR-I  confidence=93.7%  WRONG  -> results/sanity_check/sample_97_idx212_true-FR-II_pred-FR-I.png
[98] test_idx=177  true=FR-II  pred=FR-II  confidence=81.6%  CORRECT  -> results/sanity_check/sample_98_idx177_true-FR-II_pred-FR-II.png
[99] test_idx=180  true=FR-II  pred=FR-II  confidence=75.9%  CORRECT  -> results/sanity_check/sample_99_idx180_true-FR-II_pred-FR-II.png

43/100 correct on this random sample.
