CUDA Memory Cleared. Current VRAM Usage: 0.00 MB
On device cuda
Getting data loader crumb
Corrected 37/1800 CRUMB train labels using MiraBest ground truth for overlapping sources
Corrected 163/300 CRUMB test labels using train-derived (parent, code) -> label mapping
Excluding 170/1800 train and 39/300 test AT17-only sources (mislabeled FRI)
Total unique classes found: 2
Label IDs: [0, 1]
Total images in dataset: 1796
Total batches: 39 (at batch size 32)

============================================================
Run 1/1  |  seed=42  |  tag=scratch_no_at17  |  results -> results/classification/run_20260714_090654_seed42
============================================================

Training classification for 300 epochs
Epoch 0
Epoch 0, Training Loss: 0.7207, Validation Loss: 0.6861 (best)
--- Saved model to checkpoints/classification/scratch_no_at17/state.pt ---
Epoch 1
Epoch 1, Training Loss: 0.7031, Validation Loss: 0.6819 (best)
--- Saved model to checkpoints/classification/scratch_no_at17/state.pt ---
Epoch 2
Epoch 2, Training Loss: 0.6972, Validation Loss: 0.7040
--- Saved model to checkpoints/classification/scratch_no_at17/state.pt ---
Epoch 3
Epoch 3, Training Loss: 0.6955, Validation Loss: 0.6728 (best)
--- Saved model to checkpoints/classification/scratch_no_at17/state.pt ---
Epoch 4
Epoch 4, Training Loss: 0.7009, Validation Loss: 0.6959
--- Saved model to checkpoints/classification/scratch_no_at17/state.pt ---
Epoch 5
Epoch 5, Training Loss: 0.6931, Validation Loss: 0.6812
--- Saved model to checkpoints/classification/scratch_no_at17/state.pt ---
Epoch 6
Epoch 6, Training Loss: 0.6924, Validation Loss: 0.6766
--- Saved model to checkpoints/classification/scratch_no_at17/state.pt ---
Epoch 7
Epoch 7, Training Loss: 0.6927, Validation Loss: 0.6820
--- Saved model to checkpoints/classification/scratch_no_at17/state.pt ---
Epoch 8
Epoch 8, Training Loss: 0.6956, Validation Loss: 0.6863
--- Saved model to checkpoints/classification/scratch_no_at17/state.pt ---
Epoch 9
Epoch 9, Training Loss: 0.6951, Validation Loss: 0.6812
--- Saved model to checkpoints/classification/scratch_no_at17/state.pt ---
Epoch 10
Epoch 10, Training Loss: 0.6932, Validation Loss: 0.6867
--- Saved model to checkpoints/classification/scratch_no_at17/state.pt ---
Epoch 11
Epoch 11, Training Loss: 0.6967, Validation Loss: 0.6686 (best)
--- Saved model to checkpoints/classification/scratch_no_at17/state.pt ---
Epoch 12
Epoch 12, Training Loss: 0.6947, Validation Loss: 0.6713
--- Saved model to checkpoints/classification/scratch_no_at17/state.pt ---
Epoch 13
Epoch 13, Training Loss: 0.6923, Validation Loss: 0.6839
--- Saved model to checkpoints/classification/scratch_no_at17/state.pt ---
Epoch 14
Epoch 14, Training Loss: 0.6943, Validation Loss: 0.6936
--- Saved model to checkpoints/classification/scratch_no_at17/state.pt ---
Epoch 15
Epoch 15, Training Loss: 0.6922, Validation Loss: 0.6878
--- Saved model to checkpoints/classification/scratch_no_at17/state.pt ---
Epoch 16
Epoch 16, Training Loss: 0.6921, Validation Loss: 0.6727
--- Saved model to checkpoints/classification/scratch_no_at17/state.pt ---
Epoch 17
Epoch 17, Training Loss: 0.6934, Validation Loss: 0.6839
--- Saved model to checkpoints/classification/scratch_no_at17/state.pt ---
Epoch 18
Epoch 18, Training Loss: 0.6925, Validation Loss: 0.6831
--- Saved model to checkpoints/classification/scratch_no_at17/state.pt ---
Epoch 19
Epoch 19, Training Loss: 0.6935, Validation Loss: 0.6795
--- Saved model to checkpoints/classification/scratch_no_at17/state.pt ---
Epoch 20
Epoch 20, Training Loss: 0.6944, Validation Loss: 0.6745
--- Saved model to checkpoints/classification/scratch_no_at17/state.pt ---
Epoch 21
Epoch 21, Training Loss: 0.6932, Validation Loss: 0.6849
--- Saved model to checkpoints/classification/scratch_no_at17/state.pt ---
Epoch 22
Epoch 22, Training Loss: 0.6915, Validation Loss: 0.6812
--- Saved model to checkpoints/classification/scratch_no_at17/state.pt ---
Epoch 23
Epoch 23, Training Loss: 0.6928, Validation Loss: 0.6951
--- Saved model to checkpoints/classification/scratch_no_at17/state.pt ---
Epoch 24
Epoch 24, Training Loss: 0.6917, Validation Loss: 0.6884
--- Saved model to checkpoints/classification/scratch_no_at17/state.pt ---
Epoch 25
Epoch 25, Training Loss: 0.6920, Validation Loss: 0.6823
--- Saved model to checkpoints/classification/scratch_no_at17/state.pt ---
Epoch 26
Epoch 26, Training Loss: 0.6931, Validation Loss: 0.6847
--- Saved model to checkpoints/classification/scratch_no_at17/state.pt ---
Epoch 27
Epoch 27, Training Loss: 0.6893, Validation Loss: 0.6979
--- Saved model to checkpoints/classification/scratch_no_at17/state.pt ---
Epoch 28
Epoch 28, Training Loss: 0.6947, Validation Loss: 0.6896
--- Saved model to checkpoints/classification/scratch_no_at17/state.pt ---
Epoch 29
Epoch 29, Training Loss: 0.6928, Validation Loss: 0.6888
--- Saved model to checkpoints/classification/scratch_no_at17/state.pt ---
Epoch 30
Epoch 30, Training Loss: 0.6878, Validation Loss: 0.6778
--- Saved model to checkpoints/classification/scratch_no_at17/state.pt ---
Epoch 31
Epoch 31, Training Loss: 0.6952, Validation Loss: 0.6843
--- Saved model to checkpoints/classification/scratch_no_at17/state.pt ---
Epoch 32
Epoch 32, Training Loss: 0.6885, Validation Loss: 0.6856
--- Saved model to checkpoints/classification/scratch_no_at17/state.pt ---
Epoch 33
Epoch 33, Training Loss: 0.6904, Validation Loss: 0.6878
--- Saved model to checkpoints/classification/scratch_no_at17/state.pt ---
Epoch 34
Epoch 34, Training Loss: 0.6909, Validation Loss: 0.6878
--- Saved model to checkpoints/classification/scratch_no_at17/state.pt ---
Epoch 35
Epoch 35, Training Loss: 0.6877, Validation Loss: 0.6775
--- Saved model to checkpoints/classification/scratch_no_at17/state.pt ---
Epoch 36
Epoch 36, Training Loss: 0.6885, Validation Loss: 0.6827
--- Saved model to checkpoints/classification/scratch_no_at17/state.pt ---
Epoch 37
Epoch 37, Training Loss: 0.6889, Validation Loss: 0.6762
--- Saved model to checkpoints/classification/scratch_no_at17/state.pt ---
Epoch 38
Epoch 38, Training Loss: 0.6901, Validation Loss: 0.6875
--- Saved model to checkpoints/classification/scratch_no_at17/state.pt ---
Epoch 39
Epoch 39, Training Loss: 0.6867, Validation Loss: 0.6870
--- Saved model to checkpoints/classification/scratch_no_at17/state.pt ---
Epoch 40
Epoch 40, Training Loss: 0.6826, Validation Loss: 0.6665 (best)
--- Saved model to checkpoints/classification/scratch_no_at17/state.pt ---
Epoch 41
Epoch 41, Training Loss: 0.6817, Validation Loss: 0.6847
--- Saved model to checkpoints/classification/scratch_no_at17/state.pt ---
Epoch 42
Epoch 42, Training Loss: 0.6787, Validation Loss: 0.6706
--- Saved model to checkpoints/classification/scratch_no_at17/state.pt ---
Epoch 43
Epoch 43, Training Loss: 0.6800, Validation Loss: 0.6546 (best)
--- Saved model to checkpoints/classification/scratch_no_at17/state.pt ---
Epoch 44
Epoch 44, Training Loss: 0.6783, Validation Loss: 0.6691
--- Saved model to checkpoints/classification/scratch_no_at17/state.pt ---
Epoch 45
Epoch 45, Training Loss: 0.6788, Validation Loss: 0.6519 (best)
--- Saved model to checkpoints/classification/scratch_no_at17/state.pt ---
Epoch 46
Epoch 46, Training Loss: 0.6759, Validation Loss: 0.6857
--- Saved model to checkpoints/classification/scratch_no_at17/state.pt ---
Epoch 47
Epoch 47, Training Loss: 0.6722, Validation Loss: 0.6356 (best)
--- Saved model to checkpoints/classification/scratch_no_at17/state.pt ---
Epoch 48
Epoch 48, Training Loss: 0.6721, Validation Loss: 0.6712
--- Saved model to checkpoints/classification/scratch_no_at17/state.pt ---
Epoch 49
Epoch 49, Training Loss: 0.6629, Validation Loss: 0.6357
--- Saved model to checkpoints/classification/scratch_no_at17/state.pt ---
Epoch 50
Epoch 50, Training Loss: 0.6620, Validation Loss: 0.6168 (best)
--- Saved model to checkpoints/classification/scratch_no_at17/state.pt ---
Epoch 51
Epoch 51, Training Loss: 0.6591, Validation Loss: 0.6851
--- Saved model to checkpoints/classification/scratch_no_at17/state.pt ---
Epoch 52
Epoch 52, Training Loss: 0.6539, Validation Loss: 0.6261
--- Saved model to checkpoints/classification/scratch_no_at17/state.pt ---
Epoch 53
Epoch 53, Training Loss: 0.6476, Validation Loss: 0.6374
--- Saved model to checkpoints/classification/scratch_no_at17/state.pt ---
Epoch 54
Epoch 54, Training Loss: 0.6476, Validation Loss: 0.5849 (best)
--- Saved model to checkpoints/classification/scratch_no_at17/state.pt ---
Epoch 55
Epoch 55, Training Loss: 0.6348, Validation Loss: 0.6028
--- Saved model to checkpoints/classification/scratch_no_at17/state.pt ---
Epoch 56
Epoch 56, Training Loss: 0.6457, Validation Loss: 0.5919
--- Saved model to checkpoints/classification/scratch_no_at17/state.pt ---
Epoch 57
Epoch 57, Training Loss: 0.6491, Validation Loss: 0.6549
--- Saved model to checkpoints/classification/scratch_no_at17/state.pt ---
Epoch 58
Epoch 58, Training Loss: 0.6490, Validation Loss: 0.6235
--- Saved model to checkpoints/classification/scratch_no_at17/state.pt ---
Epoch 59
Epoch 59, Training Loss: 0.6362, Validation Loss: 0.5816 (best)
--- Saved model to checkpoints/classification/scratch_no_at17/state.pt ---
Epoch 60
Epoch 60, Training Loss: 0.6202, Validation Loss: 0.5792 (best)
--- Saved model to checkpoints/classification/scratch_no_at17/state.pt ---
Epoch 61
Epoch 61, Training Loss: 0.6320, Validation Loss: 0.6049
--- Saved model to checkpoints/classification/scratch_no_at17/state.pt ---
Epoch 62
Epoch 62, Training Loss: 0.6130, Validation Loss: 0.6117
--- Saved model to checkpoints/classification/scratch_no_at17/state.pt ---
Epoch 63
Epoch 63, Training Loss: 0.6081, Validation Loss: 0.5864
--- Saved model to checkpoints/classification/scratch_no_at17/state.pt ---
Epoch 64
Epoch 64, Training Loss: 0.5940, Validation Loss: 0.5880
--- Saved model to checkpoints/classification/scratch_no_at17/state.pt ---
Epoch 65
Epoch 65, Training Loss: 0.5994, Validation Loss: 0.5696 (best)
--- Saved model to checkpoints/classification/scratch_no_at17/state.pt ---
Epoch 66
Epoch 66, Training Loss: 0.5974, Validation Loss: 0.5751
--- Saved model to checkpoints/classification/scratch_no_at17/state.pt ---
Epoch 67
Epoch 67, Training Loss: 0.5970, Validation Loss: 0.5659 (best)
--- Saved model to checkpoints/classification/scratch_no_at17/state.pt ---
Epoch 68
Epoch 68, Training Loss: 0.6010, Validation Loss: 0.5694
--- Saved model to checkpoints/classification/scratch_no_at17/state.pt ---
Epoch 69
Epoch 69, Training Loss: 0.5960, Validation Loss: 0.5794
--- Saved model to checkpoints/classification/scratch_no_at17/state.pt ---
Epoch 70
Epoch 70, Training Loss: 0.6028, Validation Loss: 0.5693
--- Saved model to checkpoints/classification/scratch_no_at17/state.pt ---
Epoch 71
Epoch 71, Training Loss: 0.5933, Validation Loss: 0.5657 (best)
--- Saved model to checkpoints/classification/scratch_no_at17/state.pt ---
Epoch 72
Epoch 72, Training Loss: 0.5931, Validation Loss: 0.5670
--- Saved model to checkpoints/classification/scratch_no_at17/state.pt ---
Epoch 73
Epoch 73, Training Loss: 0.5860, Validation Loss: 0.5721
--- Saved model to checkpoints/classification/scratch_no_at17/state.pt ---
Epoch 74
Epoch 74, Training Loss: 0.5903, Validation Loss: 0.5648 (best)
--- Saved model to checkpoints/classification/scratch_no_at17/state.pt ---
Epoch 75
Epoch 75, Training Loss: 0.5967, Validation Loss: 0.5961
--- Saved model to checkpoints/classification/scratch_no_at17/state.pt ---
Epoch 76
Epoch 76, Training Loss: 0.5941, Validation Loss: 0.5764
--- Saved model to checkpoints/classification/scratch_no_at17/state.pt ---
Epoch 77
Epoch 77, Training Loss: 0.5941, Validation Loss: 0.5764
--- Saved model to checkpoints/classification/scratch_no_at17/state.pt ---
Epoch 78
Epoch 78, Training Loss: 0.5918, Validation Loss: 0.5751
--- Saved model to checkpoints/classification/scratch_no_at17/state.pt ---
Epoch 79
Epoch 79, Training Loss: 0.5873, Validation Loss: 0.5901
--- Saved model to checkpoints/classification/scratch_no_at17/state.pt ---
Epoch 80
Epoch 80, Training Loss: 0.5858, Validation Loss: 0.6067
--- Saved model to checkpoints/classification/scratch_no_at17/state.pt ---
Epoch 81
Epoch 81, Training Loss: 0.5865, Validation Loss: 0.5693
--- Saved model to checkpoints/classification/scratch_no_at17/state.pt ---
Epoch 82
Epoch 82, Training Loss: 0.5801, Validation Loss: 0.5877
--- Saved model to checkpoints/classification/scratch_no_at17/state.pt ---
Epoch 83
Epoch 83, Training Loss: 0.5774, Validation Loss: 0.5892
--- Saved model to checkpoints/classification/scratch_no_at17/state.pt ---
Epoch 84
Epoch 84, Training Loss: 0.5730, Validation Loss: 0.5766
--- Saved model to checkpoints/classification/scratch_no_at17/state.pt ---
Epoch 85
Epoch 85, Training Loss: 0.5665, Validation Loss: 0.6061
--- Saved model to checkpoints/classification/scratch_no_at17/state.pt ---
Epoch 86
Epoch 86, Training Loss: 0.5845, Validation Loss: 0.5836
--- Saved model to checkpoints/classification/scratch_no_at17/state.pt ---
Epoch 87
Epoch 87, Training Loss: 0.5901, Validation Loss: 0.5862
--- Saved model to checkpoints/classification/scratch_no_at17/state.pt ---
Epoch 88
Epoch 88, Training Loss: 0.5846, Validation Loss: 0.5819
--- Saved model to checkpoints/classification/scratch_no_at17/state.pt ---
Epoch 89
Epoch 89, Training Loss: 0.5702, Validation Loss: 0.5909
--- Saved model to checkpoints/classification/scratch_no_at17/state.pt ---
Epoch 90
Epoch 90, Training Loss: 0.5812, Validation Loss: 0.5884
--- Saved model to checkpoints/classification/scratch_no_at17/state.pt ---
Epoch 91
Epoch 91, Training Loss: 0.5736, Validation Loss: 0.6175
--- Saved model to checkpoints/classification/scratch_no_at17/state.pt ---
Epoch 92
Epoch 92, Training Loss: 0.5680, Validation Loss: 0.6275
--- Saved model to checkpoints/classification/scratch_no_at17/state.pt ---
Epoch 93
Epoch 93, Training Loss: 0.5822, Validation Loss: 0.6081
--- Saved model to checkpoints/classification/scratch_no_at17/state.pt ---
Epoch 94
Epoch 94, Training Loss: 0.5707, Validation Loss: 0.5898
--- Saved model to checkpoints/classification/scratch_no_at17/state.pt ---
Epoch 95
Epoch 95, Training Loss: 0.5806, Validation Loss: 0.5908
--- Saved model to checkpoints/classification/scratch_no_at17/state.pt ---
Epoch 96
Epoch 96, Training Loss: 0.5730, Validation Loss: 0.5720
--- Saved model to checkpoints/classification/scratch_no_at17/state.pt ---
Epoch 97
Epoch 97, Training Loss: 0.5824, Validation Loss: 0.5869
--- Saved model to checkpoints/classification/scratch_no_at17/state.pt ---
Epoch 98
Epoch 98, Training Loss: 0.5675, Validation Loss: 0.5726
--- Saved model to checkpoints/classification/scratch_no_at17/state.pt ---
Epoch 99
Epoch 99, Training Loss: 0.5647, Validation Loss: 0.5816
--- Saved model to checkpoints/classification/scratch_no_at17/state.pt ---
Epoch 100
Epoch 100, Training Loss: 0.5766, Validation Loss: 0.5889
--- Saved model to checkpoints/classification/scratch_no_at17/state.pt ---
Epoch 101
Epoch 101, Training Loss: 0.5631, Validation Loss: 0.5795
--- Saved model to checkpoints/classification/scratch_no_at17/state.pt ---
Epoch 102
Epoch 102, Training Loss: 0.5607, Validation Loss: 0.6199
--- Saved model to checkpoints/classification/scratch_no_at17/state.pt ---
Epoch 103
Epoch 103, Training Loss: 0.5553, Validation Loss: 0.5694
--- Saved model to checkpoints/classification/scratch_no_at17/state.pt ---
Epoch 104
Epoch 104, Training Loss: 0.5651, Validation Loss: 0.5903
--- Saved model to checkpoints/classification/scratch_no_at17/state.pt ---
Epoch 105
Epoch 105, Training Loss: 0.5690, Validation Loss: 0.5705
--- Saved model to checkpoints/classification/scratch_no_at17/state.pt ---
Epoch 106
Epoch 106, Training Loss: 0.5613, Validation Loss: 0.5937
--- Saved model to checkpoints/classification/scratch_no_at17/state.pt ---
Epoch 107
Epoch 107, Training Loss: 0.5681, Validation Loss: 0.5927
--- Saved model to checkpoints/classification/scratch_no_at17/state.pt ---
Epoch 108
Epoch 108, Training Loss: 0.5689, Validation Loss: 0.5796
--- Saved model to checkpoints/classification/scratch_no_at17/state.pt ---
Epoch 109
Epoch 109, Training Loss: 0.5743, Validation Loss: 0.5706
--- Saved model to checkpoints/classification/scratch_no_at17/state.pt ---
Epoch 110
Epoch 110, Training Loss: 0.5866, Validation Loss: 0.5814
--- Saved model to checkpoints/classification/scratch_no_at17/state.pt ---
Epoch 111
Epoch 111, Training Loss: 0.5865, Validation Loss: 0.5681
--- Saved model to checkpoints/classification/scratch_no_at17/state.pt ---
Epoch 112
Epoch 112, Training Loss: 0.5613, Validation Loss: 0.6210
--- Saved model to checkpoints/classification/scratch_no_at17/state.pt ---
Epoch 113
Epoch 113, Training Loss: 0.5693, Validation Loss: 0.5703
--- Saved model to checkpoints/classification/scratch_no_at17/state.pt ---
Epoch 114
Epoch 114, Training Loss: 0.5489, Validation Loss: 0.6090
--- Saved model to checkpoints/classification/scratch_no_at17/state.pt ---
Epoch 115
Epoch 115, Training Loss: 0.5455, Validation Loss: 0.5836
--- Saved model to checkpoints/classification/scratch_no_at17/state.pt ---
Epoch 116
Epoch 116, Training Loss: 0.5708, Validation Loss: 0.5866
--- Saved model to checkpoints/classification/scratch_no_at17/state.pt ---
Epoch 117
Epoch 117, Training Loss: 0.5446, Validation Loss: 0.5747
--- Saved model to checkpoints/classification/scratch_no_at17/state.pt ---
Epoch 118
Epoch 118, Training Loss: 0.5545, Validation Loss: 0.5827
--- Saved model to checkpoints/classification/scratch_no_at17/state.pt ---
Epoch 119
Epoch 119, Training Loss: 0.5553, Validation Loss: 0.5780
--- Saved model to checkpoints/classification/scratch_no_at17/state.pt ---
Epoch 120
Epoch 120, Training Loss: 0.5472, Validation Loss: 0.5882
--- Saved model to checkpoints/classification/scratch_no_at17/state.pt ---
Epoch 121
Epoch 121, Training Loss: 0.5544, Validation Loss: 0.5870
--- Saved model to checkpoints/classification/scratch_no_at17/state.pt ---
Epoch 122
Epoch 122, Training Loss: 0.5437, Validation Loss: 0.5839
--- Saved model to checkpoints/classification/scratch_no_at17/state.pt ---
Epoch 123
Epoch 123, Training Loss: 0.5638, Validation Loss: 0.5973
--- Saved model to checkpoints/classification/scratch_no_at17/state.pt ---
Epoch 124
Epoch 124, Training Loss: 0.5654, Validation Loss: 0.5696
--- Saved model to checkpoints/classification/scratch_no_at17/state.pt ---
Epoch 125
Epoch 125, Training Loss: 0.5542, Validation Loss: 0.5859
--- Saved model to checkpoints/classification/scratch_no_at17/state.pt ---
Epoch 126
Epoch 126, Training Loss: 0.5602, Validation Loss: 0.5889
--- Saved model to checkpoints/classification/scratch_no_at17/state.pt ---
Epoch 127
Epoch 127, Training Loss: 0.5576, Validation Loss: 0.5872
--- Saved model to checkpoints/classification/scratch_no_at17/state.pt ---
Epoch 128
Epoch 128, Training Loss: 0.5496, Validation Loss: 0.6194
--- Saved model to checkpoints/classification/scratch_no_at17/state.pt ---
Epoch 129
Epoch 129, Training Loss: 0.5581, Validation Loss: 0.5627 (best)
--- Saved model to checkpoints/classification/scratch_no_at17/state.pt ---
Epoch 130
Epoch 130, Training Loss: 0.5471, Validation Loss: 0.5667
--- Saved model to checkpoints/classification/scratch_no_at17/state.pt ---
Epoch 131
Epoch 131, Training Loss: 0.5434, Validation Loss: 0.5656
--- Saved model to checkpoints/classification/scratch_no_at17/state.pt ---
Epoch 132
Epoch 132, Training Loss: 0.5630, Validation Loss: 0.5717
--- Saved model to checkpoints/classification/scratch_no_at17/state.pt ---
Epoch 133
Epoch 133, Training Loss: 0.5424, Validation Loss: 0.5719
--- Saved model to checkpoints/classification/scratch_no_at17/state.pt ---
Epoch 134
Epoch 134, Training Loss: 0.5431, Validation Loss: 0.5902
--- Saved model to checkpoints/classification/scratch_no_at17/state.pt ---
Epoch 135
Epoch 135, Training Loss: 0.5357, Validation Loss: 0.6113
--- Saved model to checkpoints/classification/scratch_no_at17/state.pt ---
Epoch 136
Epoch 136, Training Loss: 0.5414, Validation Loss: 0.5865
--- Saved model to checkpoints/classification/scratch_no_at17/state.pt ---
Epoch 137
Epoch 137, Training Loss: 0.5422, Validation Loss: 0.5895
--- Saved model to checkpoints/classification/scratch_no_at17/state.pt ---
Epoch 138
Epoch 138, Training Loss: 0.5631, Validation Loss: 0.5789
--- Saved model to checkpoints/classification/scratch_no_at17/state.pt ---
Epoch 139
Epoch 139, Training Loss: 0.5437, Validation Loss: 0.5923
--- Saved model to checkpoints/classification/scratch_no_at17/state.pt ---
Epoch 140
Epoch 140, Training Loss: 0.5647, Validation Loss: 0.5853
--- Saved model to checkpoints/classification/scratch_no_at17/state.pt ---
Epoch 141
Epoch 141, Training Loss: 0.5858, Validation Loss: 0.5631
--- Saved model to checkpoints/classification/scratch_no_at17/state.pt ---
Epoch 142
Epoch 142, Training Loss: 0.5453, Validation Loss: 0.5910
--- Saved model to checkpoints/classification/scratch_no_at17/state.pt ---
Epoch 143
Epoch 143, Training Loss: 0.5346, Validation Loss: 0.5771
--- Saved model to checkpoints/classification/scratch_no_at17/state.pt ---
Epoch 144
Epoch 144, Training Loss: 0.5475, Validation Loss: 0.5637
--- Saved model to checkpoints/classification/scratch_no_at17/state.pt ---
Epoch 145
Epoch 145, Training Loss: 0.5385, Validation Loss: 0.5673
--- Saved model to checkpoints/classification/scratch_no_at17/state.pt ---
Epoch 146
Epoch 146, Training Loss: 0.5502, Validation Loss: 0.5564 (best)
--- Saved model to checkpoints/classification/scratch_no_at17/state.pt ---
Epoch 147
Epoch 147, Training Loss: 0.5384, Validation Loss: 0.5662
--- Saved model to checkpoints/classification/scratch_no_at17/state.pt ---
Epoch 148
Epoch 148, Training Loss: 0.5407, Validation Loss: 0.5733
--- Saved model to checkpoints/classification/scratch_no_at17/state.pt ---
Epoch 149
Epoch 149, Training Loss: 0.5237, Validation Loss: 0.5616
--- Saved model to checkpoints/classification/scratch_no_at17/state.pt ---
Epoch 150
Epoch 150, Training Loss: 0.5464, Validation Loss: 0.5958
--- Saved model to checkpoints/classification/scratch_no_at17/state.pt ---
Epoch 151
Epoch 151, Training Loss: 0.5356, Validation Loss: 0.5565
--- Saved model to checkpoints/classification/scratch_no_at17/state.pt ---
Epoch 152
Epoch 152, Training Loss: 0.5449, Validation Loss: 0.5545 (best)
--- Saved model to checkpoints/classification/scratch_no_at17/state.pt ---
Epoch 153
Epoch 153, Training Loss: 0.5415, Validation Loss: 0.5812
--- Saved model to checkpoints/classification/scratch_no_at17/state.pt ---
Epoch 154
Epoch 154, Training Loss: 0.5374, Validation Loss: 0.6154
--- Saved model to checkpoints/classification/scratch_no_at17/state.pt ---
Epoch 155
Epoch 155, Training Loss: 0.5347, Validation Loss: 0.5620
--- Saved model to checkpoints/classification/scratch_no_at17/state.pt ---
Epoch 156
Epoch 156, Training Loss: 0.5335, Validation Loss: 0.5497 (best)
--- Saved model to checkpoints/classification/scratch_no_at17/state.pt ---
Epoch 157
Epoch 157, Training Loss: 0.5421, Validation Loss: 0.5826
--- Saved model to checkpoints/classification/scratch_no_at17/state.pt ---
Epoch 158
Epoch 158, Training Loss: 0.5340, Validation Loss: 0.5864
--- Saved model to checkpoints/classification/scratch_no_at17/state.pt ---
Epoch 159
Epoch 159, Training Loss: 0.5448, Validation Loss: 0.5617
--- Saved model to checkpoints/classification/scratch_no_at17/state.pt ---
Epoch 160
Epoch 160, Training Loss: 0.5286, Validation Loss: 0.5670
--- Saved model to checkpoints/classification/scratch_no_at17/state.pt ---
Epoch 161
Epoch 161, Training Loss: 0.5254, Validation Loss: 0.5729
--- Saved model to checkpoints/classification/scratch_no_at17/state.pt ---
Epoch 162
Epoch 162, Training Loss: 0.5404, Validation Loss: 0.5860
--- Saved model to checkpoints/classification/scratch_no_at17/state.pt ---
Epoch 163
Epoch 163, Training Loss: 0.5194, Validation Loss: 0.5791
--- Saved model to checkpoints/classification/scratch_no_at17/state.pt ---
Epoch 164
Epoch 164, Training Loss: 0.5315, Validation Loss: 0.6003
--- Saved model to checkpoints/classification/scratch_no_at17/state.pt ---
Epoch 165
Epoch 165, Training Loss: 0.5344, Validation Loss: 0.5890
--- Saved model to checkpoints/classification/scratch_no_at17/state.pt ---
Epoch 166
Epoch 166, Training Loss: 0.5366, Validation Loss: 0.6346
--- Saved model to checkpoints/classification/scratch_no_at17/state.pt ---
Epoch 167
Epoch 167, Training Loss: 0.5388, Validation Loss: 0.5659
--- Saved model to checkpoints/classification/scratch_no_at17/state.pt ---
Epoch 168
Epoch 168, Training Loss: 0.5195, Validation Loss: 0.5977
--- Saved model to checkpoints/classification/scratch_no_at17/state.pt ---
Epoch 169
Epoch 169, Training Loss: 0.5206, Validation Loss: 0.5684
--- Saved model to checkpoints/classification/scratch_no_at17/state.pt ---
Epoch 170
Epoch 170, Training Loss: 0.5163, Validation Loss: 0.5671
--- Saved model to checkpoints/classification/scratch_no_at17/state.pt ---
Epoch 171
Epoch 171, Training Loss: 0.5417, Validation Loss: 0.5407 (best)
--- Saved model to checkpoints/classification/scratch_no_at17/state.pt ---
Epoch 172
Epoch 172, Training Loss: 0.5293, Validation Loss: 0.5856
--- Saved model to checkpoints/classification/scratch_no_at17/state.pt ---
Epoch 173
Epoch 173, Training Loss: 0.5448, Validation Loss: 0.5906
--- Saved model to checkpoints/classification/scratch_no_at17/state.pt ---
Epoch 174
Epoch 174, Training Loss: 0.5425, Validation Loss: 0.5823
--- Saved model to checkpoints/classification/scratch_no_at17/state.pt ---
Epoch 175
Epoch 175, Training Loss: 0.5241, Validation Loss: 0.5822
--- Saved model to checkpoints/classification/scratch_no_at17/state.pt ---
Epoch 176
Epoch 176, Training Loss: 0.5259, Validation Loss: 0.5552
--- Saved model to checkpoints/classification/scratch_no_at17/state.pt ---
Epoch 177
Epoch 177, Training Loss: 0.5407, Validation Loss: 0.5703
--- Saved model to checkpoints/classification/scratch_no_at17/state.pt ---
Epoch 178
Epoch 178, Training Loss: 0.5258, Validation Loss: 0.5777
--- Saved model to checkpoints/classification/scratch_no_at17/state.pt ---
Epoch 179
Epoch 179, Training Loss: 0.5054, Validation Loss: 0.5702
--- Saved model to checkpoints/classification/scratch_no_at17/state.pt ---
Epoch 180
Epoch 180, Training Loss: 0.5215, Validation Loss: 0.5697
--- Saved model to checkpoints/classification/scratch_no_at17/state.pt ---
Epoch 181
Epoch 181, Training Loss: 0.5154, Validation Loss: 0.6073
--- Saved model to checkpoints/classification/scratch_no_at17/state.pt ---
Epoch 182
Epoch 182, Training Loss: 0.5124, Validation Loss: 0.5571
--- Saved model to checkpoints/classification/scratch_no_at17/state.pt ---
Epoch 183
Epoch 183, Training Loss: 0.5111, Validation Loss: 0.5403 (best)
--- Saved model to checkpoints/classification/scratch_no_at17/state.pt ---
Epoch 184
Epoch 184, Training Loss: 0.5131, Validation Loss: 0.6110
--- Saved model to checkpoints/classification/scratch_no_at17/state.pt ---
Epoch 185
Epoch 185, Training Loss: 0.5096, Validation Loss: 0.5635
--- Saved model to checkpoints/classification/scratch_no_at17/state.pt ---
Epoch 186
Epoch 186, Training Loss: 0.5238, Validation Loss: 0.5822
--- Saved model to checkpoints/classification/scratch_no_at17/state.pt ---
Epoch 187
Epoch 187, Training Loss: 0.5412, Validation Loss: 0.5396 (best)
--- Saved model to checkpoints/classification/scratch_no_at17/state.pt ---
Epoch 188
Epoch 188, Training Loss: 0.5316, Validation Loss: 0.5744
--- Saved model to checkpoints/classification/scratch_no_at17/state.pt ---
Epoch 189
Epoch 189, Training Loss: 0.5235, Validation Loss: 0.6099
--- Saved model to checkpoints/classification/scratch_no_at17/state.pt ---
Epoch 190
Epoch 190, Training Loss: 0.5122, Validation Loss: 0.5751
--- Saved model to checkpoints/classification/scratch_no_at17/state.pt ---
Epoch 191
Epoch 191, Training Loss: 0.5237, Validation Loss: 0.5699
--- Saved model to checkpoints/classification/scratch_no_at17/state.pt ---
Epoch 192
Epoch 192, Training Loss: 0.5016, Validation Loss: 0.5422
--- Saved model to checkpoints/classification/scratch_no_at17/state.pt ---
Epoch 193
Epoch 193, Training Loss: 0.5329, Validation Loss: 0.5398
--- Saved model to checkpoints/classification/scratch_no_at17/state.pt ---
Epoch 194
Epoch 194, Training Loss: 0.5197, Validation Loss: 0.5415
--- Saved model to checkpoints/classification/scratch_no_at17/state.pt ---
Epoch 195
Epoch 195, Training Loss: 0.5128, Validation Loss: 0.5504
--- Saved model to checkpoints/classification/scratch_no_at17/state.pt ---
Epoch 196
Epoch 196, Training Loss: 0.5121, Validation Loss: 0.5634
--- Saved model to checkpoints/classification/scratch_no_at17/state.pt ---
Epoch 197
Epoch 197, Training Loss: 0.5166, Validation Loss: 0.5687
--- Saved model to checkpoints/classification/scratch_no_at17/state.pt ---
Epoch 198
Epoch 198, Training Loss: 0.5048, Validation Loss: 0.5822
--- Saved model to checkpoints/classification/scratch_no_at17/state.pt ---
Epoch 199
Epoch 199, Training Loss: 0.5095, Validation Loss: 0.5650
--- Saved model to checkpoints/classification/scratch_no_at17/state.pt ---
Epoch 200
Epoch 200, Training Loss: 0.5239, Validation Loss: 0.5468
--- Saved model to checkpoints/classification/scratch_no_at17/state.pt ---
Epoch 201
Epoch 201, Training Loss: 0.5101, Validation Loss: 0.5295 (best)
--- Saved model to checkpoints/classification/scratch_no_at17/state.pt ---
Epoch 202
Epoch 202, Training Loss: 0.5052, Validation Loss: 0.5642
--- Saved model to checkpoints/classification/scratch_no_at17/state.pt ---
Epoch 203
Epoch 203, Training Loss: 0.5016, Validation Loss: 0.5532
--- Saved model to checkpoints/classification/scratch_no_at17/state.pt ---
Epoch 204
Epoch 204, Training Loss: 0.5094, Validation Loss: 0.5430
--- Saved model to checkpoints/classification/scratch_no_at17/state.pt ---
Epoch 205
Epoch 205, Training Loss: 0.4986, Validation Loss: 0.5483
--- Saved model to checkpoints/classification/scratch_no_at17/state.pt ---
Epoch 206
Epoch 206, Training Loss: 0.4981, Validation Loss: 0.5522
--- Saved model to checkpoints/classification/scratch_no_at17/state.pt ---
Epoch 207
Epoch 207, Training Loss: 0.5025, Validation Loss: 0.5326
--- Saved model to checkpoints/classification/scratch_no_at17/state.pt ---
Epoch 208
Epoch 208, Training Loss: 0.5301, Validation Loss: 0.5391
--- Saved model to checkpoints/classification/scratch_no_at17/state.pt ---
Epoch 209
Epoch 209, Training Loss: 0.5104, Validation Loss: 0.5881
--- Saved model to checkpoints/classification/scratch_no_at17/state.pt ---
Epoch 210
Epoch 210, Training Loss: 0.5116, Validation Loss: 0.5455
--- Saved model to checkpoints/classification/scratch_no_at17/state.pt ---
Epoch 211
Epoch 211, Training Loss: 0.4948, Validation Loss: 0.5433
--- Saved model to checkpoints/classification/scratch_no_at17/state.pt ---
Epoch 212
Epoch 212, Training Loss: 0.4957, Validation Loss: 0.5206 (best)
--- Saved model to checkpoints/classification/scratch_no_at17/state.pt ---
Epoch 213
Epoch 213, Training Loss: 0.4986, Validation Loss: 0.5774
--- Saved model to checkpoints/classification/scratch_no_at17/state.pt ---
Epoch 214
Epoch 214, Training Loss: 0.4895, Validation Loss: 0.5759
--- Saved model to checkpoints/classification/scratch_no_at17/state.pt ---
Epoch 215
Epoch 215, Training Loss: 0.5108, Validation Loss: 0.5694
--- Saved model to checkpoints/classification/scratch_no_at17/state.pt ---
Epoch 216
Epoch 216, Training Loss: 0.4953, Validation Loss: 0.5632
--- Saved model to checkpoints/classification/scratch_no_at17/state.pt ---
Epoch 217
Epoch 217, Training Loss: 0.4938, Validation Loss: 0.5650
--- Saved model to checkpoints/classification/scratch_no_at17/state.pt ---
Epoch 218
Epoch 218, Training Loss: 0.5027, Validation Loss: 0.5665
--- Saved model to checkpoints/classification/scratch_no_at17/state.pt ---
Epoch 219
Epoch 219, Training Loss: 0.4930, Validation Loss: 0.5644
--- Saved model to checkpoints/classification/scratch_no_at17/state.pt ---
Epoch 220
Epoch 220, Training Loss: 0.4931, Validation Loss: 0.5666
--- Saved model to checkpoints/classification/scratch_no_at17/state.pt ---
Epoch 221
Epoch 221, Training Loss: 0.4887, Validation Loss: 0.5724
--- Saved model to checkpoints/classification/scratch_no_at17/state.pt ---
Epoch 222
Epoch 222, Training Loss: 0.4978, Validation Loss: 0.5522
--- Saved model to checkpoints/classification/scratch_no_at17/state.pt ---
Epoch 223
Epoch 223, Training Loss: 0.5031, Validation Loss: 0.5307
--- Saved model to checkpoints/classification/scratch_no_at17/state.pt ---
Epoch 224
Epoch 224, Training Loss: 0.5039, Validation Loss: 0.5333
--- Saved model to checkpoints/classification/scratch_no_at17/state.pt ---
Epoch 225
Epoch 225, Training Loss: 0.4875, Validation Loss: 0.5293
--- Saved model to checkpoints/classification/scratch_no_at17/state.pt ---
Epoch 226
Epoch 226, Training Loss: 0.4959, Validation Loss: 0.5570
--- Saved model to checkpoints/classification/scratch_no_at17/state.pt ---
Epoch 227
Epoch 227, Training Loss: 0.5062, Validation Loss: 0.6898
--- Saved model to checkpoints/classification/scratch_no_at17/state.pt ---
Epoch 228
Epoch 228, Training Loss: 0.5099, Validation Loss: 0.5491
--- Saved model to checkpoints/classification/scratch_no_at17/state.pt ---
Epoch 229
Epoch 229, Training Loss: 0.4979, Validation Loss: 0.5686
--- Saved model to checkpoints/classification/scratch_no_at17/state.pt ---
Epoch 230
Epoch 230, Training Loss: 0.4948, Validation Loss: 0.6094
--- Saved model to checkpoints/classification/scratch_no_at17/state.pt ---
Epoch 231
Epoch 231, Training Loss: 0.4960, Validation Loss: 0.5364
--- Saved model to checkpoints/classification/scratch_no_at17/state.pt ---
Epoch 232
Epoch 232, Training Loss: 0.4849, Validation Loss: 0.5450
--- Saved model to checkpoints/classification/scratch_no_at17/state.pt ---
Epoch 233
Epoch 233, Training Loss: 0.4816, Validation Loss: 0.5290
--- Saved model to checkpoints/classification/scratch_no_at17/state.pt ---
Epoch 234
Epoch 234, Training Loss: 0.4955, Validation Loss: 0.5333
--- Saved model to checkpoints/classification/scratch_no_at17/state.pt ---
Epoch 235
Epoch 235, Training Loss: 0.4916, Validation Loss: 0.5462
--- Saved model to checkpoints/classification/scratch_no_at17/state.pt ---
Epoch 236
Epoch 236, Training Loss: 0.4957, Validation Loss: 0.5505
--- Saved model to checkpoints/classification/scratch_no_at17/state.pt ---
Epoch 237
Epoch 237, Training Loss: 0.4968, Validation Loss: 0.5980
--- Saved model to checkpoints/classification/scratch_no_at17/state.pt ---
Epoch 238
Epoch 238, Training Loss: 0.4883, Validation Loss: 0.5932
--- Saved model to checkpoints/classification/scratch_no_at17/state.pt ---
Epoch 239
Epoch 239, Training Loss: 0.4850, Validation Loss: 0.5837
--- Saved model to checkpoints/classification/scratch_no_at17/state.pt ---
Epoch 240
Epoch 240, Training Loss: 0.4859, Validation Loss: 0.5563
--- Saved model to checkpoints/classification/scratch_no_at17/state.pt ---
Epoch 241
Epoch 241, Training Loss: 0.5058, Validation Loss: 0.5132 (best)
--- Saved model to checkpoints/classification/scratch_no_at17/state.pt ---
Epoch 242
Epoch 242, Training Loss: 0.4946, Validation Loss: 0.5287
--- Saved model to checkpoints/classification/scratch_no_at17/state.pt ---
Epoch 243
Epoch 243, Training Loss: 0.5010, Validation Loss: 0.5457
--- Saved model to checkpoints/classification/scratch_no_at17/state.pt ---
Epoch 244
Epoch 244, Training Loss: 0.4850, Validation Loss: 0.5852
--- Saved model to checkpoints/classification/scratch_no_at17/state.pt ---
Epoch 245
Epoch 245, Training Loss: 0.5086, Validation Loss: 0.5700
--- Saved model to checkpoints/classification/scratch_no_at17/state.pt ---
Epoch 246
Epoch 246, Training Loss: 0.4933, Validation Loss: 0.5716
--- Saved model to checkpoints/classification/scratch_no_at17/state.pt ---
Epoch 247
Epoch 247, Training Loss: 0.4822, Validation Loss: 0.5881
--- Saved model to checkpoints/classification/scratch_no_at17/state.pt ---
Epoch 248
Epoch 248, Training Loss: 0.4940, Validation Loss: 0.5283
--- Saved model to checkpoints/classification/scratch_no_at17/state.pt ---
Epoch 249
Epoch 249, Training Loss: 0.5062, Validation Loss: 0.5600
--- Saved model to checkpoints/classification/scratch_no_at17/state.pt ---
Epoch 250
Epoch 250, Training Loss: 0.4913, Validation Loss: 0.5448
--- Saved model to checkpoints/classification/scratch_no_at17/state.pt ---
Epoch 251
Epoch 251, Training Loss: 0.4801, Validation Loss: 0.6132
--- Saved model to checkpoints/classification/scratch_no_at17/state.pt ---
Epoch 252
Epoch 252, Training Loss: 0.4842, Validation Loss: 0.5284
--- Saved model to checkpoints/classification/scratch_no_at17/state.pt ---
Epoch 253
Epoch 253, Training Loss: 0.5101, Validation Loss: 0.5418
--- Saved model to checkpoints/classification/scratch_no_at17/state.pt ---
Epoch 254
Epoch 254, Training Loss: 0.5001, Validation Loss: 0.5885
--- Saved model to checkpoints/classification/scratch_no_at17/state.pt ---
Epoch 255
Epoch 255, Training Loss: 0.5012, Validation Loss: 0.6415
--- Saved model to checkpoints/classification/scratch_no_at17/state.pt ---
Epoch 256
Epoch 256, Training Loss: 0.4867, Validation Loss: 0.5623
--- Saved model to checkpoints/classification/scratch_no_at17/state.pt ---
Epoch 257
Epoch 257, Training Loss: 0.4833, Validation Loss: 0.5944
--- Saved model to checkpoints/classification/scratch_no_at17/state.pt ---
Epoch 258
Epoch 258, Training Loss: 0.4731, Validation Loss: 0.5719
--- Saved model to checkpoints/classification/scratch_no_at17/state.pt ---
Epoch 259
Epoch 259, Training Loss: 0.4774, Validation Loss: 0.5228
--- Saved model to checkpoints/classification/scratch_no_at17/state.pt ---
Epoch 260
Epoch 260, Training Loss: 0.4826, Validation Loss: 0.5938
--- Saved model to checkpoints/classification/scratch_no_at17/state.pt ---
Epoch 261
Epoch 261, Training Loss: 0.4973, Validation Loss: 0.5675
--- Saved model to checkpoints/classification/scratch_no_at17/state.pt ---
Epoch 262
Epoch 262, Training Loss: 0.4940, Validation Loss: 0.5769
--- Saved model to checkpoints/classification/scratch_no_at17/state.pt ---
Epoch 263
Epoch 263, Training Loss: 0.4769, Validation Loss: 0.5517
--- Saved model to checkpoints/classification/scratch_no_at17/state.pt ---
Epoch 264
Epoch 264, Training Loss: 0.4840, Validation Loss: 0.5621
--- Saved model to checkpoints/classification/scratch_no_at17/state.pt ---
Epoch 265
Epoch 265, Training Loss: 0.4871, Validation Loss: 0.5576
--- Saved model to checkpoints/classification/scratch_no_at17/state.pt ---
Epoch 266
Epoch 266, Training Loss: 0.4779, Validation Loss: 0.6423
--- Saved model to checkpoints/classification/scratch_no_at17/state.pt ---
Epoch 267
Epoch 267, Training Loss: 0.4833, Validation Loss: 0.5404
--- Saved model to checkpoints/classification/scratch_no_at17/state.pt ---
Epoch 268
Epoch 268, Training Loss: 0.4940, Validation Loss: 0.5596
--- Saved model to checkpoints/classification/scratch_no_at17/state.pt ---
Epoch 269
Epoch 269, Training Loss: 0.4776, Validation Loss: 0.5891
--- Saved model to checkpoints/classification/scratch_no_at17/state.pt ---
Epoch 270
Epoch 270, Training Loss: 0.4830, Validation Loss: 0.5597
--- Saved model to checkpoints/classification/scratch_no_at17/state.pt ---
Epoch 271
Epoch 271, Training Loss: 0.4950, Validation Loss: 0.5859
--- Saved model to checkpoints/classification/scratch_no_at17/state.pt ---
Epoch 272
Epoch 272, Training Loss: 0.4775, Validation Loss: 0.6368
--- Saved model to checkpoints/classification/scratch_no_at17/state.pt ---
Epoch 273
Epoch 273, Training Loss: 0.4897, Validation Loss: 0.5727
--- Saved model to checkpoints/classification/scratch_no_at17/state.pt ---
Epoch 274
Epoch 274, Training Loss: 0.4762, Validation Loss: 0.5512
--- Saved model to checkpoints/classification/scratch_no_at17/state.pt ---
Epoch 275
Epoch 275, Training Loss: 0.4792, Validation Loss: 0.5823
--- Saved model to checkpoints/classification/scratch_no_at17/state.pt ---
Epoch 276
Epoch 276, Training Loss: 0.4669, Validation Loss: 0.5908
--- Saved model to checkpoints/classification/scratch_no_at17/state.pt ---
Epoch 277
Epoch 277, Training Loss: 0.4754, Validation Loss: 0.5677
--- Saved model to checkpoints/classification/scratch_no_at17/state.pt ---
Epoch 278
Epoch 278, Training Loss: 0.4717, Validation Loss: 0.5117 (best)
--- Saved model to checkpoints/classification/scratch_no_at17/state.pt ---
Epoch 279
Epoch 279, Training Loss: 0.5039, Validation Loss: 0.5673
--- Saved model to checkpoints/classification/scratch_no_at17/state.pt ---
Epoch 280
Epoch 280, Training Loss: 0.4599, Validation Loss: 0.6316
--- Saved model to checkpoints/classification/scratch_no_at17/state.pt ---
Epoch 281
Epoch 281, Training Loss: 0.4651, Validation Loss: 0.5447
--- Saved model to checkpoints/classification/scratch_no_at17/state.pt ---
Epoch 282
Epoch 282, Training Loss: 0.4848, Validation Loss: 0.6048
--- Saved model to checkpoints/classification/scratch_no_at17/state.pt ---
Epoch 283
Epoch 283, Training Loss: 0.4876, Validation Loss: 0.5992
--- Saved model to checkpoints/classification/scratch_no_at17/state.pt ---
Epoch 284
Epoch 284, Training Loss: 0.4906, Validation Loss: 0.5637
--- Saved model to checkpoints/classification/scratch_no_at17/state.pt ---
Epoch 285
Epoch 285, Training Loss: 0.4801, Validation Loss: 0.5759
--- Saved model to checkpoints/classification/scratch_no_at17/state.pt ---
Epoch 286
Epoch 286, Training Loss: 0.4817, Validation Loss: 0.5442
--- Saved model to checkpoints/classification/scratch_no_at17/state.pt ---
Epoch 287
Epoch 287, Training Loss: 0.4886, Validation Loss: 0.5398
--- Saved model to checkpoints/classification/scratch_no_at17/state.pt ---
Epoch 288
Epoch 288, Training Loss: 0.4751, Validation Loss: 0.5326
--- Saved model to checkpoints/classification/scratch_no_at17/state.pt ---
Epoch 289
Epoch 289, Training Loss: 0.4706, Validation Loss: 0.5598
--- Saved model to checkpoints/classification/scratch_no_at17/state.pt ---
Epoch 290
Epoch 290, Training Loss: 0.4886, Validation Loss: 0.5463
--- Saved model to checkpoints/classification/scratch_no_at17/state.pt ---
Epoch 291
Epoch 291, Training Loss: 0.5714, Validation Loss: 0.6111
--- Saved model to checkpoints/classification/scratch_no_at17/state.pt ---
Epoch 292
Epoch 292, Training Loss: 0.5763, Validation Loss: 0.5623
--- Saved model to checkpoints/classification/scratch_no_at17/state.pt ---
Epoch 293
Epoch 293, Training Loss: 0.5298, Validation Loss: 0.5504
--- Saved model to checkpoints/classification/scratch_no_at17/state.pt ---
Epoch 294
Epoch 294, Training Loss: 0.4983, Validation Loss: 0.5773
--- Saved model to checkpoints/classification/scratch_no_at17/state.pt ---
Epoch 295
Epoch 295, Training Loss: 0.4680, Validation Loss: 0.5664
--- Saved model to checkpoints/classification/scratch_no_at17/state.pt ---
Epoch 296
Epoch 296, Training Loss: 0.4755, Validation Loss: 0.5719
--- Saved model to checkpoints/classification/scratch_no_at17/state.pt ---
Epoch 297
Epoch 297, Training Loss: 0.4768, Validation Loss: 0.5787
--- Saved model to checkpoints/classification/scratch_no_at17/state.pt ---
Epoch 298
Epoch 298, Training Loss: 0.4753, Validation Loss: 0.5761
--- Saved model to checkpoints/classification/scratch_no_at17/state.pt ---
Epoch 299
Epoch 299, Training Loss: 0.4602, Validation Loss: 0.5595
--- Saved model to checkpoints/classification/scratch_no_at17/state.pt ---
Restored best model (val loss 0.5117)
--- Saved model to checkpoints/classification/scratch_no_at17/state.pt ---
Testing model
Accuracy: 79.67%
