CUDA Memory Cleared. Current VRAM Usage: 0.00 MB
On device cuda
Getting data loader crumb
Corrected 163/300 CRUMB test labels using train-derived (parent, code) -> label mapping
/idia/users/bevan/pid-radast/classifier-guided-physics-informed-diffusion/.venv/lib/python3.11/site-packages/torchvision/models/_utils.py:208: UserWarning: The parameter 'pretrained' is deprecated since 0.13 and may be removed in the future, please use 'weights' instead.
  warnings.warn(
/idia/users/bevan/pid-radast/classifier-guided-physics-informed-diffusion/.venv/lib/python3.11/site-packages/torchvision/models/_utils.py:223: UserWarning: Arguments other than a weight enum or `None` for 'weights' are deprecated since 0.13 and may be removed in the future. The current behavior is equivalent to passing `weights=ResNet18_Weights.IMAGENET1K_V1`. You can also use `weights=ResNet18_Weights.DEFAULT` to get the most up-to-date weights.
  warnings.warn(msg)
Total unique classes found: 2
Label IDs: [0, 1]
Total images in dataset: 2002
Total batches: 86 (at batch size 16)

============================================================
Run 1/1  |  seed=42  |  tag=crumb  |  results -> results/classification/run_20260709_193614_seed42
============================================================

Training classification for 100 epochs
Epoch 0
Epoch 0, Training Loss: 0.6690, Validation Loss: 0.6588 (best)
--- Saved model to checkpoints/classification/crumb/state.pt ---
Epoch 1
Epoch 1, Training Loss: 0.6055, Validation Loss: 0.6810
--- Saved model to checkpoints/classification/crumb/state.pt ---
Epoch 2
Epoch 2, Training Loss: 0.5717, Validation Loss: 0.6612
--- Saved model to checkpoints/classification/crumb/state.pt ---
Epoch 3
Epoch 3, Training Loss: 0.5615, Validation Loss: 0.6254 (best)
--- Saved model to checkpoints/classification/crumb/state.pt ---
Epoch 4
Epoch 4, Training Loss: 0.5657, Validation Loss: 0.6168 (best)
--- Saved model to checkpoints/classification/crumb/state.pt ---
Epoch 5
Epoch 5, Training Loss: 0.5588, Validation Loss: 0.6661
--- Saved model to checkpoints/classification/crumb/state.pt ---
Epoch 6
Epoch 6, Training Loss: 0.5458, Validation Loss: 0.6086 (best)
--- Saved model to checkpoints/classification/crumb/state.pt ---
Epoch 7
Epoch 7, Training Loss: 0.5417, Validation Loss: 0.6493
--- Saved model to checkpoints/classification/crumb/state.pt ---
Epoch 8
Epoch 8, Training Loss: 0.5451, Validation Loss: 0.6294
--- Saved model to checkpoints/classification/crumb/state.pt ---
Epoch 9
Epoch 9, Training Loss: 0.5331, Validation Loss: 0.6218
--- Saved model to checkpoints/classification/crumb/state.pt ---
Epoch 10
Epoch 10, Training Loss: 0.5310, Validation Loss: 0.6588
--- Saved model to checkpoints/classification/crumb/state.pt ---
Epoch 11
Epoch 11, Training Loss: 0.5055, Validation Loss: 0.6474
--- Saved model to checkpoints/classification/crumb/state.pt ---
Epoch 12
Epoch 12, Training Loss: 0.4988, Validation Loss: 0.6164
--- Saved model to checkpoints/classification/crumb/state.pt ---
Epoch 13
Epoch 13, Training Loss: 0.5001, Validation Loss: 0.6381
--- Saved model to checkpoints/classification/crumb/state.pt ---
Epoch 14
Epoch 14, Training Loss: 0.5002, Validation Loss: 0.6310
--- Saved model to checkpoints/classification/crumb/state.pt ---
Epoch 15
Epoch 15, Training Loss: 0.5136, Validation Loss: 0.6166
--- Saved model to checkpoints/classification/crumb/state.pt ---
Epoch 16
Epoch 16, Training Loss: 0.5130, Validation Loss: 0.6195
--- Saved model to checkpoints/classification/crumb/state.pt ---
Epoch 17
Epoch 17, Training Loss: 0.5015, Validation Loss: 0.6203
--- Saved model to checkpoints/classification/crumb/state.pt ---
Epoch 18
Epoch 18, Training Loss: 0.5065, Validation Loss: 0.6373
--- Saved model to checkpoints/classification/crumb/state.pt ---
Epoch 19
Epoch 19, Training Loss: 0.4992, Validation Loss: 0.6376
--- Saved model to checkpoints/classification/crumb/state.pt ---
Epoch 20
Epoch 20, Training Loss: 0.4895, Validation Loss: 0.6478
--- Saved model to checkpoints/classification/crumb/state.pt ---
Epoch 21
Epoch 21, Training Loss: 0.4707, Validation Loss: 0.6575
--- Saved model to checkpoints/classification/crumb/state.pt ---
Epoch 22
Epoch 22, Training Loss: 0.4894, Validation Loss: 0.6530
--- Saved model to checkpoints/classification/crumb/state.pt ---
Epoch 23
Epoch 23, Training Loss: 0.4734, Validation Loss: 0.6490
--- Saved model to checkpoints/classification/crumb/state.pt ---
Epoch 24
