/idia/users/bevan/pid-radast/classifier-guided-physics-informed-diffusion/.venv/lib/python3.11/site-packages/torchvision/models/_utils.py:208: UserWarning: The parameter 'pretrained' is deprecated since 0.13 and may be removed in the future, please use 'weights' instead.
  warnings.warn(
/idia/users/bevan/pid-radast/classifier-guided-physics-informed-diffusion/.venv/lib/python3.11/site-packages/torchvision/models/_utils.py:223: UserWarning: Arguments other than a weight enum or `None` for 'weights' are deprecated since 0.13 and may be removed in the future. The current behavior is equivalent to passing `weights=None`.
  warnings.warn(msg)
On device cuda
Dataset: crumb
Getting data loader crumb
Corrected 163/300 CRUMB test labels using train-derived (parent, code) -> label mapping
[0] test_idx=6  true=FR-II  pred=FR-II  confidence=67.3%  CORRECT  -> results/sanity_check/sample_00_idx6_true-FR-II_pred-FR-II.png
[1] test_idx=116  true=FR-II  pred=FR-II  confidence=62.4%  CORRECT  -> results/sanity_check/sample_01_idx116_true-FR-II_pred-FR-II.png
[2] test_idx=221  true=FR-II  pred=FR-II  confidence=99.6%  CORRECT  -> results/sanity_check/sample_02_idx221_true-FR-II_pred-FR-II.png
[3] test_idx=33  true=FR-II  pred=FR-II  confidence=83.3%  CORRECT  -> results/sanity_check/sample_03_idx33_true-FR-II_pred-FR-II.png
[4] test_idx=88  true=FR-II  pred=FR-I  confidence=82.4%  WRONG  -> results/sanity_check/sample_04_idx88_true-FR-II_pred-FR-I.png
[5] test_idx=142  true=FR-I  pred=FR-I  confidence=97.2%  CORRECT  -> results/sanity_check/sample_05_idx142_true-FR-I_pred-FR-I.png
[6] test_idx=179  true=FR-I  pred=FR-I  confidence=98.1%  CORRECT  -> results/sanity_check/sample_06_idx179_true-FR-I_pred-FR-I.png
[7] test_idx=276  true=FR-II  pred=FR-II  confidence=97.0%  CORRECT  -> results/sanity_check/sample_07_idx276_true-FR-II_pred-FR-II.png
[8] test_idx=104  true=FR-I  pred=FR-I  confidence=100.0%  CORRECT  -> results/sanity_check/sample_08_idx104_true-FR-I_pred-FR-I.png
[9] test_idx=156  true=FR-II  pred=FR-II  confidence=94.6%  CORRECT  -> results/sanity_check/sample_09_idx156_true-FR-II_pred-FR-II.png
[10] test_idx=2  true=FR-II  pred=FR-II  confidence=96.2%  CORRECT  -> results/sanity_check/sample_10_idx2_true-FR-II_pred-FR-II.png
[11] test_idx=208  true=FR-I  pred=FR-I  confidence=92.9%  CORRECT  -> results/sanity_check/sample_11_idx208_true-FR-I_pred-FR-I.png
[12] test_idx=44  true=FR-II  pred=FR-II  confidence=75.1%  CORRECT  -> results/sanity_check/sample_12_idx44_true-FR-II_pred-FR-II.png
[13] test_idx=214  true=FR-I  pred=FR-I  confidence=80.9%  CORRECT  -> results/sanity_check/sample_13_idx214_true-FR-I_pred-FR-I.png
[14] test_idx=7  true=FR-II  pred=FR-I  confidence=100.0%  WRONG  -> results/sanity_check/sample_14_idx7_true-FR-II_pred-FR-I.png
[15] test_idx=82  true=FR-II  pred=FR-II  confidence=85.7%  CORRECT  -> results/sanity_check/sample_15_idx82_true-FR-II_pred-FR-II.png
[16] test_idx=122  true=FR-II  pred=FR-II  confidence=96.5%  CORRECT  -> results/sanity_check/sample_16_idx122_true-FR-II_pred-FR-II.png
[17] test_idx=211  true=FR-I  pred=FR-II  confidence=53.8%  WRONG  -> results/sanity_check/sample_17_idx211_true-FR-I_pred-FR-II.png
[18] test_idx=27  true=FR-I  pred=FR-I  confidence=83.1%  CORRECT  -> results/sanity_check/sample_18_idx27_true-FR-I_pred-FR-I.png
[19] test_idx=223  true=FR-I  pred=FR-I  confidence=99.1%  CORRECT  -> results/sanity_check/sample_19_idx223_true-FR-I_pred-FR-I.png
[20] test_idx=55  true=FR-I  pred=FR-I  confidence=98.6%  CORRECT  -> results/sanity_check/sample_20_idx55_true-FR-I_pred-FR-I.png
[21] test_idx=23  true=FR-I  pred=FR-I  confidence=99.0%  CORRECT  -> results/sanity_check/sample_21_idx23_true-FR-I_pred-FR-I.png
[22] test_idx=149  true=FR-I  pred=FR-I  confidence=99.0%  CORRECT  -> results/sanity_check/sample_22_idx149_true-FR-I_pred-FR-I.png
[23] test_idx=13  true=FR-I  pred=FR-II  confidence=74.7%  WRONG  -> results/sanity_check/sample_23_idx13_true-FR-I_pred-FR-II.png
[24] test_idx=228  true=FR-I  pred=FR-I  confidence=98.9%  CORRECT  -> results/sanity_check/sample_24_idx228_true-FR-I_pred-FR-I.png
[25] test_idx=248  true=FR-I  pred=FR-I  confidence=77.2%  CORRECT  -> results/sanity_check/sample_25_idx248_true-FR-I_pred-FR-I.png
[26] test_idx=239  true=FR-I  pred=FR-I  confidence=96.1%  CORRECT  -> results/sanity_check/sample_26_idx239_true-FR-I_pred-FR-I.png
[27] test_idx=174  true=FR-I  pred=FR-II  confidence=67.0%  WRONG  -> results/sanity_check/sample_27_idx174_true-FR-I_pred-FR-II.png
[28] test_idx=154  true=FR-II  pred=FR-II  confidence=96.5%  CORRECT  -> results/sanity_check/sample_28_idx154_true-FR-II_pred-FR-II.png
[29] test_idx=103  true=FR-II  pred=FR-I  confidence=86.4%  WRONG  -> results/sanity_check/sample_29_idx103_true-FR-II_pred-FR-I.png
[30] test_idx=188  true=FR-II  pred=FR-II  confidence=76.7%  CORRECT  -> results/sanity_check/sample_30_idx188_true-FR-II_pred-FR-II.png
[31] test_idx=271  true=FR-II  pred=FR-II  confidence=54.0%  CORRECT  -> results/sanity_check/sample_31_idx271_true-FR-II_pred-FR-II.png
[32] test_idx=30  true=FR-II  pred=FR-I  confidence=97.2%  WRONG  -> results/sanity_check/sample_32_idx30_true-FR-II_pred-FR-I.png
[33] test_idx=211  true=FR-I  pred=FR-II  confidence=53.8%  WRONG  -> results/sanity_check/sample_33_idx211_true-FR-I_pred-FR-II.png
[34] test_idx=270  true=FR-I  pred=FR-I  confidence=95.6%  CORRECT  -> results/sanity_check/sample_34_idx270_true-FR-I_pred-FR-I.png
[35] test_idx=224  true=FR-I  pred=FR-I  confidence=99.4%  CORRECT  -> results/sanity_check/sample_35_idx224_true-FR-I_pred-FR-I.png
[36] test_idx=33  true=FR-II  pred=FR-II  confidence=83.3%  CORRECT  -> results/sanity_check/sample_36_idx33_true-FR-II_pred-FR-II.png
[37] test_idx=38  true=FR-I  pred=FR-I  confidence=87.0%  CORRECT  -> results/sanity_check/sample_37_idx38_true-FR-I_pred-FR-I.png
[38] test_idx=210  true=FR-II  pred=FR-II  confidence=53.6%  CORRECT  -> results/sanity_check/sample_38_idx210_true-FR-II_pred-FR-II.png
[39] test_idx=122  true=FR-II  pred=FR-II  confidence=96.5%  CORRECT  -> results/sanity_check/sample_39_idx122_true-FR-II_pred-FR-II.png
[40] test_idx=189  true=FR-II  pred=FR-II  confidence=97.9%  CORRECT  -> results/sanity_check/sample_40_idx189_true-FR-II_pred-FR-II.png
[41] test_idx=24  true=FR-II  pred=FR-II  confidence=98.0%  CORRECT  -> results/sanity_check/sample_41_idx24_true-FR-II_pred-FR-II.png
[42] test_idx=131  true=FR-II  pred=FR-I  confidence=98.9%  WRONG  -> results/sanity_check/sample_42_idx131_true-FR-II_pred-FR-I.png
[43] test_idx=33  true=FR-II  pred=FR-II  confidence=83.3%  CORRECT  -> results/sanity_check/sample_43_idx33_true-FR-II_pred-FR-II.png
[44] test_idx=50  true=FR-I  pred=FR-I  confidence=99.3%  CORRECT  -> results/sanity_check/sample_44_idx50_true-FR-I_pred-FR-I.png
[45] test_idx=23  true=FR-I  pred=FR-I  confidence=99.0%  CORRECT  -> results/sanity_check/sample_45_idx23_true-FR-I_pred-FR-I.png
[46] test_idx=86  true=FR-I  pred=FR-II  confidence=97.8%  WRONG  -> results/sanity_check/sample_46_idx86_true-FR-I_pred-FR-II.png
[47] test_idx=281  true=FR-I  pred=FR-II  confidence=67.5%  WRONG  -> results/sanity_check/sample_47_idx281_true-FR-I_pred-FR-II.png
[48] test_idx=117  true=FR-I  pred=FR-I  confidence=97.7%  CORRECT  -> results/sanity_check/sample_48_idx117_true-FR-I_pred-FR-I.png
[49] test_idx=167  true=FR-I  pred=FR-I  confidence=100.0%  CORRECT  -> results/sanity_check/sample_49_idx167_true-FR-I_pred-FR-I.png
[50] test_idx=93  true=FR-I  pred=FR-I  confidence=98.0%  CORRECT  -> results/sanity_check/sample_50_idx93_true-FR-I_pred-FR-I.png
[51] test_idx=131  true=FR-II  pred=FR-I  confidence=98.9%  WRONG  -> results/sanity_check/sample_51_idx131_true-FR-II_pred-FR-I.png
[52] test_idx=188  true=FR-II  pred=FR-II  confidence=76.7%  CORRECT  -> results/sanity_check/sample_52_idx188_true-FR-II_pred-FR-II.png
[53] test_idx=25  true=FR-II  pred=FR-II  confidence=74.4%  CORRECT  -> results/sanity_check/sample_53_idx25_true-FR-II_pred-FR-II.png
[54] test_idx=96  true=FR-I  pred=FR-II  confidence=56.7%  WRONG  -> results/sanity_check/sample_54_idx96_true-FR-I_pred-FR-II.png
[55] test_idx=19  true=FR-II  pred=FR-II  confidence=99.2%  CORRECT  -> results/sanity_check/sample_55_idx19_true-FR-II_pred-FR-II.png
[56] test_idx=159  true=FR-I  pred=FR-I  confidence=71.3%  CORRECT  -> results/sanity_check/sample_56_idx159_true-FR-I_pred-FR-I.png
[57] test_idx=50  true=FR-I  pred=FR-I  confidence=99.3%  CORRECT  -> results/sanity_check/sample_57_idx50_true-FR-I_pred-FR-I.png
[58] test_idx=98  true=FR-I  pred=FR-I  confidence=51.1%  CORRECT  -> results/sanity_check/sample_58_idx98_true-FR-I_pred-FR-I.png
[59] test_idx=22  true=FR-II  pred=FR-II  confidence=72.0%  CORRECT  -> results/sanity_check/sample_59_idx22_true-FR-II_pred-FR-II.png
[60] test_idx=114  true=FR-II  pred=FR-I  confidence=65.9%  WRONG  -> results/sanity_check/sample_60_idx114_true-FR-II_pred-FR-I.png
[61] test_idx=108  true=FR-I  pred=FR-II  confidence=75.3%  WRONG  -> results/sanity_check/sample_61_idx108_true-FR-I_pred-FR-II.png
[62] test_idx=11  true=FR-I  pred=FR-I  confidence=97.5%  CORRECT  -> results/sanity_check/sample_62_idx11_true-FR-I_pred-FR-I.png
[63] test_idx=92  true=FR-II  pred=FR-I  confidence=97.2%  WRONG  -> results/sanity_check/sample_63_idx92_true-FR-II_pred-FR-I.png
[64] test_idx=93  true=FR-I  pred=FR-I  confidence=98.0%  CORRECT  -> results/sanity_check/sample_64_idx93_true-FR-I_pred-FR-I.png
[65] test_idx=241  true=FR-II  pred=FR-I  confidence=53.5%  WRONG  -> results/sanity_check/sample_65_idx241_true-FR-II_pred-FR-I.png
[66] test_idx=113  true=FR-I  pred=FR-I  confidence=96.5%  CORRECT  -> results/sanity_check/sample_66_idx113_true-FR-I_pred-FR-I.png
[67] test_idx=98  true=FR-I  pred=FR-I  confidence=51.1%  CORRECT  -> results/sanity_check/sample_67_idx98_true-FR-I_pred-FR-I.png
[68] test_idx=49  true=FR-II  pred=FR-II  confidence=99.9%  CORRECT  -> results/sanity_check/sample_68_idx49_true-FR-II_pred-FR-II.png
[69] test_idx=272  true=FR-II  pred=FR-II  confidence=96.5%  CORRECT  -> results/sanity_check/sample_69_idx272_true-FR-II_pred-FR-II.png
[70] test_idx=245  true=FR-II  pred=FR-II  confidence=96.6%  CORRECT  -> results/sanity_check/sample_70_idx245_true-FR-II_pred-FR-II.png
[71] test_idx=26  true=FR-I  pred=FR-I  confidence=99.9%  CORRECT  -> results/sanity_check/sample_71_idx26_true-FR-I_pred-FR-I.png
[72] test_idx=247  true=FR-I  pred=FR-I  confidence=82.0%  CORRECT  -> results/sanity_check/sample_72_idx247_true-FR-I_pred-FR-I.png
[73] test_idx=49  true=FR-II  pred=FR-II  confidence=99.9%  CORRECT  -> results/sanity_check/sample_73_idx49_true-FR-II_pred-FR-II.png
[74] test_idx=136  true=FR-I  pred=FR-I  confidence=99.3%  CORRECT  -> results/sanity_check/sample_74_idx136_true-FR-I_pred-FR-I.png
[75] test_idx=20  true=FR-II  pred=FR-II  confidence=95.5%  CORRECT  -> results/sanity_check/sample_75_idx20_true-FR-II_pred-FR-II.png
[76] test_idx=244  true=FR-I  pred=FR-I  confidence=97.2%  CORRECT  -> results/sanity_check/sample_76_idx244_true-FR-I_pred-FR-I.png
[77] test_idx=139  true=FR-I  pred=FR-II  confidence=78.9%  WRONG  -> results/sanity_check/sample_77_idx139_true-FR-I_pred-FR-II.png
[78] test_idx=135  true=FR-I  pred=FR-I  confidence=90.6%  CORRECT  -> results/sanity_check/sample_78_idx135_true-FR-I_pred-FR-I.png
[79] test_idx=37  true=FR-II  pred=FR-II  confidence=98.8%  CORRECT  -> results/sanity_check/sample_79_idx37_true-FR-II_pred-FR-II.png
[80] test_idx=251  true=FR-I  pred=FR-I  confidence=100.0%  CORRECT  -> results/sanity_check/sample_80_idx251_true-FR-I_pred-FR-I.png
[81] test_idx=90  true=FR-II  pred=FR-I  confidence=67.5%  WRONG  -> results/sanity_check/sample_81_idx90_true-FR-II_pred-FR-I.png
[82] test_idx=140  true=FR-II  pred=FR-II  confidence=99.6%  CORRECT  -> results/sanity_check/sample_82_idx140_true-FR-II_pred-FR-II.png
[83] test_idx=133  true=FR-II  pred=FR-II  confidence=98.9%  CORRECT  -> results/sanity_check/sample_83_idx133_true-FR-II_pred-FR-II.png
[84] test_idx=83  true=FR-I  pred=FR-I  confidence=75.7%  CORRECT  -> results/sanity_check/sample_84_idx83_true-FR-I_pred-FR-I.png
[85] test_idx=88  true=FR-II  pred=FR-I  confidence=82.4%  WRONG  -> results/sanity_check/sample_85_idx88_true-FR-II_pred-FR-I.png
[86] test_idx=172  true=FR-II  pred=FR-II  confidence=83.3%  CORRECT  -> results/sanity_check/sample_86_idx172_true-FR-II_pred-FR-II.png
[87] test_idx=1  true=FR-I  pred=FR-I  confidence=87.7%  CORRECT  -> results/sanity_check/sample_87_idx1_true-FR-I_pred-FR-I.png
[88] test_idx=31  true=FR-II  pred=FR-II  confidence=78.1%  CORRECT  -> results/sanity_check/sample_88_idx31_true-FR-II_pred-FR-II.png
[89] test_idx=139  true=FR-I  pred=FR-II  confidence=78.9%  WRONG  -> results/sanity_check/sample_89_idx139_true-FR-I_pred-FR-II.png
[90] test_idx=92  true=FR-II  pred=FR-I  confidence=97.2%  WRONG  -> results/sanity_check/sample_90_idx92_true-FR-II_pred-FR-I.png
[91] test_idx=268  true=FR-II  pred=FR-II  confidence=92.8%  CORRECT  -> results/sanity_check/sample_91_idx268_true-FR-II_pred-FR-II.png
[92] test_idx=84  true=FR-I  pred=FR-I  confidence=97.4%  CORRECT  -> results/sanity_check/sample_92_idx84_true-FR-I_pred-FR-I.png
[93] test_idx=165  true=FR-I  pred=FR-I  confidence=67.5%  CORRECT  -> results/sanity_check/sample_93_idx165_true-FR-I_pred-FR-I.png
[94] test_idx=139  true=FR-I  pred=FR-II  confidence=78.9%  WRONG  -> results/sanity_check/sample_94_idx139_true-FR-I_pred-FR-II.png
[95] test_idx=261  true=FR-II  pred=FR-I  confidence=85.3%  WRONG  -> results/sanity_check/sample_95_idx261_true-FR-II_pred-FR-I.png
[96] test_idx=165  true=FR-I  pred=FR-I  confidence=67.5%  CORRECT  -> results/sanity_check/sample_96_idx165_true-FR-I_pred-FR-I.png
[97] test_idx=18  true=FR-I  pred=FR-I  confidence=53.9%  CORRECT  -> results/sanity_check/sample_97_idx18_true-FR-I_pred-FR-I.png
[98] test_idx=130  true=FR-I  pred=FR-I  confidence=88.1%  CORRECT  -> results/sanity_check/sample_98_idx130_true-FR-I_pred-FR-I.png
[99] test_idx=0  true=FR-II  pred=FR-I  confidence=81.2%  WRONG  -> results/sanity_check/sample_99_idx0_true-FR-II_pred-FR-I.png

75/100 correct on this random sample.
