On device cuda
Dataset: mirabest
Getting data loader mirabest
Files already downloaded and verified
Files already downloaded and verified
Files already downloaded and verified
Clipping input data to the valid range for imshow with RGB data ([0..1] for floats or [0..255] for integers). Got range [-0.558952..1.82].
/idia/users/bevan/pid-radast/classifier-guided-physics-informed-diffusion/.venv/lib/python3.11/site-packages/torchvision/models/_utils.py:208: UserWarning: The parameter 'pretrained' is deprecated since 0.13 and may be removed in the future, please use 'weights' instead.
  warnings.warn(
/idia/users/bevan/pid-radast/classifier-guided-physics-informed-diffusion/.venv/lib/python3.11/site-packages/torchvision/models/_utils.py:223: UserWarning: Arguments other than a weight enum or `None` for 'weights' are deprecated since 0.13 and may be removed in the future. The current behavior is equivalent to passing `weights=None`.
  warnings.warn(msg)
Channels (3 for RGB, 1 for Gray): 3
Height: 150 pixels
Width: 150 pixels
[0] test_idx=53  true=FR-II  pred=FR-II  confidence=77.7%  CORRECT  -> results/sanity_check/sample_00_idx53_true-FR-II_pred-FR-II.png
[1] test_idx=39  true=FR-II  pred=FR-I  confidence=74.8%  WRONG  -> results/sanity_check/sample_01_idx39_true-FR-II_pred-FR-I.png
[2] test_idx=57  true=FR-II  pred=FR-II  confidence=82.0%  CORRECT  -> results/sanity_check/sample_02_idx57_true-FR-II_pred-FR-II.png
[3] test_idx=75  true=FR-II  pred=FR-II  confidence=78.6%  CORRECT  -> results/sanity_check/sample_03_idx75_true-FR-II_pred-FR-II.png
[4] test_idx=35  true=FR-II  pred=FR-I  confidence=51.1%  WRONG  -> results/sanity_check/sample_04_idx35_true-FR-II_pred-FR-I.png
[5] test_idx=50  true=FR-II  pred=FR-II  confidence=80.9%  CORRECT  -> results/sanity_check/sample_05_idx50_true-FR-II_pred-FR-II.png
[6] test_idx=57  true=FR-II  pred=FR-II  confidence=82.0%  CORRECT  -> results/sanity_check/sample_06_idx57_true-FR-II_pred-FR-II.png
[7] test_idx=9  true=FR-I  pred=FR-I  confidence=99.0%  CORRECT  -> results/sanity_check/sample_07_idx9_true-FR-I_pred-FR-I.png
[8] test_idx=71  true=FR-II  pred=FR-I  confidence=94.7%  WRONG  -> results/sanity_check/sample_08_idx71_true-FR-II_pred-FR-I.png
[9] test_idx=46  true=FR-II  pred=FR-II  confidence=76.6%  CORRECT  -> results/sanity_check/sample_09_idx46_true-FR-II_pred-FR-II.png
[10] test_idx=34  true=FR-II  pred=FR-I  confidence=81.7%  WRONG  -> results/sanity_check/sample_10_idx34_true-FR-II_pred-FR-I.png
[11] test_idx=26  true=FR-I  pred=FR-I  confidence=98.0%  CORRECT  -> results/sanity_check/sample_11_idx26_true-FR-I_pred-FR-I.png
[12] test_idx=60  true=FR-II  pred=FR-I  confidence=68.7%  WRONG  -> results/sanity_check/sample_12_idx60_true-FR-II_pred-FR-I.png
[13] test_idx=57  true=FR-II  pred=FR-II  confidence=82.0%  CORRECT  -> results/sanity_check/sample_13_idx57_true-FR-II_pred-FR-II.png
[14] test_idx=68  true=FR-II  pred=FR-I  confidence=84.7%  WRONG  -> results/sanity_check/sample_14_idx68_true-FR-II_pred-FR-I.png
[15] test_idx=32  true=FR-I  pred=FR-I  confidence=96.3%  CORRECT  -> results/sanity_check/sample_15_idx32_true-FR-I_pred-FR-I.png
[16] test_idx=26  true=FR-I  pred=FR-I  confidence=98.0%  CORRECT  -> results/sanity_check/sample_16_idx26_true-FR-I_pred-FR-I.png
[17] test_idx=74  true=FR-II  pred=FR-I  confidence=98.9%  WRONG  -> results/sanity_check/sample_17_idx74_true-FR-II_pred-FR-I.png
[18] test_idx=67  true=FR-II  pred=FR-I  confidence=98.3%  WRONG  -> results/sanity_check/sample_18_idx67_true-FR-II_pred-FR-I.png
[19] test_idx=2  true=FR-I  pred=FR-I  confidence=99.5%  CORRECT  -> results/sanity_check/sample_19_idx2_true-FR-I_pred-FR-I.png
[20] test_idx=59  true=FR-II  pred=FR-II  confidence=68.6%  CORRECT  -> results/sanity_check/sample_20_idx59_true-FR-II_pred-FR-II.png
[21] test_idx=74  true=FR-II  pred=FR-I  confidence=98.9%  WRONG  -> results/sanity_check/sample_21_idx74_true-FR-II_pred-FR-I.png
[22] test_idx=14  true=FR-I  pred=FR-I  confidence=97.3%  CORRECT  -> results/sanity_check/sample_22_idx14_true-FR-I_pred-FR-I.png
[23] test_idx=44  true=FR-II  pred=FR-II  confidence=79.0%  CORRECT  -> results/sanity_check/sample_23_idx44_true-FR-II_pred-FR-II.png
[24] test_idx=30  true=FR-I  pred=FR-I  confidence=100.0%  CORRECT  -> results/sanity_check/sample_24_idx30_true-FR-I_pred-FR-I.png
[25] test_idx=18  true=FR-I  pred=FR-I  confidence=68.9%  CORRECT  -> results/sanity_check/sample_25_idx18_true-FR-I_pred-FR-I.png
[26] test_idx=54  true=FR-II  pred=FR-I  confidence=77.6%  WRONG  -> results/sanity_check/sample_26_idx54_true-FR-II_pred-FR-I.png
[27] test_idx=9  true=FR-I  pred=FR-I  confidence=99.0%  CORRECT  -> results/sanity_check/sample_27_idx9_true-FR-I_pred-FR-I.png
[28] test_idx=34  true=FR-II  pred=FR-I  confidence=81.7%  WRONG  -> results/sanity_check/sample_28_idx34_true-FR-II_pred-FR-I.png
[29] test_idx=63  true=FR-II  pred=FR-I  confidence=85.4%  WRONG  -> results/sanity_check/sample_29_idx63_true-FR-II_pred-FR-I.png
[30] test_idx=33  true=FR-I  pred=FR-I  confidence=99.4%  CORRECT  -> results/sanity_check/sample_30_idx33_true-FR-I_pred-FR-I.png
[31] test_idx=70  true=FR-II  pred=FR-II  confidence=89.7%  CORRECT  -> results/sanity_check/sample_31_idx70_true-FR-II_pred-FR-II.png
[32] test_idx=1  true=FR-I  pred=FR-I  confidence=99.8%  CORRECT  -> results/sanity_check/sample_32_idx1_true-FR-I_pred-FR-I.png
[33] test_idx=40  true=FR-II  pred=FR-II  confidence=89.2%  CORRECT  -> results/sanity_check/sample_33_idx40_true-FR-II_pred-FR-II.png
[34] test_idx=29  true=FR-I  pred=FR-I  confidence=93.6%  CORRECT  -> results/sanity_check/sample_34_idx29_true-FR-I_pred-FR-I.png
[35] test_idx=3  true=FR-I  pred=FR-I  confidence=97.6%  CORRECT  -> results/sanity_check/sample_35_idx3_true-FR-I_pred-FR-I.png
[36] test_idx=18  true=FR-I  pred=FR-I  confidence=68.9%  CORRECT  -> results/sanity_check/sample_36_idx18_true-FR-I_pred-FR-I.png
[37] test_idx=57  true=FR-II  pred=FR-II  confidence=82.0%  CORRECT  -> results/sanity_check/sample_37_idx57_true-FR-II_pred-FR-II.png
[38] test_idx=55  true=FR-II  pred=FR-II  confidence=65.2%  CORRECT  -> results/sanity_check/sample_38_idx55_true-FR-II_pred-FR-II.png
[39] test_idx=24  true=FR-I  pred=FR-I  confidence=99.5%  CORRECT  -> results/sanity_check/sample_39_idx24_true-FR-I_pred-FR-I.png
[40] test_idx=63  true=FR-II  pred=FR-I  confidence=85.4%  WRONG  -> results/sanity_check/sample_40_idx63_true-FR-II_pred-FR-I.png
[41] test_idx=62  true=FR-II  pred=FR-II  confidence=89.6%  CORRECT  -> results/sanity_check/sample_41_idx62_true-FR-II_pred-FR-II.png
[42] test_idx=6  true=FR-I  pred=FR-I  confidence=89.7%  CORRECT  -> results/sanity_check/sample_42_idx6_true-FR-I_pred-FR-I.png
[43] test_idx=24  true=FR-I  pred=FR-I  confidence=99.5%  CORRECT  -> results/sanity_check/sample_43_idx24_true-FR-I_pred-FR-I.png
[44] test_idx=42  true=FR-II  pred=FR-II  confidence=56.1%  CORRECT  -> results/sanity_check/sample_44_idx42_true-FR-II_pred-FR-II.png
[45] test_idx=40  true=FR-II  pred=FR-II  confidence=89.2%  CORRECT  -> results/sanity_check/sample_45_idx40_true-FR-II_pred-FR-II.png
[46] test_idx=10  true=FR-I  pred=FR-I  confidence=72.9%  CORRECT  -> results/sanity_check/sample_46_idx10_true-FR-I_pred-FR-I.png
[47] test_idx=76  true=FR-II  pred=FR-I  confidence=77.6%  WRONG  -> results/sanity_check/sample_47_idx76_true-FR-II_pred-FR-I.png
[48] test_idx=39  true=FR-II  pred=FR-I  confidence=74.8%  WRONG  -> results/sanity_check/sample_48_idx39_true-FR-II_pred-FR-I.png
[49] test_idx=35  true=FR-II  pred=FR-I  confidence=51.1%  WRONG  -> results/sanity_check/sample_49_idx35_true-FR-II_pred-FR-I.png
[50] test_idx=4  true=FR-I  pred=FR-I  confidence=97.7%  CORRECT  -> results/sanity_check/sample_50_idx4_true-FR-I_pred-FR-I.png
[51] test_idx=31  true=FR-I  pred=FR-I  confidence=80.5%  CORRECT  -> results/sanity_check/sample_51_idx31_true-FR-I_pred-FR-I.png
[52] test_idx=50  true=FR-II  pred=FR-II  confidence=80.9%  CORRECT  -> results/sanity_check/sample_52_idx50_true-FR-II_pred-FR-II.png
[53] test_idx=71  true=FR-II  pred=FR-I  confidence=94.7%  WRONG  -> results/sanity_check/sample_53_idx71_true-FR-II_pred-FR-I.png
[54] test_idx=72  true=FR-II  pred=FR-II  confidence=71.9%  CORRECT  -> results/sanity_check/sample_54_idx72_true-FR-II_pred-FR-II.png
[55] test_idx=63  true=FR-II  pred=FR-I  confidence=85.4%  WRONG  -> results/sanity_check/sample_55_idx63_true-FR-II_pred-FR-I.png
[56] test_idx=25  true=FR-I  pred=FR-I  confidence=83.8%  CORRECT  -> results/sanity_check/sample_56_idx25_true-FR-I_pred-FR-I.png
[57] test_idx=12  true=FR-I  pred=FR-I  confidence=100.0%  CORRECT  -> results/sanity_check/sample_57_idx12_true-FR-I_pred-FR-I.png
[58] test_idx=57  true=FR-II  pred=FR-II  confidence=82.0%  CORRECT  -> results/sanity_check/sample_58_idx57_true-FR-II_pred-FR-II.png
[59] test_idx=68  true=FR-II  pred=FR-I  confidence=84.7%  WRONG  -> results/sanity_check/sample_59_idx68_true-FR-II_pred-FR-I.png
[60] test_idx=69  true=FR-II  pred=FR-II  confidence=58.8%  CORRECT  -> results/sanity_check/sample_60_idx69_true-FR-II_pred-FR-II.png
[61] test_idx=62  true=FR-II  pred=FR-II  confidence=89.6%  CORRECT  -> results/sanity_check/sample_61_idx62_true-FR-II_pred-FR-II.png
[62] test_idx=8  true=FR-I  pred=FR-II  confidence=75.8%  WRONG  -> results/sanity_check/sample_62_idx8_true-FR-I_pred-FR-II.png
[63] test_idx=61  true=FR-II  pred=FR-I  confidence=50.4%  WRONG  -> results/sanity_check/sample_63_idx61_true-FR-II_pred-FR-I.png
[64] test_idx=50  true=FR-II  pred=FR-II  confidence=80.9%  CORRECT  -> results/sanity_check/sample_64_idx50_true-FR-II_pred-FR-II.png
[65] test_idx=15  true=FR-I  pred=FR-I  confidence=96.1%  CORRECT  -> results/sanity_check/sample_65_idx15_true-FR-I_pred-FR-I.png
[66] test_idx=59  true=FR-II  pred=FR-II  confidence=68.6%  CORRECT  -> results/sanity_check/sample_66_idx59_true-FR-II_pred-FR-II.png
[67] test_idx=73  true=FR-II  pred=FR-I  confidence=64.2%  WRONG  -> results/sanity_check/sample_67_idx73_true-FR-II_pred-FR-I.png
[68] test_idx=46  true=FR-II  pred=FR-II  confidence=76.6%  CORRECT  -> results/sanity_check/sample_68_idx46_true-FR-II_pred-FR-II.png
[69] test_idx=71  true=FR-II  pred=FR-I  confidence=94.7%  WRONG  -> results/sanity_check/sample_69_idx71_true-FR-II_pred-FR-I.png
[70] test_idx=39  true=FR-II  pred=FR-I  confidence=74.8%  WRONG  -> results/sanity_check/sample_70_idx39_true-FR-II_pred-FR-I.png
[71] test_idx=16  true=FR-I  pred=FR-I  confidence=98.8%  CORRECT  -> results/sanity_check/sample_71_idx16_true-FR-I_pred-FR-I.png
[72] test_idx=22  true=FR-I  pred=FR-I  confidence=58.2%  CORRECT  -> results/sanity_check/sample_72_idx22_true-FR-I_pred-FR-I.png
[73] test_idx=11  true=FR-I  pred=FR-I  confidence=85.0%  CORRECT  -> results/sanity_check/sample_73_idx11_true-FR-I_pred-FR-I.png
[74] test_idx=54  true=FR-II  pred=FR-I  confidence=77.6%  WRONG  -> results/sanity_check/sample_74_idx54_true-FR-II_pred-FR-I.png
[75] test_idx=5  true=FR-I  pred=FR-I  confidence=99.2%  CORRECT  -> results/sanity_check/sample_75_idx5_true-FR-I_pred-FR-I.png
[76] test_idx=72  true=FR-II  pred=FR-II  confidence=71.9%  CORRECT  -> results/sanity_check/sample_76_idx72_true-FR-II_pred-FR-II.png
[77] test_idx=37  true=FR-II  pred=FR-II  confidence=50.7%  CORRECT  -> results/sanity_check/sample_77_idx37_true-FR-II_pred-FR-II.png
[78] test_idx=48  true=FR-II  pred=FR-II  confidence=57.2%  CORRECT  -> results/sanity_check/sample_78_idx48_true-FR-II_pred-FR-II.png
[79] test_idx=39  true=FR-II  pred=FR-I  confidence=74.8%  WRONG  -> results/sanity_check/sample_79_idx39_true-FR-II_pred-FR-I.png
[80] test_idx=29  true=FR-I  pred=FR-I  confidence=93.6%  CORRECT  -> results/sanity_check/sample_80_idx29_true-FR-I_pred-FR-I.png
[81] test_idx=63  true=FR-II  pred=FR-I  confidence=85.4%  WRONG  -> results/sanity_check/sample_81_idx63_true-FR-II_pred-FR-I.png
[82] test_idx=57  true=FR-II  pred=FR-II  confidence=82.0%  CORRECT  -> results/sanity_check/sample_82_idx57_true-FR-II_pred-FR-II.png
[83] test_idx=30  true=FR-I  pred=FR-I  confidence=100.0%  CORRECT  -> results/sanity_check/sample_83_idx30_true-FR-I_pred-FR-I.png
[84] test_idx=68  true=FR-II  pred=FR-I  confidence=84.7%  WRONG  -> results/sanity_check/sample_84_idx68_true-FR-II_pred-FR-I.png
[85] test_idx=69  true=FR-II  pred=FR-II  confidence=58.8%  CORRECT  -> results/sanity_check/sample_85_idx69_true-FR-II_pred-FR-II.png
[86] test_idx=62  true=FR-II  pred=FR-II  confidence=89.6%  CORRECT  -> results/sanity_check/sample_86_idx62_true-FR-II_pred-FR-II.png
[87] test_idx=17  true=FR-I  pred=FR-I  confidence=97.2%  CORRECT  -> results/sanity_check/sample_87_idx17_true-FR-I_pred-FR-I.png
[88] test_idx=23  true=FR-I  pred=FR-I  confidence=69.1%  CORRECT  -> results/sanity_check/sample_88_idx23_true-FR-I_pred-FR-I.png
[89] test_idx=43  true=FR-II  pred=FR-II  confidence=84.6%  CORRECT  -> results/sanity_check/sample_89_idx43_true-FR-II_pred-FR-II.png
[90] test_idx=73  true=FR-II  pred=FR-I  confidence=64.2%  WRONG  -> results/sanity_check/sample_90_idx73_true-FR-II_pred-FR-I.png
[91] test_idx=38  true=FR-II  pred=FR-II  confidence=63.8%  CORRECT  -> results/sanity_check/sample_91_idx38_true-FR-II_pred-FR-II.png
[92] test_idx=30  true=FR-I  pred=FR-I  confidence=100.0%  CORRECT  -> results/sanity_check/sample_92_idx30_true-FR-I_pred-FR-I.png
[93] test_idx=0  true=FR-I  pred=FR-I  confidence=90.7%  CORRECT  -> results/sanity_check/sample_93_idx0_true-FR-I_pred-FR-I.png
[94] test_idx=14  true=FR-I  pred=FR-I  confidence=97.3%  CORRECT  -> results/sanity_check/sample_94_idx14_true-FR-I_pred-FR-I.png
[95] test_idx=64  true=FR-II  pred=FR-II  confidence=69.9%  CORRECT  -> results/sanity_check/sample_95_idx64_true-FR-II_pred-FR-II.png
[96] test_idx=9  true=FR-I  pred=FR-I  confidence=99.0%  CORRECT  -> results/sanity_check/sample_96_idx9_true-FR-I_pred-FR-I.png
[97] test_idx=51  true=FR-II  pred=FR-I  confidence=76.9%  WRONG  -> results/sanity_check/sample_97_idx51_true-FR-II_pred-FR-I.png
[98] test_idx=60  true=FR-II  pred=FR-I  confidence=68.7%  WRONG  -> results/sanity_check/sample_98_idx60_true-FR-II_pred-FR-I.png
[99] test_idx=13  true=FR-I  pred=FR-I  confidence=99.3%  CORRECT  -> results/sanity_check/sample_99_idx13_true-FR-I_pred-FR-I.png

69/100 correct on this random sample.
