CUDA Memory Cleared. Current VRAM Usage: 0.00 MB
On device cuda
Getting data loader crumb
Corrected 37/1800 CRUMB train labels using MiraBest ground truth for overlapping sources
Corrected 85/1800 CRUMB train labels using self-consistency majority vote (non-MiraBest-overlap sources)
Corrected 163/300 CRUMB test labels using train-derived (parent, code) -> label mapping
Excluding 170/1800 train and 39/300 test AT17-only sources (mislabeled FRI)
Total unique classes found: 2
Label IDs: [0, 1]
Total images in dataset: 1794
Total batches: 39 (at batch size 32)

============================================================
Run 1/1  |  seed=42  |  tag=scratch_fixed_training  |  results -> results/classification/run_20260714_201905_seed42
============================================================

Training classification for 300 epochs
Epoch 0
Epoch 0, Training Loss: 0.7072, Validation Loss: 0.6940 (best)
--- Saved model to checkpoints/classification/scratch_fixed_training/state.pt ---
Epoch 1
Epoch 1, Training Loss: 0.6937, Validation Loss: 0.6918 (best)
--- Saved model to checkpoints/classification/scratch_fixed_training/state.pt ---
Epoch 2
Epoch 2, Training Loss: 0.6869, Validation Loss: 0.6954
--- Saved model to checkpoints/classification/scratch_fixed_training/state.pt ---
Epoch 3
Epoch 3, Training Loss: 0.6856, Validation Loss: 0.7074
--- Saved model to checkpoints/classification/scratch_fixed_training/state.pt ---
Epoch 4
Epoch 4, Training Loss: 0.6929, Validation Loss: 0.6951
--- Saved model to checkpoints/classification/scratch_fixed_training/state.pt ---
Epoch 5
Epoch 5, Training Loss: 0.6874, Validation Loss: 0.6945
--- Saved model to checkpoints/classification/scratch_fixed_training/state.pt ---
Epoch 6
Epoch 6, Training Loss: 0.6887, Validation Loss: 0.6929
--- Saved model to checkpoints/classification/scratch_fixed_training/state.pt ---
Epoch 7
Epoch 7, Training Loss: 0.6854, Validation Loss: 0.6951
--- Saved model to checkpoints/classification/scratch_fixed_training/state.pt ---
Epoch 8
Epoch 8, Training Loss: 0.6888, Validation Loss: 0.6917 (best)
--- Saved model to checkpoints/classification/scratch_fixed_training/state.pt ---
Epoch 9
Epoch 9, Training Loss: 0.6865, Validation Loss: 0.6926
--- Saved model to checkpoints/classification/scratch_fixed_training/state.pt ---
Epoch 10
Epoch 10, Training Loss: 0.6858, Validation Loss: 0.6943
--- Saved model to checkpoints/classification/scratch_fixed_training/state.pt ---
Epoch 11
Epoch 11, Training Loss: 0.6886, Validation Loss: 0.6967
--- Saved model to checkpoints/classification/scratch_fixed_training/state.pt ---
Epoch 12
Epoch 12, Training Loss: 0.6879, Validation Loss: 0.6941
--- Saved model to checkpoints/classification/scratch_fixed_training/state.pt ---
Epoch 13
Epoch 13, Training Loss: 0.6863, Validation Loss: 0.6944
--- Saved model to checkpoints/classification/scratch_fixed_training/state.pt ---
Epoch 14
Epoch 14, Training Loss: 0.6863, Validation Loss: 0.6938
--- Saved model to checkpoints/classification/scratch_fixed_training/state.pt ---
Epoch 15
Epoch 15, Training Loss: 0.6853, Validation Loss: 0.6927
--- Saved model to checkpoints/classification/scratch_fixed_training/state.pt ---
Epoch 16
Epoch 16, Training Loss: 0.6867, Validation Loss: 0.6944
--- Saved model to checkpoints/classification/scratch_fixed_training/state.pt ---
Epoch 17
Epoch 17, Training Loss: 0.6862, Validation Loss: 0.6929
--- Saved model to checkpoints/classification/scratch_fixed_training/state.pt ---
Epoch 18
Epoch 18, Training Loss: 0.6840, Validation Loss: 0.6975
--- Saved model to checkpoints/classification/scratch_fixed_training/state.pt ---
Epoch 19
Epoch 19, Training Loss: 0.6868, Validation Loss: 0.6936
--- Saved model to checkpoints/classification/scratch_fixed_training/state.pt ---
Epoch 20
Epoch 20, Training Loss: 0.6878, Validation Loss: 0.6911 (best)
--- Saved model to checkpoints/classification/scratch_fixed_training/state.pt ---
Epoch 21
Epoch 21, Training Loss: 0.6847, Validation Loss: 0.6948
--- Saved model to checkpoints/classification/scratch_fixed_training/state.pt ---
Epoch 22
Epoch 22, Training Loss: 0.6874, Validation Loss: 0.6908 (best)
--- Saved model to checkpoints/classification/scratch_fixed_training/state.pt ---
Epoch 23
Epoch 23, Training Loss: 0.6872, Validation Loss: 0.6954
--- Saved model to checkpoints/classification/scratch_fixed_training/state.pt ---
Epoch 24
Epoch 24, Training Loss: 0.6854, Validation Loss: 0.6920
--- Saved model to checkpoints/classification/scratch_fixed_training/state.pt ---
Epoch 25
Epoch 25, Training Loss: 0.6853, Validation Loss: 0.6923
--- Saved model to checkpoints/classification/scratch_fixed_training/state.pt ---
Epoch 26
Epoch 26, Training Loss: 0.6837, Validation Loss: 0.6948
--- Saved model to checkpoints/classification/scratch_fixed_training/state.pt ---
Epoch 27
Epoch 27, Training Loss: 0.6812, Validation Loss: 0.6891 (best)
--- Saved model to checkpoints/classification/scratch_fixed_training/state.pt ---
Epoch 28
Epoch 28, Training Loss: 0.6837, Validation Loss: 0.6895
--- Saved model to checkpoints/classification/scratch_fixed_training/state.pt ---
Epoch 29
Epoch 29, Training Loss: 0.6801, Validation Loss: 0.6890 (best)
--- Saved model to checkpoints/classification/scratch_fixed_training/state.pt ---
Epoch 30
Epoch 30, Training Loss: 0.6817, Validation Loss: 0.6834 (best)
--- Saved model to checkpoints/classification/scratch_fixed_training/state.pt ---
Epoch 31
Epoch 31, Training Loss: 0.6751, Validation Loss: 0.6788 (best)
--- Saved model to checkpoints/classification/scratch_fixed_training/state.pt ---
Epoch 32
Epoch 32, Training Loss: 0.6817, Validation Loss: 0.6874
--- Saved model to checkpoints/classification/scratch_fixed_training/state.pt ---
Epoch 33
Epoch 33, Training Loss: 0.6823, Validation Loss: 0.6781 (best)
--- Saved model to checkpoints/classification/scratch_fixed_training/state.pt ---
Epoch 34
Epoch 34, Training Loss: 0.6721, Validation Loss: 0.6677 (best)
--- Saved model to checkpoints/classification/scratch_fixed_training/state.pt ---
Epoch 35
