/idia/users/bevan/pid-radast/classifier-guided-physics-informed-diffusion/.venv/lib/python3.11/site-packages/torchvision/models/_utils.py:208: UserWarning: The parameter 'pretrained' is deprecated since 0.13 and may be removed in the future, please use 'weights' instead.
  warnings.warn(
/idia/users/bevan/pid-radast/classifier-guided-physics-informed-diffusion/.venv/lib/python3.11/site-packages/torchvision/models/_utils.py:223: UserWarning: Arguments other than a weight enum or `None` for 'weights' are deprecated since 0.13 and may be removed in the future. The current behavior is equivalent to passing `weights=None`.
  warnings.warn(msg)
On device cuda
Dataset: crumb
Getting data loader crumb
Corrected 163/300 CRUMB test labels using train-derived (parent, code) -> label mapping
[0] test_idx=243  true=FR-I  pred=FR-I  confidence=99.5%  CORRECT  -> results/sanity_check/sample_00_idx243_true-FR-I_pred-FR-I.png
[1] test_idx=145  true=FR-I  pred=FR-I  confidence=94.4%  CORRECT  -> results/sanity_check/sample_01_idx145_true-FR-I_pred-FR-I.png
[2] test_idx=14  true=FR-I  pred=FR-I  confidence=91.4%  CORRECT  -> results/sanity_check/sample_02_idx14_true-FR-I_pred-FR-I.png
[3] test_idx=95  true=FR-I  pred=FR-I  confidence=59.8%  CORRECT  -> results/sanity_check/sample_03_idx95_true-FR-I_pred-FR-I.png
[4] test_idx=226  true=FR-I  pred=FR-I  confidence=82.1%  CORRECT  -> results/sanity_check/sample_04_idx226_true-FR-I_pred-FR-I.png
[5] test_idx=160  true=FR-I  pred=FR-I  confidence=72.3%  CORRECT  -> results/sanity_check/sample_05_idx160_true-FR-I_pred-FR-I.png
[6] test_idx=168  true=FR-II  pred=FR-I  confidence=60.5%  WRONG  -> results/sanity_check/sample_06_idx168_true-FR-II_pred-FR-I.png
[7] test_idx=122  true=FR-II  pred=FR-II  confidence=96.5%  CORRECT  -> results/sanity_check/sample_07_idx122_true-FR-II_pred-FR-II.png
[8] test_idx=137  true=FR-II  pred=FR-II  confidence=99.7%  CORRECT  -> results/sanity_check/sample_08_idx137_true-FR-II_pred-FR-II.png
[9] test_idx=61  true=FR-II  pred=FR-II  confidence=97.0%  CORRECT  -> results/sanity_check/sample_09_idx61_true-FR-II_pred-FR-II.png
[10] test_idx=142  true=FR-I  pred=FR-I  confidence=97.2%  CORRECT  -> results/sanity_check/sample_10_idx142_true-FR-I_pred-FR-I.png
[11] test_idx=136  true=FR-I  pred=FR-I  confidence=99.3%  CORRECT  -> results/sanity_check/sample_11_idx136_true-FR-I_pred-FR-I.png
[12] test_idx=56  true=FR-I  pred=FR-I  confidence=89.4%  CORRECT  -> results/sanity_check/sample_12_idx56_true-FR-I_pred-FR-I.png
[13] test_idx=279  true=FR-II  pred=FR-II  confidence=77.2%  CORRECT  -> results/sanity_check/sample_13_idx279_true-FR-II_pred-FR-II.png
[14] test_idx=275  true=FR-II  pred=FR-II  confidence=98.6%  CORRECT  -> results/sanity_check/sample_14_idx275_true-FR-II_pred-FR-II.png
[15] test_idx=261  true=FR-II  pred=FR-I  confidence=85.3%  WRONG  -> results/sanity_check/sample_15_idx261_true-FR-II_pred-FR-I.png
[16] test_idx=8  true=FR-II  pred=FR-II  confidence=97.0%  CORRECT  -> results/sanity_check/sample_16_idx8_true-FR-II_pred-FR-II.png
[17] test_idx=281  true=FR-I  pred=FR-II  confidence=67.5%  WRONG  -> results/sanity_check/sample_17_idx281_true-FR-I_pred-FR-II.png
[18] test_idx=57  true=FR-II  pred=FR-II  confidence=92.8%  CORRECT  -> results/sanity_check/sample_18_idx57_true-FR-II_pred-FR-II.png
[19] test_idx=147  true=FR-I  pred=FR-I  confidence=77.8%  CORRECT  -> results/sanity_check/sample_19_idx147_true-FR-I_pred-FR-I.png
[20] test_idx=277  true=FR-II  pred=FR-II  confidence=93.5%  CORRECT  -> results/sanity_check/sample_20_idx277_true-FR-II_pred-FR-II.png
[21] test_idx=139  true=FR-I  pred=FR-II  confidence=78.9%  WRONG  -> results/sanity_check/sample_21_idx139_true-FR-I_pred-FR-II.png
[22] test_idx=247  true=FR-I  pred=FR-I  confidence=82.0%  CORRECT  -> results/sanity_check/sample_22_idx247_true-FR-I_pred-FR-I.png
[23] test_idx=160  true=FR-I  pred=FR-I  confidence=72.3%  CORRECT  -> results/sanity_check/sample_23_idx160_true-FR-I_pred-FR-I.png
[24] test_idx=179  true=FR-I  pred=FR-I  confidence=98.1%  CORRECT  -> results/sanity_check/sample_24_idx179_true-FR-I_pred-FR-I.png
[25] test_idx=203  true=FR-II  pred=FR-I  confidence=72.2%  WRONG  -> results/sanity_check/sample_25_idx203_true-FR-II_pred-FR-I.png
[26] test_idx=142  true=FR-I  pred=FR-I  confidence=97.2%  CORRECT  -> results/sanity_check/sample_26_idx142_true-FR-I_pred-FR-I.png
[27] test_idx=107  true=FR-I  pred=FR-II  confidence=80.8%  WRONG  -> results/sanity_check/sample_27_idx107_true-FR-I_pred-FR-II.png
[28] test_idx=207  true=FR-I  pred=FR-I  confidence=99.0%  CORRECT  -> results/sanity_check/sample_28_idx207_true-FR-I_pred-FR-I.png
[29] test_idx=227  true=FR-II  pred=FR-II  confidence=75.6%  CORRECT  -> results/sanity_check/sample_29_idx227_true-FR-II_pred-FR-II.png
[30] test_idx=116  true=FR-II  pred=FR-II  confidence=62.4%  CORRECT  -> results/sanity_check/sample_30_idx116_true-FR-II_pred-FR-II.png
[31] test_idx=125  true=FR-I  pred=FR-I  confidence=98.7%  CORRECT  -> results/sanity_check/sample_31_idx125_true-FR-I_pred-FR-I.png
[32] test_idx=58  true=FR-I  pred=FR-I  confidence=91.8%  CORRECT  -> results/sanity_check/sample_32_idx58_true-FR-I_pred-FR-I.png
[33] test_idx=244  true=FR-I  pred=FR-I  confidence=97.2%  CORRECT  -> results/sanity_check/sample_33_idx244_true-FR-I_pred-FR-I.png
[34] test_idx=249  true=FR-I  pred=FR-I  confidence=98.2%  CORRECT  -> results/sanity_check/sample_34_idx249_true-FR-I_pred-FR-I.png
[35] test_idx=150  true=FR-II  pred=FR-II  confidence=85.6%  CORRECT  -> results/sanity_check/sample_35_idx150_true-FR-II_pred-FR-II.png
[36] test_idx=97  true=FR-II  pred=FR-II  confidence=94.8%  CORRECT  -> results/sanity_check/sample_36_idx97_true-FR-II_pred-FR-II.png
[37] test_idx=123  true=FR-II  pred=FR-II  confidence=63.8%  CORRECT  -> results/sanity_check/sample_37_idx123_true-FR-II_pred-FR-II.png
[38] test_idx=207  true=FR-I  pred=FR-I  confidence=99.0%  CORRECT  -> results/sanity_check/sample_38_idx207_true-FR-I_pred-FR-I.png
[39] test_idx=230  true=FR-II  pred=FR-II  confidence=70.7%  CORRECT  -> results/sanity_check/sample_39_idx230_true-FR-II_pred-FR-II.png
[40] test_idx=245  true=FR-II  pred=FR-II  confidence=96.6%  CORRECT  -> results/sanity_check/sample_40_idx245_true-FR-II_pred-FR-II.png
[41] test_idx=162  true=FR-I  pred=FR-I  confidence=60.0%  CORRECT  -> results/sanity_check/sample_41_idx162_true-FR-I_pred-FR-I.png
[42] test_idx=10  true=FR-I  pred=FR-II  confidence=97.5%  WRONG  -> results/sanity_check/sample_42_idx10_true-FR-I_pred-FR-II.png
[43] test_idx=122  true=FR-II  pred=FR-II  confidence=96.5%  CORRECT  -> results/sanity_check/sample_43_idx122_true-FR-II_pred-FR-II.png
[44] test_idx=15  true=FR-I  pred=FR-I  confidence=98.7%  CORRECT  -> results/sanity_check/sample_44_idx15_true-FR-I_pred-FR-I.png
[45] test_idx=284  true=FR-II  pred=FR-II  confidence=83.6%  CORRECT  -> results/sanity_check/sample_45_idx284_true-FR-II_pred-FR-II.png
[46] test_idx=21  true=FR-II  pred=FR-II  confidence=90.0%  CORRECT  -> results/sanity_check/sample_46_idx21_true-FR-II_pred-FR-II.png
[47] test_idx=0  true=FR-II  pred=FR-I  confidence=81.2%  WRONG  -> results/sanity_check/sample_47_idx0_true-FR-II_pred-FR-I.png
[48] test_idx=183  true=FR-II  pred=FR-I  confidence=64.3%  WRONG  -> results/sanity_check/sample_48_idx183_true-FR-II_pred-FR-I.png
[49] test_idx=283  true=FR-I  pred=FR-I  confidence=55.9%  CORRECT  -> results/sanity_check/sample_49_idx283_true-FR-I_pred-FR-I.png
[50] test_idx=73  true=FR-II  pred=FR-I  confidence=93.7%  WRONG  -> results/sanity_check/sample_50_idx73_true-FR-II_pred-FR-I.png
[51] test_idx=130  true=FR-I  pred=FR-I  confidence=88.1%  CORRECT  -> results/sanity_check/sample_51_idx130_true-FR-I_pred-FR-I.png
[52] test_idx=97  true=FR-II  pred=FR-II  confidence=94.8%  CORRECT  -> results/sanity_check/sample_52_idx97_true-FR-II_pred-FR-II.png
[53] test_idx=92  true=FR-II  pred=FR-I  confidence=97.2%  WRONG  -> results/sanity_check/sample_53_idx92_true-FR-II_pred-FR-I.png
[54] test_idx=43  true=FR-II  pred=FR-II  confidence=98.6%  CORRECT  -> results/sanity_check/sample_54_idx43_true-FR-II_pred-FR-II.png
[55] test_idx=101  true=FR-I  pred=FR-II  confidence=94.5%  WRONG  -> results/sanity_check/sample_55_idx101_true-FR-I_pred-FR-II.png
[56] test_idx=83  true=FR-I  pred=FR-I  confidence=75.7%  CORRECT  -> results/sanity_check/sample_56_idx83_true-FR-I_pred-FR-I.png
[57] test_idx=40  true=FR-I  pred=FR-I  confidence=73.9%  CORRECT  -> results/sanity_check/sample_57_idx40_true-FR-I_pred-FR-I.png
[58] test_idx=266  true=FR-I  pred=FR-I  confidence=99.8%  CORRECT  -> results/sanity_check/sample_58_idx266_true-FR-I_pred-FR-I.png
[59] test_idx=267  true=FR-I  pred=FR-I  confidence=51.4%  CORRECT  -> results/sanity_check/sample_59_idx267_true-FR-I_pred-FR-I.png
[60] test_idx=57  true=FR-II  pred=FR-II  confidence=92.8%  CORRECT  -> results/sanity_check/sample_60_idx57_true-FR-II_pred-FR-II.png
[61] test_idx=231  true=FR-I  pred=FR-I  confidence=70.0%  CORRECT  -> results/sanity_check/sample_61_idx231_true-FR-I_pred-FR-I.png
[62] test_idx=177  true=FR-II  pred=FR-II  confidence=96.9%  CORRECT  -> results/sanity_check/sample_62_idx177_true-FR-II_pred-FR-II.png
[63] test_idx=185  true=FR-II  pred=FR-I  confidence=53.6%  WRONG  -> results/sanity_check/sample_63_idx185_true-FR-II_pred-FR-I.png
[64] test_idx=260  true=FR-II  pred=FR-I  confidence=94.4%  WRONG  -> results/sanity_check/sample_64_idx260_true-FR-II_pred-FR-I.png
[65] test_idx=235  true=FR-I  pred=FR-I  confidence=79.1%  CORRECT  -> results/sanity_check/sample_65_idx235_true-FR-I_pred-FR-I.png
[66] test_idx=280  true=FR-I  pred=FR-I  confidence=86.0%  CORRECT  -> results/sanity_check/sample_66_idx280_true-FR-I_pred-FR-I.png
[67] test_idx=222  true=FR-I  pred=FR-I  confidence=70.7%  CORRECT  -> results/sanity_check/sample_67_idx222_true-FR-I_pred-FR-I.png
[68] test_idx=268  true=FR-II  pred=FR-II  confidence=92.8%  CORRECT  -> results/sanity_check/sample_68_idx268_true-FR-II_pred-FR-II.png
[69] test_idx=187  true=FR-II  pred=FR-I  confidence=92.4%  WRONG  -> results/sanity_check/sample_69_idx187_true-FR-II_pred-FR-I.png
[70] test_idx=87  true=FR-II  pred=FR-II  confidence=98.2%  CORRECT  -> results/sanity_check/sample_70_idx87_true-FR-II_pred-FR-II.png
[71] test_idx=90  true=FR-II  pred=FR-I  confidence=67.5%  WRONG  -> results/sanity_check/sample_71_idx90_true-FR-II_pred-FR-I.png
[72] test_idx=283  true=FR-I  pred=FR-I  confidence=55.9%  CORRECT  -> results/sanity_check/sample_72_idx283_true-FR-I_pred-FR-I.png
[73] test_idx=228  true=FR-I  pred=FR-I  confidence=98.9%  CORRECT  -> results/sanity_check/sample_73_idx228_true-FR-I_pred-FR-I.png
[74] test_idx=213  true=FR-II  pred=FR-II  confidence=82.9%  CORRECT  -> results/sanity_check/sample_74_idx213_true-FR-II_pred-FR-II.png
[75] test_idx=32  true=FR-II  pred=FR-II  confidence=64.6%  CORRECT  -> results/sanity_check/sample_75_idx32_true-FR-II_pred-FR-II.png
[76] test_idx=193  true=FR-II  pred=FR-II  confidence=87.1%  CORRECT  -> results/sanity_check/sample_76_idx193_true-FR-II_pred-FR-II.png
[77] test_idx=219  true=FR-I  pred=FR-I  confidence=99.7%  CORRECT  -> results/sanity_check/sample_77_idx219_true-FR-I_pred-FR-I.png
[78] test_idx=165  true=FR-I  pred=FR-I  confidence=67.5%  CORRECT  -> results/sanity_check/sample_78_idx165_true-FR-I_pred-FR-I.png
[79] test_idx=134  true=FR-I  pred=FR-II  confidence=93.8%  WRONG  -> results/sanity_check/sample_79_idx134_true-FR-I_pred-FR-II.png
[80] test_idx=174  true=FR-I  pred=FR-II  confidence=67.0%  WRONG  -> results/sanity_check/sample_80_idx174_true-FR-I_pred-FR-II.png
[81] test_idx=121  true=FR-II  pred=FR-II  confidence=75.8%  CORRECT  -> results/sanity_check/sample_81_idx121_true-FR-II_pred-FR-II.png
[82] test_idx=232  true=FR-I  pred=FR-I  confidence=69.3%  CORRECT  -> results/sanity_check/sample_82_idx232_true-FR-I_pred-FR-I.png
[83] test_idx=90  true=FR-II  pred=FR-I  confidence=67.5%  WRONG  -> results/sanity_check/sample_83_idx90_true-FR-II_pred-FR-I.png
[84] test_idx=15  true=FR-I  pred=FR-I  confidence=98.7%  CORRECT  -> results/sanity_check/sample_84_idx15_true-FR-I_pred-FR-I.png
[85] test_idx=32  true=FR-II  pred=FR-II  confidence=64.6%  CORRECT  -> results/sanity_check/sample_85_idx32_true-FR-II_pred-FR-II.png
[86] test_idx=109  true=FR-II  pred=FR-II  confidence=96.1%  CORRECT  -> results/sanity_check/sample_86_idx109_true-FR-II_pred-FR-II.png
[87] test_idx=50  true=FR-I  pred=FR-I  confidence=99.3%  CORRECT  -> results/sanity_check/sample_87_idx50_true-FR-I_pred-FR-I.png
[88] test_idx=86  true=FR-I  pred=FR-II  confidence=97.8%  WRONG  -> results/sanity_check/sample_88_idx86_true-FR-I_pred-FR-II.png
[89] test_idx=164  true=FR-II  pred=FR-II  confidence=97.6%  CORRECT  -> results/sanity_check/sample_89_idx164_true-FR-II_pred-FR-II.png
[90] test_idx=4  true=FR-II  pred=FR-I  confidence=58.3%  WRONG  -> results/sanity_check/sample_90_idx4_true-FR-II_pred-FR-I.png
[91] test_idx=101  true=FR-I  pred=FR-II  confidence=94.5%  WRONG  -> results/sanity_check/sample_91_idx101_true-FR-I_pred-FR-II.png
[92] test_idx=190  true=FR-II  pred=FR-II  confidence=56.2%  CORRECT  -> results/sanity_check/sample_92_idx190_true-FR-II_pred-FR-II.png
[93] test_idx=90  true=FR-II  pred=FR-I  confidence=67.5%  WRONG  -> results/sanity_check/sample_93_idx90_true-FR-II_pred-FR-I.png
[94] test_idx=185  true=FR-II  pred=FR-I  confidence=53.6%  WRONG  -> results/sanity_check/sample_94_idx185_true-FR-II_pred-FR-I.png
[95] test_idx=34  true=FR-I  pred=FR-I  confidence=51.9%  CORRECT  -> results/sanity_check/sample_95_idx34_true-FR-I_pred-FR-I.png
[96] test_idx=94  true=FR-I  pred=FR-I  confidence=100.0%  CORRECT  -> results/sanity_check/sample_96_idx94_true-FR-I_pred-FR-I.png
[97] test_idx=104  true=FR-I  pred=FR-I  confidence=100.0%  CORRECT  -> results/sanity_check/sample_97_idx104_true-FR-I_pred-FR-I.png
[98] test_idx=284  true=FR-II  pred=FR-II  confidence=83.6%  CORRECT  -> results/sanity_check/sample_98_idx284_true-FR-II_pred-FR-II.png
[99] test_idx=5  true=FR-I  pred=FR-II  confidence=96.4%  WRONG  -> results/sanity_check/sample_99_idx5_true-FR-I_pred-FR-II.png

75/100 correct on this random sample.
