CUDA Memory Cleared. Current VRAM Usage: 0.00 MB
On device cuda
Getting data loader crumb
Corrected 163/300 CRUMB test labels using train-derived (parent, code) -> label mapping
Total unique classes found: 2
Label IDs: [0, 1]
Total images in dataset: 2002
Total batches: 43 (at batch size 32)

============================================================
Run 1/1  |  seed=42  |  tag=crumb_bs32  |  results -> results/classification/run_20260713_204057_seed42
============================================================

Training classification for 300 epochs
Epoch 0
Epoch 0, Training Loss: 0.7359, Validation Loss: 0.6923 (best)
--- Saved model to checkpoints/classification/crumb_bs32/state.pt ---
Epoch 1
Epoch 1, Training Loss: 0.7045, Validation Loss: 0.6941
--- Saved model to checkpoints/classification/crumb_bs32/state.pt ---
Epoch 2
Epoch 2, Training Loss: 0.6993, Validation Loss: 0.6933
--- Saved model to checkpoints/classification/crumb_bs32/state.pt ---
Epoch 3
Epoch 3, Training Loss: 0.6993, Validation Loss: 0.6944
--- Saved model to checkpoints/classification/crumb_bs32/state.pt ---
Epoch 4
Epoch 4, Training Loss: 0.6955, Validation Loss: 0.6923 (best)
--- Saved model to checkpoints/classification/crumb_bs32/state.pt ---
Epoch 5
Epoch 5, Training Loss: 0.6949, Validation Loss: 0.6931
--- Saved model to checkpoints/classification/crumb_bs32/state.pt ---
Epoch 6
Epoch 6, Training Loss: 0.6949, Validation Loss: 0.6933
--- Saved model to checkpoints/classification/crumb_bs32/state.pt ---
Epoch 7
Epoch 7, Training Loss: 0.6951, Validation Loss: 0.6923
--- Saved model to checkpoints/classification/crumb_bs32/state.pt ---
Epoch 8
Epoch 8, Training Loss: 0.6935, Validation Loss: 0.6967
--- Saved model to checkpoints/classification/crumb_bs32/state.pt ---
Epoch 9
Epoch 9, Training Loss: 0.6944, Validation Loss: 0.6934
--- Saved model to checkpoints/classification/crumb_bs32/state.pt ---
Epoch 10
Epoch 10, Training Loss: 0.6915, Validation Loss: 0.6939
--- Saved model to checkpoints/classification/crumb_bs32/state.pt ---
Epoch 11
Epoch 11, Training Loss: 0.6971, Validation Loss: 0.6946
--- Saved model to checkpoints/classification/crumb_bs32/state.pt ---
Epoch 12
Epoch 12, Training Loss: 0.6941, Validation Loss: 0.6926
--- Saved model to checkpoints/classification/crumb_bs32/state.pt ---
Epoch 13
Epoch 13, Training Loss: 0.6936, Validation Loss: 0.6972
--- Saved model to checkpoints/classification/crumb_bs32/state.pt ---
Epoch 14
Epoch 14, Training Loss: 0.6953, Validation Loss: 0.6922 (best)
--- Saved model to checkpoints/classification/crumb_bs32/state.pt ---
Epoch 15
Epoch 15, Training Loss: 0.6950, Validation Loss: 0.6927
--- Saved model to checkpoints/classification/crumb_bs32/state.pt ---
Epoch 16
Epoch 16, Training Loss: 0.6942, Validation Loss: 0.6922
--- Saved model to checkpoints/classification/crumb_bs32/state.pt ---
Epoch 17
Epoch 17, Training Loss: 0.6944, Validation Loss: 0.6943
--- Saved model to checkpoints/classification/crumb_bs32/state.pt ---
Epoch 18
Epoch 18, Training Loss: 0.6942, Validation Loss: 0.6927
--- Saved model to checkpoints/classification/crumb_bs32/state.pt ---
Epoch 19
Epoch 19, Training Loss: 0.6952, Validation Loss: 0.6921 (best)
--- Saved model to checkpoints/classification/crumb_bs32/state.pt ---
Epoch 20
Epoch 20, Training Loss: 0.6942, Validation Loss: 0.6935
--- Saved model to checkpoints/classification/crumb_bs32/state.pt ---
Epoch 21
Epoch 21, Training Loss: 0.6939, Validation Loss: 0.6920 (best)
--- Saved model to checkpoints/classification/crumb_bs32/state.pt ---
Epoch 22
Epoch 22, Training Loss: 0.6942, Validation Loss: 0.6970
--- Saved model to checkpoints/classification/crumb_bs32/state.pt ---
Epoch 23
Epoch 23, Training Loss: 0.6944, Validation Loss: 0.6917 (best)
--- Saved model to checkpoints/classification/crumb_bs32/state.pt ---
Epoch 24
Epoch 24, Training Loss: 0.6958, Validation Loss: 0.6920
--- Saved model to checkpoints/classification/crumb_bs32/state.pt ---
Epoch 25
Epoch 25, Training Loss: 0.6946, Validation Loss: 0.6914 (best)
--- Saved model to checkpoints/classification/crumb_bs32/state.pt ---
Epoch 26
Epoch 26, Training Loss: 0.6925, Validation Loss: 0.6913 (best)
--- Saved model to checkpoints/classification/crumb_bs32/state.pt ---
Epoch 27
Epoch 27, Training Loss: 0.6939, Validation Loss: 0.6953
--- Saved model to checkpoints/classification/crumb_bs32/state.pt ---
Epoch 28
Epoch 28, Training Loss: 0.6939, Validation Loss: 0.6924
--- Saved model to checkpoints/classification/crumb_bs32/state.pt ---
Epoch 29
Epoch 29, Training Loss: 0.6925, Validation Loss: 0.6940
--- Saved model to checkpoints/classification/crumb_bs32/state.pt ---
Epoch 30
Epoch 30, Training Loss: 0.6949, Validation Loss: 0.6906 (best)
--- Saved model to checkpoints/classification/crumb_bs32/state.pt ---
Epoch 31
Epoch 31, Training Loss: 0.6936, Validation Loss: 0.6901 (best)
--- Saved model to checkpoints/classification/crumb_bs32/state.pt ---
Epoch 32
Epoch 32, Training Loss: 0.6930, Validation Loss: 0.6954
--- Saved model to checkpoints/classification/crumb_bs32/state.pt ---
Epoch 33
Epoch 33, Training Loss: 0.6957, Validation Loss: 0.6919
--- Saved model to checkpoints/classification/crumb_bs32/state.pt ---
Epoch 34
Epoch 34, Training Loss: 0.6927, Validation Loss: 0.6906
--- Saved model to checkpoints/classification/crumb_bs32/state.pt ---
Epoch 35
Epoch 35, Training Loss: 0.6920, Validation Loss: 0.6924
--- Saved model to checkpoints/classification/crumb_bs32/state.pt ---
Epoch 36
Epoch 36, Training Loss: 0.6935, Validation Loss: 0.6904
--- Saved model to checkpoints/classification/crumb_bs32/state.pt ---
Epoch 37
Epoch 37, Training Loss: 0.6900, Validation Loss: 0.6877 (best)
--- Saved model to checkpoints/classification/crumb_bs32/state.pt ---
Epoch 38
Epoch 38, Training Loss: 0.6917, Validation Loss: 0.6913
--- Saved model to checkpoints/classification/crumb_bs32/state.pt ---
Epoch 39
Epoch 39, Training Loss: 0.6928, Validation Loss: 0.6876 (best)
--- Saved model to checkpoints/classification/crumb_bs32/state.pt ---
Epoch 40
Epoch 40, Training Loss: 0.6886, Validation Loss: 0.6834 (best)
--- Saved model to checkpoints/classification/crumb_bs32/state.pt ---
Epoch 41
Epoch 41, Training Loss: 0.6886, Validation Loss: 0.6821 (best)
--- Saved model to checkpoints/classification/crumb_bs32/state.pt ---
Epoch 42
Epoch 42, Training Loss: 0.6853, Validation Loss: 0.6799 (best)
--- Saved model to checkpoints/classification/crumb_bs32/state.pt ---
Epoch 43
Epoch 43, Training Loss: 0.6811, Validation Loss: 0.6717 (best)
--- Saved model to checkpoints/classification/crumb_bs32/state.pt ---
Epoch 44
Epoch 44, Training Loss: 0.6757, Validation Loss: 0.6610 (best)
--- Saved model to checkpoints/classification/crumb_bs32/state.pt ---
Epoch 45
Epoch 45, Training Loss: 0.6700, Validation Loss: 0.6602 (best)
--- Saved model to checkpoints/classification/crumb_bs32/state.pt ---
Epoch 46
Epoch 46, Training Loss: 0.6632, Validation Loss: 0.6570 (best)
--- Saved model to checkpoints/classification/crumb_bs32/state.pt ---
Epoch 47
Epoch 47, Training Loss: 0.6563, Validation Loss: 0.6461 (best)
--- Saved model to checkpoints/classification/crumb_bs32/state.pt ---
Epoch 48
Epoch 48, Training Loss: 0.6667, Validation Loss: 0.6404 (best)
--- Saved model to checkpoints/classification/crumb_bs32/state.pt ---
Epoch 49
Epoch 49, Training Loss: 0.6640, Validation Loss: 0.6559
--- Saved model to checkpoints/classification/crumb_bs32/state.pt ---
Epoch 50
Epoch 50, Training Loss: 0.6544, Validation Loss: 0.6451
--- Saved model to checkpoints/classification/crumb_bs32/state.pt ---
Epoch 51
Epoch 51, Training Loss: 0.6452, Validation Loss: 0.6427
--- Saved model to checkpoints/classification/crumb_bs32/state.pt ---
Epoch 52
Epoch 52, Training Loss: 0.6524, Validation Loss: 0.6295 (best)
--- Saved model to checkpoints/classification/crumb_bs32/state.pt ---
Epoch 53
Epoch 53, Training Loss: 0.6434, Validation Loss: 0.6430
--- Saved model to checkpoints/classification/crumb_bs32/state.pt ---
Epoch 54
Epoch 54, Training Loss: 0.6360, Validation Loss: 0.6452
--- Saved model to checkpoints/classification/crumb_bs32/state.pt ---
Epoch 55
Epoch 55, Training Loss: 0.6374, Validation Loss: 0.6589
--- Saved model to checkpoints/classification/crumb_bs32/state.pt ---
Epoch 56
Epoch 56, Training Loss: 0.6371, Validation Loss: 0.6305
--- Saved model to checkpoints/classification/crumb_bs32/state.pt ---
Epoch 57
Epoch 57, Training Loss: 0.6323, Validation Loss: 0.6353
--- Saved model to checkpoints/classification/crumb_bs32/state.pt ---
Epoch 58
Epoch 58, Training Loss: 0.6300, Validation Loss: 0.6353
--- Saved model to checkpoints/classification/crumb_bs32/state.pt ---
Epoch 59
Epoch 59, Training Loss: 0.6193, Validation Loss: 0.6346
--- Saved model to checkpoints/classification/crumb_bs32/state.pt ---
Epoch 60
Epoch 60, Training Loss: 0.6255, Validation Loss: 0.6547
--- Saved model to checkpoints/classification/crumb_bs32/state.pt ---
Epoch 61
Epoch 61, Training Loss: 0.6277, Validation Loss: 0.6401
--- Saved model to checkpoints/classification/crumb_bs32/state.pt ---
Epoch 62
Epoch 62, Training Loss: 0.6276, Validation Loss: 0.6334
--- Saved model to checkpoints/classification/crumb_bs32/state.pt ---
Epoch 63
Epoch 63, Training Loss: 0.6209, Validation Loss: 0.6384
--- Saved model to checkpoints/classification/crumb_bs32/state.pt ---
Epoch 64
Epoch 64, Training Loss: 0.6342, Validation Loss: 0.6386
--- Saved model to checkpoints/classification/crumb_bs32/state.pt ---
Epoch 65
Epoch 65, Training Loss: 0.6305, Validation Loss: 0.6454
--- Saved model to checkpoints/classification/crumb_bs32/state.pt ---
Epoch 66
Epoch 66, Training Loss: 0.6259, Validation Loss: 0.6371
--- Saved model to checkpoints/classification/crumb_bs32/state.pt ---
Epoch 67
Epoch 67, Training Loss: 0.6176, Validation Loss: 0.6302
--- Saved model to checkpoints/classification/crumb_bs32/state.pt ---
Epoch 68
Epoch 68, Training Loss: 0.6208, Validation Loss: 0.6354
--- Saved model to checkpoints/classification/crumb_bs32/state.pt ---
Epoch 69
Epoch 69, Training Loss: 0.6158, Validation Loss: 0.6336
--- Saved model to checkpoints/classification/crumb_bs32/state.pt ---
Epoch 70
Epoch 70, Training Loss: 0.6180, Validation Loss: 0.6373
--- Saved model to checkpoints/classification/crumb_bs32/state.pt ---
Epoch 71
Epoch 71, Training Loss: 0.6167, Validation Loss: 0.6314
--- Saved model to checkpoints/classification/crumb_bs32/state.pt ---
Epoch 72
Epoch 72, Training Loss: 0.6183, Validation Loss: 0.6468
--- Saved model to checkpoints/classification/crumb_bs32/state.pt ---
Epoch 73
Epoch 73, Training Loss: 0.6205, Validation Loss: 0.6415
--- Saved model to checkpoints/classification/crumb_bs32/state.pt ---
Epoch 74
Epoch 74, Training Loss: 0.6188, Validation Loss: 0.6520
--- Saved model to checkpoints/classification/crumb_bs32/state.pt ---
Epoch 75
Epoch 75, Training Loss: 0.6194, Validation Loss: 0.6326
--- Saved model to checkpoints/classification/crumb_bs32/state.pt ---
Epoch 76
Epoch 76, Training Loss: 0.6135, Validation Loss: 0.6313
--- Saved model to checkpoints/classification/crumb_bs32/state.pt ---
Epoch 77
Epoch 77, Training Loss: 0.6082, Validation Loss: 0.6295 (best)
--- Saved model to checkpoints/classification/crumb_bs32/state.pt ---
Epoch 78
Epoch 78, Training Loss: 0.6110, Validation Loss: 0.6376
--- Saved model to checkpoints/classification/crumb_bs32/state.pt ---
Epoch 79
Epoch 79, Training Loss: 0.6120, Validation Loss: 0.6303
--- Saved model to checkpoints/classification/crumb_bs32/state.pt ---
Epoch 80
Epoch 80, Training Loss: 0.6142, Validation Loss: 0.6319
--- Saved model to checkpoints/classification/crumb_bs32/state.pt ---
Epoch 81
Epoch 81, Training Loss: 0.6152, Validation Loss: 0.6290 (best)
--- Saved model to checkpoints/classification/crumb_bs32/state.pt ---
Epoch 82
Epoch 82, Training Loss: 0.6049, Validation Loss: 0.6351
--- Saved model to checkpoints/classification/crumb_bs32/state.pt ---
Epoch 83
Epoch 83, Training Loss: 0.6089, Validation Loss: 0.6380
--- Saved model to checkpoints/classification/crumb_bs32/state.pt ---
Epoch 84
Epoch 84, Training Loss: 0.6167, Validation Loss: 0.6382
--- Saved model to checkpoints/classification/crumb_bs32/state.pt ---
Epoch 85
Epoch 85, Training Loss: 0.6029, Validation Loss: 0.6366
--- Saved model to checkpoints/classification/crumb_bs32/state.pt ---
Epoch 86
Epoch 86, Training Loss: 0.6152, Validation Loss: 0.6374
--- Saved model to checkpoints/classification/crumb_bs32/state.pt ---
Epoch 87
Epoch 87, Training Loss: 0.6063, Validation Loss: 0.6359
--- Saved model to checkpoints/classification/crumb_bs32/state.pt ---
Epoch 88
Epoch 88, Training Loss: 0.6034, Validation Loss: 0.6291
--- Saved model to checkpoints/classification/crumb_bs32/state.pt ---
Epoch 89
Epoch 89, Training Loss: 0.6069, Validation Loss: 0.6326
--- Saved model to checkpoints/classification/crumb_bs32/state.pt ---
Epoch 90
Epoch 90, Training Loss: 0.6006, Validation Loss: 0.6364
--- Saved model to checkpoints/classification/crumb_bs32/state.pt ---
Epoch 91
Epoch 91, Training Loss: 0.6123, Validation Loss: 0.6275 (best)
--- Saved model to checkpoints/classification/crumb_bs32/state.pt ---
Epoch 92
Epoch 92, Training Loss: 0.5995, Validation Loss: 0.6356
--- Saved model to checkpoints/classification/crumb_bs32/state.pt ---
Epoch 93
Epoch 93, Training Loss: 0.6000, Validation Loss: 0.6501
--- Saved model to checkpoints/classification/crumb_bs32/state.pt ---
Epoch 94
Epoch 94, Training Loss: 0.6127, Validation Loss: 0.6292
--- Saved model to checkpoints/classification/crumb_bs32/state.pt ---
Epoch 95
Epoch 95, Training Loss: 0.6014, Validation Loss: 0.6273 (best)
--- Saved model to checkpoints/classification/crumb_bs32/state.pt ---
Epoch 96
Epoch 96, Training Loss: 0.6045, Validation Loss: 0.6246 (best)
--- Saved model to checkpoints/classification/crumb_bs32/state.pt ---
Epoch 97
Epoch 97, Training Loss: 0.5930, Validation Loss: 0.6272
--- Saved model to checkpoints/classification/crumb_bs32/state.pt ---
Epoch 98
Epoch 98, Training Loss: 0.5970, Validation Loss: 0.6291
--- Saved model to checkpoints/classification/crumb_bs32/state.pt ---
Epoch 99
Epoch 99, Training Loss: 0.6056, Validation Loss: 0.6271
--- Saved model to checkpoints/classification/crumb_bs32/state.pt ---
Epoch 100
Epoch 100, Training Loss: 0.6076, Validation Loss: 0.6214 (best)
--- Saved model to checkpoints/classification/crumb_bs32/state.pt ---
Epoch 101
Epoch 101, Training Loss: 0.6014, Validation Loss: 0.6217
--- Saved model to checkpoints/classification/crumb_bs32/state.pt ---
Epoch 102
Epoch 102, Training Loss: 0.5896, Validation Loss: 0.6400
--- Saved model to checkpoints/classification/crumb_bs32/state.pt ---
Epoch 103
Epoch 103, Training Loss: 0.5963, Validation Loss: 0.6233
--- Saved model to checkpoints/classification/crumb_bs32/state.pt ---
Epoch 104
Epoch 104, Training Loss: 0.6035, Validation Loss: 0.6200 (best)
--- Saved model to checkpoints/classification/crumb_bs32/state.pt ---
Epoch 105
Epoch 105, Training Loss: 0.5884, Validation Loss: 0.6238
--- Saved model to checkpoints/classification/crumb_bs32/state.pt ---
Epoch 106
Epoch 106, Training Loss: 0.5824, Validation Loss: 0.6190 (best)
--- Saved model to checkpoints/classification/crumb_bs32/state.pt ---
Epoch 107
Epoch 107, Training Loss: 0.5941, Validation Loss: 0.6279
--- Saved model to checkpoints/classification/crumb_bs32/state.pt ---
Epoch 108
Epoch 108, Training Loss: 0.6013, Validation Loss: 0.6359
--- Saved model to checkpoints/classification/crumb_bs32/state.pt ---
Epoch 109
Epoch 109, Training Loss: 0.5830, Validation Loss: 0.6207
--- Saved model to checkpoints/classification/crumb_bs32/state.pt ---
Epoch 110
Epoch 110, Training Loss: 0.5920, Validation Loss: 0.6214
--- Saved model to checkpoints/classification/crumb_bs32/state.pt ---
Epoch 111
Epoch 111, Training Loss: 0.5916, Validation Loss: 0.6132 (best)
--- Saved model to checkpoints/classification/crumb_bs32/state.pt ---
Epoch 112
Epoch 112, Training Loss: 0.5887, Validation Loss: 0.6202
--- Saved model to checkpoints/classification/crumb_bs32/state.pt ---
Epoch 113
Epoch 113, Training Loss: 0.5930, Validation Loss: 0.6110 (best)
--- Saved model to checkpoints/classification/crumb_bs32/state.pt ---
Epoch 114
Epoch 114, Training Loss: 0.5887, Validation Loss: 0.6127
--- Saved model to checkpoints/classification/crumb_bs32/state.pt ---
Epoch 115
Epoch 115, Training Loss: 0.5920, Validation Loss: 0.6240
--- Saved model to checkpoints/classification/crumb_bs32/state.pt ---
Epoch 116
Epoch 116, Training Loss: 0.5801, Validation Loss: 0.6301
--- Saved model to checkpoints/classification/crumb_bs32/state.pt ---
Epoch 117
Epoch 117, Training Loss: 0.5860, Validation Loss: 0.6234
--- Saved model to checkpoints/classification/crumb_bs32/state.pt ---
Epoch 118
Epoch 118, Training Loss: 0.5874, Validation Loss: 0.6181
--- Saved model to checkpoints/classification/crumb_bs32/state.pt ---
Epoch 119
Epoch 119, Training Loss: 0.5754, Validation Loss: 0.6262
--- Saved model to checkpoints/classification/crumb_bs32/state.pt ---
Epoch 120
Epoch 120, Training Loss: 0.5708, Validation Loss: 0.6102 (best)
--- Saved model to checkpoints/classification/crumb_bs32/state.pt ---
Epoch 121
Epoch 121, Training Loss: 0.5723, Validation Loss: 0.6204
--- Saved model to checkpoints/classification/crumb_bs32/state.pt ---
Epoch 122
Epoch 122, Training Loss: 0.5862, Validation Loss: 0.6138
--- Saved model to checkpoints/classification/crumb_bs32/state.pt ---
Epoch 123
Epoch 123, Training Loss: 0.5840, Validation Loss: 0.6176
--- Saved model to checkpoints/classification/crumb_bs32/state.pt ---
Epoch 124
Epoch 124, Training Loss: 0.5665, Validation Loss: 0.6198
--- Saved model to checkpoints/classification/crumb_bs32/state.pt ---
Epoch 125
Epoch 125, Training Loss: 0.5691, Validation Loss: 0.6129
--- Saved model to checkpoints/classification/crumb_bs32/state.pt ---
Epoch 126
Epoch 126, Training Loss: 0.5846, Validation Loss: 0.6217
--- Saved model to checkpoints/classification/crumb_bs32/state.pt ---
Epoch 127
Epoch 127, Training Loss: 0.5759, Validation Loss: 0.6127
--- Saved model to checkpoints/classification/crumb_bs32/state.pt ---
Epoch 128
Epoch 128, Training Loss: 0.5847, Validation Loss: 0.6131
--- Saved model to checkpoints/classification/crumb_bs32/state.pt ---
Epoch 129
Epoch 129, Training Loss: 0.5700, Validation Loss: 0.6124
--- Saved model to checkpoints/classification/crumb_bs32/state.pt ---
Epoch 130
Epoch 130, Training Loss: 0.5636, Validation Loss: 0.6210
--- Saved model to checkpoints/classification/crumb_bs32/state.pt ---
Epoch 131
Epoch 131, Training Loss: 0.5730, Validation Loss: 0.6182
--- Saved model to checkpoints/classification/crumb_bs32/state.pt ---
Epoch 132
Epoch 132, Training Loss: 0.5765, Validation Loss: 0.6176
--- Saved model to checkpoints/classification/crumb_bs32/state.pt ---
Epoch 133
Epoch 133, Training Loss: 0.5682, Validation Loss: 0.6119
--- Saved model to checkpoints/classification/crumb_bs32/state.pt ---
Epoch 134
Epoch 134, Training Loss: 0.5554, Validation Loss: 0.6393
--- Saved model to checkpoints/classification/crumb_bs32/state.pt ---
Epoch 135
Epoch 135, Training Loss: 0.5871, Validation Loss: 0.5995 (best)
--- Saved model to checkpoints/classification/crumb_bs32/state.pt ---
Epoch 136
Epoch 136, Training Loss: 0.5686, Validation Loss: 0.6135
--- Saved model to checkpoints/classification/crumb_bs32/state.pt ---
Epoch 137
Epoch 137, Training Loss: 0.5723, Validation Loss: 0.6092
--- Saved model to checkpoints/classification/crumb_bs32/state.pt ---
Epoch 138
Epoch 138, Training Loss: 0.5656, Validation Loss: 0.6157
--- Saved model to checkpoints/classification/crumb_bs32/state.pt ---
Epoch 139
Epoch 139, Training Loss: 0.5678, Validation Loss: 0.6176
--- Saved model to checkpoints/classification/crumb_bs32/state.pt ---
Epoch 140
Epoch 140, Training Loss: 0.5709, Validation Loss: 0.5988 (best)
--- Saved model to checkpoints/classification/crumb_bs32/state.pt ---
Epoch 141
Epoch 141, Training Loss: 0.5559, Validation Loss: 0.6008
--- Saved model to checkpoints/classification/crumb_bs32/state.pt ---
Epoch 142
Epoch 142, Training Loss: 0.5713, Validation Loss: 0.6081
--- Saved model to checkpoints/classification/crumb_bs32/state.pt ---
Epoch 143
Epoch 143, Training Loss: 0.5579, Validation Loss: 0.6062
--- Saved model to checkpoints/classification/crumb_bs32/state.pt ---
Epoch 144
Epoch 144, Training Loss: 0.5642, Validation Loss: 0.6034
--- Saved model to checkpoints/classification/crumb_bs32/state.pt ---
Epoch 145
Epoch 145, Training Loss: 0.5539, Validation Loss: 0.6137
--- Saved model to checkpoints/classification/crumb_bs32/state.pt ---
Epoch 146
Epoch 146, Training Loss: 0.5646, Validation Loss: 0.6024
--- Saved model to checkpoints/classification/crumb_bs32/state.pt ---
Epoch 147
Epoch 147, Training Loss: 0.5470, Validation Loss: 0.6040
--- Saved model to checkpoints/classification/crumb_bs32/state.pt ---
Epoch 148
Epoch 148, Training Loss: 0.5616, Validation Loss: 0.6035
--- Saved model to checkpoints/classification/crumb_bs32/state.pt ---
Epoch 149
Epoch 149, Training Loss: 0.5535, Validation Loss: 0.6088
--- Saved model to checkpoints/classification/crumb_bs32/state.pt ---
Epoch 150
Epoch 150, Training Loss: 0.5676, Validation Loss: 0.6075
--- Saved model to checkpoints/classification/crumb_bs32/state.pt ---
Epoch 151
Epoch 151, Training Loss: 0.5626, Validation Loss: 0.6019
--- Saved model to checkpoints/classification/crumb_bs32/state.pt ---
Epoch 152
Epoch 152, Training Loss: 0.5592, Validation Loss: 0.5972 (best)
--- Saved model to checkpoints/classification/crumb_bs32/state.pt ---
Epoch 153
Epoch 153, Training Loss: 0.5563, Validation Loss: 0.5944 (best)
--- Saved model to checkpoints/classification/crumb_bs32/state.pt ---
Epoch 154
Epoch 154, Training Loss: 0.5580, Validation Loss: 0.5938 (best)
--- Saved model to checkpoints/classification/crumb_bs32/state.pt ---
Epoch 155
Epoch 155, Training Loss: 0.5474, Validation Loss: 0.5978
--- Saved model to checkpoints/classification/crumb_bs32/state.pt ---
Epoch 156
Epoch 156, Training Loss: 0.5583, Validation Loss: 0.5954
--- Saved model to checkpoints/classification/crumb_bs32/state.pt ---
Epoch 157
Epoch 157, Training Loss: 0.5598, Validation Loss: 0.6273
--- Saved model to checkpoints/classification/crumb_bs32/state.pt ---
Epoch 158
Epoch 158, Training Loss: 0.5657, Validation Loss: 0.5942
--- Saved model to checkpoints/classification/crumb_bs32/state.pt ---
Epoch 159
Epoch 159, Training Loss: 0.5544, Validation Loss: 0.6012
--- Saved model to checkpoints/classification/crumb_bs32/state.pt ---
Epoch 160
Epoch 160, Training Loss: 0.5506, Validation Loss: 0.6041
--- Saved model to checkpoints/classification/crumb_bs32/state.pt ---
Epoch 161
Epoch 161, Training Loss: 0.5459, Validation Loss: 0.5943
--- Saved model to checkpoints/classification/crumb_bs32/state.pt ---
Epoch 162
Epoch 162, Training Loss: 0.5545, Validation Loss: 0.6194
--- Saved model to checkpoints/classification/crumb_bs32/state.pt ---
Epoch 163
Epoch 163, Training Loss: 0.5461, Validation Loss: 0.6149
--- Saved model to checkpoints/classification/crumb_bs32/state.pt ---
Epoch 164
Epoch 164, Training Loss: 0.5445, Validation Loss: 0.6153
--- Saved model to checkpoints/classification/crumb_bs32/state.pt ---
Epoch 165
Epoch 165, Training Loss: 0.5567, Validation Loss: 0.6098
--- Saved model to checkpoints/classification/crumb_bs32/state.pt ---
Epoch 166
Epoch 166, Training Loss: 0.5322, Validation Loss: 0.5981
--- Saved model to checkpoints/classification/crumb_bs32/state.pt ---
Epoch 167
Epoch 167, Training Loss: 0.5699, Validation Loss: 0.6085
--- Saved model to checkpoints/classification/crumb_bs32/state.pt ---
Epoch 168
Epoch 168, Training Loss: 0.5562, Validation Loss: 0.6225
--- Saved model to checkpoints/classification/crumb_bs32/state.pt ---
Epoch 169
Epoch 169, Training Loss: 0.5414, Validation Loss: 0.6034
--- Saved model to checkpoints/classification/crumb_bs32/state.pt ---
Epoch 170
Epoch 170, Training Loss: 0.5556, Validation Loss: 0.6067
--- Saved model to checkpoints/classification/crumb_bs32/state.pt ---
Epoch 171
Epoch 171, Training Loss: 0.5428, Validation Loss: 0.6040
--- Saved model to checkpoints/classification/crumb_bs32/state.pt ---
Epoch 172
Epoch 172, Training Loss: 0.5534, Validation Loss: 0.5978
--- Saved model to checkpoints/classification/crumb_bs32/state.pt ---
Epoch 173
Epoch 173, Training Loss: 0.5537, Validation Loss: 0.5967
--- Saved model to checkpoints/classification/crumb_bs32/state.pt ---
Epoch 174
Epoch 174, Training Loss: 0.5607, Validation Loss: 0.5959
--- Saved model to checkpoints/classification/crumb_bs32/state.pt ---
Epoch 175
Epoch 175, Training Loss: 0.5510, Validation Loss: 0.6246
--- Saved model to checkpoints/classification/crumb_bs32/state.pt ---
Epoch 176
Epoch 176, Training Loss: 0.5459, Validation Loss: 0.6111
--- Saved model to checkpoints/classification/crumb_bs32/state.pt ---
Epoch 177
Epoch 177, Training Loss: 0.5592, Validation Loss: 0.5969
--- Saved model to checkpoints/classification/crumb_bs32/state.pt ---
Epoch 178
Epoch 178, Training Loss: 0.5407, Validation Loss: 0.6097
--- Saved model to checkpoints/classification/crumb_bs32/state.pt ---
Epoch 179
Epoch 179, Training Loss: 0.5531, Validation Loss: 0.5980
--- Saved model to checkpoints/classification/crumb_bs32/state.pt ---
Epoch 180
Epoch 180, Training Loss: 0.5471, Validation Loss: 0.6304
--- Saved model to checkpoints/classification/crumb_bs32/state.pt ---
Epoch 181
Epoch 181, Training Loss: 0.5337, Validation Loss: 0.5933 (best)
--- Saved model to checkpoints/classification/crumb_bs32/state.pt ---
Epoch 182
Epoch 182, Training Loss: 0.5535, Validation Loss: 0.6026
--- Saved model to checkpoints/classification/crumb_bs32/state.pt ---
Epoch 183
Epoch 183, Training Loss: 0.5472, Validation Loss: 0.6304
--- Saved model to checkpoints/classification/crumb_bs32/state.pt ---
Epoch 184
Epoch 184, Training Loss: 0.5472, Validation Loss: 0.6042
--- Saved model to checkpoints/classification/crumb_bs32/state.pt ---
Epoch 185
Epoch 185, Training Loss: 0.5355, Validation Loss: 0.6169
--- Saved model to checkpoints/classification/crumb_bs32/state.pt ---
Epoch 186
Epoch 186, Training Loss: 0.5443, Validation Loss: 0.6001
--- Saved model to checkpoints/classification/crumb_bs32/state.pt ---
Epoch 187
Epoch 187, Training Loss: 0.5386, Validation Loss: 0.6075
--- Saved model to checkpoints/classification/crumb_bs32/state.pt ---
Epoch 188
Epoch 188, Training Loss: 0.5524, Validation Loss: 0.6107
--- Saved model to checkpoints/classification/crumb_bs32/state.pt ---
Epoch 189
Epoch 189, Training Loss: 0.5438, Validation Loss: 0.5985
--- Saved model to checkpoints/classification/crumb_bs32/state.pt ---
Epoch 190
Epoch 190, Training Loss: 0.5396, Validation Loss: 0.5894 (best)
--- Saved model to checkpoints/classification/crumb_bs32/state.pt ---
Epoch 191
Epoch 191, Training Loss: 0.5231, Validation Loss: 0.6053
--- Saved model to checkpoints/classification/crumb_bs32/state.pt ---
Epoch 192
Epoch 192, Training Loss: 0.5349, Validation Loss: 0.6092
--- Saved model to checkpoints/classification/crumb_bs32/state.pt ---
Epoch 193
Epoch 193, Training Loss: 0.5362, Validation Loss: 0.6058
--- Saved model to checkpoints/classification/crumb_bs32/state.pt ---
Epoch 194
Epoch 194, Training Loss: 0.5403, Validation Loss: 0.6122
--- Saved model to checkpoints/classification/crumb_bs32/state.pt ---
Epoch 195
Epoch 195, Training Loss: 0.5547, Validation Loss: 0.5979
--- Saved model to checkpoints/classification/crumb_bs32/state.pt ---
Epoch 196
Epoch 196, Training Loss: 0.5385, Validation Loss: 0.6069
--- Saved model to checkpoints/classification/crumb_bs32/state.pt ---
Epoch 197
Epoch 197, Training Loss: 0.5389, Validation Loss: 0.5918
--- Saved model to checkpoints/classification/crumb_bs32/state.pt ---
Epoch 198
Epoch 198, Training Loss: 0.5410, Validation Loss: 0.5863 (best)
--- Saved model to checkpoints/classification/crumb_bs32/state.pt ---
Epoch 199
Epoch 199, Training Loss: 0.5431, Validation Loss: 0.6078
--- Saved model to checkpoints/classification/crumb_bs32/state.pt ---
Epoch 200
Epoch 200, Training Loss: 0.5372, Validation Loss: 0.5934
--- Saved model to checkpoints/classification/crumb_bs32/state.pt ---
Epoch 201
Epoch 201, Training Loss: 0.5343, Validation Loss: 0.5855 (best)
--- Saved model to checkpoints/classification/crumb_bs32/state.pt ---
Epoch 202
Epoch 202, Training Loss: 0.5357, Validation Loss: 0.6093
--- Saved model to checkpoints/classification/crumb_bs32/state.pt ---
Epoch 203
Epoch 203, Training Loss: 0.5344, Validation Loss: 0.5979
--- Saved model to checkpoints/classification/crumb_bs32/state.pt ---
Epoch 204
Epoch 204, Training Loss: 0.5326, Validation Loss: 0.6092
--- Saved model to checkpoints/classification/crumb_bs32/state.pt ---
Epoch 205
Epoch 205, Training Loss: 0.5424, Validation Loss: 0.6167
--- Saved model to checkpoints/classification/crumb_bs32/state.pt ---
Epoch 206
Epoch 206, Training Loss: 0.5422, Validation Loss: 0.6001
--- Saved model to checkpoints/classification/crumb_bs32/state.pt ---
Epoch 207
Epoch 207, Training Loss: 0.5367, Validation Loss: 0.6075
--- Saved model to checkpoints/classification/crumb_bs32/state.pt ---
Epoch 208
Epoch 208, Training Loss: 0.5414, Validation Loss: 0.6020
--- Saved model to checkpoints/classification/crumb_bs32/state.pt ---
Epoch 209
Epoch 209, Training Loss: 0.5464, Validation Loss: 0.6137
--- Saved model to checkpoints/classification/crumb_bs32/state.pt ---
Epoch 210
Epoch 210, Training Loss: 0.5375, Validation Loss: 0.6030
--- Saved model to checkpoints/classification/crumb_bs32/state.pt ---
Epoch 211
Epoch 211, Training Loss: 0.5313, Validation Loss: 0.6457
--- Saved model to checkpoints/classification/crumb_bs32/state.pt ---
Epoch 212
Epoch 212, Training Loss: 0.5584, Validation Loss: 0.5934
--- Saved model to checkpoints/classification/crumb_bs32/state.pt ---
Epoch 213
Epoch 213, Training Loss: 0.5354, Validation Loss: 0.6135
--- Saved model to checkpoints/classification/crumb_bs32/state.pt ---
Epoch 214
Epoch 214, Training Loss: 0.5350, Validation Loss: 0.6022
--- Saved model to checkpoints/classification/crumb_bs32/state.pt ---
Epoch 215
Epoch 215, Training Loss: 0.5290, Validation Loss: 0.6078
--- Saved model to checkpoints/classification/crumb_bs32/state.pt ---
Epoch 216
Epoch 216, Training Loss: 0.5542, Validation Loss: 0.6069
--- Saved model to checkpoints/classification/crumb_bs32/state.pt ---
Epoch 217
Epoch 217, Training Loss: 0.5269, Validation Loss: 0.5878
--- Saved model to checkpoints/classification/crumb_bs32/state.pt ---
Epoch 218
Epoch 218, Training Loss: 0.5342, Validation Loss: 0.5888
--- Saved model to checkpoints/classification/crumb_bs32/state.pt ---
Epoch 219
Epoch 219, Training Loss: 0.5246, Validation Loss: 0.6177
--- Saved model to checkpoints/classification/crumb_bs32/state.pt ---
Epoch 220
Epoch 220, Training Loss: 0.5341, Validation Loss: 0.6171
--- Saved model to checkpoints/classification/crumb_bs32/state.pt ---
Epoch 221
Epoch 221, Training Loss: 0.5396, Validation Loss: 0.5933
--- Saved model to checkpoints/classification/crumb_bs32/state.pt ---
Epoch 222
Epoch 222, Training Loss: 0.5455, Validation Loss: 0.6252
--- Saved model to checkpoints/classification/crumb_bs32/state.pt ---
Epoch 223
Epoch 223, Training Loss: 0.5369, Validation Loss: 0.6083
--- Saved model to checkpoints/classification/crumb_bs32/state.pt ---
Epoch 224
Epoch 224, Training Loss: 0.5320, Validation Loss: 0.5993
--- Saved model to checkpoints/classification/crumb_bs32/state.pt ---
Epoch 225
Epoch 225, Training Loss: 0.5386, Validation Loss: 0.6338
--- Saved model to checkpoints/classification/crumb_bs32/state.pt ---
Epoch 226
Epoch 226, Training Loss: 0.5402, Validation Loss: 0.5935
--- Saved model to checkpoints/classification/crumb_bs32/state.pt ---
Epoch 227
Epoch 227, Training Loss: 0.5219, Validation Loss: 0.5952
--- Saved model to checkpoints/classification/crumb_bs32/state.pt ---
Epoch 228
Epoch 228, Training Loss: 0.5337, Validation Loss: 0.6020
--- Saved model to checkpoints/classification/crumb_bs32/state.pt ---
Epoch 229
Epoch 229, Training Loss: 0.5390, Validation Loss: 0.5989
--- Saved model to checkpoints/classification/crumb_bs32/state.pt ---
Epoch 230
Epoch 230, Training Loss: 0.5404, Validation Loss: 0.6107
--- Saved model to checkpoints/classification/crumb_bs32/state.pt ---
Epoch 231
Epoch 231, Training Loss: 0.5200, Validation Loss: 0.5830 (best)
--- Saved model to checkpoints/classification/crumb_bs32/state.pt ---
Epoch 232
Epoch 232, Training Loss: 0.5404, Validation Loss: 0.5940
--- Saved model to checkpoints/classification/crumb_bs32/state.pt ---
Epoch 233
Epoch 233, Training Loss: 0.5196, Validation Loss: 0.5904
--- Saved model to checkpoints/classification/crumb_bs32/state.pt ---
Epoch 234
Epoch 234, Training Loss: 0.5478, Validation Loss: 0.5897
--- Saved model to checkpoints/classification/crumb_bs32/state.pt ---
Epoch 235
Epoch 235, Training Loss: 0.5188, Validation Loss: 0.6254
--- Saved model to checkpoints/classification/crumb_bs32/state.pt ---
Epoch 236
Epoch 236, Training Loss: 0.5285, Validation Loss: 0.6018
--- Saved model to checkpoints/classification/crumb_bs32/state.pt ---
Epoch 237
Epoch 237, Training Loss: 0.5271, Validation Loss: 0.6000
--- Saved model to checkpoints/classification/crumb_bs32/state.pt ---
Epoch 238
Epoch 238, Training Loss: 0.5203, Validation Loss: 0.5961
--- Saved model to checkpoints/classification/crumb_bs32/state.pt ---
Epoch 239
Epoch 239, Training Loss: 0.5182, Validation Loss: 0.6070
--- Saved model to checkpoints/classification/crumb_bs32/state.pt ---
Epoch 240
Epoch 240, Training Loss: 0.5180, Validation Loss: 0.5993
--- Saved model to checkpoints/classification/crumb_bs32/state.pt ---
Epoch 241
Epoch 241, Training Loss: 0.5320, Validation Loss: 0.5965
--- Saved model to checkpoints/classification/crumb_bs32/state.pt ---
Epoch 242
Epoch 242, Training Loss: 0.5329, Validation Loss: 0.5873
--- Saved model to checkpoints/classification/crumb_bs32/state.pt ---
Epoch 243
Epoch 243, Training Loss: 0.5216, Validation Loss: 0.5940
--- Saved model to checkpoints/classification/crumb_bs32/state.pt ---
Epoch 244
Epoch 244, Training Loss: 0.5201, Validation Loss: 0.5866
--- Saved model to checkpoints/classification/crumb_bs32/state.pt ---
Epoch 245
Epoch 245, Training Loss: 0.5116, Validation Loss: 0.5988
--- Saved model to checkpoints/classification/crumb_bs32/state.pt ---
Epoch 246
Epoch 246, Training Loss: 0.5358, Validation Loss: 0.5848
--- Saved model to checkpoints/classification/crumb_bs32/state.pt ---
Epoch 247
Epoch 247, Training Loss: 0.5228, Validation Loss: 0.5998
--- Saved model to checkpoints/classification/crumb_bs32/state.pt ---
Epoch 248
Epoch 248, Training Loss: 0.5519, Validation Loss: 0.5852
--- Saved model to checkpoints/classification/crumb_bs32/state.pt ---
Epoch 249
Epoch 249, Training Loss: 0.5214, Validation Loss: 0.6099
--- Saved model to checkpoints/classification/crumb_bs32/state.pt ---
Epoch 250
Epoch 250, Training Loss: 0.5200, Validation Loss: 0.6244
--- Saved model to checkpoints/classification/crumb_bs32/state.pt ---
Epoch 251
Epoch 251, Training Loss: 0.5213, Validation Loss: 0.5861
--- Saved model to checkpoints/classification/crumb_bs32/state.pt ---
Epoch 252
Epoch 252, Training Loss: 0.5472, Validation Loss: 0.6124
--- Saved model to checkpoints/classification/crumb_bs32/state.pt ---
Epoch 253
Epoch 253, Training Loss: 0.5236, Validation Loss: 0.5853
--- Saved model to checkpoints/classification/crumb_bs32/state.pt ---
Epoch 254
Epoch 254, Training Loss: 0.5237, Validation Loss: 0.5874
--- Saved model to checkpoints/classification/crumb_bs32/state.pt ---
Epoch 255
Epoch 255, Training Loss: 0.5363, Validation Loss: 0.5937
--- Saved model to checkpoints/classification/crumb_bs32/state.pt ---
Epoch 256
Epoch 256, Training Loss: 0.5220, Validation Loss: 0.6005
--- Saved model to checkpoints/classification/crumb_bs32/state.pt ---
Epoch 257
Epoch 257, Training Loss: 0.5107, Validation Loss: 0.5960
--- Saved model to checkpoints/classification/crumb_bs32/state.pt ---
Epoch 258
Epoch 258, Training Loss: 0.5167, Validation Loss: 0.5876
--- Saved model to checkpoints/classification/crumb_bs32/state.pt ---
Epoch 259
Epoch 259, Training Loss: 0.5254, Validation Loss: 0.5911
--- Saved model to checkpoints/classification/crumb_bs32/state.pt ---
Epoch 260
Epoch 260, Training Loss: 0.5194, Validation Loss: 0.6054
--- Saved model to checkpoints/classification/crumb_bs32/state.pt ---
Epoch 261
Epoch 261, Training Loss: 0.5280, Validation Loss: 0.5972
--- Saved model to checkpoints/classification/crumb_bs32/state.pt ---
Epoch 262
Epoch 262, Training Loss: 0.5190, Validation Loss: 0.5780 (best)
--- Saved model to checkpoints/classification/crumb_bs32/state.pt ---
Epoch 263
Epoch 263, Training Loss: 0.5177, Validation Loss: 0.6147
--- Saved model to checkpoints/classification/crumb_bs32/state.pt ---
Epoch 264
Epoch 264, Training Loss: 0.5121, Validation Loss: 0.6260
--- Saved model to checkpoints/classification/crumb_bs32/state.pt ---
Epoch 265
Epoch 265, Training Loss: 0.5217, Validation Loss: 0.6028
--- Saved model to checkpoints/classification/crumb_bs32/state.pt ---
Epoch 266
Epoch 266, Training Loss: 0.5205, Validation Loss: 0.5910
--- Saved model to checkpoints/classification/crumb_bs32/state.pt ---
Epoch 267
Epoch 267, Training Loss: 0.5106, Validation Loss: 0.5855
--- Saved model to checkpoints/classification/crumb_bs32/state.pt ---
Epoch 268
Epoch 268, Training Loss: 0.5204, Validation Loss: 0.5917
--- Saved model to checkpoints/classification/crumb_bs32/state.pt ---
Epoch 269
Epoch 269, Training Loss: 0.5231, Validation Loss: 0.6136
--- Saved model to checkpoints/classification/crumb_bs32/state.pt ---
Epoch 270
Epoch 270, Training Loss: 0.5242, Validation Loss: 0.5861
--- Saved model to checkpoints/classification/crumb_bs32/state.pt ---
Epoch 271
Epoch 271, Training Loss: 0.5253, Validation Loss: 0.6048
--- Saved model to checkpoints/classification/crumb_bs32/state.pt ---
Epoch 272
Epoch 272, Training Loss: 0.5167, Validation Loss: 0.6430
--- Saved model to checkpoints/classification/crumb_bs32/state.pt ---
Epoch 273
Epoch 273, Training Loss: 0.5180, Validation Loss: 0.6067
--- Saved model to checkpoints/classification/crumb_bs32/state.pt ---
Epoch 274
Epoch 274, Training Loss: 0.5107, Validation Loss: 0.5882
--- Saved model to checkpoints/classification/crumb_bs32/state.pt ---
Epoch 275
Epoch 275, Training Loss: 0.5183, Validation Loss: 0.6008
--- Saved model to checkpoints/classification/crumb_bs32/state.pt ---
Epoch 276
Epoch 276, Training Loss: 0.5320, Validation Loss: 0.5880
--- Saved model to checkpoints/classification/crumb_bs32/state.pt ---
Epoch 277
Epoch 277, Training Loss: 0.5256, Validation Loss: 0.6026
--- Saved model to checkpoints/classification/crumb_bs32/state.pt ---
Epoch 278
Epoch 278, Training Loss: 0.5131, Validation Loss: 0.6273
--- Saved model to checkpoints/classification/crumb_bs32/state.pt ---
Epoch 279
Epoch 279, Training Loss: 0.5264, Validation Loss: 0.6126
--- Saved model to checkpoints/classification/crumb_bs32/state.pt ---
Epoch 280
Epoch 280, Training Loss: 0.5107, Validation Loss: 0.5925
--- Saved model to checkpoints/classification/crumb_bs32/state.pt ---
Epoch 281
Epoch 281, Training Loss: 0.5109, Validation Loss: 0.5906
--- Saved model to checkpoints/classification/crumb_bs32/state.pt ---
Epoch 282
Epoch 282, Training Loss: 0.5175, Validation Loss: 0.5972
--- Saved model to checkpoints/classification/crumb_bs32/state.pt ---
Epoch 283
Epoch 283, Training Loss: 0.5216, Validation Loss: 0.6249
--- Saved model to checkpoints/classification/crumb_bs32/state.pt ---
Epoch 284
Epoch 284, Training Loss: 0.5272, Validation Loss: 0.6043
--- Saved model to checkpoints/classification/crumb_bs32/state.pt ---
Epoch 285
Epoch 285, Training Loss: 0.5265, Validation Loss: 0.5891
--- Saved model to checkpoints/classification/crumb_bs32/state.pt ---
Epoch 286
Epoch 286, Training Loss: 0.5206, Validation Loss: 0.6071
--- Saved model to checkpoints/classification/crumb_bs32/state.pt ---
Epoch 287
Epoch 287, Training Loss: 0.5201, Validation Loss: 0.6246
--- Saved model to checkpoints/classification/crumb_bs32/state.pt ---
Epoch 288
Epoch 288, Training Loss: 0.5166, Validation Loss: 0.5856
--- Saved model to checkpoints/classification/crumb_bs32/state.pt ---
Epoch 289
Epoch 289, Training Loss: 0.5139, Validation Loss: 0.5951
--- Saved model to checkpoints/classification/crumb_bs32/state.pt ---
Epoch 290
Epoch 290, Training Loss: 0.5159, Validation Loss: 0.5983
--- Saved model to checkpoints/classification/crumb_bs32/state.pt ---
Epoch 291
Epoch 291, Training Loss: 0.5259, Validation Loss: 0.6074
--- Saved model to checkpoints/classification/crumb_bs32/state.pt ---
Epoch 292
Epoch 292, Training Loss: 0.5097, Validation Loss: 0.6477
--- Saved model to checkpoints/classification/crumb_bs32/state.pt ---
Epoch 293
Epoch 293, Training Loss: 0.5185, Validation Loss: 0.6273
--- Saved model to checkpoints/classification/crumb_bs32/state.pt ---
Epoch 294
Epoch 294, Training Loss: 0.5072, Validation Loss: 0.6003
--- Saved model to checkpoints/classification/crumb_bs32/state.pt ---
Epoch 295
Epoch 295, Training Loss: 0.5022, Validation Loss: 0.6206
--- Saved model to checkpoints/classification/crumb_bs32/state.pt ---
Epoch 296
Epoch 296, Training Loss: 0.5102, Validation Loss: 0.6094
--- Saved model to checkpoints/classification/crumb_bs32/state.pt ---
Epoch 297
Epoch 297, Training Loss: 0.5237, Validation Loss: 0.6095
--- Saved model to checkpoints/classification/crumb_bs32/state.pt ---
Epoch 298
Epoch 298, Training Loss: 0.5167, Validation Loss: 0.6383
--- Saved model to checkpoints/classification/crumb_bs32/state.pt ---
Epoch 299
Epoch 299, Training Loss: 0.5078, Validation Loss: 0.6248
--- Saved model to checkpoints/classification/crumb_bs32/state.pt ---
Restored best model (val loss 0.5780)
--- Saved model to checkpoints/classification/crumb_bs32/state.pt ---
Testing model
Accuracy: 76.84%
