CUDA Memory Cleared. Current VRAM Usage: 0.00 MB
On device cuda
Getting data loader crumb_fits
Loaded FITS stats: noise_rms=0.000324, peak_log=4.066700
Loaded FITS stats: noise_rms=0.000324, peak_log=4.066700
Total unique classes found: 2
Label IDs: [0, 1]
Total images in dataset: 1789
Total batches: 157 (at batch size 8)

============================================================
Run 1/1  |  seed=46  |  tag=my_run_tag_seed46  |  results -> results/edm_baseline/20260922_163802_my_run_tag_seed46_921089
============================================================

Training edm_baseline for 400 epochs
Epoch 0
/idia/users/bevan/pid-radast/classifier-guided-physics-informed-diffusion/.venv/lib/python3.11/site-packages/diffusers/models/attention_processor.py:1259: UserWarning: Memory Efficient attention is a non-deterministic algorithm. To explicitly disable Memory Efficient attention call torch.use_deterministic_algorithms(True, warn_only=False). (Triggered internally at ../aten/src/ATen/native/transformers/cuda/sdp_utils.h:419.)
  hidden_states = F.scaled_dot_product_attention(
/idia/users/bevan/pid-radast/classifier-guided-physics-informed-diffusion/.venv/lib/python3.11/site-packages/torchmetrics/utilities/prints.py:43: UserWarning: Metric `Kernel Inception Distance` will save all extracted features in buffer. For large datasets this may lead to large memory footprint.
  warnings.warn(*args, **kwargs)
Epoch 0 | Loss: 0.487317 | Val: 0.351978
FITS files saved to results/edm_baseline/20260922_163802_my_run_tag_seed46_921089/generated_fits
Computing FID/KID/PDF at epoch 0...
  FID: 241.7978 | KID: 0.270998
  Pixel PDF W-dist: 0.4626
--- Saved model to checkpoints/edm_baseline/my_run_tag_seed46/state.pt ---
Epoch 1
Epoch 1 | Loss: 0.440239 | Val: 0.436204
--- Saved model to checkpoints/edm_baseline/my_run_tag_seed46/state.pt ---
Epoch 2
Epoch 2 | Loss: 0.448669 | Val: 0.410493
--- Saved model to checkpoints/edm_baseline/my_run_tag_seed46/state.pt ---
Epoch 3
Epoch 3 | Loss: 0.429947 | Val: 0.356277
--- Saved model to checkpoints/edm_baseline/my_run_tag_seed46/state.pt ---
Epoch 4
Epoch 4 | Loss: 0.445025 | Val: 0.431040
--- Saved model to checkpoints/edm_baseline/my_run_tag_seed46/state.pt ---
Epoch 5
Epoch 5 | Loss: 0.412770 | Val: 0.390888
--- Saved model to checkpoints/edm_baseline/my_run_tag_seed46/state.pt ---
Epoch 6
Epoch 6 | Loss: 0.411129 | Val: 0.393392
--- Saved model to checkpoints/edm_baseline/my_run_tag_seed46/state.pt ---
Epoch 7
Epoch 7 | Loss: 0.405434 | Val: 0.366760
--- Saved model to checkpoints/edm_baseline/my_run_tag_seed46/state.pt ---
Epoch 8
Epoch 8 | Loss: 0.422255 | Val: 0.350767
--- Saved model to checkpoints/edm_baseline/my_run_tag_seed46/state.pt ---
Epoch 9
Epoch 9 | Loss: 0.423329 | Val: 0.377239
--- Saved model to checkpoints/edm_baseline/my_run_tag_seed46/state.pt ---
Epoch 10
Epoch 10 | Loss: 0.412421 | Val: 0.385120
FITS files saved to results/edm_baseline/20260922_163802_my_run_tag_seed46_921089/generated_fits
Computing FID/KID/PDF at epoch 10...
  FID: 242.0135 | KID: 0.277919
  Pixel PDF W-dist: 0.4159
--- Saved model to checkpoints/edm_baseline/my_run_tag_seed46/state.pt ---
Epoch 11
Epoch 11 | Loss: 0.418153 | Val: 0.443786
--- Saved model to checkpoints/edm_baseline/my_run_tag_seed46/state.pt ---
Epoch 12
Epoch 12 | Loss: 0.402034 | Val: 0.365808
--- Saved model to checkpoints/edm_baseline/my_run_tag_seed46/state.pt ---
Epoch 13
Epoch 13 | Loss: 0.405383 | Val: 0.401665
--- Saved model to checkpoints/edm_baseline/my_run_tag_seed46/state.pt ---
Epoch 14
Epoch 14 | Loss: 0.392431 | Val: 0.386842
--- Saved model to checkpoints/edm_baseline/my_run_tag_seed46/state.pt ---
Epoch 15
Epoch 15 | Loss: 0.408237 | Val: 0.354187
--- Saved model to checkpoints/edm_baseline/my_run_tag_seed46/state.pt ---
Epoch 16
Epoch 16 | Loss: 0.392560 | Val: 0.351418
--- Saved model to checkpoints/edm_baseline/my_run_tag_seed46/state.pt ---
Epoch 17
Epoch 17 | Loss: 0.415822 | Val: 0.358295
--- Saved model to checkpoints/edm_baseline/my_run_tag_seed46/state.pt ---
Epoch 18
Epoch 18 | Loss: 0.378308 | Val: 0.375735
--- Saved model to checkpoints/edm_baseline/my_run_tag_seed46/state.pt ---
Epoch 19
Epoch 19 | Loss: 0.397007 | Val: 0.344682
--- Saved model to checkpoints/edm_baseline/my_run_tag_seed46/state.pt ---
Epoch 20
Epoch 20 | Loss: 0.414542 | Val: 0.413147
FITS files saved to results/edm_baseline/20260922_163802_my_run_tag_seed46_921089/generated_fits
Computing FID/KID/PDF at epoch 20...
  FID: 266.6985 | KID: 0.326401
  Pixel PDF W-dist: 0.3367
--- Saved model to checkpoints/edm_baseline/my_run_tag_seed46/state.pt ---
Epoch 21
Epoch 21 | Loss: 0.399510 | Val: 0.374732
--- Saved model to checkpoints/edm_baseline/my_run_tag_seed46/state.pt ---
Epoch 22
Epoch 22 | Loss: 0.398850 | Val: 0.366799
--- Saved model to checkpoints/edm_baseline/my_run_tag_seed46/state.pt ---
Epoch 23
Epoch 23 | Loss: 0.415373 | Val: 0.405196
--- Saved model to checkpoints/edm_baseline/my_run_tag_seed46/state.pt ---
Epoch 24
Epoch 24 | Loss: 0.407921 | Val: 0.377560
--- Saved model to checkpoints/edm_baseline/my_run_tag_seed46/state.pt ---
Epoch 25
Epoch 25 | Loss: 0.400316 | Val: 0.406617
--- Saved model to checkpoints/edm_baseline/my_run_tag_seed46/state.pt ---
Epoch 26
Epoch 26 | Loss: 0.410002 | Val: 0.411316
--- Saved model to checkpoints/edm_baseline/my_run_tag_seed46/state.pt ---
Epoch 27
Epoch 27 | Loss: 0.400957 | Val: 0.331026
--- Saved model to checkpoints/edm_baseline/my_run_tag_seed46/state.pt ---
Epoch 28
Epoch 28 | Loss: 0.394643 | Val: 0.365285
--- Saved model to checkpoints/edm_baseline/my_run_tag_seed46/state.pt ---
Epoch 29
Epoch 29 | Loss: 0.406740 | Val: 0.372954
--- Saved model to checkpoints/edm_baseline/my_run_tag_seed46/state.pt ---
Epoch 30
Epoch 30 | Loss: 0.406948 | Val: 0.371261
FITS files saved to results/edm_baseline/20260922_163802_my_run_tag_seed46_921089/generated_fits
Computing FID/KID/PDF at epoch 30...
  FID: 264.4807 | KID: 0.340183
  Pixel PDF W-dist: 0.1885
--- Saved model to checkpoints/edm_baseline/my_run_tag_seed46/state.pt ---
Epoch 31
Epoch 31 | Loss: 0.414448 | Val: 0.362583
--- Saved model to checkpoints/edm_baseline/my_run_tag_seed46/state.pt ---
Epoch 32
Epoch 32 | Loss: 0.403626 | Val: 0.343341
--- Saved model to checkpoints/edm_baseline/my_run_tag_seed46/state.pt ---
Epoch 33
Epoch 33 | Loss: 0.387245 | Val: 0.356184
--- Saved model to checkpoints/edm_baseline/my_run_tag_seed46/state.pt ---
Epoch 34
Epoch 34 | Loss: 0.405325 | Val: 0.392933
--- Saved model to checkpoints/edm_baseline/my_run_tag_seed46/state.pt ---
Epoch 35
Epoch 35 | Loss: 0.402114 | Val: 0.396700
--- Saved model to checkpoints/edm_baseline/my_run_tag_seed46/state.pt ---
Epoch 36
Epoch 36 | Loss: 0.393982 | Val: 0.351565
--- Saved model to checkpoints/edm_baseline/my_run_tag_seed46/state.pt ---
Epoch 37
Epoch 37 | Loss: 0.408125 | Val: 0.328789
--- Saved model to checkpoints/edm_baseline/my_run_tag_seed46/state.pt ---
Epoch 38
Epoch 38 | Loss: 0.413403 | Val: 0.372384
--- Saved model to checkpoints/edm_baseline/my_run_tag_seed46/state.pt ---
Epoch 39
Epoch 39 | Loss: 0.401840 | Val: 0.422839
--- Saved model to checkpoints/edm_baseline/my_run_tag_seed46/state.pt ---
Epoch 40
Epoch 40 | Loss: 0.405213 | Val: 0.398053
FITS files saved to results/edm_baseline/20260922_163802_my_run_tag_seed46_921089/generated_fits
Computing FID/KID/PDF at epoch 40...
  FID: 180.0774 | KID: 0.166506
  Pixel PDF W-dist: 0.0745
--- Saved model to checkpoints/edm_baseline/my_run_tag_seed46/state.pt ---
Epoch 41
Epoch 41 | Loss: 0.397226 | Val: 0.393116
--- Saved model to checkpoints/edm_baseline/my_run_tag_seed46/state.pt ---
Epoch 42
Epoch 42 | Loss: 0.388147 | Val: 0.403053
--- Saved model to checkpoints/edm_baseline/my_run_tag_seed46/state.pt ---
Epoch 43
Epoch 43 | Loss: 0.398902 | Val: 0.361049
--- Saved model to checkpoints/edm_baseline/my_run_tag_seed46/state.pt ---
Epoch 44
Epoch 44 | Loss: 0.405124 | Val: 0.374726
--- Saved model to checkpoints/edm_baseline/my_run_tag_seed46/state.pt ---
Epoch 45
Epoch 45 | Loss: 0.419292 | Val: 0.390134
--- Saved model to checkpoints/edm_baseline/my_run_tag_seed46/state.pt ---
Epoch 46
Epoch 46 | Loss: 0.393282 | Val: 0.373134
--- Saved model to checkpoints/edm_baseline/my_run_tag_seed46/state.pt ---
Epoch 47
Epoch 47 | Loss: 0.396816 | Val: 0.356641
--- Saved model to checkpoints/edm_baseline/my_run_tag_seed46/state.pt ---
Epoch 48
Epoch 48 | Loss: 0.413317 | Val: 0.365834
--- Saved model to checkpoints/edm_baseline/my_run_tag_seed46/state.pt ---
Epoch 49
Epoch 49 | Loss: 0.413903 | Val: 0.376054
--- Saved model to checkpoints/edm_baseline/my_run_tag_seed46/state.pt ---
Epoch 50
Epoch 50 | Loss: 0.379210 | Val: 0.410010
FITS files saved to results/edm_baseline/20260922_163802_my_run_tag_seed46_921089/generated_fits
Computing FID/KID/PDF at epoch 50...
  FID: 199.2553 | KID: 0.192050
  Pixel PDF W-dist: 0.0457
--- Saved model to checkpoints/edm_baseline/my_run_tag_seed46/state.pt ---
Epoch 51
Epoch 51 | Loss: 0.417163 | Val: 0.352259
--- Saved model to checkpoints/edm_baseline/my_run_tag_seed46/state.pt ---
Epoch 52
Epoch 52 | Loss: 0.406030 | Val: 0.368444
--- Saved model to checkpoints/edm_baseline/my_run_tag_seed46/state.pt ---
Epoch 53
Epoch 53 | Loss: 0.399338 | Val: 0.362499
--- Saved model to checkpoints/edm_baseline/my_run_tag_seed46/state.pt ---
Epoch 54
Epoch 54 | Loss: 0.391768 | Val: 0.371270
--- Saved model to checkpoints/edm_baseline/my_run_tag_seed46/state.pt ---
Epoch 55
Epoch 55 | Loss: 0.398408 | Val: 0.386272
--- Saved model to checkpoints/edm_baseline/my_run_tag_seed46/state.pt ---
Epoch 56
Epoch 56 | Loss: 0.404021 | Val: 0.334162
--- Saved model to checkpoints/edm_baseline/my_run_tag_seed46/state.pt ---
Epoch 57
Epoch 57 | Loss: 0.400124 | Val: 0.314196
--- Saved model to checkpoints/edm_baseline/my_run_tag_seed46/state.pt ---
Epoch 58
Epoch 58 | Loss: 0.401655 | Val: 0.346280
--- Saved model to checkpoints/edm_baseline/my_run_tag_seed46/state.pt ---
Epoch 59
Epoch 59 | Loss: 0.399698 | Val: 0.372391
--- Saved model to checkpoints/edm_baseline/my_run_tag_seed46/state.pt ---
Epoch 60
Epoch 60 | Loss: 0.395423 | Val: 0.361703
FITS files saved to results/edm_baseline/20260922_163802_my_run_tag_seed46_921089/generated_fits
Computing FID/KID/PDF at epoch 60...
  FID: 174.3937 | KID: 0.179539
  Pixel PDF W-dist: 0.0360
--- Saved model to checkpoints/edm_baseline/my_run_tag_seed46/state.pt ---
Epoch 61
Epoch 61 | Loss: 0.409821 | Val: 0.378832
--- Saved model to checkpoints/edm_baseline/my_run_tag_seed46/state.pt ---
Epoch 62
Epoch 62 | Loss: 0.402123 | Val: 0.403961
--- Saved model to checkpoints/edm_baseline/my_run_tag_seed46/state.pt ---
Epoch 63
Epoch 63 | Loss: 0.408758 | Val: 0.359720
--- Saved model to checkpoints/edm_baseline/my_run_tag_seed46/state.pt ---
Epoch 64
Epoch 64 | Loss: 0.389290 | Val: 0.333988
--- Saved model to checkpoints/edm_baseline/my_run_tag_seed46/state.pt ---
Epoch 65
Epoch 65 | Loss: 0.413868 | Val: 0.358818
--- Saved model to checkpoints/edm_baseline/my_run_tag_seed46/state.pt ---
Epoch 66
Epoch 66 | Loss: 0.406144 | Val: 0.321857
--- Saved model to checkpoints/edm_baseline/my_run_tag_seed46/state.pt ---
Epoch 67
Epoch 67 | Loss: 0.403314 | Val: 0.372569
--- Saved model to checkpoints/edm_baseline/my_run_tag_seed46/state.pt ---
Epoch 68
Epoch 68 | Loss: 0.395506 | Val: 0.337089
--- Saved model to checkpoints/edm_baseline/my_run_tag_seed46/state.pt ---
Epoch 69
Epoch 69 | Loss: 0.400174 | Val: 0.345586
--- Saved model to checkpoints/edm_baseline/my_run_tag_seed46/state.pt ---
Epoch 70
Epoch 70 | Loss: 0.372942 | Val: 0.402251
FITS files saved to results/edm_baseline/20260922_163802_my_run_tag_seed46_921089/generated_fits
Computing FID/KID/PDF at epoch 70...
  FID: 179.9698 | KID: 0.196682
  Pixel PDF W-dist: 0.0274
--- Saved model to checkpoints/edm_baseline/my_run_tag_seed46/state.pt ---
Epoch 71
Epoch 71 | Loss: 0.388437 | Val: 0.377188
--- Saved model to checkpoints/edm_baseline/my_run_tag_seed46/state.pt ---
Epoch 72
Epoch 72 | Loss: 0.374681 | Val: 0.418808
--- Saved model to checkpoints/edm_baseline/my_run_tag_seed46/state.pt ---
Epoch 73
Epoch 73 | Loss: 0.392125 | Val: 0.351001
--- Saved model to checkpoints/edm_baseline/my_run_tag_seed46/state.pt ---
Epoch 74
Epoch 74 | Loss: 0.404134 | Val: 0.391994
--- Saved model to checkpoints/edm_baseline/my_run_tag_seed46/state.pt ---
Epoch 75
Epoch 75 | Loss: 0.397919 | Val: 0.391284
--- Saved model to checkpoints/edm_baseline/my_run_tag_seed46/state.pt ---
Epoch 76
Epoch 76 | Loss: 0.382378 | Val: 0.380978
--- Saved model to checkpoints/edm_baseline/my_run_tag_seed46/state.pt ---
Epoch 77
Epoch 77 | Loss: 0.402047 | Val: 0.359045
--- Saved model to checkpoints/edm_baseline/my_run_tag_seed46/state.pt ---
Epoch 78
Epoch 78 | Loss: 0.397677 | Val: 0.370433
--- Saved model to checkpoints/edm_baseline/my_run_tag_seed46/state.pt ---
Epoch 79
Epoch 79 | Loss: 0.400608 | Val: 0.401134
--- Saved model to checkpoints/edm_baseline/my_run_tag_seed46/state.pt ---
Epoch 80
Epoch 80 | Loss: 0.413354 | Val: 0.357541
FITS files saved to results/edm_baseline/20260922_163802_my_run_tag_seed46_921089/generated_fits
Computing FID/KID/PDF at epoch 80...
  FID: 171.5122 | KID: 0.182688
  Pixel PDF W-dist: 0.0172
--- Saved model to checkpoints/edm_baseline/my_run_tag_seed46/state.pt ---
Epoch 81
Epoch 81 | Loss: 0.398087 | Val: 0.365375
--- Saved model to checkpoints/edm_baseline/my_run_tag_seed46/state.pt ---
Epoch 82
Epoch 82 | Loss: 0.403877 | Val: 0.369137
--- Saved model to checkpoints/edm_baseline/my_run_tag_seed46/state.pt ---
Epoch 83
Epoch 83 | Loss: 0.394540 | Val: 0.329247
--- Saved model to checkpoints/edm_baseline/my_run_tag_seed46/state.pt ---
Epoch 84
Epoch 84 | Loss: 0.384625 | Val: 0.372813
--- Saved model to checkpoints/edm_baseline/my_run_tag_seed46/state.pt ---
Epoch 85
Epoch 85 | Loss: 0.397009 | Val: 0.367130
--- Saved model to checkpoints/edm_baseline/my_run_tag_seed46/state.pt ---
Epoch 86
Epoch 86 | Loss: 0.389666 | Val: 0.355653
--- Saved model to checkpoints/edm_baseline/my_run_tag_seed46/state.pt ---
Epoch 87
Epoch 87 | Loss: 0.394666 | Val: 0.374033
--- Saved model to checkpoints/edm_baseline/my_run_tag_seed46/state.pt ---
Epoch 88
Epoch 88 | Loss: 0.390438 | Val: 0.377384
--- Saved model to checkpoints/edm_baseline/my_run_tag_seed46/state.pt ---
Epoch 89
Epoch 89 | Loss: 0.376339 | Val: 0.384478
--- Saved model to checkpoints/edm_baseline/my_run_tag_seed46/state.pt ---
Epoch 90
Epoch 90 | Loss: 0.386661 | Val: 0.374680
FITS files saved to results/edm_baseline/20260922_163802_my_run_tag_seed46_921089/generated_fits
Computing FID/KID/PDF at epoch 90...
  FID: 167.5259 | KID: 0.173297
  Pixel PDF W-dist: 0.0146
--- Saved model to checkpoints/edm_baseline/my_run_tag_seed46/state.pt ---
Epoch 91
Epoch 91 | Loss: 0.391625 | Val: 0.430755
--- Saved model to checkpoints/edm_baseline/my_run_tag_seed46/state.pt ---
Epoch 92
Epoch 92 | Loss: 0.393081 | Val: 0.369759
--- Saved model to checkpoints/edm_baseline/my_run_tag_seed46/state.pt ---
Epoch 93
Epoch 93 | Loss: 0.400505 | Val: 0.368876
--- Saved model to checkpoints/edm_baseline/my_run_tag_seed46/state.pt ---
Epoch 94
Epoch 94 | Loss: 0.399048 | Val: 0.378656
--- Saved model to checkpoints/edm_baseline/my_run_tag_seed46/state.pt ---
Epoch 95
Epoch 95 | Loss: 0.386182 | Val: 0.354584
--- Saved model to checkpoints/edm_baseline/my_run_tag_seed46/state.pt ---
Epoch 96
Epoch 96 | Loss: 0.371941 | Val: 0.383772
--- Saved model to checkpoints/edm_baseline/my_run_tag_seed46/state.pt ---
Epoch 97
Epoch 97 | Loss: 0.395753 | Val: 0.362168
--- Saved model to checkpoints/edm_baseline/my_run_tag_seed46/state.pt ---
Epoch 98
Epoch 98 | Loss: 0.403023 | Val: 0.347507
--- Saved model to checkpoints/edm_baseline/my_run_tag_seed46/state.pt ---
Epoch 99
Epoch 99 | Loss: 0.398074 | Val: 0.382723
--- Saved model to checkpoints/edm_baseline/my_run_tag_seed46/state.pt ---
Epoch 100
Epoch 100 | Loss: 0.396645 | Val: 0.380256
FITS files saved to results/edm_baseline/20260922_163802_my_run_tag_seed46_921089/generated_fits
Computing FID/KID/PDF at epoch 100...
  FID: 154.4406 | KID: 0.159830
  Pixel PDF W-dist: 0.0188
--- Saved model to checkpoints/edm_baseline/my_run_tag_seed46/state.pt ---
Epoch 101
Epoch 101 | Loss: 0.383372 | Val: 0.377178
--- Saved model to checkpoints/edm_baseline/my_run_tag_seed46/state.pt ---
Epoch 102
Epoch 102 | Loss: 0.392357 | Val: 0.388592
--- Saved model to checkpoints/edm_baseline/my_run_tag_seed46/state.pt ---
Epoch 103
Epoch 103 | Loss: 0.404087 | Val: 0.393903
--- Saved model to checkpoints/edm_baseline/my_run_tag_seed46/state.pt ---
Epoch 104
Epoch 104 | Loss: 0.386756 | Val: 0.378731
--- Saved model to checkpoints/edm_baseline/my_run_tag_seed46/state.pt ---
Epoch 105
Epoch 105 | Loss: 0.385700 | Val: 0.337823
--- Saved model to checkpoints/edm_baseline/my_run_tag_seed46/state.pt ---
Epoch 106
Epoch 106 | Loss: 0.410558 | Val: 0.355003
--- Saved model to checkpoints/edm_baseline/my_run_tag_seed46/state.pt ---
Epoch 107
Epoch 107 | Loss: 0.393042 | Val: 0.392548
--- Saved model to checkpoints/edm_baseline/my_run_tag_seed46/state.pt ---
Epoch 108
Epoch 108 | Loss: 0.393559 | Val: 0.370368
--- Saved model to checkpoints/edm_baseline/my_run_tag_seed46/state.pt ---
Epoch 109
Epoch 109 | Loss: 0.388322 | Val: 0.429367
--- Saved model to checkpoints/edm_baseline/my_run_tag_seed46/state.pt ---
Epoch 110
Epoch 110 | Loss: 0.385049 | Val: 0.345625
FITS files saved to results/edm_baseline/20260922_163802_my_run_tag_seed46_921089/generated_fits
Computing FID/KID/PDF at epoch 110...
  FID: 158.9389 | KID: 0.163248
  Pixel PDF W-dist: 0.0229
--- Saved model to checkpoints/edm_baseline/my_run_tag_seed46/state.pt ---
Epoch 111
Epoch 111 | Loss: 0.377997 | Val: 0.413746
--- Saved model to checkpoints/edm_baseline/my_run_tag_seed46/state.pt ---
Epoch 112
Epoch 112 | Loss: 0.396931 | Val: 0.360951
--- Saved model to checkpoints/edm_baseline/my_run_tag_seed46/state.pt ---
Epoch 113
Epoch 113 | Loss: 0.382264 | Val: 0.355162
--- Saved model to checkpoints/edm_baseline/my_run_tag_seed46/state.pt ---
Epoch 114
Epoch 114 | Loss: 0.406001 | Val: 0.374991
--- Saved model to checkpoints/edm_baseline/my_run_tag_seed46/state.pt ---
Epoch 115
Epoch 115 | Loss: 0.389772 | Val: 0.402377
--- Saved model to checkpoints/edm_baseline/my_run_tag_seed46/state.pt ---
Epoch 116
Epoch 116 | Loss: 0.379565 | Val: 0.418723
--- Saved model to checkpoints/edm_baseline/my_run_tag_seed46/state.pt ---
Epoch 117
Epoch 117 | Loss: 0.403765 | Val: 0.353994
--- Saved model to checkpoints/edm_baseline/my_run_tag_seed46/state.pt ---
Epoch 118
Epoch 118 | Loss: 0.397393 | Val: 0.348980
--- Saved model to checkpoints/edm_baseline/my_run_tag_seed46/state.pt ---
Epoch 119
Epoch 119 | Loss: 0.389912 | Val: 0.346778
--- Saved model to checkpoints/edm_baseline/my_run_tag_seed46/state.pt ---
Epoch 120
Epoch 120 | Loss: 0.388672 | Val: 0.380889
FITS files saved to results/edm_baseline/20260922_163802_my_run_tag_seed46_921089/generated_fits
Computing FID/KID/PDF at epoch 120...
  FID: 157.8186 | KID: 0.158937
  Pixel PDF W-dist: 0.0242
--- Saved model to checkpoints/edm_baseline/my_run_tag_seed46/state.pt ---
Epoch 121
Epoch 121 | Loss: 0.381281 | Val: 0.379094
--- Saved model to checkpoints/edm_baseline/my_run_tag_seed46/state.pt ---
Epoch 122
Epoch 122 | Loss: 0.387362 | Val: 0.356915
--- Saved model to checkpoints/edm_baseline/my_run_tag_seed46/state.pt ---
Epoch 123
Epoch 123 | Loss: 0.411685 | Val: 0.357479
--- Saved model to checkpoints/edm_baseline/my_run_tag_seed46/state.pt ---
Epoch 124
Epoch 124 | Loss: 0.393796 | Val: 0.336481
--- Saved model to checkpoints/edm_baseline/my_run_tag_seed46/state.pt ---
Epoch 125
Epoch 125 | Loss: 0.392197 | Val: 0.323459
--- Saved model to checkpoints/edm_baseline/my_run_tag_seed46/state.pt ---
Epoch 126
Epoch 126 | Loss: 0.398561 | Val: 0.359647
--- Saved model to checkpoints/edm_baseline/my_run_tag_seed46/state.pt ---
Epoch 127
Epoch 127 | Loss: 0.389716 | Val: 0.357744
--- Saved model to checkpoints/edm_baseline/my_run_tag_seed46/state.pt ---
Epoch 128
Epoch 128 | Loss: 0.396179 | Val: 0.356522
--- Saved model to checkpoints/edm_baseline/my_run_tag_seed46/state.pt ---
Epoch 129
Epoch 129 | Loss: 0.388330 | Val: 0.344409
--- Saved model to checkpoints/edm_baseline/my_run_tag_seed46/state.pt ---
Epoch 130
Epoch 130 | Loss: 0.387501 | Val: 0.405394
FITS files saved to results/edm_baseline/20260922_163802_my_run_tag_seed46_921089/generated_fits
Computing FID/KID/PDF at epoch 130...
  FID: 156.4648 | KID: 0.163170
  Pixel PDF W-dist: 0.0271
--- Saved model to checkpoints/edm_baseline/my_run_tag_seed46/state.pt ---
Epoch 131
Epoch 131 | Loss: 0.398832 | Val: 0.316148
--- Saved model to checkpoints/edm_baseline/my_run_tag_seed46/state.pt ---
Epoch 132
Epoch 132 | Loss: 0.399527 | Val: 0.383282
--- Saved model to checkpoints/edm_baseline/my_run_tag_seed46/state.pt ---
Epoch 133
Epoch 133 | Loss: 0.400078 | Val: 0.360935
--- Saved model to checkpoints/edm_baseline/my_run_tag_seed46/state.pt ---
Epoch 134
Epoch 134 | Loss: 0.381984 | Val: 0.381312
--- Saved model to checkpoints/edm_baseline/my_run_tag_seed46/state.pt ---
Epoch 135
Epoch 135 | Loss: 0.392741 | Val: 0.358054
--- Saved model to checkpoints/edm_baseline/my_run_tag_seed46/state.pt ---
Epoch 136
Epoch 136 | Loss: 0.383197 | Val: 0.400745
--- Saved model to checkpoints/edm_baseline/my_run_tag_seed46/state.pt ---
Epoch 137
Epoch 137 | Loss: 0.401291 | Val: 0.356000
--- Saved model to checkpoints/edm_baseline/my_run_tag_seed46/state.pt ---
Epoch 138
Epoch 138 | Loss: 0.398685 | Val: 0.368764
--- Saved model to checkpoints/edm_baseline/my_run_tag_seed46/state.pt ---
Epoch 139
Epoch 139 | Loss: 0.387607 | Val: 0.353311
--- Saved model to checkpoints/edm_baseline/my_run_tag_seed46/state.pt ---
Epoch 140
Epoch 140 | Loss: 0.398505 | Val: 0.402447
FITS files saved to results/edm_baseline/20260922_163802_my_run_tag_seed46_921089/generated_fits
Computing FID/KID/PDF at epoch 140...
  FID: 149.1589 | KID: 0.151500
  Pixel PDF W-dist: 0.0270
--- Saved model to checkpoints/edm_baseline/my_run_tag_seed46/state.pt ---
Epoch 141
Epoch 141 | Loss: 0.393358 | Val: 0.382007
--- Saved model to checkpoints/edm_baseline/my_run_tag_seed46/state.pt ---
Epoch 142
Epoch 142 | Loss: 0.385417 | Val: 0.352437
--- Saved model to checkpoints/edm_baseline/my_run_tag_seed46/state.pt ---
Epoch 143
Epoch 143 | Loss: 0.394045 | Val: 0.414356
--- Saved model to checkpoints/edm_baseline/my_run_tag_seed46/state.pt ---
Epoch 144
Epoch 144 | Loss: 0.386961 | Val: 0.350862
--- Saved model to checkpoints/edm_baseline/my_run_tag_seed46/state.pt ---
Epoch 145
Epoch 145 | Loss: 0.401483 | Val: 0.374168
--- Saved model to checkpoints/edm_baseline/my_run_tag_seed46/state.pt ---
Epoch 146
Epoch 146 | Loss: 0.394979 | Val: 0.330219
--- Saved model to checkpoints/edm_baseline/my_run_tag_seed46/state.pt ---
Epoch 147
Epoch 147 | Loss: 0.375038 | Val: 0.309168
--- Saved model to checkpoints/edm_baseline/my_run_tag_seed46/state.pt ---
Epoch 148
Epoch 148 | Loss: 0.383589 | Val: 0.351700
--- Saved model to checkpoints/edm_baseline/my_run_tag_seed46/state.pt ---
Epoch 149
Epoch 149 | Loss: 0.386911 | Val: 0.371945
--- Saved model to checkpoints/edm_baseline/my_run_tag_seed46/state.pt ---
Epoch 150
Epoch 150 | Loss: 0.396845 | Val: 0.347083
FITS files saved to results/edm_baseline/20260922_163802_my_run_tag_seed46_921089/generated_fits
Computing FID/KID/PDF at epoch 150...
  FID: 150.7132 | KID: 0.149870
  Pixel PDF W-dist: 0.0245
--- Saved model to checkpoints/edm_baseline/my_run_tag_seed46/state.pt ---
Epoch 151
Epoch 151 | Loss: 0.383831 | Val: 0.386936
--- Saved model to checkpoints/edm_baseline/my_run_tag_seed46/state.pt ---
Epoch 152
Epoch 152 | Loss: 0.376994 | Val: 0.415283
--- Saved model to checkpoints/edm_baseline/my_run_tag_seed46/state.pt ---
Epoch 153
Epoch 153 | Loss: 0.401352 | Val: 0.440002
--- Saved model to checkpoints/edm_baseline/my_run_tag_seed46/state.pt ---
Epoch 154
Epoch 154 | Loss: 0.391559 | Val: 0.410018
--- Saved model to checkpoints/edm_baseline/my_run_tag_seed46/state.pt ---
Epoch 155
Epoch 155 | Loss: 0.375746 | Val: 0.342035
--- Saved model to checkpoints/edm_baseline/my_run_tag_seed46/state.pt ---
Epoch 156
Epoch 156 | Loss: 0.392619 | Val: 0.371949
--- Saved model to checkpoints/edm_baseline/my_run_tag_seed46/state.pt ---
Epoch 157
Epoch 157 | Loss: 0.376908 | Val: 0.369128
--- Saved model to checkpoints/edm_baseline/my_run_tag_seed46/state.pt ---
Epoch 158
Epoch 158 | Loss: 0.393050 | Val: 0.391189
--- Saved model to checkpoints/edm_baseline/my_run_tag_seed46/state.pt ---
Epoch 159
Epoch 159 | Loss: 0.396383 | Val: 0.323982
--- Saved model to checkpoints/edm_baseline/my_run_tag_seed46/state.pt ---
Epoch 160
Epoch 160 | Loss: 0.382409 | Val: 0.308492
FITS files saved to results/edm_baseline/20260922_163802_my_run_tag_seed46_921089/generated_fits
Computing FID/KID/PDF at epoch 160...
  FID: 144.4739 | KID: 0.141693
  Pixel PDF W-dist: 0.0247
--- Saved model to checkpoints/edm_baseline/my_run_tag_seed46/state.pt ---
Epoch 161
Epoch 161 | Loss: 0.370048 | Val: 0.375839
--- Saved model to checkpoints/edm_baseline/my_run_tag_seed46/state.pt ---
Epoch 162
Epoch 162 | Loss: 0.382473 | Val: 0.355349
--- Saved model to checkpoints/edm_baseline/my_run_tag_seed46/state.pt ---
Epoch 163
Epoch 163 | Loss: 0.392495 | Val: 0.395522
--- Saved model to checkpoints/edm_baseline/my_run_tag_seed46/state.pt ---
Epoch 164
Epoch 164 | Loss: 0.377840 | Val: 0.370829
--- Saved model to checkpoints/edm_baseline/my_run_tag_seed46/state.pt ---
Epoch 165
Epoch 165 | Loss: 0.371630 | Val: 0.367900
--- Saved model to checkpoints/edm_baseline/my_run_tag_seed46/state.pt ---
Epoch 166
Epoch 166 | Loss: 0.399394 | Val: 0.391942
--- Saved model to checkpoints/edm_baseline/my_run_tag_seed46/state.pt ---
Epoch 167
Epoch 167 | Loss: 0.395125 | Val: 0.367121
--- Saved model to checkpoints/edm_baseline/my_run_tag_seed46/state.pt ---
Epoch 168
Epoch 168 | Loss: 0.391363 | Val: 0.397288
--- Saved model to checkpoints/edm_baseline/my_run_tag_seed46/state.pt ---
Epoch 169
Epoch 169 | Loss: 0.385865 | Val: 0.355100
--- Saved model to checkpoints/edm_baseline/my_run_tag_seed46/state.pt ---
Epoch 170
Epoch 170 | Loss: 0.381083 | Val: 0.360279
FITS files saved to results/edm_baseline/20260922_163802_my_run_tag_seed46_921089/generated_fits
Computing FID/KID/PDF at epoch 170...
  FID: 141.9958 | KID: 0.135210
  Pixel PDF W-dist: 0.0216
--- Saved model to checkpoints/edm_baseline/my_run_tag_seed46/state.pt ---
Epoch 171
Epoch 171 | Loss: 0.398243 | Val: 0.343785
--- Saved model to checkpoints/edm_baseline/my_run_tag_seed46/state.pt ---
Epoch 172
Epoch 172 | Loss: 0.382780 | Val: 0.359887
--- Saved model to checkpoints/edm_baseline/my_run_tag_seed46/state.pt ---
Epoch 173
Epoch 173 | Loss: 0.384104 | Val: 0.381084
--- Saved model to checkpoints/edm_baseline/my_run_tag_seed46/state.pt ---
Epoch 174
Epoch 174 | Loss: 0.387506 | Val: 0.373007
--- Saved model to checkpoints/edm_baseline/my_run_tag_seed46/state.pt ---
Epoch 175
Epoch 175 | Loss: 0.384672 | Val: 0.380538
--- Saved model to checkpoints/edm_baseline/my_run_tag_seed46/state.pt ---
Epoch 176
Epoch 176 | Loss: 0.393343 | Val: 0.384076
--- Saved model to checkpoints/edm_baseline/my_run_tag_seed46/state.pt ---
Epoch 177
Epoch 177 | Loss: 0.402673 | Val: 0.390856
--- Saved model to checkpoints/edm_baseline/my_run_tag_seed46/state.pt ---
Epoch 178
Epoch 178 | Loss: 0.390255 | Val: 0.380506
--- Saved model to checkpoints/edm_baseline/my_run_tag_seed46/state.pt ---
Epoch 179
Epoch 179 | Loss: 0.381032 | Val: 0.341415
--- Saved model to checkpoints/edm_baseline/my_run_tag_seed46/state.pt ---
Epoch 180
Epoch 180 | Loss: 0.385871 | Val: 0.367897
FITS files saved to results/edm_baseline/20260922_163802_my_run_tag_seed46_921089/generated_fits
Computing FID/KID/PDF at epoch 180...
  FID: 126.4454 | KID: 0.109492
  Pixel PDF W-dist: 0.0193
--- Saved model to checkpoints/edm_baseline/my_run_tag_seed46/state.pt ---
Epoch 181
Epoch 181 | Loss: 0.375705 | Val: 0.352521
--- Saved model to checkpoints/edm_baseline/my_run_tag_seed46/state.pt ---
Epoch 182
Epoch 182 | Loss: 0.385382 | Val: 0.388765
--- Saved model to checkpoints/edm_baseline/my_run_tag_seed46/state.pt ---
Epoch 183
Epoch 183 | Loss: 0.391951 | Val: 0.373224
--- Saved model to checkpoints/edm_baseline/my_run_tag_seed46/state.pt ---
Epoch 184
Epoch 184 | Loss: 0.391703 | Val: 0.379286
--- Saved model to checkpoints/edm_baseline/my_run_tag_seed46/state.pt ---
Epoch 185
Epoch 185 | Loss: 0.384082 | Val: 0.380848
--- Saved model to checkpoints/edm_baseline/my_run_tag_seed46/state.pt ---
Epoch 186
Epoch 186 | Loss: 0.396670 | Val: 0.404165
--- Saved model to checkpoints/edm_baseline/my_run_tag_seed46/state.pt ---
Epoch 187
Epoch 187 | Loss: 0.395363 | Val: 0.354202
--- Saved model to checkpoints/edm_baseline/my_run_tag_seed46/state.pt ---
Epoch 188
Epoch 188 | Loss: 0.378441 | Val: 0.375276
--- Saved model to checkpoints/edm_baseline/my_run_tag_seed46/state.pt ---
Epoch 189
Epoch 189 | Loss: 0.396962 | Val: 0.405839
--- Saved model to checkpoints/edm_baseline/my_run_tag_seed46/state.pt ---
Epoch 190
Epoch 190 | Loss: 0.378509 | Val: 0.333202
FITS files saved to results/edm_baseline/20260922_163802_my_run_tag_seed46_921089/generated_fits
Computing FID/KID/PDF at epoch 190...
  FID: 111.9886 | KID: 0.088610
  Pixel PDF W-dist: 0.0181
--- Saved model to checkpoints/edm_baseline/my_run_tag_seed46/state.pt ---
Epoch 191
Epoch 191 | Loss: 0.376857 | Val: 0.391234
--- Saved model to checkpoints/edm_baseline/my_run_tag_seed46/state.pt ---
Epoch 192
Epoch 192 | Loss: 0.388853 | Val: 0.342353
--- Saved model to checkpoints/edm_baseline/my_run_tag_seed46/state.pt ---
Epoch 193
Epoch 193 | Loss: 0.380830 | Val: 0.358539
--- Saved model to checkpoints/edm_baseline/my_run_tag_seed46/state.pt ---
Epoch 194
Epoch 194 | Loss: 0.389605 | Val: 0.352187
--- Saved model to checkpoints/edm_baseline/my_run_tag_seed46/state.pt ---
Epoch 195
Epoch 195 | Loss: 0.361329 | Val: 0.316587
--- Saved model to checkpoints/edm_baseline/my_run_tag_seed46/state.pt ---
Epoch 196
Epoch 196 | Loss: 0.387110 | Val: 0.385174
--- Saved model to checkpoints/edm_baseline/my_run_tag_seed46/state.pt ---
Epoch 197
Epoch 197 | Loss: 0.377579 | Val: 0.374749
--- Saved model to checkpoints/edm_baseline/my_run_tag_seed46/state.pt ---
Epoch 198
Epoch 198 | Loss: 0.392778 | Val: 0.365143
--- Saved model to checkpoints/edm_baseline/my_run_tag_seed46/state.pt ---
Epoch 199
Epoch 199 | Loss: 0.378679 | Val: 0.345661
--- Saved model to checkpoints/edm_baseline/my_run_tag_seed46/state.pt ---
Epoch 200
Epoch 200 | Loss: 0.374385 | Val: 0.410378
FITS files saved to results/edm_baseline/20260922_163802_my_run_tag_seed46_921089/generated_fits
Computing FID/KID/PDF at epoch 200...
  FID: 105.5579 | KID: 0.077018
  Pixel PDF W-dist: 0.0143
--- Saved model to checkpoints/edm_baseline/my_run_tag_seed46/state.pt ---
Epoch 201
Epoch 201 | Loss: 0.378547 | Val: 0.384198
--- Saved model to checkpoints/edm_baseline/my_run_tag_seed46/state.pt ---
Epoch 202
Epoch 202 | Loss: 0.384947 | Val: 0.389432
--- Saved model to checkpoints/edm_baseline/my_run_tag_seed46/state.pt ---
Epoch 203
Epoch 203 | Loss: 0.383150 | Val: 0.343707
--- Saved model to checkpoints/edm_baseline/my_run_tag_seed46/state.pt ---
Epoch 204
Epoch 204 | Loss: 0.369280 | Val: 0.356349
--- Saved model to checkpoints/edm_baseline/my_run_tag_seed46/state.pt ---
Epoch 205
Epoch 205 | Loss: 0.389557 | Val: 0.359873
--- Saved model to checkpoints/edm_baseline/my_run_tag_seed46/state.pt ---
Epoch 206
Epoch 206 | Loss: 0.376550 | Val: 0.339513
--- Saved model to checkpoints/edm_baseline/my_run_tag_seed46/state.pt ---
Epoch 207
Epoch 207 | Loss: 0.388959 | Val: 0.434284
--- Saved model to checkpoints/edm_baseline/my_run_tag_seed46/state.pt ---
Epoch 208
Epoch 208 | Loss: 0.379884 | Val: 0.377745
--- Saved model to checkpoints/edm_baseline/my_run_tag_seed46/state.pt ---
Epoch 209
Epoch 209 | Loss: 0.369261 | Val: 0.415021
--- Saved model to checkpoints/edm_baseline/my_run_tag_seed46/state.pt ---
Epoch 210
Epoch 210 | Loss: 0.380009 | Val: 0.379079
FITS files saved to results/edm_baseline/20260922_163802_my_run_tag_seed46_921089/generated_fits
Computing FID/KID/PDF at epoch 210...
  FID: 105.7883 | KID: 0.075372
  Pixel PDF W-dist: 0.0126
--- Saved model to checkpoints/edm_baseline/my_run_tag_seed46/state.pt ---
Epoch 211
Epoch 211 | Loss: 0.381993 | Val: 0.294102
--- Saved model to checkpoints/edm_baseline/my_run_tag_seed46/state.pt ---
Epoch 212
Epoch 212 | Loss: 0.375031 | Val: 0.368965
--- Saved model to checkpoints/edm_baseline/my_run_tag_seed46/state.pt ---
Epoch 213
Epoch 213 | Loss: 0.357964 | Val: 0.350296
--- Saved model to checkpoints/edm_baseline/my_run_tag_seed46/state.pt ---
Epoch 214
Epoch 214 | Loss: 0.389055 | Val: 0.383455
--- Saved model to checkpoints/edm_baseline/my_run_tag_seed46/state.pt ---
Epoch 215
Epoch 215 | Loss: 0.388625 | Val: 0.397281
--- Saved model to checkpoints/edm_baseline/my_run_tag_seed46/state.pt ---
Epoch 216
Epoch 216 | Loss: 0.373017 | Val: 0.314216
--- Saved model to checkpoints/edm_baseline/my_run_tag_seed46/state.pt ---
Epoch 217
Epoch 217 | Loss: 0.385681 | Val: 0.321031
--- Saved model to checkpoints/edm_baseline/my_run_tag_seed46/state.pt ---
Epoch 218
Epoch 218 | Loss: 0.381047 | Val: 0.376462
--- Saved model to checkpoints/edm_baseline/my_run_tag_seed46/state.pt ---
Epoch 219
Epoch 219 | Loss: 0.372344 | Val: 0.406511
--- Saved model to checkpoints/edm_baseline/my_run_tag_seed46/state.pt ---
Epoch 220
Epoch 220 | Loss: 0.383696 | Val: 0.402622
FITS files saved to results/edm_baseline/20260922_163802_my_run_tag_seed46_921089/generated_fits
Computing FID/KID/PDF at epoch 220...
  FID: 117.0685 | KID: 0.099316
  Pixel PDF W-dist: 0.0128
--- Saved model to checkpoints/edm_baseline/my_run_tag_seed46/state.pt ---
Epoch 221
Epoch 221 | Loss: 0.378770 | Val: 0.318214
--- Saved model to checkpoints/edm_baseline/my_run_tag_seed46/state.pt ---
Epoch 222
Epoch 222 | Loss: 0.367184 | Val: 0.381473
--- Saved model to checkpoints/edm_baseline/my_run_tag_seed46/state.pt ---
Epoch 223
Epoch 223 | Loss: 0.389226 | Val: 0.361593
--- Saved model to checkpoints/edm_baseline/my_run_tag_seed46/state.pt ---
Epoch 224
Epoch 224 | Loss: 0.376047 | Val: 0.374165
--- Saved model to checkpoints/edm_baseline/my_run_tag_seed46/state.pt ---
Epoch 225
Epoch 225 | Loss: 0.373108 | Val: 0.385714
--- Saved model to checkpoints/edm_baseline/my_run_tag_seed46/state.pt ---
Epoch 226
Epoch 226 | Loss: 0.382042 | Val: 0.338627
--- Saved model to checkpoints/edm_baseline/my_run_tag_seed46/state.pt ---
Epoch 227
Epoch 227 | Loss: 0.383157 | Val: 0.384251
--- Saved model to checkpoints/edm_baseline/my_run_tag_seed46/state.pt ---
Epoch 228
Epoch 228 | Loss: 0.371898 | Val: 0.374960
--- Saved model to checkpoints/edm_baseline/my_run_tag_seed46/state.pt ---
Epoch 229
Epoch 229 | Loss: 0.377974 | Val: 0.375768
--- Saved model to checkpoints/edm_baseline/my_run_tag_seed46/state.pt ---
Epoch 230
Epoch 230 | Loss: 0.363964 | Val: 0.350550
FITS files saved to results/edm_baseline/20260922_163802_my_run_tag_seed46_921089/generated_fits
Computing FID/KID/PDF at epoch 230...
  FID: 101.1731 | KID: 0.068550
  Pixel PDF W-dist: 0.0088
--- Saved model to checkpoints/edm_baseline/my_run_tag_seed46/state.pt ---
Epoch 231
Epoch 231 | Loss: 0.385731 | Val: 0.337305
--- Saved model to checkpoints/edm_baseline/my_run_tag_seed46/state.pt ---
Epoch 232
Epoch 232 | Loss: 0.369207 | Val: 0.334783
--- Saved model to checkpoints/edm_baseline/my_run_tag_seed46/state.pt ---
Epoch 233
Epoch 233 | Loss: 0.359769 | Val: 0.349920
--- Saved model to checkpoints/edm_baseline/my_run_tag_seed46/state.pt ---
Epoch 234
Epoch 234 | Loss: 0.359430 | Val: 0.372209
--- Saved model to checkpoints/edm_baseline/my_run_tag_seed46/state.pt ---
Epoch 235
Epoch 235 | Loss: 0.387957 | Val: 0.362801
--- Saved model to checkpoints/edm_baseline/my_run_tag_seed46/state.pt ---
Epoch 236
Epoch 236 | Loss: 0.374955 | Val: 0.353400
--- Saved model to checkpoints/edm_baseline/my_run_tag_seed46/state.pt ---
Epoch 237
Epoch 237 | Loss: 0.368630 | Val: 0.433127
--- Saved model to checkpoints/edm_baseline/my_run_tag_seed46/state.pt ---
Epoch 238
Epoch 238 | Loss: 0.371823 | Val: 0.379434
--- Saved model to checkpoints/edm_baseline/my_run_tag_seed46/state.pt ---
Epoch 239
Epoch 239 | Loss: 0.371091 | Val: 0.369037
--- Saved model to checkpoints/edm_baseline/my_run_tag_seed46/state.pt ---
Epoch 240
Epoch 240 | Loss: 0.381105 | Val: 0.373211
FITS files saved to results/edm_baseline/20260922_163802_my_run_tag_seed46_921089/generated_fits
Computing FID/KID/PDF at epoch 240...
  FID: 94.4861 | KID: 0.064346
  Pixel PDF W-dist: 0.0071
--- Saved model to checkpoints/edm_baseline/my_run_tag_seed46/state.pt ---
Epoch 241
Epoch 241 | Loss: 0.388368 | Val: 0.344632
--- Saved model to checkpoints/edm_baseline/my_run_tag_seed46/state.pt ---
Epoch 242
Epoch 242 | Loss: 0.377457 | Val: 0.377553
--- Saved model to checkpoints/edm_baseline/my_run_tag_seed46/state.pt ---
Epoch 243
Epoch 243 | Loss: 0.373795 | Val: 0.363585
--- Saved model to checkpoints/edm_baseline/my_run_tag_seed46/state.pt ---
Epoch 244
Epoch 244 | Loss: 0.366628 | Val: 0.327728
--- Saved model to checkpoints/edm_baseline/my_run_tag_seed46/state.pt ---
Epoch 245
Epoch 245 | Loss: 0.365261 | Val: 0.386855
--- Saved model to checkpoints/edm_baseline/my_run_tag_seed46/state.pt ---
Epoch 246
Epoch 246 | Loss: 0.378146 | Val: 0.371943
--- Saved model to checkpoints/edm_baseline/my_run_tag_seed46/state.pt ---
Epoch 247
Epoch 247 | Loss: 0.387119 | Val: 0.336296
--- Saved model to checkpoints/edm_baseline/my_run_tag_seed46/state.pt ---
Epoch 248
Epoch 248 | Loss: 0.377939 | Val: 0.394622
--- Saved model to checkpoints/edm_baseline/my_run_tag_seed46/state.pt ---
Epoch 249
Epoch 249 | Loss: 0.359585 | Val: 0.357363
--- Saved model to checkpoints/edm_baseline/my_run_tag_seed46/state.pt ---
Epoch 250
Epoch 250 | Loss: 0.371102 | Val: 0.425278
FITS files saved to results/edm_baseline/20260922_163802_my_run_tag_seed46_921089/generated_fits
Computing FID/KID/PDF at epoch 250...
  FID: 112.6359 | KID: 0.089624
  Pixel PDF W-dist: 0.0073
--- Saved model to checkpoints/edm_baseline/my_run_tag_seed46/state.pt ---
Epoch 251
Epoch 251 | Loss: 0.373891 | Val: 0.390915
--- Saved model to checkpoints/edm_baseline/my_run_tag_seed46/state.pt ---
Epoch 252
Epoch 252 | Loss: 0.379544 | Val: 0.353975
--- Saved model to checkpoints/edm_baseline/my_run_tag_seed46/state.pt ---
Epoch 253
Epoch 253 | Loss: 0.387166 | Val: 0.421143
--- Saved model to checkpoints/edm_baseline/my_run_tag_seed46/state.pt ---
Epoch 254
Epoch 254 | Loss: 0.380987 | Val: 0.384518
--- Saved model to checkpoints/edm_baseline/my_run_tag_seed46/state.pt ---
Epoch 255
Epoch 255 | Loss: 0.367398 | Val: 0.411370
--- Saved model to checkpoints/edm_baseline/my_run_tag_seed46/state.pt ---
Epoch 256
Epoch 256 | Loss: 0.372718 | Val: 0.422605
--- Saved model to checkpoints/edm_baseline/my_run_tag_seed46/state.pt ---
Epoch 257
Epoch 257 | Loss: 0.370771 | Val: 0.379787
--- Saved model to checkpoints/edm_baseline/my_run_tag_seed46/state.pt ---
Epoch 258
Epoch 258 | Loss: 0.361690 | Val: 0.393866
--- Saved model to checkpoints/edm_baseline/my_run_tag_seed46/state.pt ---
Epoch 259
Epoch 259 | Loss: 0.374992 | Val: 0.362937
--- Saved model to checkpoints/edm_baseline/my_run_tag_seed46/state.pt ---
Epoch 260
Epoch 260 | Loss: 0.367956 | Val: 0.355438
FITS files saved to results/edm_baseline/20260922_163802_my_run_tag_seed46_921089/generated_fits
Computing FID/KID/PDF at epoch 260...
  FID: 97.7627 | KID: 0.063785
  Pixel PDF W-dist: 0.0049
--- Saved model to checkpoints/edm_baseline/my_run_tag_seed46/state.pt ---
Epoch 261
Epoch 261 | Loss: 0.382906 | Val: 0.376023
--- Saved model to checkpoints/edm_baseline/my_run_tag_seed46/state.pt ---
Epoch 262
Epoch 262 | Loss: 0.356189 | Val: 0.317038
--- Saved model to checkpoints/edm_baseline/my_run_tag_seed46/state.pt ---
Epoch 263
Epoch 263 | Loss: 0.376312 | Val: 0.378524
--- Saved model to checkpoints/edm_baseline/my_run_tag_seed46/state.pt ---
Epoch 264
Epoch 264 | Loss: 0.368340 | Val: 0.377628
--- Saved model to checkpoints/edm_baseline/my_run_tag_seed46/state.pt ---
Epoch 265
Epoch 265 | Loss: 0.383240 | Val: 0.365728
--- Saved model to checkpoints/edm_baseline/my_run_tag_seed46/state.pt ---
Epoch 266
Epoch 266 | Loss: 0.383451 | Val: 0.341729
--- Saved model to checkpoints/edm_baseline/my_run_tag_seed46/state.pt ---
Epoch 267
Epoch 267 | Loss: 0.351948 | Val: 0.368817
--- Saved model to checkpoints/edm_baseline/my_run_tag_seed46/state.pt ---
Epoch 268
Epoch 268 | Loss: 0.369251 | Val: 0.340126
--- Saved model to checkpoints/edm_baseline/my_run_tag_seed46/state.pt ---
Epoch 269
Epoch 269 | Loss: 0.377769 | Val: 0.375791
--- Saved model to checkpoints/edm_baseline/my_run_tag_seed46/state.pt ---
Epoch 270
Epoch 270 | Loss: 0.386465 | Val: 0.401812
FITS files saved to results/edm_baseline/20260922_163802_my_run_tag_seed46_921089/generated_fits
Computing FID/KID/PDF at epoch 270...
  FID: 101.9767 | KID: 0.069043
  Pixel PDF W-dist: 0.0047
--- Saved model to checkpoints/edm_baseline/my_run_tag_seed46/state.pt ---
Epoch 271
Epoch 271 | Loss: 0.370115 | Val: 0.421300
--- Saved model to checkpoints/edm_baseline/my_run_tag_seed46/state.pt ---
Epoch 272
Epoch 272 | Loss: 0.359356 | Val: 0.350464
--- Saved model to checkpoints/edm_baseline/my_run_tag_seed46/state.pt ---
Epoch 273
Epoch 273 | Loss: 0.375649 | Val: 0.383997
--- Saved model to checkpoints/edm_baseline/my_run_tag_seed46/state.pt ---
Epoch 274
Epoch 274 | Loss: 0.380377 | Val: 0.392987
--- Saved model to checkpoints/edm_baseline/my_run_tag_seed46/state.pt ---
Epoch 275
Epoch 275 | Loss: 0.366259 | Val: 0.368262
--- Saved model to checkpoints/edm_baseline/my_run_tag_seed46/state.pt ---
Epoch 276
Epoch 276 | Loss: 0.377642 | Val: 0.380452
--- Saved model to checkpoints/edm_baseline/my_run_tag_seed46/state.pt ---
Epoch 277
Epoch 277 | Loss: 0.374222 | Val: 0.437149
--- Saved model to checkpoints/edm_baseline/my_run_tag_seed46/state.pt ---
Epoch 278
Epoch 278 | Loss: 0.380610 | Val: 0.375059
--- Saved model to checkpoints/edm_baseline/my_run_tag_seed46/state.pt ---
Epoch 279
Epoch 279 | Loss: 0.355905 | Val: 0.363108
--- Saved model to checkpoints/edm_baseline/my_run_tag_seed46/state.pt ---
Epoch 280
Epoch 280 | Loss: 0.367201 | Val: 0.427065
FITS files saved to results/edm_baseline/20260922_163802_my_run_tag_seed46_921089/generated_fits
Computing FID/KID/PDF at epoch 280...
  FID: 105.6999 | KID: 0.072158
  Pixel PDF W-dist: 0.0044
--- Saved model to checkpoints/edm_baseline/my_run_tag_seed46/state.pt ---
Epoch 281
Epoch 281 | Loss: 0.367989 | Val: 0.388491
--- Saved model to checkpoints/edm_baseline/my_run_tag_seed46/state.pt ---
Epoch 282
Epoch 282 | Loss: 0.380325 | Val: 0.329040
--- Saved model to checkpoints/edm_baseline/my_run_tag_seed46/state.pt ---
Epoch 283
Epoch 283 | Loss: 0.372579 | Val: 0.398521
--- Saved model to checkpoints/edm_baseline/my_run_tag_seed46/state.pt ---
Epoch 284
Epoch 284 | Loss: 0.371056 | Val: 0.419038
--- Saved model to checkpoints/edm_baseline/my_run_tag_seed46/state.pt ---
Epoch 285
Epoch 285 | Loss: 0.360102 | Val: 0.300946
--- Saved model to checkpoints/edm_baseline/my_run_tag_seed46/state.pt ---
Epoch 286
Epoch 286 | Loss: 0.364808 | Val: 0.419522
--- Saved model to checkpoints/edm_baseline/my_run_tag_seed46/state.pt ---
Epoch 287
Epoch 287 | Loss: 0.360715 | Val: 0.366981
--- Saved model to checkpoints/edm_baseline/my_run_tag_seed46/state.pt ---
Epoch 288
Epoch 288 | Loss: 0.360494 | Val: 0.406877
--- Saved model to checkpoints/edm_baseline/my_run_tag_seed46/state.pt ---
Epoch 289
Epoch 289 | Loss: 0.374260 | Val: 0.368718
--- Saved model to checkpoints/edm_baseline/my_run_tag_seed46/state.pt ---
Epoch 290
Epoch 290 | Loss: 0.382624 | Val: 0.343816
FITS files saved to results/edm_baseline/20260922_163802_my_run_tag_seed46_921089/generated_fits
Computing FID/KID/PDF at epoch 290...
  FID: 106.3825 | KID: 0.073649
  Pixel PDF W-dist: 0.0043
--- Saved model to checkpoints/edm_baseline/my_run_tag_seed46/state.pt ---
Epoch 291
Epoch 291 | Loss: 0.359661 | Val: 0.381699
--- Saved model to checkpoints/edm_baseline/my_run_tag_seed46/state.pt ---
Epoch 292
Epoch 292 | Loss: 0.369891 | Val: 0.374293
--- Saved model to checkpoints/edm_baseline/my_run_tag_seed46/state.pt ---
Epoch 293
Epoch 293 | Loss: 0.368438 | Val: 0.327645
--- Saved model to checkpoints/edm_baseline/my_run_tag_seed46/state.pt ---
Epoch 294
Epoch 294 | Loss: 0.371898 | Val: 0.410804
--- Saved model to checkpoints/edm_baseline/my_run_tag_seed46/state.pt ---
Epoch 295
Epoch 295 | Loss: 0.370044 | Val: 0.394619
--- Saved model to checkpoints/edm_baseline/my_run_tag_seed46/state.pt ---
Epoch 296
Epoch 296 | Loss: 0.373029 | Val: 0.360439
--- Saved model to checkpoints/edm_baseline/my_run_tag_seed46/state.pt ---
Epoch 297
Epoch 297 | Loss: 0.380936 | Val: 0.419928
--- Saved model to checkpoints/edm_baseline/my_run_tag_seed46/state.pt ---
Epoch 298
Epoch 298 | Loss: 0.372931 | Val: 0.391459
--- Saved model to checkpoints/edm_baseline/my_run_tag_seed46/state.pt ---
Epoch 299
Epoch 299 | Loss: 0.359897 | Val: 0.376859
--- Saved model to checkpoints/edm_baseline/my_run_tag_seed46/state.pt ---
Epoch 300
Epoch 300 | Loss: 0.349980 | Val: 0.331518
FITS files saved to results/edm_baseline/20260922_163802_my_run_tag_seed46_921089/generated_fits
Computing FID/KID/PDF at epoch 300...
  FID: 104.6478 | KID: 0.070953
  Pixel PDF W-dist: 0.0049
--- Saved model to checkpoints/edm_baseline/my_run_tag_seed46/state.pt ---
Epoch 301
Epoch 301 | Loss: 0.372007 | Val: 0.346865
--- Saved model to checkpoints/edm_baseline/my_run_tag_seed46/state.pt ---
Epoch 302
Epoch 302 | Loss: 0.375359 | Val: 0.377948
--- Saved model to checkpoints/edm_baseline/my_run_tag_seed46/state.pt ---
Epoch 303
Epoch 303 | Loss: 0.396074 | Val: 0.377101
--- Saved model to checkpoints/edm_baseline/my_run_tag_seed46/state.pt ---
Epoch 304
Epoch 304 | Loss: 0.370015 | Val: 0.350280
--- Saved model to checkpoints/edm_baseline/my_run_tag_seed46/state.pt ---
Epoch 305
Epoch 305 | Loss: 0.369718 | Val: 0.381079
--- Saved model to checkpoints/edm_baseline/my_run_tag_seed46/state.pt ---
Epoch 306
Epoch 306 | Loss: 0.379843 | Val: 0.385359
--- Saved model to checkpoints/edm_baseline/my_run_tag_seed46/state.pt ---
Epoch 307
Epoch 307 | Loss: 0.365761 | Val: 0.381433
--- Saved model to checkpoints/edm_baseline/my_run_tag_seed46/state.pt ---
Epoch 308
Epoch 308 | Loss: 0.389274 | Val: 0.402532
--- Saved model to checkpoints/edm_baseline/my_run_tag_seed46/state.pt ---
Epoch 309
Epoch 309 | Loss: 0.364183 | Val: 0.374320
--- Saved model to checkpoints/edm_baseline/my_run_tag_seed46/state.pt ---
Epoch 310
Epoch 310 | Loss: 0.369614 | Val: 0.375659
FITS files saved to results/edm_baseline/20260922_163802_my_run_tag_seed46_921089/generated_fits
Computing FID/KID/PDF at epoch 310...
  FID: 106.7448 | KID: 0.069990
  Pixel PDF W-dist: 0.0053
--- Saved model to checkpoints/edm_baseline/my_run_tag_seed46/state.pt ---
Epoch 311
Epoch 311 | Loss: 0.362833 | Val: 0.329470
--- Saved model to checkpoints/edm_baseline/my_run_tag_seed46/state.pt ---
Epoch 312
Epoch 312 | Loss: 0.354456 | Val: 0.397149
--- Saved model to checkpoints/edm_baseline/my_run_tag_seed46/state.pt ---
Epoch 313
Epoch 313 | Loss: 0.366284 | Val: 0.329779
--- Saved model to checkpoints/edm_baseline/my_run_tag_seed46/state.pt ---
Epoch 314
Epoch 314 | Loss: 0.364586 | Val: 0.326357
--- Saved model to checkpoints/edm_baseline/my_run_tag_seed46/state.pt ---
Epoch 315
Epoch 315 | Loss: 0.369708 | Val: 0.393932
--- Saved model to checkpoints/edm_baseline/my_run_tag_seed46/state.pt ---
Epoch 316
Epoch 316 | Loss: 0.365437 | Val: 0.366168
--- Saved model to checkpoints/edm_baseline/my_run_tag_seed46/state.pt ---
Epoch 317
Epoch 317 | Loss: 0.362632 | Val: 0.396708
--- Saved model to checkpoints/edm_baseline/my_run_tag_seed46/state.pt ---
Epoch 318
Epoch 318 | Loss: 0.374641 | Val: 0.392674
--- Saved model to checkpoints/edm_baseline/my_run_tag_seed46/state.pt ---
Epoch 319
Epoch 319 | Loss: 0.360160 | Val: 0.379577
--- Saved model to checkpoints/edm_baseline/my_run_tag_seed46/state.pt ---
Epoch 320
Epoch 320 | Loss: 0.344427 | Val: 0.421375
FITS files saved to results/edm_baseline/20260922_163802_my_run_tag_seed46_921089/generated_fits
Computing FID/KID/PDF at epoch 320...
  FID: 95.6115 | KID: 0.062444
  Pixel PDF W-dist: 0.0058
--- Saved model to checkpoints/edm_baseline/my_run_tag_seed46/state.pt ---
Epoch 321
Epoch 321 | Loss: 0.365373 | Val: 0.376815
--- Saved model to checkpoints/edm_baseline/my_run_tag_seed46/state.pt ---
Epoch 322
Epoch 322 | Loss: 0.367853 | Val: 0.325106
--- Saved model to checkpoints/edm_baseline/my_run_tag_seed46/state.pt ---
Epoch 323
Epoch 323 | Loss: 0.360878 | Val: 0.389857
--- Saved model to checkpoints/edm_baseline/my_run_tag_seed46/state.pt ---
Epoch 324
Epoch 324 | Loss: 0.351207 | Val: 0.362560
--- Saved model to checkpoints/edm_baseline/my_run_tag_seed46/state.pt ---
Epoch 325
Epoch 325 | Loss: 0.359630 | Val: 0.315012
--- Saved model to checkpoints/edm_baseline/my_run_tag_seed46/state.pt ---
Epoch 326
Epoch 326 | Loss: 0.359059 | Val: 0.381527
--- Saved model to checkpoints/edm_baseline/my_run_tag_seed46/state.pt ---
Epoch 327
Epoch 327 | Loss: 0.365700 | Val: 0.368091
--- Saved model to checkpoints/edm_baseline/my_run_tag_seed46/state.pt ---
Epoch 328
Epoch 328 | Loss: 0.382060 | Val: 0.409117
--- Saved model to checkpoints/edm_baseline/my_run_tag_seed46/state.pt ---
Epoch 329
Epoch 329 | Loss: 0.366468 | Val: 0.342726
--- Saved model to checkpoints/edm_baseline/my_run_tag_seed46/state.pt ---
Epoch 330
Epoch 330 | Loss: 0.385833 | Val: 0.385316
FITS files saved to results/edm_baseline/20260922_163802_my_run_tag_seed46_921089/generated_fits
Computing FID/KID/PDF at epoch 330...
  FID: 101.0203 | KID: 0.061288
  Pixel PDF W-dist: 0.0065
--- Saved model to checkpoints/edm_baseline/my_run_tag_seed46/state.pt ---
Epoch 331
Epoch 331 | Loss: 0.360918 | Val: 0.314090
--- Saved model to checkpoints/edm_baseline/my_run_tag_seed46/state.pt ---
Epoch 332
Epoch 332 | Loss: 0.367858 | Val: 0.416557
--- Saved model to checkpoints/edm_baseline/my_run_tag_seed46/state.pt ---
Epoch 333
Epoch 333 | Loss: 0.357592 | Val: 0.381180
--- Saved model to checkpoints/edm_baseline/my_run_tag_seed46/state.pt ---
Epoch 334
Epoch 334 | Loss: 0.358822 | Val: 0.413806
--- Saved model to checkpoints/edm_baseline/my_run_tag_seed46/state.pt ---
Epoch 335
Epoch 335 | Loss: 0.377369 | Val: 0.342476
--- Saved model to checkpoints/edm_baseline/my_run_tag_seed46/state.pt ---
Epoch 336
Epoch 336 | Loss: 0.370797 | Val: 0.415141
--- Saved model to checkpoints/edm_baseline/my_run_tag_seed46/state.pt ---
Epoch 337
Epoch 337 | Loss: 0.348669 | Val: 0.357642
--- Saved model to checkpoints/edm_baseline/my_run_tag_seed46/state.pt ---
Epoch 338
Epoch 338 | Loss: 0.375732 | Val: 0.380950
--- Saved model to checkpoints/edm_baseline/my_run_tag_seed46/state.pt ---
Epoch 339
Epoch 339 | Loss: 0.365366 | Val: 0.354614
--- Saved model to checkpoints/edm_baseline/my_run_tag_seed46/state.pt ---
Epoch 340
Epoch 340 | Loss: 0.365239 | Val: 0.366442
FITS files saved to results/edm_baseline/20260922_163802_my_run_tag_seed46_921089/generated_fits
Computing FID/KID/PDF at epoch 340...
  FID: 101.0148 | KID: 0.068269
  Pixel PDF W-dist: 0.0090
--- Saved model to checkpoints/edm_baseline/my_run_tag_seed46/state.pt ---
Epoch 341
Epoch 341 | Loss: 0.358119 | Val: 0.350758
--- Saved model to checkpoints/edm_baseline/my_run_tag_seed46/state.pt ---
Epoch 342
Epoch 342 | Loss: 0.367883 | Val: 0.434364
--- Saved model to checkpoints/edm_baseline/my_run_tag_seed46/state.pt ---
Epoch 343
Epoch 343 | Loss: 0.344510 | Val: 0.385604
--- Saved model to checkpoints/edm_baseline/my_run_tag_seed46/state.pt ---
Epoch 344
Epoch 344 | Loss: 0.347261 | Val: 0.389886
--- Saved model to checkpoints/edm_baseline/my_run_tag_seed46/state.pt ---
Epoch 345
Epoch 345 | Loss: 0.375682 | Val: 0.377193
--- Saved model to checkpoints/edm_baseline/my_run_tag_seed46/state.pt ---
Epoch 346
Epoch 346 | Loss: 0.362726 | Val: 0.343668
--- Saved model to checkpoints/edm_baseline/my_run_tag_seed46/state.pt ---
Epoch 347
Epoch 347 | Loss: 0.353133 | Val: 0.350129
--- Saved model to checkpoints/edm_baseline/my_run_tag_seed46/state.pt ---
Epoch 348
Epoch 348 | Loss: 0.359244 | Val: 0.369849
--- Saved model to checkpoints/edm_baseline/my_run_tag_seed46/state.pt ---
Epoch 349
Epoch 349 | Loss: 0.346137 | Val: 0.351961
--- Saved model to checkpoints/edm_baseline/my_run_tag_seed46/state.pt ---
Epoch 350
Epoch 350 | Loss: 0.366516 | Val: 0.363428
FITS files saved to results/edm_baseline/20260922_163802_my_run_tag_seed46_921089/generated_fits
Computing FID/KID/PDF at epoch 350...
  FID: 106.4187 | KID: 0.074206
  Pixel PDF W-dist: 0.0069
--- Saved model to checkpoints/edm_baseline/my_run_tag_seed46/state.pt ---
Epoch 351
Epoch 351 | Loss: 0.338756 | Val: 0.358654
--- Saved model to checkpoints/edm_baseline/my_run_tag_seed46/state.pt ---
Epoch 352
Epoch 352 | Loss: 0.376166 | Val: 0.352439
--- Saved model to checkpoints/edm_baseline/my_run_tag_seed46/state.pt ---
Epoch 353
Epoch 353 | Loss: 0.355397 | Val: 0.341020
--- Saved model to checkpoints/edm_baseline/my_run_tag_seed46/state.pt ---
Epoch 354
Epoch 354 | Loss: 0.373187 | Val: 0.398727
--- Saved model to checkpoints/edm_baseline/my_run_tag_seed46/state.pt ---
Epoch 355
Epoch 355 | Loss: 0.358427 | Val: 0.378064
--- Saved model to checkpoints/edm_baseline/my_run_tag_seed46/state.pt ---
Epoch 356
Epoch 356 | Loss: 0.365331 | Val: 0.374031
--- Saved model to checkpoints/edm_baseline/my_run_tag_seed46/state.pt ---
Epoch 357
Epoch 357 | Loss: 0.361901 | Val: 0.353364
--- Saved model to checkpoints/edm_baseline/my_run_tag_seed46/state.pt ---
Epoch 358
Epoch 358 | Loss: 0.364710 | Val: 0.336646
--- Saved model to checkpoints/edm_baseline/my_run_tag_seed46/state.pt ---
Epoch 359
Epoch 359 | Loss: 0.365118 | Val: 0.375345
--- Saved model to checkpoints/edm_baseline/my_run_tag_seed46/state.pt ---
Epoch 360
Epoch 360 | Loss: 0.360714 | Val: 0.404567
FITS files saved to results/edm_baseline/20260922_163802_my_run_tag_seed46_921089/generated_fits
Computing FID/KID/PDF at epoch 360...
  FID: 101.2098 | KID: 0.074719
  Pixel PDF W-dist: 0.0071
--- Saved model to checkpoints/edm_baseline/my_run_tag_seed46/state.pt ---
Epoch 361
Epoch 361 | Loss: 0.356902 | Val: 0.398510
--- Saved model to checkpoints/edm_baseline/my_run_tag_seed46/state.pt ---
Epoch 362
Epoch 362 | Loss: 0.360396 | Val: 0.394688
--- Saved model to checkpoints/edm_baseline/my_run_tag_seed46/state.pt ---
Epoch 363
Epoch 363 | Loss: 0.358203 | Val: 0.392190
--- Saved model to checkpoints/edm_baseline/my_run_tag_seed46/state.pt ---
Epoch 364
Epoch 364 | Loss: 0.359380 | Val: 0.360646
--- Saved model to checkpoints/edm_baseline/my_run_tag_seed46/state.pt ---
Epoch 365
Epoch 365 | Loss: 0.351500 | Val: 0.347174
--- Saved model to checkpoints/edm_baseline/my_run_tag_seed46/state.pt ---
Epoch 366
Epoch 366 | Loss: 0.355676 | Val: 0.414274
--- Saved model to checkpoints/edm_baseline/my_run_tag_seed46/state.pt ---
Epoch 367
Epoch 367 | Loss: 0.344354 | Val: 0.358036
--- Saved model to checkpoints/edm_baseline/my_run_tag_seed46/state.pt ---
Epoch 368
Epoch 368 | Loss: 0.348687 | Val: 0.340362
--- Saved model to checkpoints/edm_baseline/my_run_tag_seed46/state.pt ---
Epoch 369
Epoch 369 | Loss: 0.353450 | Val: 0.333245
--- Saved model to checkpoints/edm_baseline/my_run_tag_seed46/state.pt ---
Epoch 370
Epoch 370 | Loss: 0.347294 | Val: 0.338910
FITS files saved to results/edm_baseline/20260922_163802_my_run_tag_seed46_921089/generated_fits
Computing FID/KID/PDF at epoch 370...
  FID: 105.9394 | KID: 0.073026
  Pixel PDF W-dist: 0.0082
--- Saved model to checkpoints/edm_baseline/my_run_tag_seed46/state.pt ---
Epoch 371
Epoch 371 | Loss: 0.350867 | Val: 0.366129
--- Saved model to checkpoints/edm_baseline/my_run_tag_seed46/state.pt ---
Epoch 372
Epoch 372 | Loss: 0.352967 | Val: 0.357644
--- Saved model to checkpoints/edm_baseline/my_run_tag_seed46/state.pt ---
Epoch 373
Epoch 373 | Loss: 0.355261 | Val: 0.325403
--- Saved model to checkpoints/edm_baseline/my_run_tag_seed46/state.pt ---
Epoch 374
Epoch 374 | Loss: 0.365075 | Val: 0.420643
--- Saved model to checkpoints/edm_baseline/my_run_tag_seed46/state.pt ---
Epoch 375
Epoch 375 | Loss: 0.361565 | Val: 0.366412
--- Saved model to checkpoints/edm_baseline/my_run_tag_seed46/state.pt ---
Epoch 376
Epoch 376 | Loss: 0.351870 | Val: 0.336339
--- Saved model to checkpoints/edm_baseline/my_run_tag_seed46/state.pt ---
Epoch 377
Epoch 377 | Loss: 0.381033 | Val: 0.346550
--- Saved model to checkpoints/edm_baseline/my_run_tag_seed46/state.pt ---
Epoch 378
Epoch 378 | Loss: 0.347654 | Val: 0.403434
--- Saved model to checkpoints/edm_baseline/my_run_tag_seed46/state.pt ---
Epoch 379
Epoch 379 | Loss: 0.360471 | Val: 0.388813
--- Saved model to checkpoints/edm_baseline/my_run_tag_seed46/state.pt ---
Epoch 380
Epoch 380 | Loss: 0.359340 | Val: 0.380638
FITS files saved to results/edm_baseline/20260922_163802_my_run_tag_seed46_921089/generated_fits
Computing FID/KID/PDF at epoch 380...
  FID: 100.8565 | KID: 0.070289
  Pixel PDF W-dist: 0.0091
--- Saved model to checkpoints/edm_baseline/my_run_tag_seed46/state.pt ---
Epoch 381
Epoch 381 | Loss: 0.363868 | Val: 0.407398
--- Saved model to checkpoints/edm_baseline/my_run_tag_seed46/state.pt ---
Epoch 382
Epoch 382 | Loss: 0.364682 | Val: 0.424518
--- Saved model to checkpoints/edm_baseline/my_run_tag_seed46/state.pt ---
Epoch 383
Epoch 383 | Loss: 0.346638 | Val: 0.361656
--- Saved model to checkpoints/edm_baseline/my_run_tag_seed46/state.pt ---
Epoch 384
Epoch 384 | Loss: 0.381063 | Val: 0.340063
--- Saved model to checkpoints/edm_baseline/my_run_tag_seed46/state.pt ---
Epoch 385
Epoch 385 | Loss: 0.361308 | Val: 0.392892
--- Saved model to checkpoints/edm_baseline/my_run_tag_seed46/state.pt ---
Epoch 386
Epoch 386 | Loss: 0.347273 | Val: 0.331696
--- Saved model to checkpoints/edm_baseline/my_run_tag_seed46/state.pt ---
Epoch 387
Epoch 387 | Loss: 0.353872 | Val: 0.383114
--- Saved model to checkpoints/edm_baseline/my_run_tag_seed46/state.pt ---
Epoch 388
Epoch 388 | Loss: 0.354928 | Val: 0.410788
--- Saved model to checkpoints/edm_baseline/my_run_tag_seed46/state.pt ---
Epoch 389
Epoch 389 | Loss: 0.370876 | Val: 0.351837
--- Saved model to checkpoints/edm_baseline/my_run_tag_seed46/state.pt ---
Epoch 390
Epoch 390 | Loss: 0.354435 | Val: 0.322527
FITS files saved to results/edm_baseline/20260922_163802_my_run_tag_seed46_921089/generated_fits
Computing FID/KID/PDF at epoch 390...
  FID: 93.4996 | KID: 0.055113
  Pixel PDF W-dist: 0.0107
--- Saved model to checkpoints/edm_baseline/my_run_tag_seed46/state.pt ---
Epoch 391
Epoch 391 | Loss: 0.353697 | Val: 0.332176
--- Saved model to checkpoints/edm_baseline/my_run_tag_seed46/state.pt ---
Epoch 392
Epoch 392 | Loss: 0.349840 | Val: 0.382208
--- Saved model to checkpoints/edm_baseline/my_run_tag_seed46/state.pt ---
Epoch 393
Epoch 393 | Loss: 0.360682 | Val: 0.392629
--- Saved model to checkpoints/edm_baseline/my_run_tag_seed46/state.pt ---
Epoch 394
Epoch 394 | Loss: 0.368705 | Val: 0.365172
--- Saved model to checkpoints/edm_baseline/my_run_tag_seed46/state.pt ---
Epoch 395
Epoch 395 | Loss: 0.355604 | Val: 0.350603
--- Saved model to checkpoints/edm_baseline/my_run_tag_seed46/state.pt ---
Epoch 396
Epoch 396 | Loss: 0.368322 | Val: 0.395191
--- Saved model to checkpoints/edm_baseline/my_run_tag_seed46/state.pt ---
Epoch 397
Epoch 397 | Loss: 0.358773 | Val: 0.376815
--- Saved model to checkpoints/edm_baseline/my_run_tag_seed46/state.pt ---
Epoch 398
Epoch 398 | Loss: 0.355580 | Val: 0.357565
--- Saved model to checkpoints/edm_baseline/my_run_tag_seed46/state.pt ---
Epoch 399
Epoch 399 | Loss: 0.332928 | Val: 0.367853
--- Saved model to checkpoints/edm_baseline/my_run_tag_seed46/state.pt ---
FITS files saved to results/edm_baseline/20260922_163802_my_run_tag_seed46_921089/generated_fits
Loss graph saved to results/edm_baseline/20260922_163802_my_run_tag_seed46_921089/training_metrics.png
Generative metrics plot saved to results/edm_baseline/20260922_163802_my_run_tag_seed46_921089/generative_metrics.png
Pixel PDF history plot saved to results/edm_baseline/20260922_163802_my_run_tag_seed46_921089/pixel_pdf_history.png
Testing model
Generated test images saved to results/edm_baseline/20260922_163802_my_run_tag_seed46_921089/
