On device cuda
Dataset: mirabest
Getting data loader mirabest
Files already downloaded and verified
Files already downloaded and verified
Files already downloaded and verified
Clipping input data to the valid range for imshow with RGB data ([0..1] for floats or [0..255] for integers). Got range [-0.558952..1.82].
/idia/users/bevan/pid-radast/classifier-guided-physics-informed-diffusion/.venv/lib/python3.11/site-packages/torchvision/models/_utils.py:208: UserWarning: The parameter 'pretrained' is deprecated since 0.13 and may be removed in the future, please use 'weights' instead.
  warnings.warn(
/idia/users/bevan/pid-radast/classifier-guided-physics-informed-diffusion/.venv/lib/python3.11/site-packages/torchvision/models/_utils.py:223: UserWarning: Arguments other than a weight enum or `None` for 'weights' are deprecated since 0.13 and may be removed in the future. The current behavior is equivalent to passing `weights=None`.
  warnings.warn(msg)
Channels (3 for RGB, 1 for Gray): 3
Height: 150 pixels
Width: 150 pixels
[0] test_idx=26  true=FR-I  pred=FR-I  confidence=99.8%  CORRECT  -> results/sanity_check/sample_00_idx26_true-FR-I_pred-FR-I.png
[1] test_idx=35  true=FR-II  pred=FR-II  confidence=95.9%  CORRECT  -> results/sanity_check/sample_01_idx35_true-FR-II_pred-FR-II.png
[2] test_idx=38  true=FR-II  pred=FR-II  confidence=99.7%  CORRECT  -> results/sanity_check/sample_02_idx38_true-FR-II_pred-FR-II.png
[3] test_idx=29  true=FR-I  pred=FR-I  confidence=98.3%  CORRECT  -> results/sanity_check/sample_03_idx29_true-FR-I_pred-FR-I.png
[4] test_idx=33  true=FR-I  pred=FR-I  confidence=99.0%  CORRECT  -> results/sanity_check/sample_04_idx33_true-FR-I_pred-FR-I.png
[5] test_idx=65  true=FR-II  pred=FR-II  confidence=83.3%  CORRECT  -> results/sanity_check/sample_05_idx65_true-FR-II_pred-FR-II.png
[6] test_idx=65  true=FR-II  pred=FR-II  confidence=83.3%  CORRECT  -> results/sanity_check/sample_06_idx65_true-FR-II_pred-FR-II.png
[7] test_idx=19  true=FR-I  pred=FR-I  confidence=100.0%  CORRECT  -> results/sanity_check/sample_07_idx19_true-FR-I_pred-FR-I.png
[8] test_idx=70  true=FR-II  pred=FR-II  confidence=98.9%  CORRECT  -> results/sanity_check/sample_08_idx70_true-FR-II_pred-FR-II.png
[9] test_idx=2  true=FR-I  pred=FR-I  confidence=98.3%  CORRECT  -> results/sanity_check/sample_09_idx2_true-FR-I_pred-FR-I.png
[10] test_idx=36  true=FR-II  pred=FR-I  confidence=97.2%  WRONG  -> results/sanity_check/sample_10_idx36_true-FR-II_pred-FR-I.png
[11] test_idx=39  true=FR-II  pred=FR-II  confidence=80.1%  CORRECT  -> results/sanity_check/sample_11_idx39_true-FR-II_pred-FR-II.png
[12] test_idx=55  true=FR-II  pred=FR-II  confidence=92.4%  CORRECT  -> results/sanity_check/sample_12_idx55_true-FR-II_pred-FR-II.png
[13] test_idx=67  true=FR-II  pred=FR-II  confidence=94.7%  CORRECT  -> results/sanity_check/sample_13_idx67_true-FR-II_pred-FR-II.png
[14] test_idx=69  true=FR-II  pred=FR-II  confidence=99.3%  CORRECT  -> results/sanity_check/sample_14_idx69_true-FR-II_pred-FR-II.png
[15] test_idx=21  true=FR-I  pred=FR-I  confidence=99.4%  CORRECT  -> results/sanity_check/sample_15_idx21_true-FR-I_pred-FR-I.png
[16] test_idx=9  true=FR-I  pred=FR-I  confidence=99.7%  CORRECT  -> results/sanity_check/sample_16_idx9_true-FR-I_pred-FR-I.png
[17] test_idx=59  true=FR-II  pred=FR-II  confidence=87.1%  CORRECT  -> results/sanity_check/sample_17_idx59_true-FR-II_pred-FR-II.png
[18] test_idx=0  true=FR-I  pred=FR-I  confidence=96.7%  CORRECT  -> results/sanity_check/sample_18_idx0_true-FR-I_pred-FR-I.png
[19] test_idx=10  true=FR-I  pred=FR-I  confidence=97.0%  CORRECT  -> results/sanity_check/sample_19_idx10_true-FR-I_pred-FR-I.png
[20] test_idx=74  true=FR-II  pred=FR-I  confidence=98.2%  WRONG  -> results/sanity_check/sample_20_idx74_true-FR-II_pred-FR-I.png
[21] test_idx=17  true=FR-I  pred=FR-II  confidence=51.3%  WRONG  -> results/sanity_check/sample_21_idx17_true-FR-I_pred-FR-II.png
[22] test_idx=31  true=FR-I  pred=FR-I  confidence=86.5%  CORRECT  -> results/sanity_check/sample_22_idx31_true-FR-I_pred-FR-I.png
[23] test_idx=73  true=FR-II  pred=FR-II  confidence=96.1%  CORRECT  -> results/sanity_check/sample_23_idx73_true-FR-II_pred-FR-II.png
[24] test_idx=38  true=FR-II  pred=FR-II  confidence=99.7%  CORRECT  -> results/sanity_check/sample_24_idx38_true-FR-II_pred-FR-II.png
[25] test_idx=56  true=FR-II  pred=FR-I  confidence=90.2%  WRONG  -> results/sanity_check/sample_25_idx56_true-FR-II_pred-FR-I.png
[26] test_idx=15  true=FR-I  pred=FR-I  confidence=98.5%  CORRECT  -> results/sanity_check/sample_26_idx15_true-FR-I_pred-FR-I.png
[27] test_idx=48  true=FR-II  pred=FR-II  confidence=97.1%  CORRECT  -> results/sanity_check/sample_27_idx48_true-FR-II_pred-FR-II.png
[28] test_idx=6  true=FR-I  pred=FR-I  confidence=99.9%  CORRECT  -> results/sanity_check/sample_28_idx6_true-FR-I_pred-FR-I.png
[29] test_idx=6  true=FR-I  pred=FR-I  confidence=99.9%  CORRECT  -> results/sanity_check/sample_29_idx6_true-FR-I_pred-FR-I.png
[30] test_idx=30  true=FR-I  pred=FR-I  confidence=99.1%  CORRECT  -> results/sanity_check/sample_30_idx30_true-FR-I_pred-FR-I.png
[31] test_idx=67  true=FR-II  pred=FR-II  confidence=94.7%  CORRECT  -> results/sanity_check/sample_31_idx67_true-FR-II_pred-FR-II.png
[32] test_idx=26  true=FR-I  pred=FR-I  confidence=99.8%  CORRECT  -> results/sanity_check/sample_32_idx26_true-FR-I_pred-FR-I.png
[33] test_idx=26  true=FR-I  pred=FR-I  confidence=99.8%  CORRECT  -> results/sanity_check/sample_33_idx26_true-FR-I_pred-FR-I.png
[34] test_idx=21  true=FR-I  pred=FR-I  confidence=99.4%  CORRECT  -> results/sanity_check/sample_34_idx21_true-FR-I_pred-FR-I.png
[35] test_idx=52  true=FR-II  pred=FR-II  confidence=99.0%  CORRECT  -> results/sanity_check/sample_35_idx52_true-FR-II_pred-FR-II.png
[36] test_idx=8  true=FR-I  pred=FR-I  confidence=97.1%  CORRECT  -> results/sanity_check/sample_36_idx8_true-FR-I_pred-FR-I.png
[37] test_idx=41  true=FR-II  pred=FR-II  confidence=99.6%  CORRECT  -> results/sanity_check/sample_37_idx41_true-FR-II_pred-FR-II.png
[38] test_idx=58  true=FR-II  pred=FR-II  confidence=97.5%  CORRECT  -> results/sanity_check/sample_38_idx58_true-FR-II_pred-FR-II.png
[39] test_idx=72  true=FR-II  pred=FR-II  confidence=99.1%  CORRECT  -> results/sanity_check/sample_39_idx72_true-FR-II_pred-FR-II.png
[40] test_idx=75  true=FR-II  pred=FR-II  confidence=97.3%  CORRECT  -> results/sanity_check/sample_40_idx75_true-FR-II_pred-FR-II.png
[41] test_idx=55  true=FR-II  pred=FR-II  confidence=92.4%  CORRECT  -> results/sanity_check/sample_41_idx55_true-FR-II_pred-FR-II.png
[42] test_idx=31  true=FR-I  pred=FR-I  confidence=86.5%  CORRECT  -> results/sanity_check/sample_42_idx31_true-FR-I_pred-FR-I.png
[43] test_idx=25  true=FR-I  pred=FR-I  confidence=93.9%  CORRECT  -> results/sanity_check/sample_43_idx25_true-FR-I_pred-FR-I.png
[44] test_idx=63  true=FR-II  pred=FR-II  confidence=93.3%  CORRECT  -> results/sanity_check/sample_44_idx63_true-FR-II_pred-FR-II.png
[45] test_idx=72  true=FR-II  pred=FR-II  confidence=99.1%  CORRECT  -> results/sanity_check/sample_45_idx72_true-FR-II_pred-FR-II.png
[46] test_idx=73  true=FR-II  pred=FR-II  confidence=96.1%  CORRECT  -> results/sanity_check/sample_46_idx73_true-FR-II_pred-FR-II.png
[47] test_idx=10  true=FR-I  pred=FR-I  confidence=97.0%  CORRECT  -> results/sanity_check/sample_47_idx10_true-FR-I_pred-FR-I.png
[48] test_idx=73  true=FR-II  pred=FR-II  confidence=96.1%  CORRECT  -> results/sanity_check/sample_48_idx73_true-FR-II_pred-FR-II.png
[49] test_idx=61  true=FR-II  pred=FR-II  confidence=98.9%  CORRECT  -> results/sanity_check/sample_49_idx61_true-FR-II_pred-FR-II.png
[50] test_idx=34  true=FR-II  pred=FR-II  confidence=77.2%  CORRECT  -> results/sanity_check/sample_50_idx34_true-FR-II_pred-FR-II.png
[51] test_idx=76  true=FR-II  pred=FR-II  confidence=99.9%  CORRECT  -> results/sanity_check/sample_51_idx76_true-FR-II_pred-FR-II.png
[52] test_idx=10  true=FR-I  pred=FR-I  confidence=97.0%  CORRECT  -> results/sanity_check/sample_52_idx10_true-FR-I_pred-FR-I.png
[53] test_idx=8  true=FR-I  pred=FR-I  confidence=97.1%  CORRECT  -> results/sanity_check/sample_53_idx8_true-FR-I_pred-FR-I.png
[54] test_idx=21  true=FR-I  pred=FR-I  confidence=99.4%  CORRECT  -> results/sanity_check/sample_54_idx21_true-FR-I_pred-FR-I.png
[55] test_idx=44  true=FR-II  pred=FR-II  confidence=98.6%  CORRECT  -> results/sanity_check/sample_55_idx44_true-FR-II_pred-FR-II.png
[56] test_idx=1  true=FR-I  pred=FR-I  confidence=99.8%  CORRECT  -> results/sanity_check/sample_56_idx1_true-FR-I_pred-FR-I.png
[57] test_idx=61  true=FR-II  pred=FR-II  confidence=98.9%  CORRECT  -> results/sanity_check/sample_57_idx61_true-FR-II_pred-FR-II.png
[58] test_idx=57  true=FR-II  pred=FR-II  confidence=99.8%  CORRECT  -> results/sanity_check/sample_58_idx57_true-FR-II_pred-FR-II.png
[59] test_idx=71  true=FR-II  pred=FR-II  confidence=50.4%  CORRECT  -> results/sanity_check/sample_59_idx71_true-FR-II_pred-FR-II.png
[60] test_idx=18  true=FR-I  pred=FR-II  confidence=98.8%  WRONG  -> results/sanity_check/sample_60_idx18_true-FR-I_pred-FR-II.png
[61] test_idx=27  true=FR-I  pred=FR-I  confidence=97.9%  CORRECT  -> results/sanity_check/sample_61_idx27_true-FR-I_pred-FR-I.png
[62] test_idx=43  true=FR-II  pred=FR-I  confidence=79.8%  WRONG  -> results/sanity_check/sample_62_idx43_true-FR-II_pred-FR-I.png
[63] test_idx=41  true=FR-II  pred=FR-II  confidence=99.6%  CORRECT  -> results/sanity_check/sample_63_idx41_true-FR-II_pred-FR-II.png
[64] test_idx=20  true=FR-I  pred=FR-I  confidence=99.9%  CORRECT  -> results/sanity_check/sample_64_idx20_true-FR-I_pred-FR-I.png
[65] test_idx=57  true=FR-II  pred=FR-II  confidence=99.8%  CORRECT  -> results/sanity_check/sample_65_idx57_true-FR-II_pred-FR-II.png
[66] test_idx=1  true=FR-I  pred=FR-I  confidence=99.8%  CORRECT  -> results/sanity_check/sample_66_idx1_true-FR-I_pred-FR-I.png
[67] test_idx=50  true=FR-II  pred=FR-II  confidence=99.5%  CORRECT  -> results/sanity_check/sample_67_idx50_true-FR-II_pred-FR-II.png
[68] test_idx=18  true=FR-I  pred=FR-II  confidence=98.8%  WRONG  -> results/sanity_check/sample_68_idx18_true-FR-I_pred-FR-II.png
[69] test_idx=67  true=FR-II  pred=FR-II  confidence=94.7%  CORRECT  -> results/sanity_check/sample_69_idx67_true-FR-II_pred-FR-II.png
[70] test_idx=45  true=FR-II  pred=FR-II  confidence=88.3%  CORRECT  -> results/sanity_check/sample_70_idx45_true-FR-II_pred-FR-II.png
[71] test_idx=51  true=FR-II  pred=FR-I  confidence=55.4%  WRONG  -> results/sanity_check/sample_71_idx51_true-FR-II_pred-FR-I.png
[72] test_idx=24  true=FR-I  pred=FR-I  confidence=89.0%  CORRECT  -> results/sanity_check/sample_72_idx24_true-FR-I_pred-FR-I.png
[73] test_idx=62  true=FR-II  pred=FR-II  confidence=64.7%  CORRECT  -> results/sanity_check/sample_73_idx62_true-FR-II_pred-FR-II.png
[74] test_idx=31  true=FR-I  pred=FR-I  confidence=86.5%  CORRECT  -> results/sanity_check/sample_74_idx31_true-FR-I_pred-FR-I.png
[75] test_idx=3  true=FR-I  pred=FR-I  confidence=98.5%  CORRECT  -> results/sanity_check/sample_75_idx3_true-FR-I_pred-FR-I.png
[76] test_idx=40  true=FR-II  pred=FR-II  confidence=94.4%  CORRECT  -> results/sanity_check/sample_76_idx40_true-FR-II_pred-FR-II.png
[77] test_idx=9  true=FR-I  pred=FR-I  confidence=99.7%  CORRECT  -> results/sanity_check/sample_77_idx9_true-FR-I_pred-FR-I.png
[78] test_idx=59  true=FR-II  pred=FR-II  confidence=87.1%  CORRECT  -> results/sanity_check/sample_78_idx59_true-FR-II_pred-FR-II.png
[79] test_idx=54  true=FR-II  pred=FR-II  confidence=61.1%  CORRECT  -> results/sanity_check/sample_79_idx54_true-FR-II_pred-FR-II.png
[80] test_idx=54  true=FR-II  pred=FR-II  confidence=61.1%  CORRECT  -> results/sanity_check/sample_80_idx54_true-FR-II_pred-FR-II.png
[81] test_idx=49  true=FR-II  pred=FR-I  confidence=90.4%  WRONG  -> results/sanity_check/sample_81_idx49_true-FR-II_pred-FR-I.png
[82] test_idx=21  true=FR-I  pred=FR-I  confidence=99.4%  CORRECT  -> results/sanity_check/sample_82_idx21_true-FR-I_pred-FR-I.png
[83] test_idx=14  true=FR-I  pred=FR-I  confidence=98.5%  CORRECT  -> results/sanity_check/sample_83_idx14_true-FR-I_pred-FR-I.png
[84] test_idx=10  true=FR-I  pred=FR-I  confidence=97.0%  CORRECT  -> results/sanity_check/sample_84_idx10_true-FR-I_pred-FR-I.png
[85] test_idx=16  true=FR-I  pred=FR-I  confidence=99.9%  CORRECT  -> results/sanity_check/sample_85_idx16_true-FR-I_pred-FR-I.png
[86] test_idx=48  true=FR-II  pred=FR-II  confidence=97.1%  CORRECT  -> results/sanity_check/sample_86_idx48_true-FR-II_pred-FR-II.png
[87] test_idx=27  true=FR-I  pred=FR-I  confidence=97.9%  CORRECT  -> results/sanity_check/sample_87_idx27_true-FR-I_pred-FR-I.png
[88] test_idx=10  true=FR-I  pred=FR-I  confidence=97.0%  CORRECT  -> results/sanity_check/sample_88_idx10_true-FR-I_pred-FR-I.png
[89] test_idx=28  true=FR-I  pred=FR-I  confidence=100.0%  CORRECT  -> results/sanity_check/sample_89_idx28_true-FR-I_pred-FR-I.png
[90] test_idx=57  true=FR-II  pred=FR-II  confidence=99.8%  CORRECT  -> results/sanity_check/sample_90_idx57_true-FR-II_pred-FR-II.png
[91] test_idx=44  true=FR-II  pred=FR-II  confidence=98.6%  CORRECT  -> results/sanity_check/sample_91_idx44_true-FR-II_pred-FR-II.png
[92] test_idx=58  true=FR-II  pred=FR-II  confidence=97.5%  CORRECT  -> results/sanity_check/sample_92_idx58_true-FR-II_pred-FR-II.png
[93] test_idx=32  true=FR-I  pred=FR-I  confidence=99.7%  CORRECT  -> results/sanity_check/sample_93_idx32_true-FR-I_pred-FR-I.png
[94] test_idx=61  true=FR-II  pred=FR-II  confidence=98.9%  CORRECT  -> results/sanity_check/sample_94_idx61_true-FR-II_pred-FR-II.png
[95] test_idx=62  true=FR-II  pred=FR-II  confidence=64.7%  CORRECT  -> results/sanity_check/sample_95_idx62_true-FR-II_pred-FR-II.png
[96] test_idx=23  true=FR-I  pred=FR-II  confidence=68.3%  WRONG  -> results/sanity_check/sample_96_idx23_true-FR-I_pred-FR-II.png
[97] test_idx=68  true=FR-II  pred=FR-II  confidence=83.8%  CORRECT  -> results/sanity_check/sample_97_idx68_true-FR-II_pred-FR-II.png
[98] test_idx=52  true=FR-II  pred=FR-II  confidence=99.0%  CORRECT  -> results/sanity_check/sample_98_idx52_true-FR-II_pred-FR-II.png
[99] test_idx=24  true=FR-I  pred=FR-I  confidence=89.0%  CORRECT  -> results/sanity_check/sample_99_idx24_true-FR-I_pred-FR-I.png

90/100 correct on this random sample.
