CUDA Memory Cleared. Current VRAM Usage: 0.00 MB
On device cuda
Getting data loader crumb_fits
Loaded FITS stats: noise_rms=0.000324, peak_log=4.066700
Loaded FITS stats: noise_rms=0.000324, peak_log=4.066700
Total unique classes found: 2
Label IDs: [0, 1]
Total images in dataset: 1789
Total batches: 157 (at batch size 8)

============================================================
Run 1/1  |  seed=45  |  tag=diffusion_crumb_fits_seed45  |  results -> results/diffusion/20260923_145143_diffusion_crumb_fits_seed45_921092
============================================================

Training diffusion for 400 epochs
Epoch 0
/idia/users/bevan/pid-radast/classifier-guided-physics-informed-diffusion/.venv/lib/python3.11/site-packages/diffusers/configuration_utils.py:139: FutureWarning: Accessing config attribute `num_train_timesteps` directly via 'DDPMScheduler' object attribute is deprecated. Please access 'num_train_timesteps' over 'DDPMScheduler's config object instead, e.g. 'scheduler.config.num_train_timesteps'.
  deprecate("direct config name access", "1.0.0", deprecation_message, standard_warn=False)
/idia/users/bevan/pid-radast/classifier-guided-physics-informed-diffusion/.venv/lib/python3.11/site-packages/diffusers/models/attention_processor.py:1259: UserWarning: Memory Efficient attention is a non-deterministic algorithm. To explicitly disable Memory Efficient attention call torch.use_deterministic_algorithms(True, warn_only=False). (Triggered internally at ../aten/src/ATen/native/transformers/cuda/sdp_utils.h:419.)
  hidden_states = F.scaled_dot_product_attention(
/idia/users/bevan/pid-radast/classifier-guided-physics-informed-diffusion/.venv/lib/python3.11/site-packages/torchmetrics/utilities/prints.py:43: UserWarning: Metric `Kernel Inception Distance` will save all extracted features in buffer. For large datasets this may lead to large memory footprint.
  warnings.warn(*args, **kwargs)
Epoch 0 | Loss: 0.075791 | Val: 0.149304
FITS files saved to results/diffusion/20260923_145143_diffusion_crumb_fits_seed45_921092/generated_fits
Computing FID/KID/PDF at epoch 0...
  FID: 172.6436 | KID: 0.192710
  Pixel PDF W-dist: 0.0373
--- Saved model to checkpoints/diffusion/diffusion_crumb_fits_seed45/state.pt ---
Epoch 1
Epoch 1 | Loss: 0.032217 | Val: 0.144593
--- Saved model to checkpoints/diffusion/diffusion_crumb_fits_seed45/state.pt ---
Epoch 2
Epoch 2 | Loss: 0.027194 | Val: 0.139773
--- Saved model to checkpoints/diffusion/diffusion_crumb_fits_seed45/state.pt ---
Epoch 3
Epoch 3 | Loss: 0.025894 | Val: 0.141048
--- Saved model to checkpoints/diffusion/diffusion_crumb_fits_seed45/state.pt ---
Epoch 4
Epoch 4 | Loss: 0.024936 | Val: 0.140038
--- Saved model to checkpoints/diffusion/diffusion_crumb_fits_seed45/state.pt ---
Epoch 5
Epoch 5 | Loss: 0.026271 | Val: 0.138548
--- Saved model to checkpoints/diffusion/diffusion_crumb_fits_seed45/state.pt ---
Epoch 6
Epoch 6 | Loss: 0.024546 | Val: 0.137006
--- Saved model to checkpoints/diffusion/diffusion_crumb_fits_seed45/state.pt ---
Epoch 7
Epoch 7 | Loss: 0.030255 | Val: 0.136510
--- Saved model to checkpoints/diffusion/diffusion_crumb_fits_seed45/state.pt ---
Epoch 8
Epoch 8 | Loss: 0.025424 | Val: 0.135746
--- Saved model to checkpoints/diffusion/diffusion_crumb_fits_seed45/state.pt ---
Epoch 9
Epoch 9 | Loss: 0.020684 | Val: 0.135184
--- Saved model to checkpoints/diffusion/diffusion_crumb_fits_seed45/state.pt ---
Epoch 10
Epoch 10 | Loss: 0.025832 | Val: 0.135780
FITS files saved to results/diffusion/20260923_145143_diffusion_crumb_fits_seed45_921092/generated_fits
Computing FID/KID/PDF at epoch 10...
  FID: 151.7055 | KID: 0.153015
  Pixel PDF W-dist: 0.0910
--- Saved model to checkpoints/diffusion/diffusion_crumb_fits_seed45/state.pt ---
Epoch 11
Epoch 11 | Loss: 0.026994 | Val: 0.136120
--- Saved model to checkpoints/diffusion/diffusion_crumb_fits_seed45/state.pt ---
Epoch 12
Epoch 12 | Loss: 0.020806 | Val: 0.134984
--- Saved model to checkpoints/diffusion/diffusion_crumb_fits_seed45/state.pt ---
Epoch 13
Epoch 13 | Loss: 0.023282 | Val: 0.135783
--- Saved model to checkpoints/diffusion/diffusion_crumb_fits_seed45/state.pt ---
Epoch 14
Epoch 14 | Loss: 0.021654 | Val: 0.132797
--- Saved model to checkpoints/diffusion/diffusion_crumb_fits_seed45/state.pt ---
Epoch 15
Epoch 15 | Loss: 0.034202 | Val: 0.134193
--- Saved model to checkpoints/diffusion/diffusion_crumb_fits_seed45/state.pt ---
Epoch 16
Epoch 16 | Loss: 0.031431 | Val: 0.134379
--- Saved model to checkpoints/diffusion/diffusion_crumb_fits_seed45/state.pt ---
Epoch 17
Epoch 17 | Loss: 0.028887 | Val: 0.136519
--- Saved model to checkpoints/diffusion/diffusion_crumb_fits_seed45/state.pt ---
Epoch 18
Epoch 18 | Loss: 0.024001 | Val: 0.132963
--- Saved model to checkpoints/diffusion/diffusion_crumb_fits_seed45/state.pt ---
Epoch 19
Epoch 19 | Loss: 0.029363 | Val: 0.135111
--- Saved model to checkpoints/diffusion/diffusion_crumb_fits_seed45/state.pt ---
Epoch 20
Epoch 20 | Loss: 0.020752 | Val: 0.133118
FITS files saved to results/diffusion/20260923_145143_diffusion_crumb_fits_seed45_921092/generated_fits
Computing FID/KID/PDF at epoch 20...
  FID: 144.2692 | KID: 0.125993
  Pixel PDF W-dist: 0.1315
--- Saved model to checkpoints/diffusion/diffusion_crumb_fits_seed45/state.pt ---
Epoch 21
Epoch 21 | Loss: 0.026382 | Val: 0.133329
--- Saved model to checkpoints/diffusion/diffusion_crumb_fits_seed45/state.pt ---
Epoch 22
Epoch 22 | Loss: 0.025598 | Val: 0.132742
--- Saved model to checkpoints/diffusion/diffusion_crumb_fits_seed45/state.pt ---
Epoch 23
Epoch 23 | Loss: 0.022660 | Val: 0.132956
--- Saved model to checkpoints/diffusion/diffusion_crumb_fits_seed45/state.pt ---
Epoch 24
Epoch 24 | Loss: 0.026746 | Val: 0.135096
--- Saved model to checkpoints/diffusion/diffusion_crumb_fits_seed45/state.pt ---
Epoch 25
Epoch 25 | Loss: 0.022404 | Val: 0.133586
--- Saved model to checkpoints/diffusion/diffusion_crumb_fits_seed45/state.pt ---
Epoch 26
Epoch 26 | Loss: 0.022017 | Val: 0.133785
--- Saved model to checkpoints/diffusion/diffusion_crumb_fits_seed45/state.pt ---
Epoch 27
Epoch 27 | Loss: 0.025278 | Val: 0.132285
--- Saved model to checkpoints/diffusion/diffusion_crumb_fits_seed45/state.pt ---
Epoch 28
Epoch 28 | Loss: 0.023760 | Val: 0.134096
--- Saved model to checkpoints/diffusion/diffusion_crumb_fits_seed45/state.pt ---
Epoch 29
Epoch 29 | Loss: 0.022673 | Val: 0.132670
--- Saved model to checkpoints/diffusion/diffusion_crumb_fits_seed45/state.pt ---
Epoch 30
Epoch 30 | Loss: 0.020076 | Val: 0.132643
FITS files saved to results/diffusion/20260923_145143_diffusion_crumb_fits_seed45_921092/generated_fits
Computing FID/KID/PDF at epoch 30...
  FID: 142.8176 | KID: 0.128039
  Pixel PDF W-dist: 0.1022
--- Saved model to checkpoints/diffusion/diffusion_crumb_fits_seed45/state.pt ---
Epoch 31
Epoch 31 | Loss: 0.026371 | Val: 0.133103
--- Saved model to checkpoints/diffusion/diffusion_crumb_fits_seed45/state.pt ---
Epoch 32
Epoch 32 | Loss: 0.024078 | Val: 0.132133
--- Saved model to checkpoints/diffusion/diffusion_crumb_fits_seed45/state.pt ---
Epoch 33
Epoch 33 | Loss: 0.022266 | Val: 0.133047
--- Saved model to checkpoints/diffusion/diffusion_crumb_fits_seed45/state.pt ---
Epoch 34
Epoch 34 | Loss: 0.025826 | Val: 0.131479
--- Saved model to checkpoints/diffusion/diffusion_crumb_fits_seed45/state.pt ---
Epoch 35
Epoch 35 | Loss: 0.024139 | Val: 0.133221
--- Saved model to checkpoints/diffusion/diffusion_crumb_fits_seed45/state.pt ---
Epoch 36
Epoch 36 | Loss: 0.025804 | Val: 0.134078
--- Saved model to checkpoints/diffusion/diffusion_crumb_fits_seed45/state.pt ---
Epoch 37
Epoch 37 | Loss: 0.026836 | Val: 0.133711
--- Saved model to checkpoints/diffusion/diffusion_crumb_fits_seed45/state.pt ---
Epoch 38
Epoch 38 | Loss: 0.021994 | Val: 0.135438
--- Saved model to checkpoints/diffusion/diffusion_crumb_fits_seed45/state.pt ---
Epoch 39
Epoch 39 | Loss: 0.026876 | Val: 0.131966
--- Saved model to checkpoints/diffusion/diffusion_crumb_fits_seed45/state.pt ---
Epoch 40
Epoch 40 | Loss: 0.026499 | Val: 0.131162
FITS files saved to results/diffusion/20260923_145143_diffusion_crumb_fits_seed45_921092/generated_fits
Computing FID/KID/PDF at epoch 40...
  FID: 150.9876 | KID: 0.146199
  Pixel PDF W-dist: 0.0665
--- Saved model to checkpoints/diffusion/diffusion_crumb_fits_seed45/state.pt ---
Epoch 41
Epoch 41 | Loss: 0.025269 | Val: 0.131380
--- Saved model to checkpoints/diffusion/diffusion_crumb_fits_seed45/state.pt ---
Epoch 42
Epoch 42 | Loss: 0.027508 | Val: 0.132694
--- Saved model to checkpoints/diffusion/diffusion_crumb_fits_seed45/state.pt ---
Epoch 43
Epoch 43 | Loss: 0.028420 | Val: 0.131744
--- Saved model to checkpoints/diffusion/diffusion_crumb_fits_seed45/state.pt ---
Epoch 44
Epoch 44 | Loss: 0.024658 | Val: 0.133006
--- Saved model to checkpoints/diffusion/diffusion_crumb_fits_seed45/state.pt ---
Epoch 45
Epoch 45 | Loss: 0.033608 | Val: 0.131828
--- Saved model to checkpoints/diffusion/diffusion_crumb_fits_seed45/state.pt ---
Epoch 46
Epoch 46 | Loss: 0.027354 | Val: 0.133907
--- Saved model to checkpoints/diffusion/diffusion_crumb_fits_seed45/state.pt ---
Epoch 47
Epoch 47 | Loss: 0.026105 | Val: 0.131128
--- Saved model to checkpoints/diffusion/diffusion_crumb_fits_seed45/state.pt ---
Epoch 48
Epoch 48 | Loss: 0.022152 | Val: 0.131767
--- Saved model to checkpoints/diffusion/diffusion_crumb_fits_seed45/state.pt ---
Epoch 49
Epoch 49 | Loss: 0.022189 | Val: 0.131943
--- Saved model to checkpoints/diffusion/diffusion_crumb_fits_seed45/state.pt ---
Epoch 50
Epoch 50 | Loss: 0.026729 | Val: 0.132566
FITS files saved to results/diffusion/20260923_145143_diffusion_crumb_fits_seed45_921092/generated_fits
Computing FID/KID/PDF at epoch 50...
  FID: 151.3345 | KID: 0.130471
  Pixel PDF W-dist: 0.0922
--- Saved model to checkpoints/diffusion/diffusion_crumb_fits_seed45/state.pt ---
Epoch 51
Epoch 51 | Loss: 0.022708 | Val: 0.132460
--- Saved model to checkpoints/diffusion/diffusion_crumb_fits_seed45/state.pt ---
Epoch 52
Epoch 52 | Loss: 0.021985 | Val: 0.130926
--- Saved model to checkpoints/diffusion/diffusion_crumb_fits_seed45/state.pt ---
Epoch 53
Epoch 53 | Loss: 0.022815 | Val: 0.131834
--- Saved model to checkpoints/diffusion/diffusion_crumb_fits_seed45/state.pt ---
Epoch 54
Epoch 54 | Loss: 0.023496 | Val: 0.131012
--- Saved model to checkpoints/diffusion/diffusion_crumb_fits_seed45/state.pt ---
Epoch 55
Epoch 55 | Loss: 0.026042 | Val: 0.131419
--- Saved model to checkpoints/diffusion/diffusion_crumb_fits_seed45/state.pt ---
Epoch 56
Epoch 56 | Loss: 0.023838 | Val: 0.132621
--- Saved model to checkpoints/diffusion/diffusion_crumb_fits_seed45/state.pt ---
Epoch 57
Epoch 57 | Loss: 0.021794 | Val: 0.132564
--- Saved model to checkpoints/diffusion/diffusion_crumb_fits_seed45/state.pt ---
Epoch 58
Epoch 58 | Loss: 0.022648 | Val: 0.131161
--- Saved model to checkpoints/diffusion/diffusion_crumb_fits_seed45/state.pt ---
Epoch 59
Epoch 59 | Loss: 0.023000 | Val: 0.130661
--- Saved model to checkpoints/diffusion/diffusion_crumb_fits_seed45/state.pt ---
Epoch 60
Epoch 60 | Loss: 0.024041 | Val: 0.131537
FITS files saved to results/diffusion/20260923_145143_diffusion_crumb_fits_seed45_921092/generated_fits
Computing FID/KID/PDF at epoch 60...
  FID: 177.7983 | KID: 0.154204
  Pixel PDF W-dist: 0.2013
--- Saved model to checkpoints/diffusion/diffusion_crumb_fits_seed45/state.pt ---
Epoch 61
Epoch 61 | Loss: 0.025385 | Val: 0.134037
--- Saved model to checkpoints/diffusion/diffusion_crumb_fits_seed45/state.pt ---
Epoch 62
Epoch 62 | Loss: 0.023436 | Val: 0.133545
--- Saved model to checkpoints/diffusion/diffusion_crumb_fits_seed45/state.pt ---
Epoch 63
Epoch 63 | Loss: 0.023283 | Val: 0.132176
--- Saved model to checkpoints/diffusion/diffusion_crumb_fits_seed45/state.pt ---
Epoch 64
Epoch 64 | Loss: 0.026696 | Val: 0.130832
--- Saved model to checkpoints/diffusion/diffusion_crumb_fits_seed45/state.pt ---
Epoch 65
Epoch 65 | Loss: 0.027728 | Val: 0.131140
--- Saved model to checkpoints/diffusion/diffusion_crumb_fits_seed45/state.pt ---
Epoch 66
Epoch 66 | Loss: 0.025412 | Val: 0.130947
--- Saved model to checkpoints/diffusion/diffusion_crumb_fits_seed45/state.pt ---
Epoch 67
Epoch 67 | Loss: 0.024849 | Val: 0.129747
--- Saved model to checkpoints/diffusion/diffusion_crumb_fits_seed45/state.pt ---
Epoch 68
Epoch 68 | Loss: 0.028247 | Val: 0.130268
--- Saved model to checkpoints/diffusion/diffusion_crumb_fits_seed45/state.pt ---
Epoch 69
Epoch 69 | Loss: 0.021151 | Val: 0.130627
--- Saved model to checkpoints/diffusion/diffusion_crumb_fits_seed45/state.pt ---
Epoch 70
Epoch 70 | Loss: 0.024054 | Val: 0.130665
FITS files saved to results/diffusion/20260923_145143_diffusion_crumb_fits_seed45_921092/generated_fits
Computing FID/KID/PDF at epoch 70...
  FID: 156.1094 | KID: 0.128041
  Pixel PDF W-dist: 0.0774
--- Saved model to checkpoints/diffusion/diffusion_crumb_fits_seed45/state.pt ---
Epoch 71
Epoch 71 | Loss: 0.025828 | Val: 0.129633
--- Saved model to checkpoints/diffusion/diffusion_crumb_fits_seed45/state.pt ---
Epoch 72
Epoch 72 | Loss: 0.024541 | Val: 0.130438
--- Saved model to checkpoints/diffusion/diffusion_crumb_fits_seed45/state.pt ---
Epoch 73
Epoch 73 | Loss: 0.020543 | Val: 0.129458
--- Saved model to checkpoints/diffusion/diffusion_crumb_fits_seed45/state.pt ---
Epoch 74
Epoch 74 | Loss: 0.019087 | Val: 0.130986
--- Saved model to checkpoints/diffusion/diffusion_crumb_fits_seed45/state.pt ---
Epoch 75
Epoch 75 | Loss: 0.024859 | Val: 0.130619
--- Saved model to checkpoints/diffusion/diffusion_crumb_fits_seed45/state.pt ---
Epoch 76
Epoch 76 | Loss: 0.022524 | Val: 0.129987
--- Saved model to checkpoints/diffusion/diffusion_crumb_fits_seed45/state.pt ---
Epoch 77
Epoch 77 | Loss: 0.024165 | Val: 0.130145
--- Saved model to checkpoints/diffusion/diffusion_crumb_fits_seed45/state.pt ---
Epoch 78
Epoch 78 | Loss: 0.022362 | Val: 0.130209
--- Saved model to checkpoints/diffusion/diffusion_crumb_fits_seed45/state.pt ---
Epoch 79
Epoch 79 | Loss: 0.024521 | Val: 0.132076
--- Saved model to checkpoints/diffusion/diffusion_crumb_fits_seed45/state.pt ---
Epoch 80
Epoch 80 | Loss: 0.023254 | Val: 0.129828
FITS files saved to results/diffusion/20260923_145143_diffusion_crumb_fits_seed45_921092/generated_fits
Computing FID/KID/PDF at epoch 80...
  FID: 147.6916 | KID: 0.114772
  Pixel PDF W-dist: 0.0530
--- Saved model to checkpoints/diffusion/diffusion_crumb_fits_seed45/state.pt ---
Epoch 81
Epoch 81 | Loss: 0.023873 | Val: 0.131932
--- Saved model to checkpoints/diffusion/diffusion_crumb_fits_seed45/state.pt ---
Epoch 82
Epoch 82 | Loss: 0.020733 | Val: 0.128878
--- Saved model to checkpoints/diffusion/diffusion_crumb_fits_seed45/state.pt ---
Epoch 83
Epoch 83 | Loss: 0.024400 | Val: 0.129676
--- Saved model to checkpoints/diffusion/diffusion_crumb_fits_seed45/state.pt ---
Epoch 84
Epoch 84 | Loss: 0.023685 | Val: 0.131454
--- Saved model to checkpoints/diffusion/diffusion_crumb_fits_seed45/state.pt ---
Epoch 85
Epoch 85 | Loss: 0.023692 | Val: 0.130694
--- Saved model to checkpoints/diffusion/diffusion_crumb_fits_seed45/state.pt ---
Epoch 86
Epoch 86 | Loss: 0.023936 | Val: 0.129449
--- Saved model to checkpoints/diffusion/diffusion_crumb_fits_seed45/state.pt ---
Epoch 87
Epoch 87 | Loss: 0.024569 | Val: 0.130123
--- Saved model to checkpoints/diffusion/diffusion_crumb_fits_seed45/state.pt ---
Epoch 88
Epoch 88 | Loss: 0.023583 | Val: 0.129187
--- Saved model to checkpoints/diffusion/diffusion_crumb_fits_seed45/state.pt ---
Epoch 89
Epoch 89 | Loss: 0.025023 | Val: 0.129435
--- Saved model to checkpoints/diffusion/diffusion_crumb_fits_seed45/state.pt ---
Epoch 90
Epoch 90 | Loss: 0.021225 | Val: 0.128556
FITS files saved to results/diffusion/20260923_145143_diffusion_crumb_fits_seed45_921092/generated_fits
Computing FID/KID/PDF at epoch 90...
  FID: 129.0209 | KID: 0.095586
  Pixel PDF W-dist: 0.0357
--- Saved model to checkpoints/diffusion/diffusion_crumb_fits_seed45/state.pt ---
Epoch 91
Epoch 91 | Loss: 0.023084 | Val: 0.128765
--- Saved model to checkpoints/diffusion/diffusion_crumb_fits_seed45/state.pt ---
Epoch 92
Epoch 92 | Loss: 0.022940 | Val: 0.132022
--- Saved model to checkpoints/diffusion/diffusion_crumb_fits_seed45/state.pt ---
Epoch 93
Epoch 93 | Loss: 0.021847 | Val: 0.130557
--- Saved model to checkpoints/diffusion/diffusion_crumb_fits_seed45/state.pt ---
Epoch 94
Epoch 94 | Loss: 0.021870 | Val: 0.130061
--- Saved model to checkpoints/diffusion/diffusion_crumb_fits_seed45/state.pt ---
Epoch 95
Epoch 95 | Loss: 0.022908 | Val: 0.129423
--- Saved model to checkpoints/diffusion/diffusion_crumb_fits_seed45/state.pt ---
Epoch 96
Epoch 96 | Loss: 0.020782 | Val: 0.128583
--- Saved model to checkpoints/diffusion/diffusion_crumb_fits_seed45/state.pt ---
Epoch 97
Epoch 97 | Loss: 0.023553 | Val: 0.129734
--- Saved model to checkpoints/diffusion/diffusion_crumb_fits_seed45/state.pt ---
Epoch 98
Epoch 98 | Loss: 0.017128 | Val: 0.128768
--- Saved model to checkpoints/diffusion/diffusion_crumb_fits_seed45/state.pt ---
Epoch 99
Epoch 99 | Loss: 0.019767 | Val: 0.129005
--- Saved model to checkpoints/diffusion/diffusion_crumb_fits_seed45/state.pt ---
Epoch 100
Epoch 100 | Loss: 0.026485 | Val: 0.131264
FITS files saved to results/diffusion/20260923_145143_diffusion_crumb_fits_seed45_921092/generated_fits
Computing FID/KID/PDF at epoch 100...
  FID: 148.6787 | KID: 0.126910
  Pixel PDF W-dist: 0.0239
--- Saved model to checkpoints/diffusion/diffusion_crumb_fits_seed45/state.pt ---
Epoch 101
Epoch 101 | Loss: 0.024115 | Val: 0.129820
--- Saved model to checkpoints/diffusion/diffusion_crumb_fits_seed45/state.pt ---
Epoch 102
Epoch 102 | Loss: 0.024950 | Val: 0.129812
--- Saved model to checkpoints/diffusion/diffusion_crumb_fits_seed45/state.pt ---
Epoch 103
Epoch 103 | Loss: 0.025601 | Val: 0.130766
--- Saved model to checkpoints/diffusion/diffusion_crumb_fits_seed45/state.pt ---
Epoch 104
Epoch 104 | Loss: 0.025329 | Val: 0.131405
--- Saved model to checkpoints/diffusion/diffusion_crumb_fits_seed45/state.pt ---
Epoch 105
Epoch 105 | Loss: 0.026189 | Val: 0.129948
--- Saved model to checkpoints/diffusion/diffusion_crumb_fits_seed45/state.pt ---
Epoch 106
Epoch 106 | Loss: 0.023540 | Val: 0.130004
--- Saved model to checkpoints/diffusion/diffusion_crumb_fits_seed45/state.pt ---
Epoch 107
Epoch 107 | Loss: 0.024974 | Val: 0.128299
--- Saved model to checkpoints/diffusion/diffusion_crumb_fits_seed45/state.pt ---
Epoch 108
Epoch 108 | Loss: 0.028721 | Val: 0.130297
--- Saved model to checkpoints/diffusion/diffusion_crumb_fits_seed45/state.pt ---
Epoch 109
Epoch 109 | Loss: 0.020752 | Val: 0.129168
--- Saved model to checkpoints/diffusion/diffusion_crumb_fits_seed45/state.pt ---
Epoch 110
Epoch 110 | Loss: 0.018008 | Val: 0.129259
FITS files saved to results/diffusion/20260923_145143_diffusion_crumb_fits_seed45_921092/generated_fits
Computing FID/KID/PDF at epoch 110...
  FID: 138.0514 | KID: 0.090022
  Pixel PDF W-dist: 0.0169
--- Saved model to checkpoints/diffusion/diffusion_crumb_fits_seed45/state.pt ---
Epoch 111
Epoch 111 | Loss: 0.023673 | Val: 0.129052
--- Saved model to checkpoints/diffusion/diffusion_crumb_fits_seed45/state.pt ---
Epoch 112
Epoch 112 | Loss: 0.024607 | Val: 0.128762
--- Saved model to checkpoints/diffusion/diffusion_crumb_fits_seed45/state.pt ---
Epoch 113
Epoch 113 | Loss: 0.022828 | Val: 0.128008
--- Saved model to checkpoints/diffusion/diffusion_crumb_fits_seed45/state.pt ---
Epoch 114
Epoch 114 | Loss: 0.018989 | Val: 0.129352
--- Saved model to checkpoints/diffusion/diffusion_crumb_fits_seed45/state.pt ---
Epoch 115
Epoch 115 | Loss: 0.019057 | Val: 0.129854
--- Saved model to checkpoints/diffusion/diffusion_crumb_fits_seed45/state.pt ---
Epoch 116
Epoch 116 | Loss: 0.025180 | Val: 0.128404
--- Saved model to checkpoints/diffusion/diffusion_crumb_fits_seed45/state.pt ---
Epoch 117
Epoch 117 | Loss: 0.022304 | Val: 0.128628
--- Saved model to checkpoints/diffusion/diffusion_crumb_fits_seed45/state.pt ---
Epoch 118
Epoch 118 | Loss: 0.022766 | Val: 0.129009
--- Saved model to checkpoints/diffusion/diffusion_crumb_fits_seed45/state.pt ---
Epoch 119
Epoch 119 | Loss: 0.020579 | Val: 0.128351
--- Saved model to checkpoints/diffusion/diffusion_crumb_fits_seed45/state.pt ---
Epoch 120
Epoch 120 | Loss: 0.020216 | Val: 0.128955
FITS files saved to results/diffusion/20260923_145143_diffusion_crumb_fits_seed45_921092/generated_fits
Computing FID/KID/PDF at epoch 120...
  FID: 113.3526 | KID: 0.069871
  Pixel PDF W-dist: 0.0122
--- Saved model to checkpoints/diffusion/diffusion_crumb_fits_seed45/state.pt ---
Epoch 121
Epoch 121 | Loss: 0.026665 | Val: 0.128800
--- Saved model to checkpoints/diffusion/diffusion_crumb_fits_seed45/state.pt ---
Epoch 122
Epoch 122 | Loss: 0.022328 | Val: 0.128755
--- Saved model to checkpoints/diffusion/diffusion_crumb_fits_seed45/state.pt ---
Epoch 123
Epoch 123 | Loss: 0.021523 | Val: 0.128225
--- Saved model to checkpoints/diffusion/diffusion_crumb_fits_seed45/state.pt ---
Epoch 124
Epoch 124 | Loss: 0.021963 | Val: 0.130117
--- Saved model to checkpoints/diffusion/diffusion_crumb_fits_seed45/state.pt ---
Epoch 125
Epoch 125 | Loss: 0.026564 | Val: 0.132398
--- Saved model to checkpoints/diffusion/diffusion_crumb_fits_seed45/state.pt ---
Epoch 126
Epoch 126 | Loss: 0.024929 | Val: 0.130729
--- Saved model to checkpoints/diffusion/diffusion_crumb_fits_seed45/state.pt ---
Epoch 127
Epoch 127 | Loss: 0.020384 | Val: 0.129221
--- Saved model to checkpoints/diffusion/diffusion_crumb_fits_seed45/state.pt ---
Epoch 128
Epoch 128 | Loss: 0.022742 | Val: 0.129476
--- Saved model to checkpoints/diffusion/diffusion_crumb_fits_seed45/state.pt ---
Epoch 129
Epoch 129 | Loss: 0.027484 | Val: 0.128154
--- Saved model to checkpoints/diffusion/diffusion_crumb_fits_seed45/state.pt ---
Epoch 130
Epoch 130 | Loss: 0.026412 | Val: 0.128693
FITS files saved to results/diffusion/20260923_145143_diffusion_crumb_fits_seed45_921092/generated_fits
Computing FID/KID/PDF at epoch 130...
  FID: 125.6624 | KID: 0.082862
  Pixel PDF W-dist: 0.0126
--- Saved model to checkpoints/diffusion/diffusion_crumb_fits_seed45/state.pt ---
Epoch 131
Epoch 131 | Loss: 0.025784 | Val: 0.128804
--- Saved model to checkpoints/diffusion/diffusion_crumb_fits_seed45/state.pt ---
Epoch 132
Epoch 132 | Loss: 0.022188 | Val: 0.129394
--- Saved model to checkpoints/diffusion/diffusion_crumb_fits_seed45/state.pt ---
Epoch 133
Epoch 133 | Loss: 0.028072 | Val: 0.129580
--- Saved model to checkpoints/diffusion/diffusion_crumb_fits_seed45/state.pt ---
Epoch 134
Epoch 134 | Loss: 0.026644 | Val: 0.128931
--- Saved model to checkpoints/diffusion/diffusion_crumb_fits_seed45/state.pt ---
Epoch 135
Epoch 135 | Loss: 0.025852 | Val: 0.128703
--- Saved model to checkpoints/diffusion/diffusion_crumb_fits_seed45/state.pt ---
Epoch 136
Epoch 136 | Loss: 0.025764 | Val: 0.129903
--- Saved model to checkpoints/diffusion/diffusion_crumb_fits_seed45/state.pt ---
Epoch 137
Epoch 137 | Loss: 0.021588 | Val: 0.129497
--- Saved model to checkpoints/diffusion/diffusion_crumb_fits_seed45/state.pt ---
Epoch 138
Epoch 138 | Loss: 0.021664 | Val: 0.128347
--- Saved model to checkpoints/diffusion/diffusion_crumb_fits_seed45/state.pt ---
Epoch 139
Epoch 139 | Loss: 0.025695 | Val: 0.128592
--- Saved model to checkpoints/diffusion/diffusion_crumb_fits_seed45/state.pt ---
Epoch 140
Epoch 140 | Loss: 0.022270 | Val: 0.129229
FITS files saved to results/diffusion/20260923_145143_diffusion_crumb_fits_seed45_921092/generated_fits
Computing FID/KID/PDF at epoch 140...
  FID: 132.4999 | KID: 0.067139
  Pixel PDF W-dist: 0.0469
--- Saved model to checkpoints/diffusion/diffusion_crumb_fits_seed45/state.pt ---
Epoch 141
Epoch 141 | Loss: 0.024762 | Val: 0.128019
--- Saved model to checkpoints/diffusion/diffusion_crumb_fits_seed45/state.pt ---
Epoch 142
Epoch 142 | Loss: 0.023771 | Val: 0.128536
--- Saved model to checkpoints/diffusion/diffusion_crumb_fits_seed45/state.pt ---
Epoch 143
Epoch 143 | Loss: 0.024321 | Val: 0.128270
--- Saved model to checkpoints/diffusion/diffusion_crumb_fits_seed45/state.pt ---
Epoch 144
Epoch 144 | Loss: 0.025518 | Val: 0.128116
--- Saved model to checkpoints/diffusion/diffusion_crumb_fits_seed45/state.pt ---
Epoch 145
Epoch 145 | Loss: 0.022739 | Val: 0.128681
--- Saved model to checkpoints/diffusion/diffusion_crumb_fits_seed45/state.pt ---
Epoch 146
Epoch 146 | Loss: 0.023069 | Val: 0.128390
--- Saved model to checkpoints/diffusion/diffusion_crumb_fits_seed45/state.pt ---
Epoch 147
Epoch 147 | Loss: 0.021054 | Val: 0.129678
--- Saved model to checkpoints/diffusion/diffusion_crumb_fits_seed45/state.pt ---
Epoch 148
Epoch 148 | Loss: 0.025680 | Val: 0.129066
--- Saved model to checkpoints/diffusion/diffusion_crumb_fits_seed45/state.pt ---
Epoch 149
Epoch 149 | Loss: 0.021929 | Val: 0.129728
--- Saved model to checkpoints/diffusion/diffusion_crumb_fits_seed45/state.pt ---
Epoch 150
Epoch 150 | Loss: 0.020563 | Val: 0.128741
FITS files saved to results/diffusion/20260923_145143_diffusion_crumb_fits_seed45_921092/generated_fits
Computing FID/KID/PDF at epoch 150...
  FID: 109.2166 | KID: 0.062512
  Pixel PDF W-dist: 0.0320
--- Saved model to checkpoints/diffusion/diffusion_crumb_fits_seed45/state.pt ---
Epoch 151
Epoch 151 | Loss: 0.023766 | Val: 0.128098
--- Saved model to checkpoints/diffusion/diffusion_crumb_fits_seed45/state.pt ---
Epoch 152
Epoch 152 | Loss: 0.022763 | Val: 0.129746
--- Saved model to checkpoints/diffusion/diffusion_crumb_fits_seed45/state.pt ---
Epoch 153
Epoch 153 | Loss: 0.021676 | Val: 0.129494
--- Saved model to checkpoints/diffusion/diffusion_crumb_fits_seed45/state.pt ---
Epoch 154
Epoch 154 | Loss: 0.021067 | Val: 0.128435
--- Saved model to checkpoints/diffusion/diffusion_crumb_fits_seed45/state.pt ---
Epoch 155
Epoch 155 | Loss: 0.021724 | Val: 0.129428
--- Saved model to checkpoints/diffusion/diffusion_crumb_fits_seed45/state.pt ---
Epoch 156
Epoch 156 | Loss: 0.019112 | Val: 0.131110
--- Saved model to checkpoints/diffusion/diffusion_crumb_fits_seed45/state.pt ---
Epoch 157
Epoch 157 | Loss: 0.025941 | Val: 0.128916
--- Saved model to checkpoints/diffusion/diffusion_crumb_fits_seed45/state.pt ---
Epoch 158
Epoch 158 | Loss: 0.024927 | Val: 0.128403
--- Saved model to checkpoints/diffusion/diffusion_crumb_fits_seed45/state.pt ---
Epoch 159
Epoch 159 | Loss: 0.024037 | Val: 0.128847
--- Saved model to checkpoints/diffusion/diffusion_crumb_fits_seed45/state.pt ---
Epoch 160
Epoch 160 | Loss: 0.022737 | Val: 0.127898
FITS files saved to results/diffusion/20260923_145143_diffusion_crumb_fits_seed45_921092/generated_fits
Computing FID/KID/PDF at epoch 160...
  FID: 110.6633 | KID: 0.067142
  Pixel PDF W-dist: 0.0436
--- Saved model to checkpoints/diffusion/diffusion_crumb_fits_seed45/state.pt ---
Epoch 161
Epoch 161 | Loss: 0.026222 | Val: 0.128862
--- Saved model to checkpoints/diffusion/diffusion_crumb_fits_seed45/state.pt ---
Epoch 162
Epoch 162 | Loss: 0.021365 | Val: 0.128695
--- Saved model to checkpoints/diffusion/diffusion_crumb_fits_seed45/state.pt ---
Epoch 163
Epoch 163 | Loss: 0.017281 | Val: 0.129062
--- Saved model to checkpoints/diffusion/diffusion_crumb_fits_seed45/state.pt ---
Epoch 164
Epoch 164 | Loss: 0.019265 | Val: 0.128542
--- Saved model to checkpoints/diffusion/diffusion_crumb_fits_seed45/state.pt ---
Epoch 165
Epoch 165 | Loss: 0.028483 | Val: 0.128875
--- Saved model to checkpoints/diffusion/diffusion_crumb_fits_seed45/state.pt ---
Epoch 166
Epoch 166 | Loss: 0.021027 | Val: 0.129048
--- Saved model to checkpoints/diffusion/diffusion_crumb_fits_seed45/state.pt ---
Epoch 167
Epoch 167 | Loss: 0.019543 | Val: 0.130921
--- Saved model to checkpoints/diffusion/diffusion_crumb_fits_seed45/state.pt ---
Epoch 168
Epoch 168 | Loss: 0.021697 | Val: 0.128632
--- Saved model to checkpoints/diffusion/diffusion_crumb_fits_seed45/state.pt ---
Epoch 169
Epoch 169 | Loss: 0.022833 | Val: 0.130523
--- Saved model to checkpoints/diffusion/diffusion_crumb_fits_seed45/state.pt ---
Epoch 170
Epoch 170 | Loss: 0.023063 | Val: 0.130291
FITS files saved to results/diffusion/20260923_145143_diffusion_crumb_fits_seed45_921092/generated_fits
Computing FID/KID/PDF at epoch 170...
  FID: 92.0605 | KID: 0.052990
  Pixel PDF W-dist: 0.0213
--- Saved model to checkpoints/diffusion/diffusion_crumb_fits_seed45/state.pt ---
Epoch 171
Epoch 171 | Loss: 0.023444 | Val: 0.129063
--- Saved model to checkpoints/diffusion/diffusion_crumb_fits_seed45/state.pt ---
Epoch 172
Epoch 172 | Loss: 0.024335 | Val: 0.129101
--- Saved model to checkpoints/diffusion/diffusion_crumb_fits_seed45/state.pt ---
Epoch 173
Epoch 173 | Loss: 0.020459 | Val: 0.128539
--- Saved model to checkpoints/diffusion/diffusion_crumb_fits_seed45/state.pt ---
Epoch 174
Epoch 174 | Loss: 0.022611 | Val: 0.129359
--- Saved model to checkpoints/diffusion/diffusion_crumb_fits_seed45/state.pt ---
Epoch 175
Epoch 175 | Loss: 0.019524 | Val: 0.128738
--- Saved model to checkpoints/diffusion/diffusion_crumb_fits_seed45/state.pt ---
Epoch 176
Epoch 176 | Loss: 0.020722 | Val: 0.128417
--- Saved model to checkpoints/diffusion/diffusion_crumb_fits_seed45/state.pt ---
Epoch 177
Epoch 177 | Loss: 0.022377 | Val: 0.129940
--- Saved model to checkpoints/diffusion/diffusion_crumb_fits_seed45/state.pt ---
Epoch 178
Epoch 178 | Loss: 0.028379 | Val: 0.128176
--- Saved model to checkpoints/diffusion/diffusion_crumb_fits_seed45/state.pt ---
Epoch 179
Epoch 179 | Loss: 0.020094 | Val: 0.128931
--- Saved model to checkpoints/diffusion/diffusion_crumb_fits_seed45/state.pt ---
Epoch 180
Epoch 180 | Loss: 0.026148 | Val: 0.128020
FITS files saved to results/diffusion/20260923_145143_diffusion_crumb_fits_seed45_921092/generated_fits
Computing FID/KID/PDF at epoch 180...
  FID: 112.3817 | KID: 0.044845
  Pixel PDF W-dist: 0.0402
--- Saved model to checkpoints/diffusion/diffusion_crumb_fits_seed45/state.pt ---
Epoch 181
Epoch 181 | Loss: 0.020100 | Val: 0.129086
--- Saved model to checkpoints/diffusion/diffusion_crumb_fits_seed45/state.pt ---
Epoch 182
Epoch 182 | Loss: 0.018546 | Val: 0.130197
--- Saved model to checkpoints/diffusion/diffusion_crumb_fits_seed45/state.pt ---
Epoch 183
Epoch 183 | Loss: 0.020745 | Val: 0.128197
--- Saved model to checkpoints/diffusion/diffusion_crumb_fits_seed45/state.pt ---
Epoch 184
Epoch 184 | Loss: 0.021057 | Val: 0.128391
--- Saved model to checkpoints/diffusion/diffusion_crumb_fits_seed45/state.pt ---
Epoch 185
Epoch 185 | Loss: 0.024758 | Val: 0.129554
--- Saved model to checkpoints/diffusion/diffusion_crumb_fits_seed45/state.pt ---
Epoch 186
Epoch 186 | Loss: 0.024053 | Val: 0.128324
--- Saved model to checkpoints/diffusion/diffusion_crumb_fits_seed45/state.pt ---
Epoch 187
Epoch 187 | Loss: 0.021019 | Val: 0.128720
--- Saved model to checkpoints/diffusion/diffusion_crumb_fits_seed45/state.pt ---
Epoch 188
Epoch 188 | Loss: 0.022358 | Val: 0.129742
--- Saved model to checkpoints/diffusion/diffusion_crumb_fits_seed45/state.pt ---
Epoch 189
Epoch 189 | Loss: 0.023841 | Val: 0.128387
--- Saved model to checkpoints/diffusion/diffusion_crumb_fits_seed45/state.pt ---
Epoch 190
Epoch 190 | Loss: 0.023706 | Val: 0.129632
FITS files saved to results/diffusion/20260923_145143_diffusion_crumb_fits_seed45_921092/generated_fits
Computing FID/KID/PDF at epoch 190...
  FID: 107.9250 | KID: 0.076454
  Pixel PDF W-dist: 0.0235
--- Saved model to checkpoints/diffusion/diffusion_crumb_fits_seed45/state.pt ---
Epoch 191
Epoch 191 | Loss: 0.023024 | Val: 0.128750
--- Saved model to checkpoints/diffusion/diffusion_crumb_fits_seed45/state.pt ---
Epoch 192
Epoch 192 | Loss: 0.025314 | Val: 0.127992
--- Saved model to checkpoints/diffusion/diffusion_crumb_fits_seed45/state.pt ---
Epoch 193
Epoch 193 | Loss: 0.024214 | Val: 0.128255
--- Saved model to checkpoints/diffusion/diffusion_crumb_fits_seed45/state.pt ---
Epoch 194
Epoch 194 | Loss: 0.024723 | Val: 0.129082
--- Saved model to checkpoints/diffusion/diffusion_crumb_fits_seed45/state.pt ---
Epoch 195
Epoch 195 | Loss: 0.022313 | Val: 0.128682
--- Saved model to checkpoints/diffusion/diffusion_crumb_fits_seed45/state.pt ---
Epoch 196
Epoch 196 | Loss: 0.022877 | Val: 0.128651
--- Saved model to checkpoints/diffusion/diffusion_crumb_fits_seed45/state.pt ---
Epoch 197
Epoch 197 | Loss: 0.019925 | Val: 0.132029
--- Saved model to checkpoints/diffusion/diffusion_crumb_fits_seed45/state.pt ---
Epoch 198
Epoch 198 | Loss: 0.026107 | Val: 0.130143
--- Saved model to checkpoints/diffusion/diffusion_crumb_fits_seed45/state.pt ---
Epoch 199
Epoch 199 | Loss: 0.025637 | Val: 0.130752
--- Saved model to checkpoints/diffusion/diffusion_crumb_fits_seed45/state.pt ---
Epoch 200
Epoch 200 | Loss: 0.024219 | Val: 0.129347
FITS files saved to results/diffusion/20260923_145143_diffusion_crumb_fits_seed45_921092/generated_fits
Computing FID/KID/PDF at epoch 200...
  FID: 84.9517 | KID: 0.031290
  Pixel PDF W-dist: 0.0202
--- Saved model to checkpoints/diffusion/diffusion_crumb_fits_seed45/state.pt ---
Epoch 201
Epoch 201 | Loss: 0.020657 | Val: 0.132557
--- Saved model to checkpoints/diffusion/diffusion_crumb_fits_seed45/state.pt ---
Epoch 202
Epoch 202 | Loss: 0.025593 | Val: 0.128096
--- Saved model to checkpoints/diffusion/diffusion_crumb_fits_seed45/state.pt ---
Epoch 203
Epoch 203 | Loss: 0.020056 | Val: 0.129445
--- Saved model to checkpoints/diffusion/diffusion_crumb_fits_seed45/state.pt ---
Epoch 204
Epoch 204 | Loss: 0.023855 | Val: 0.130845
--- Saved model to checkpoints/diffusion/diffusion_crumb_fits_seed45/state.pt ---
Epoch 205
Epoch 205 | Loss: 0.025484 | Val: 0.128573
--- Saved model to checkpoints/diffusion/diffusion_crumb_fits_seed45/state.pt ---
Epoch 206
Epoch 206 | Loss: 0.022991 | Val: 0.128163
--- Saved model to checkpoints/diffusion/diffusion_crumb_fits_seed45/state.pt ---
Epoch 207
Epoch 207 | Loss: 0.022449 | Val: 0.128340
--- Saved model to checkpoints/diffusion/diffusion_crumb_fits_seed45/state.pt ---
Epoch 208
Epoch 208 | Loss: 0.029213 | Val: 0.129307
--- Saved model to checkpoints/diffusion/diffusion_crumb_fits_seed45/state.pt ---
Epoch 209
Epoch 209 | Loss: 0.019342 | Val: 0.128150
--- Saved model to checkpoints/diffusion/diffusion_crumb_fits_seed45/state.pt ---
Epoch 210
Epoch 210 | Loss: 0.024492 | Val: 0.131451
FITS files saved to results/diffusion/20260923_145143_diffusion_crumb_fits_seed45_921092/generated_fits
Computing FID/KID/PDF at epoch 210...
  FID: 99.1391 | KID: 0.040571
  Pixel PDF W-dist: 0.0205
--- Saved model to checkpoints/diffusion/diffusion_crumb_fits_seed45/state.pt ---
Epoch 211
Epoch 211 | Loss: 0.023663 | Val: 0.129155
--- Saved model to checkpoints/diffusion/diffusion_crumb_fits_seed45/state.pt ---
Epoch 212
Epoch 212 | Loss: 0.021862 | Val: 0.129367
--- Saved model to checkpoints/diffusion/diffusion_crumb_fits_seed45/state.pt ---
Epoch 213
Epoch 213 | Loss: 0.022771 | Val: 0.129432
--- Saved model to checkpoints/diffusion/diffusion_crumb_fits_seed45/state.pt ---
Epoch 214
Epoch 214 | Loss: 0.023284 | Val: 0.129431
--- Saved model to checkpoints/diffusion/diffusion_crumb_fits_seed45/state.pt ---
Epoch 215
Epoch 215 | Loss: 0.025771 | Val: 0.131933
--- Saved model to checkpoints/diffusion/diffusion_crumb_fits_seed45/state.pt ---
Epoch 216
Epoch 216 | Loss: 0.023923 | Val: 0.128313
--- Saved model to checkpoints/diffusion/diffusion_crumb_fits_seed45/state.pt ---
Epoch 217
Epoch 217 | Loss: 0.021128 | Val: 0.128839
--- Saved model to checkpoints/diffusion/diffusion_crumb_fits_seed45/state.pt ---
Epoch 218
Epoch 218 | Loss: 0.025682 | Val: 0.127956
--- Saved model to checkpoints/diffusion/diffusion_crumb_fits_seed45/state.pt ---
Epoch 219
Epoch 219 | Loss: 0.021749 | Val: 0.130052
--- Saved model to checkpoints/diffusion/diffusion_crumb_fits_seed45/state.pt ---
Epoch 220
Epoch 220 | Loss: 0.021271 | Val: 0.129070
FITS files saved to results/diffusion/20260923_145143_diffusion_crumb_fits_seed45_921092/generated_fits
Computing FID/KID/PDF at epoch 220...
  FID: 90.2868 | KID: 0.041442
  Pixel PDF W-dist: 0.0219
--- Saved model to checkpoints/diffusion/diffusion_crumb_fits_seed45/state.pt ---
Epoch 221
Epoch 221 | Loss: 0.022398 | Val: 0.127665
--- Saved model to checkpoints/diffusion/diffusion_crumb_fits_seed45/state.pt ---
Epoch 222
Epoch 222 | Loss: 0.020026 | Val: 0.129050
--- Saved model to checkpoints/diffusion/diffusion_crumb_fits_seed45/state.pt ---
Epoch 223
Epoch 223 | Loss: 0.022473 | Val: 0.128762
--- Saved model to checkpoints/diffusion/diffusion_crumb_fits_seed45/state.pt ---
Epoch 224
Epoch 224 | Loss: 0.019831 | Val: 0.128424
--- Saved model to checkpoints/diffusion/diffusion_crumb_fits_seed45/state.pt ---
Epoch 225
Epoch 225 | Loss: 0.023120 | Val: 0.129729
--- Saved model to checkpoints/diffusion/diffusion_crumb_fits_seed45/state.pt ---
Epoch 226
Epoch 226 | Loss: 0.023563 | Val: 0.129604
--- Saved model to checkpoints/diffusion/diffusion_crumb_fits_seed45/state.pt ---
Epoch 227
Epoch 227 | Loss: 0.027489 | Val: 0.128755
--- Saved model to checkpoints/diffusion/diffusion_crumb_fits_seed45/state.pt ---
Epoch 228
Epoch 228 | Loss: 0.016246 | Val: 0.129646
--- Saved model to checkpoints/diffusion/diffusion_crumb_fits_seed45/state.pt ---
Epoch 229
Epoch 229 | Loss: 0.021573 | Val: 0.128590
--- Saved model to checkpoints/diffusion/diffusion_crumb_fits_seed45/state.pt ---
Epoch 230
Epoch 230 | Loss: 0.022372 | Val: 0.129052
FITS files saved to results/diffusion/20260923_145143_diffusion_crumb_fits_seed45_921092/generated_fits
Computing FID/KID/PDF at epoch 230...
  FID: 115.8119 | KID: 0.057443
  Pixel PDF W-dist: 0.0149
--- Saved model to checkpoints/diffusion/diffusion_crumb_fits_seed45/state.pt ---
Epoch 231
Epoch 231 | Loss: 0.022971 | Val: 0.129603
--- Saved model to checkpoints/diffusion/diffusion_crumb_fits_seed45/state.pt ---
Epoch 232
Epoch 232 | Loss: 0.021912 | Val: 0.128496
--- Saved model to checkpoints/diffusion/diffusion_crumb_fits_seed45/state.pt ---
Epoch 233
Epoch 233 | Loss: 0.023447 | Val: 0.130031
--- Saved model to checkpoints/diffusion/diffusion_crumb_fits_seed45/state.pt ---
Epoch 234
Epoch 234 | Loss: 0.019789 | Val: 0.128459
--- Saved model to checkpoints/diffusion/diffusion_crumb_fits_seed45/state.pt ---
Epoch 235
Epoch 235 | Loss: 0.021785 | Val: 0.129634
--- Saved model to checkpoints/diffusion/diffusion_crumb_fits_seed45/state.pt ---
Epoch 236
Epoch 236 | Loss: 0.023565 | Val: 0.129343
--- Saved model to checkpoints/diffusion/diffusion_crumb_fits_seed45/state.pt ---
Epoch 237
Epoch 237 | Loss: 0.025775 | Val: 0.129779
--- Saved model to checkpoints/diffusion/diffusion_crumb_fits_seed45/state.pt ---
Epoch 238
Epoch 238 | Loss: 0.019322 | Val: 0.129091
--- Saved model to checkpoints/diffusion/diffusion_crumb_fits_seed45/state.pt ---
Epoch 239
Epoch 239 | Loss: 0.025683 | Val: 0.129704
--- Saved model to checkpoints/diffusion/diffusion_crumb_fits_seed45/state.pt ---
Epoch 240
Epoch 240 | Loss: 0.017818 | Val: 0.128732
FITS files saved to results/diffusion/20260923_145143_diffusion_crumb_fits_seed45_921092/generated_fits
Computing FID/KID/PDF at epoch 240...
  FID: 90.0905 | KID: 0.042367
  Pixel PDF W-dist: 0.0147
--- Saved model to checkpoints/diffusion/diffusion_crumb_fits_seed45/state.pt ---
Epoch 241
Epoch 241 | Loss: 0.020916 | Val: 0.129791
--- Saved model to checkpoints/diffusion/diffusion_crumb_fits_seed45/state.pt ---
Epoch 242
Epoch 242 | Loss: 0.026465 | Val: 0.128899
--- Saved model to checkpoints/diffusion/diffusion_crumb_fits_seed45/state.pt ---
Epoch 243
Epoch 243 | Loss: 0.019744 | Val: 0.129652
--- Saved model to checkpoints/diffusion/diffusion_crumb_fits_seed45/state.pt ---
Epoch 244
Epoch 244 | Loss: 0.025497 | Val: 0.128860
--- Saved model to checkpoints/diffusion/diffusion_crumb_fits_seed45/state.pt ---
Epoch 245
Epoch 245 | Loss: 0.024775 | Val: 0.128256
--- Saved model to checkpoints/diffusion/diffusion_crumb_fits_seed45/state.pt ---
Epoch 246
Epoch 246 | Loss: 0.020185 | Val: 0.129442
--- Saved model to checkpoints/diffusion/diffusion_crumb_fits_seed45/state.pt ---
Epoch 247
Epoch 247 | Loss: 0.024561 | Val: 0.129678
--- Saved model to checkpoints/diffusion/diffusion_crumb_fits_seed45/state.pt ---
Epoch 248
Epoch 248 | Loss: 0.023343 | Val: 0.128153
--- Saved model to checkpoints/diffusion/diffusion_crumb_fits_seed45/state.pt ---
Epoch 249
Epoch 249 | Loss: 0.021852 | Val: 0.129216
--- Saved model to checkpoints/diffusion/diffusion_crumb_fits_seed45/state.pt ---
Epoch 250
Epoch 250 | Loss: 0.027431 | Val: 0.129028
FITS files saved to results/diffusion/20260923_145143_diffusion_crumb_fits_seed45_921092/generated_fits
Computing FID/KID/PDF at epoch 250...
  FID: 144.1548 | KID: 0.092697
  Pixel PDF W-dist: 0.0143
--- Saved model to checkpoints/diffusion/diffusion_crumb_fits_seed45/state.pt ---
Epoch 251
Epoch 251 | Loss: 0.020903 | Val: 0.128300
--- Saved model to checkpoints/diffusion/diffusion_crumb_fits_seed45/state.pt ---
Epoch 252
Epoch 252 | Loss: 0.023908 | Val: 0.128717
--- Saved model to checkpoints/diffusion/diffusion_crumb_fits_seed45/state.pt ---
Epoch 253
Epoch 253 | Loss: 0.019188 | Val: 0.129441
--- Saved model to checkpoints/diffusion/diffusion_crumb_fits_seed45/state.pt ---
Epoch 254
Epoch 254 | Loss: 0.025101 | Val: 0.129400
--- Saved model to checkpoints/diffusion/diffusion_crumb_fits_seed45/state.pt ---
Epoch 255
Epoch 255 | Loss: 0.021518 | Val: 0.128169
--- Saved model to checkpoints/diffusion/diffusion_crumb_fits_seed45/state.pt ---
Epoch 256
Epoch 256 | Loss: 0.021841 | Val: 0.128319
--- Saved model to checkpoints/diffusion/diffusion_crumb_fits_seed45/state.pt ---
Epoch 257
Epoch 257 | Loss: 0.022372 | Val: 0.129052
--- Saved model to checkpoints/diffusion/diffusion_crumb_fits_seed45/state.pt ---
Epoch 258
Epoch 258 | Loss: 0.025770 | Val: 0.128926
--- Saved model to checkpoints/diffusion/diffusion_crumb_fits_seed45/state.pt ---
Epoch 259
Epoch 259 | Loss: 0.024485 | Val: 0.129345
--- Saved model to checkpoints/diffusion/diffusion_crumb_fits_seed45/state.pt ---
Epoch 260
Epoch 260 | Loss: 0.023239 | Val: 0.128452
FITS files saved to results/diffusion/20260923_145143_diffusion_crumb_fits_seed45_921092/generated_fits
Computing FID/KID/PDF at epoch 260...
  FID: 77.0878 | KID: 0.020017
  Pixel PDF W-dist: 0.0159
--- Saved model to checkpoints/diffusion/diffusion_crumb_fits_seed45/state.pt ---
Epoch 261
Epoch 261 | Loss: 0.025009 | Val: 0.127827
--- Saved model to checkpoints/diffusion/diffusion_crumb_fits_seed45/state.pt ---
Epoch 262
Epoch 262 | Loss: 0.023783 | Val: 0.128884
--- Saved model to checkpoints/diffusion/diffusion_crumb_fits_seed45/state.pt ---
Epoch 263
Epoch 263 | Loss: 0.023749 | Val: 0.128231
--- Saved model to checkpoints/diffusion/diffusion_crumb_fits_seed45/state.pt ---
Epoch 264
Epoch 264 | Loss: 0.020878 | Val: 0.129416
--- Saved model to checkpoints/diffusion/diffusion_crumb_fits_seed45/state.pt ---
Epoch 265
Epoch 265 | Loss: 0.025042 | Val: 0.130247
--- Saved model to checkpoints/diffusion/diffusion_crumb_fits_seed45/state.pt ---
Epoch 266
Epoch 266 | Loss: 0.021994 | Val: 0.128401
--- Saved model to checkpoints/diffusion/diffusion_crumb_fits_seed45/state.pt ---
Epoch 267
Epoch 267 | Loss: 0.022073 | Val: 0.129172
--- Saved model to checkpoints/diffusion/diffusion_crumb_fits_seed45/state.pt ---
Epoch 268
Epoch 268 | Loss: 0.022229 | Val: 0.128578
--- Saved model to checkpoints/diffusion/diffusion_crumb_fits_seed45/state.pt ---
Epoch 269
Epoch 269 | Loss: 0.022266 | Val: 0.128992
--- Saved model to checkpoints/diffusion/diffusion_crumb_fits_seed45/state.pt ---
Epoch 270
Epoch 270 | Loss: 0.025887 | Val: 0.128805
FITS files saved to results/diffusion/20260923_145143_diffusion_crumb_fits_seed45_921092/generated_fits
Computing FID/KID/PDF at epoch 270...
  FID: 84.5489 | KID: 0.043296
  Pixel PDF W-dist: 0.0205
--- Saved model to checkpoints/diffusion/diffusion_crumb_fits_seed45/state.pt ---
Epoch 271
Epoch 271 | Loss: 0.024531 | Val: 0.128569
--- Saved model to checkpoints/diffusion/diffusion_crumb_fits_seed45/state.pt ---
Epoch 272
Epoch 272 | Loss: 0.027212 | Val: 0.128590
--- Saved model to checkpoints/diffusion/diffusion_crumb_fits_seed45/state.pt ---
Epoch 273
Epoch 273 | Loss: 0.022402 | Val: 0.128197
--- Saved model to checkpoints/diffusion/diffusion_crumb_fits_seed45/state.pt ---
Epoch 274
Epoch 274 | Loss: 0.024760 | Val: 0.129392
--- Saved model to checkpoints/diffusion/diffusion_crumb_fits_seed45/state.pt ---
Epoch 275
Epoch 275 | Loss: 0.025255 | Val: 0.128823
--- Saved model to checkpoints/diffusion/diffusion_crumb_fits_seed45/state.pt ---
Epoch 276
Epoch 276 | Loss: 0.024369 | Val: 0.129043
--- Saved model to checkpoints/diffusion/diffusion_crumb_fits_seed45/state.pt ---
Epoch 277
Epoch 277 | Loss: 0.022091 | Val: 0.128585
--- Saved model to checkpoints/diffusion/diffusion_crumb_fits_seed45/state.pt ---
Epoch 278
Epoch 278 | Loss: 0.022462 | Val: 0.128087
--- Saved model to checkpoints/diffusion/diffusion_crumb_fits_seed45/state.pt ---
Epoch 279
Epoch 279 | Loss: 0.026145 | Val: 0.129045
--- Saved model to checkpoints/diffusion/diffusion_crumb_fits_seed45/state.pt ---
Epoch 280
Epoch 280 | Loss: 0.021064 | Val: 0.129075
FITS files saved to results/diffusion/20260923_145143_diffusion_crumb_fits_seed45_921092/generated_fits
Computing FID/KID/PDF at epoch 280...
  FID: 104.7733 | KID: 0.046201
  Pixel PDF W-dist: 0.0119
--- Saved model to checkpoints/diffusion/diffusion_crumb_fits_seed45/state.pt ---
Epoch 281
Epoch 281 | Loss: 0.023812 | Val: 0.129060
--- Saved model to checkpoints/diffusion/diffusion_crumb_fits_seed45/state.pt ---
Epoch 282
Epoch 282 | Loss: 0.021929 | Val: 0.128668
--- Saved model to checkpoints/diffusion/diffusion_crumb_fits_seed45/state.pt ---
Epoch 283
Epoch 283 | Loss: 0.021352 | Val: 0.129897
--- Saved model to checkpoints/diffusion/diffusion_crumb_fits_seed45/state.pt ---
Epoch 284
Epoch 284 | Loss: 0.026114 | Val: 0.128330
--- Saved model to checkpoints/diffusion/diffusion_crumb_fits_seed45/state.pt ---
Epoch 285
Epoch 285 | Loss: 0.020293 | Val: 0.129403
--- Saved model to checkpoints/diffusion/diffusion_crumb_fits_seed45/state.pt ---
Epoch 286
Epoch 286 | Loss: 0.022710 | Val: 0.128550
--- Saved model to checkpoints/diffusion/diffusion_crumb_fits_seed45/state.pt ---
Epoch 287
Epoch 287 | Loss: 0.024568 | Val: 0.128759
--- Saved model to checkpoints/diffusion/diffusion_crumb_fits_seed45/state.pt ---
Epoch 288
Epoch 288 | Loss: 0.024668 | Val: 0.129080
--- Saved model to checkpoints/diffusion/diffusion_crumb_fits_seed45/state.pt ---
Epoch 289
Epoch 289 | Loss: 0.021177 | Val: 0.129870
--- Saved model to checkpoints/diffusion/diffusion_crumb_fits_seed45/state.pt ---
Epoch 290
Epoch 290 | Loss: 0.022967 | Val: 0.129063
FITS files saved to results/diffusion/20260923_145143_diffusion_crumb_fits_seed45_921092/generated_fits
Computing FID/KID/PDF at epoch 290...
  FID: 85.2440 | KID: 0.039634
  Pixel PDF W-dist: 0.0253
--- Saved model to checkpoints/diffusion/diffusion_crumb_fits_seed45/state.pt ---
Epoch 291
Epoch 291 | Loss: 0.019537 | Val: 0.129330
--- Saved model to checkpoints/diffusion/diffusion_crumb_fits_seed45/state.pt ---
Epoch 292
Epoch 292 | Loss: 0.023672 | Val: 0.129090
--- Saved model to checkpoints/diffusion/diffusion_crumb_fits_seed45/state.pt ---
Epoch 293
Epoch 293 | Loss: 0.023461 | Val: 0.128316
--- Saved model to checkpoints/diffusion/diffusion_crumb_fits_seed45/state.pt ---
Epoch 294
Epoch 294 | Loss: 0.020020 | Val: 0.129039
--- Saved model to checkpoints/diffusion/diffusion_crumb_fits_seed45/state.pt ---
Epoch 295
Epoch 295 | Loss: 0.029666 | Val: 0.129640
--- Saved model to checkpoints/diffusion/diffusion_crumb_fits_seed45/state.pt ---
Epoch 296
Epoch 296 | Loss: 0.022739 | Val: 0.129532
--- Saved model to checkpoints/diffusion/diffusion_crumb_fits_seed45/state.pt ---
Epoch 297
Epoch 297 | Loss: 0.026226 | Val: 0.128046
--- Saved model to checkpoints/diffusion/diffusion_crumb_fits_seed45/state.pt ---
Epoch 298
Epoch 298 | Loss: 0.026120 | Val: 0.128595
--- Saved model to checkpoints/diffusion/diffusion_crumb_fits_seed45/state.pt ---
Epoch 299
Epoch 299 | Loss: 0.025546 | Val: 0.128471
--- Saved model to checkpoints/diffusion/diffusion_crumb_fits_seed45/state.pt ---
Epoch 300
Epoch 300 | Loss: 0.021557 | Val: 0.129108
FITS files saved to results/diffusion/20260923_145143_diffusion_crumb_fits_seed45_921092/generated_fits
Computing FID/KID/PDF at epoch 300...
  FID: 135.4542 | KID: 0.124227
  Pixel PDF W-dist: 0.0251
--- Saved model to checkpoints/diffusion/diffusion_crumb_fits_seed45/state.pt ---
Epoch 301
Epoch 301 | Loss: 0.021311 | Val: 0.130579
--- Saved model to checkpoints/diffusion/diffusion_crumb_fits_seed45/state.pt ---
Epoch 302
Epoch 302 | Loss: 0.022889 | Val: 0.129027
--- Saved model to checkpoints/diffusion/diffusion_crumb_fits_seed45/state.pt ---
Epoch 303
Epoch 303 | Loss: 0.022990 | Val: 0.129584
--- Saved model to checkpoints/diffusion/diffusion_crumb_fits_seed45/state.pt ---
Epoch 304
Epoch 304 | Loss: 0.026899 | Val: 0.128302
--- Saved model to checkpoints/diffusion/diffusion_crumb_fits_seed45/state.pt ---
Epoch 305
Epoch 305 | Loss: 0.026316 | Val: 0.130107
--- Saved model to checkpoints/diffusion/diffusion_crumb_fits_seed45/state.pt ---
Epoch 306
Epoch 306 | Loss: 0.022833 | Val: 0.130133
--- Saved model to checkpoints/diffusion/diffusion_crumb_fits_seed45/state.pt ---
Epoch 307
Epoch 307 | Loss: 0.022853 | Val: 0.128893
--- Saved model to checkpoints/diffusion/diffusion_crumb_fits_seed45/state.pt ---
Epoch 308
Epoch 308 | Loss: 0.025082 | Val: 0.128618
--- Saved model to checkpoints/diffusion/diffusion_crumb_fits_seed45/state.pt ---
Epoch 309
Epoch 309 | Loss: 0.021034 | Val: 0.129514
--- Saved model to checkpoints/diffusion/diffusion_crumb_fits_seed45/state.pt ---
Epoch 310
Epoch 310 | Loss: 0.020793 | Val: 0.129357
FITS files saved to results/diffusion/20260923_145143_diffusion_crumb_fits_seed45_921092/generated_fits
Computing FID/KID/PDF at epoch 310...
  FID: 94.9321 | KID: 0.045837
  Pixel PDF W-dist: 0.0193
--- Saved model to checkpoints/diffusion/diffusion_crumb_fits_seed45/state.pt ---
Epoch 311
Epoch 311 | Loss: 0.029033 | Val: 0.128561
--- Saved model to checkpoints/diffusion/diffusion_crumb_fits_seed45/state.pt ---
Epoch 312
Epoch 312 | Loss: 0.022025 | Val: 0.129981
--- Saved model to checkpoints/diffusion/diffusion_crumb_fits_seed45/state.pt ---
Epoch 313
Epoch 313 | Loss: 0.020986 | Val: 0.129106
--- Saved model to checkpoints/diffusion/diffusion_crumb_fits_seed45/state.pt ---
Epoch 314
Epoch 314 | Loss: 0.027171 | Val: 0.129592
--- Saved model to checkpoints/diffusion/diffusion_crumb_fits_seed45/state.pt ---
Epoch 315
Epoch 315 | Loss: 0.025941 | Val: 0.128602
--- Saved model to checkpoints/diffusion/diffusion_crumb_fits_seed45/state.pt ---
Epoch 316
Epoch 316 | Loss: 0.022198 | Val: 0.129261
--- Saved model to checkpoints/diffusion/diffusion_crumb_fits_seed45/state.pt ---
Epoch 317
Epoch 317 | Loss: 0.023772 | Val: 0.128544
--- Saved model to checkpoints/diffusion/diffusion_crumb_fits_seed45/state.pt ---
Epoch 318
Epoch 318 | Loss: 0.021133 | Val: 0.128847
--- Saved model to checkpoints/diffusion/diffusion_crumb_fits_seed45/state.pt ---
Epoch 319
Epoch 319 | Loss: 0.026921 | Val: 0.129516
--- Saved model to checkpoints/diffusion/diffusion_crumb_fits_seed45/state.pt ---
Epoch 320
Epoch 320 | Loss: 0.020226 | Val: 0.129058
FITS files saved to results/diffusion/20260923_145143_diffusion_crumb_fits_seed45_921092/generated_fits
Computing FID/KID/PDF at epoch 320...
  FID: 100.9895 | KID: 0.037027
  Pixel PDF W-dist: 0.0096
--- Saved model to checkpoints/diffusion/diffusion_crumb_fits_seed45/state.pt ---
Epoch 321
Epoch 321 | Loss: 0.022949 | Val: 0.129399
--- Saved model to checkpoints/diffusion/diffusion_crumb_fits_seed45/state.pt ---
Epoch 322
Epoch 322 | Loss: 0.021431 | Val: 0.129331
--- Saved model to checkpoints/diffusion/diffusion_crumb_fits_seed45/state.pt ---
Epoch 323
Epoch 323 | Loss: 0.019973 | Val: 0.129306
--- Saved model to checkpoints/diffusion/diffusion_crumb_fits_seed45/state.pt ---
Epoch 324
Epoch 324 | Loss: 0.022728 | Val: 0.129312
--- Saved model to checkpoints/diffusion/diffusion_crumb_fits_seed45/state.pt ---
Epoch 325
Epoch 325 | Loss: 0.022117 | Val: 0.128926
--- Saved model to checkpoints/diffusion/diffusion_crumb_fits_seed45/state.pt ---
Epoch 326
Epoch 326 | Loss: 0.022692 | Val: 0.129595
--- Saved model to checkpoints/diffusion/diffusion_crumb_fits_seed45/state.pt ---
Epoch 327
Epoch 327 | Loss: 0.023631 | Val: 0.129621
--- Saved model to checkpoints/diffusion/diffusion_crumb_fits_seed45/state.pt ---
Epoch 328
Epoch 328 | Loss: 0.019699 | Val: 0.129375
--- Saved model to checkpoints/diffusion/diffusion_crumb_fits_seed45/state.pt ---
Epoch 329
Epoch 329 | Loss: 0.018369 | Val: 0.130130
--- Saved model to checkpoints/diffusion/diffusion_crumb_fits_seed45/state.pt ---
Epoch 330
Epoch 330 | Loss: 0.023823 | Val: 0.128971
FITS files saved to results/diffusion/20260923_145143_diffusion_crumb_fits_seed45_921092/generated_fits
Computing FID/KID/PDF at epoch 330...
  FID: 106.8968 | KID: 0.044099
  Pixel PDF W-dist: 0.0053
--- Saved model to checkpoints/diffusion/diffusion_crumb_fits_seed45/state.pt ---
Epoch 331
Epoch 331 | Loss: 0.024413 | Val: 0.129642
--- Saved model to checkpoints/diffusion/diffusion_crumb_fits_seed45/state.pt ---
Epoch 332
Epoch 332 | Loss: 0.022183 | Val: 0.129599
--- Saved model to checkpoints/diffusion/diffusion_crumb_fits_seed45/state.pt ---
Epoch 333
Epoch 333 | Loss: 0.024889 | Val: 0.129695
--- Saved model to checkpoints/diffusion/diffusion_crumb_fits_seed45/state.pt ---
Epoch 334
Epoch 334 | Loss: 0.022266 | Val: 0.130185
--- Saved model to checkpoints/diffusion/diffusion_crumb_fits_seed45/state.pt ---
Epoch 335
Epoch 335 | Loss: 0.024914 | Val: 0.128982
--- Saved model to checkpoints/diffusion/diffusion_crumb_fits_seed45/state.pt ---
Epoch 336
Epoch 336 | Loss: 0.025610 | Val: 0.129703
--- Saved model to checkpoints/diffusion/diffusion_crumb_fits_seed45/state.pt ---
Epoch 337
Epoch 337 | Loss: 0.021852 | Val: 0.128245
--- Saved model to checkpoints/diffusion/diffusion_crumb_fits_seed45/state.pt ---
Epoch 338
Epoch 338 | Loss: 0.022086 | Val: 0.129226
--- Saved model to checkpoints/diffusion/diffusion_crumb_fits_seed45/state.pt ---
Epoch 339
Epoch 339 | Loss: 0.019282 | Val: 0.130569
--- Saved model to checkpoints/diffusion/diffusion_crumb_fits_seed45/state.pt ---
Epoch 340
Epoch 340 | Loss: 0.019834 | Val: 0.129429
FITS files saved to results/diffusion/20260923_145143_diffusion_crumb_fits_seed45_921092/generated_fits
Computing FID/KID/PDF at epoch 340...
  FID: 75.3660 | KID: 0.020749
  Pixel PDF W-dist: 0.0145
--- Saved model to checkpoints/diffusion/diffusion_crumb_fits_seed45/state.pt ---
Epoch 341
Epoch 341 | Loss: 0.019010 | Val: 0.130453
--- Saved model to checkpoints/diffusion/diffusion_crumb_fits_seed45/state.pt ---
Epoch 342
Epoch 342 | Loss: 0.020908 | Val: 0.129654
--- Saved model to checkpoints/diffusion/diffusion_crumb_fits_seed45/state.pt ---
Epoch 343
Epoch 343 | Loss: 0.018920 | Val: 0.129338
--- Saved model to checkpoints/diffusion/diffusion_crumb_fits_seed45/state.pt ---
Epoch 344
Epoch 344 | Loss: 0.020399 | Val: 0.129577
--- Saved model to checkpoints/diffusion/diffusion_crumb_fits_seed45/state.pt ---
Epoch 345
Epoch 345 | Loss: 0.022379 | Val: 0.128901
--- Saved model to checkpoints/diffusion/diffusion_crumb_fits_seed45/state.pt ---
Epoch 346
Epoch 346 | Loss: 0.026027 | Val: 0.129543
--- Saved model to checkpoints/diffusion/diffusion_crumb_fits_seed45/state.pt ---
Epoch 347
Epoch 347 | Loss: 0.018567 | Val: 0.128767
--- Saved model to checkpoints/diffusion/diffusion_crumb_fits_seed45/state.pt ---
Epoch 348
Epoch 348 | Loss: 0.021024 | Val: 0.129003
--- Saved model to checkpoints/diffusion/diffusion_crumb_fits_seed45/state.pt ---
Epoch 349
Epoch 349 | Loss: 0.023738 | Val: 0.128405
--- Saved model to checkpoints/diffusion/diffusion_crumb_fits_seed45/state.pt ---
Epoch 350
Epoch 350 | Loss: 0.023178 | Val: 0.128873
FITS files saved to results/diffusion/20260923_145143_diffusion_crumb_fits_seed45_921092/generated_fits
Computing FID/KID/PDF at epoch 350...
  FID: 83.0661 | KID: 0.030037
  Pixel PDF W-dist: 0.0125
--- Saved model to checkpoints/diffusion/diffusion_crumb_fits_seed45/state.pt ---
Epoch 351
Epoch 351 | Loss: 0.025473 | Val: 0.128695
--- Saved model to checkpoints/diffusion/diffusion_crumb_fits_seed45/state.pt ---
Epoch 352
Epoch 352 | Loss: 0.021199 | Val: 0.129806
--- Saved model to checkpoints/diffusion/diffusion_crumb_fits_seed45/state.pt ---
Epoch 353
Epoch 353 | Loss: 0.023977 | Val: 0.129503
--- Saved model to checkpoints/diffusion/diffusion_crumb_fits_seed45/state.pt ---
Epoch 354
Epoch 354 | Loss: 0.019760 | Val: 0.129543
--- Saved model to checkpoints/diffusion/diffusion_crumb_fits_seed45/state.pt ---
Epoch 355
Epoch 355 | Loss: 0.023284 | Val: 0.128454
--- Saved model to checkpoints/diffusion/diffusion_crumb_fits_seed45/state.pt ---
Epoch 356
Epoch 356 | Loss: 0.019895 | Val: 0.128769
--- Saved model to checkpoints/diffusion/diffusion_crumb_fits_seed45/state.pt ---
Epoch 357
Epoch 357 | Loss: 0.024116 | Val: 0.129020
--- Saved model to checkpoints/diffusion/diffusion_crumb_fits_seed45/state.pt ---
Epoch 358
Epoch 358 | Loss: 0.024410 | Val: 0.128660
--- Saved model to checkpoints/diffusion/diffusion_crumb_fits_seed45/state.pt ---
Epoch 359
Epoch 359 | Loss: 0.021227 | Val: 0.128831
--- Saved model to checkpoints/diffusion/diffusion_crumb_fits_seed45/state.pt ---
Epoch 360
Epoch 360 | Loss: 0.023249 | Val: 0.129823
FITS files saved to results/diffusion/20260923_145143_diffusion_crumb_fits_seed45_921092/generated_fits
Computing FID/KID/PDF at epoch 360...
  FID: 96.0313 | KID: 0.031020
  Pixel PDF W-dist: 0.0237
--- Saved model to checkpoints/diffusion/diffusion_crumb_fits_seed45/state.pt ---
Epoch 361
Epoch 361 | Loss: 0.022115 | Val: 0.128758
--- Saved model to checkpoints/diffusion/diffusion_crumb_fits_seed45/state.pt ---
Epoch 362
Epoch 362 | Loss: 0.022410 | Val: 0.129498
--- Saved model to checkpoints/diffusion/diffusion_crumb_fits_seed45/state.pt ---
Epoch 363
Epoch 363 | Loss: 0.022262 | Val: 0.129766
--- Saved model to checkpoints/diffusion/diffusion_crumb_fits_seed45/state.pt ---
Epoch 364
Epoch 364 | Loss: 0.025536 | Val: 0.129547
--- Saved model to checkpoints/diffusion/diffusion_crumb_fits_seed45/state.pt ---
Epoch 365
Epoch 365 | Loss: 0.027239 | Val: 0.129272
--- Saved model to checkpoints/diffusion/diffusion_crumb_fits_seed45/state.pt ---
Epoch 366
Epoch 366 | Loss: 0.024320 | Val: 0.129115
--- Saved model to checkpoints/diffusion/diffusion_crumb_fits_seed45/state.pt ---
Epoch 367
Epoch 367 | Loss: 0.025691 | Val: 0.130654
--- Saved model to checkpoints/diffusion/diffusion_crumb_fits_seed45/state.pt ---
Epoch 368
Epoch 368 | Loss: 0.023068 | Val: 0.129766
--- Saved model to checkpoints/diffusion/diffusion_crumb_fits_seed45/state.pt ---
Epoch 369
Epoch 369 | Loss: 0.024181 | Val: 0.128873
--- Saved model to checkpoints/diffusion/diffusion_crumb_fits_seed45/state.pt ---
Epoch 370
Epoch 370 | Loss: 0.021427 | Val: 0.128635
FITS files saved to results/diffusion/20260923_145143_diffusion_crumb_fits_seed45_921092/generated_fits
Computing FID/KID/PDF at epoch 370...
  FID: 87.4288 | KID: 0.037121
  Pixel PDF W-dist: 0.0228
--- Saved model to checkpoints/diffusion/diffusion_crumb_fits_seed45/state.pt ---
Epoch 371
Epoch 371 | Loss: 0.027057 | Val: 0.128411
--- Saved model to checkpoints/diffusion/diffusion_crumb_fits_seed45/state.pt ---
Epoch 372
Epoch 372 | Loss: 0.025383 | Val: 0.130346
--- Saved model to checkpoints/diffusion/diffusion_crumb_fits_seed45/state.pt ---
Epoch 373
Epoch 373 | Loss: 0.023781 | Val: 0.128991
--- Saved model to checkpoints/diffusion/diffusion_crumb_fits_seed45/state.pt ---
Epoch 374
Epoch 374 | Loss: 0.021684 | Val: 0.131333
--- Saved model to checkpoints/diffusion/diffusion_crumb_fits_seed45/state.pt ---
Epoch 375
Epoch 375 | Loss: 0.020593 | Val: 0.129080
--- Saved model to checkpoints/diffusion/diffusion_crumb_fits_seed45/state.pt ---
Epoch 376
Epoch 376 | Loss: 0.022291 | Val: 0.129573
--- Saved model to checkpoints/diffusion/diffusion_crumb_fits_seed45/state.pt ---
Epoch 377
Epoch 377 | Loss: 0.021170 | Val: 0.131318
--- Saved model to checkpoints/diffusion/diffusion_crumb_fits_seed45/state.pt ---
Epoch 378
Epoch 378 | Loss: 0.019728 | Val: 0.128796
--- Saved model to checkpoints/diffusion/diffusion_crumb_fits_seed45/state.pt ---
Epoch 379
Epoch 379 | Loss: 0.020279 | Val: 0.129209
--- Saved model to checkpoints/diffusion/diffusion_crumb_fits_seed45/state.pt ---
Epoch 380
Epoch 380 | Loss: 0.025326 | Val: 0.128810
FITS files saved to results/diffusion/20260923_145143_diffusion_crumb_fits_seed45_921092/generated_fits
Computing FID/KID/PDF at epoch 380...
  FID: 79.5629 | KID: 0.022052
  Pixel PDF W-dist: 0.0151
--- Saved model to checkpoints/diffusion/diffusion_crumb_fits_seed45/state.pt ---
Epoch 381
Epoch 381 | Loss: 0.019679 | Val: 0.129499
--- Saved model to checkpoints/diffusion/diffusion_crumb_fits_seed45/state.pt ---
Epoch 382
Epoch 382 | Loss: 0.021648 | Val: 0.129825
--- Saved model to checkpoints/diffusion/diffusion_crumb_fits_seed45/state.pt ---
Epoch 383
Epoch 383 | Loss: 0.023762 | Val: 0.129285
--- Saved model to checkpoints/diffusion/diffusion_crumb_fits_seed45/state.pt ---
Epoch 384
Epoch 384 | Loss: 0.018537 | Val: 0.129273
--- Saved model to checkpoints/diffusion/diffusion_crumb_fits_seed45/state.pt ---
Epoch 385
Epoch 385 | Loss: 0.025385 | Val: 0.129194
--- Saved model to checkpoints/diffusion/diffusion_crumb_fits_seed45/state.pt ---
Epoch 386
Epoch 386 | Loss: 0.018561 | Val: 0.128777
--- Saved model to checkpoints/diffusion/diffusion_crumb_fits_seed45/state.pt ---
Epoch 387
Epoch 387 | Loss: 0.028097 | Val: 0.129382
--- Saved model to checkpoints/diffusion/diffusion_crumb_fits_seed45/state.pt ---
Epoch 388
Epoch 388 | Loss: 0.023060 | Val: 0.129317
--- Saved model to checkpoints/diffusion/diffusion_crumb_fits_seed45/state.pt ---
Epoch 389
Epoch 389 | Loss: 0.022671 | Val: 0.129018
--- Saved model to checkpoints/diffusion/diffusion_crumb_fits_seed45/state.pt ---
Epoch 390
Epoch 390 | Loss: 0.021716 | Val: 0.129443
FITS files saved to results/diffusion/20260923_145143_diffusion_crumb_fits_seed45_921092/generated_fits
Computing FID/KID/PDF at epoch 390...
  FID: 90.0125 | KID: 0.040230
  Pixel PDF W-dist: 0.0079
--- Saved model to checkpoints/diffusion/diffusion_crumb_fits_seed45/state.pt ---
Epoch 391
Epoch 391 | Loss: 0.019833 | Val: 0.130343
--- Saved model to checkpoints/diffusion/diffusion_crumb_fits_seed45/state.pt ---
Epoch 392
Epoch 392 | Loss: 0.024983 | Val: 0.129140
--- Saved model to checkpoints/diffusion/diffusion_crumb_fits_seed45/state.pt ---
Epoch 393
Epoch 393 | Loss: 0.028713 | Val: 0.131582
--- Saved model to checkpoints/diffusion/diffusion_crumb_fits_seed45/state.pt ---
Epoch 394
Epoch 394 | Loss: 0.020100 | Val: 0.130974
--- Saved model to checkpoints/diffusion/diffusion_crumb_fits_seed45/state.pt ---
Epoch 395
Epoch 395 | Loss: 0.023802 | Val: 0.129832
--- Saved model to checkpoints/diffusion/diffusion_crumb_fits_seed45/state.pt ---
Epoch 396
Epoch 396 | Loss: 0.021768 | Val: 0.130088
--- Saved model to checkpoints/diffusion/diffusion_crumb_fits_seed45/state.pt ---
Epoch 397
Epoch 397 | Loss: 0.023821 | Val: 0.130592
--- Saved model to checkpoints/diffusion/diffusion_crumb_fits_seed45/state.pt ---
Epoch 398
Epoch 398 | Loss: 0.020383 | Val: 0.129442
--- Saved model to checkpoints/diffusion/diffusion_crumb_fits_seed45/state.pt ---
Epoch 399
Epoch 399 | Loss: 0.024611 | Val: 0.129127
--- Saved model to checkpoints/diffusion/diffusion_crumb_fits_seed45/state.pt ---
FITS files saved to results/diffusion/20260923_145143_diffusion_crumb_fits_seed45_921092/generated_fits
Generated images saved.
Loss graph saved to results/diffusion/20260923_145143_diffusion_crumb_fits_seed45_921092/training_metrics.png
Generative metrics plot saved to results/diffusion/20260923_145143_diffusion_crumb_fits_seed45_921092/generative_metrics.png
Pixel PDF history plot saved to results/diffusion/20260923_145143_diffusion_crumb_fits_seed45_921092/pixel_pdf_history.png
Testing model
Generated test images saved to results/diffusion/20260923_145143_diffusion_crumb_fits_seed45_921092/
