CUDA Memory Cleared. Current VRAM Usage: 0.00 MB
On device cuda
Getting data loader crumb
Corrected 163/300 CRUMB test labels using train-derived (parent, code) -> label mapping
Total unique classes found: 2
Label IDs: [0, 1]
Total images in dataset: 2002
Total batches: 43 (at batch size 32)

============================================================
Run 1/1  |  seed=42  |  tag=scratch  |  results -> results/classification/run_20260713_214234_seed42
============================================================

Training classification for 300 epochs
Epoch 0
Epoch 0, Training Loss: 0.7353, Validation Loss: 0.6924 (best)
--- Saved model to checkpoints/classification/scratch/state.pt ---
Epoch 1
Epoch 1, Training Loss: 0.7048, Validation Loss: 0.6943
--- Saved model to checkpoints/classification/scratch/state.pt ---
Epoch 2
Epoch 2, Training Loss: 0.6998, Validation Loss: 0.6931
--- Saved model to checkpoints/classification/scratch/state.pt ---
Epoch 3
Epoch 3, Training Loss: 0.6996, Validation Loss: 0.6950
--- Saved model to checkpoints/classification/scratch/state.pt ---
Epoch 4
Epoch 4, Training Loss: 0.6961, Validation Loss: 0.6923 (best)
--- Saved model to checkpoints/classification/scratch/state.pt ---
Epoch 5
Epoch 5, Training Loss: 0.6942, Validation Loss: 0.6934
--- Saved model to checkpoints/classification/scratch/state.pt ---
Epoch 6
Epoch 6, Training Loss: 0.6948, Validation Loss: 0.6935
--- Saved model to checkpoints/classification/scratch/state.pt ---
Epoch 7
Epoch 7, Training Loss: 0.6950, Validation Loss: 0.6924
--- Saved model to checkpoints/classification/scratch/state.pt ---
Epoch 8
Epoch 8, Training Loss: 0.6938, Validation Loss: 0.6964
--- Saved model to checkpoints/classification/scratch/state.pt ---
Epoch 9
Epoch 9, Training Loss: 0.6942, Validation Loss: 0.6929
--- Saved model to checkpoints/classification/scratch/state.pt ---
Epoch 10
Epoch 10, Training Loss: 0.6912, Validation Loss: 0.6938
--- Saved model to checkpoints/classification/scratch/state.pt ---
Epoch 11
Epoch 11, Training Loss: 0.6975, Validation Loss: 0.6948
--- Saved model to checkpoints/classification/scratch/state.pt ---
Epoch 12
Epoch 12, Training Loss: 0.6944, Validation Loss: 0.6931
--- Saved model to checkpoints/classification/scratch/state.pt ---
Epoch 13
Epoch 13, Training Loss: 0.6934, Validation Loss: 0.6961
--- Saved model to checkpoints/classification/scratch/state.pt ---
Epoch 14
Epoch 14, Training Loss: 0.6951, Validation Loss: 0.6922 (best)
--- Saved model to checkpoints/classification/scratch/state.pt ---
Epoch 15
Epoch 15, Training Loss: 0.6956, Validation Loss: 0.6929
--- Saved model to checkpoints/classification/scratch/state.pt ---
Epoch 16
Epoch 16, Training Loss: 0.6940, Validation Loss: 0.6923
--- Saved model to checkpoints/classification/scratch/state.pt ---
Epoch 17
Epoch 17, Training Loss: 0.6944, Validation Loss: 0.6945
--- Saved model to checkpoints/classification/scratch/state.pt ---
Epoch 18
Epoch 18, Training Loss: 0.6943, Validation Loss: 0.6928
--- Saved model to checkpoints/classification/scratch/state.pt ---
Epoch 19
Epoch 19, Training Loss: 0.6952, Validation Loss: 0.6921 (best)
--- Saved model to checkpoints/classification/scratch/state.pt ---
Epoch 20
Epoch 20, Training Loss: 0.6936, Validation Loss: 0.6926
--- Saved model to checkpoints/classification/scratch/state.pt ---
Epoch 21
Epoch 21, Training Loss: 0.6944, Validation Loss: 0.6922
--- Saved model to checkpoints/classification/scratch/state.pt ---
Epoch 22
Epoch 22, Training Loss: 0.6944, Validation Loss: 0.6944
--- Saved model to checkpoints/classification/scratch/state.pt ---
Epoch 23
Epoch 23, Training Loss: 0.6951, Validation Loss: 0.6920 (best)
--- Saved model to checkpoints/classification/scratch/state.pt ---
Epoch 24
Epoch 24, Training Loss: 0.6961, Validation Loss: 0.6929
--- Saved model to checkpoints/classification/scratch/state.pt ---
Epoch 25
Epoch 25, Training Loss: 0.6951, Validation Loss: 0.6955
--- Saved model to checkpoints/classification/scratch/state.pt ---
Epoch 26
Epoch 26, Training Loss: 0.6918, Validation Loss: 0.6926
--- Saved model to checkpoints/classification/scratch/state.pt ---
Epoch 27
Epoch 27, Training Loss: 0.6937, Validation Loss: 0.6957
--- Saved model to checkpoints/classification/scratch/state.pt ---
Epoch 28
Epoch 28, Training Loss: 0.6944, Validation Loss: 0.6921
--- Saved model to checkpoints/classification/scratch/state.pt ---
Epoch 29
Epoch 29, Training Loss: 0.6919, Validation Loss: 0.6951
--- Saved model to checkpoints/classification/scratch/state.pt ---
Epoch 30
Epoch 30, Training Loss: 0.6957, Validation Loss: 0.6913 (best)
--- Saved model to checkpoints/classification/scratch/state.pt ---
Epoch 31
Epoch 31, Training Loss: 0.6956, Validation Loss: 0.6923
--- Saved model to checkpoints/classification/scratch/state.pt ---
Epoch 32
Epoch 32, Training Loss: 0.6926, Validation Loss: 0.6920
--- Saved model to checkpoints/classification/scratch/state.pt ---
Epoch 33
Epoch 33, Training Loss: 0.6943, Validation Loss: 0.6913
--- Saved model to checkpoints/classification/scratch/state.pt ---
Epoch 34
Epoch 34, Training Loss: 0.6929, Validation Loss: 0.6928
--- Saved model to checkpoints/classification/scratch/state.pt ---
Epoch 35
Epoch 35, Training Loss: 0.6930, Validation Loss: 0.6910 (best)
--- Saved model to checkpoints/classification/scratch/state.pt ---
Epoch 36
Epoch 36, Training Loss: 0.6948, Validation Loss: 0.6910
--- Saved model to checkpoints/classification/scratch/state.pt ---
Epoch 37
Epoch 37, Training Loss: 0.6930, Validation Loss: 0.6905 (best)
--- Saved model to checkpoints/classification/scratch/state.pt ---
Epoch 38
Epoch 38, Training Loss: 0.6924, Validation Loss: 0.6898 (best)
--- Saved model to checkpoints/classification/scratch/state.pt ---
Epoch 39
Epoch 39, Training Loss: 0.6935, Validation Loss: 0.6887 (best)
--- Saved model to checkpoints/classification/scratch/state.pt ---
Epoch 40
Epoch 40, Training Loss: 0.6919, Validation Loss: 0.6900
--- Saved model to checkpoints/classification/scratch/state.pt ---
Epoch 41
Epoch 41, Training Loss: 0.6953, Validation Loss: 0.6892
--- Saved model to checkpoints/classification/scratch/state.pt ---
Epoch 42
Epoch 42, Training Loss: 0.6923, Validation Loss: 0.6892
--- Saved model to checkpoints/classification/scratch/state.pt ---
Epoch 43
Epoch 43, Training Loss: 0.6930, Validation Loss: 0.6899
--- Saved model to checkpoints/classification/scratch/state.pt ---
Epoch 44
Epoch 44, Training Loss: 0.6928, Validation Loss: 0.6934
--- Saved model to checkpoints/classification/scratch/state.pt ---
Epoch 45
Epoch 45, Training Loss: 0.6889, Validation Loss: 0.6856 (best)
--- Saved model to checkpoints/classification/scratch/state.pt ---
Epoch 46
Epoch 46, Training Loss: 0.6884, Validation Loss: 0.6808 (best)
--- Saved model to checkpoints/classification/scratch/state.pt ---
Epoch 47
Epoch 47, Training Loss: 0.6868, Validation Loss: 0.6844
--- Saved model to checkpoints/classification/scratch/state.pt ---
Epoch 48
Epoch 48, Training Loss: 0.6906, Validation Loss: 0.6795 (best)
--- Saved model to checkpoints/classification/scratch/state.pt ---
Epoch 49
Epoch 49, Training Loss: 0.6797, Validation Loss: 0.6808
--- Saved model to checkpoints/classification/scratch/state.pt ---
Epoch 50
Epoch 50, Training Loss: 0.6814, Validation Loss: 0.6701 (best)
--- Saved model to checkpoints/classification/scratch/state.pt ---
Epoch 51
Epoch 51, Training Loss: 0.6830, Validation Loss: 0.6734
--- Saved model to checkpoints/classification/scratch/state.pt ---
Epoch 52
Epoch 52, Training Loss: 0.6743, Validation Loss: 0.6608 (best)
--- Saved model to checkpoints/classification/scratch/state.pt ---
Epoch 53
Epoch 53, Training Loss: 0.6689, Validation Loss: 0.6503 (best)
--- Saved model to checkpoints/classification/scratch/state.pt ---
Epoch 54
Epoch 54, Training Loss: 0.6543, Validation Loss: 0.6516
--- Saved model to checkpoints/classification/scratch/state.pt ---
Epoch 55
Epoch 55, Training Loss: 0.6645, Validation Loss: 0.6645
--- Saved model to checkpoints/classification/scratch/state.pt ---
Epoch 56
Epoch 56, Training Loss: 0.6460, Validation Loss: 0.6351 (best)
--- Saved model to checkpoints/classification/scratch/state.pt ---
Epoch 57
Epoch 57, Training Loss: 0.6416, Validation Loss: 0.6360
--- Saved model to checkpoints/classification/scratch/state.pt ---
Epoch 58
Epoch 58, Training Loss: 0.6389, Validation Loss: 0.6467
--- Saved model to checkpoints/classification/scratch/state.pt ---
Epoch 59
Epoch 59, Training Loss: 0.6271, Validation Loss: 0.6571
--- Saved model to checkpoints/classification/scratch/state.pt ---
Epoch 60
Epoch 60, Training Loss: 0.6293, Validation Loss: 0.7022
--- Saved model to checkpoints/classification/scratch/state.pt ---
Epoch 61
Epoch 61, Training Loss: 0.6299, Validation Loss: 0.6446
--- Saved model to checkpoints/classification/scratch/state.pt ---
Epoch 62
Epoch 62, Training Loss: 0.6333, Validation Loss: 0.6331 (best)
--- Saved model to checkpoints/classification/scratch/state.pt ---
Epoch 63
Epoch 63, Training Loss: 0.6337, Validation Loss: 0.6422
--- Saved model to checkpoints/classification/scratch/state.pt ---
Epoch 64
Epoch 64, Training Loss: 0.6281, Validation Loss: 0.6466
--- Saved model to checkpoints/classification/scratch/state.pt ---
Epoch 65
Epoch 65, Training Loss: 0.6259, Validation Loss: 0.6630
--- Saved model to checkpoints/classification/scratch/state.pt ---
Epoch 66
Epoch 66, Training Loss: 0.6220, Validation Loss: 0.6731
--- Saved model to checkpoints/classification/scratch/state.pt ---
Epoch 67
Epoch 67, Training Loss: 0.6244, Validation Loss: 0.6387
--- Saved model to checkpoints/classification/scratch/state.pt ---
Epoch 68
Epoch 68, Training Loss: 0.6235, Validation Loss: 0.6476
--- Saved model to checkpoints/classification/scratch/state.pt ---
Epoch 69
Epoch 69, Training Loss: 0.6216, Validation Loss: 0.6350
--- Saved model to checkpoints/classification/scratch/state.pt ---
Epoch 70
Epoch 70, Training Loss: 0.6190, Validation Loss: 0.6578
--- Saved model to checkpoints/classification/scratch/state.pt ---
Epoch 71
Epoch 71, Training Loss: 0.6151, Validation Loss: 0.6292 (best)
--- Saved model to checkpoints/classification/scratch/state.pt ---
Epoch 72
Epoch 72, Training Loss: 0.6210, Validation Loss: 0.6545
--- Saved model to checkpoints/classification/scratch/state.pt ---
Epoch 73
Epoch 73, Training Loss: 0.6137, Validation Loss: 0.6468
--- Saved model to checkpoints/classification/scratch/state.pt ---
Epoch 74
Epoch 74, Training Loss: 0.6134, Validation Loss: 0.6499
--- Saved model to checkpoints/classification/scratch/state.pt ---
Epoch 75
Epoch 75, Training Loss: 0.6101, Validation Loss: 0.6451
--- Saved model to checkpoints/classification/scratch/state.pt ---
Epoch 76
Epoch 76, Training Loss: 0.6006, Validation Loss: 0.6415
--- Saved model to checkpoints/classification/scratch/state.pt ---
Epoch 77
Epoch 77, Training Loss: 0.6114, Validation Loss: 0.6426
--- Saved model to checkpoints/classification/scratch/state.pt ---
Epoch 78
Epoch 78, Training Loss: 0.6102, Validation Loss: 0.6510
--- Saved model to checkpoints/classification/scratch/state.pt ---
Epoch 79
Epoch 79, Training Loss: 0.6125, Validation Loss: 0.6306
--- Saved model to checkpoints/classification/scratch/state.pt ---
Epoch 80
Epoch 80, Training Loss: 0.6109, Validation Loss: 0.6453
--- Saved model to checkpoints/classification/scratch/state.pt ---
Epoch 81
Epoch 81, Training Loss: 0.6092, Validation Loss: 0.6397
--- Saved model to checkpoints/classification/scratch/state.pt ---
Epoch 82
Epoch 82, Training Loss: 0.6079, Validation Loss: 0.6387
--- Saved model to checkpoints/classification/scratch/state.pt ---
Epoch 83
Epoch 83, Training Loss: 0.6108, Validation Loss: 0.6400
--- Saved model to checkpoints/classification/scratch/state.pt ---
Epoch 84
Epoch 84, Training Loss: 0.6139, Validation Loss: 0.6377
--- Saved model to checkpoints/classification/scratch/state.pt ---
Epoch 85
Epoch 85, Training Loss: 0.6084, Validation Loss: 0.6317
--- Saved model to checkpoints/classification/scratch/state.pt ---
Epoch 86
Epoch 86, Training Loss: 0.6195, Validation Loss: 0.6403
--- Saved model to checkpoints/classification/scratch/state.pt ---
Epoch 87
Epoch 87, Training Loss: 0.6007, Validation Loss: 0.6416
--- Saved model to checkpoints/classification/scratch/state.pt ---
Epoch 88
Epoch 88, Training Loss: 0.6044, Validation Loss: 0.6298
--- Saved model to checkpoints/classification/scratch/state.pt ---
Epoch 89
Epoch 89, Training Loss: 0.6025, Validation Loss: 0.6508
--- Saved model to checkpoints/classification/scratch/state.pt ---
Epoch 90
Epoch 90, Training Loss: 0.6070, Validation Loss: 0.6408
--- Saved model to checkpoints/classification/scratch/state.pt ---
Epoch 91
Epoch 91, Training Loss: 0.6129, Validation Loss: 0.6375
--- Saved model to checkpoints/classification/scratch/state.pt ---
Epoch 92
Epoch 92, Training Loss: 0.6035, Validation Loss: 0.6386
--- Saved model to checkpoints/classification/scratch/state.pt ---
Epoch 93
Epoch 93, Training Loss: 0.6057, Validation Loss: 0.6446
--- Saved model to checkpoints/classification/scratch/state.pt ---
Epoch 94
Epoch 94, Training Loss: 0.6064, Validation Loss: 0.6298
--- Saved model to checkpoints/classification/scratch/state.pt ---
Epoch 95
Epoch 95, Training Loss: 0.5988, Validation Loss: 0.6354
--- Saved model to checkpoints/classification/scratch/state.pt ---
Epoch 96
Epoch 96, Training Loss: 0.6156, Validation Loss: 0.6288 (best)
--- Saved model to checkpoints/classification/scratch/state.pt ---
Epoch 97
Epoch 97, Training Loss: 0.6088, Validation Loss: 0.6267 (best)
--- Saved model to checkpoints/classification/scratch/state.pt ---
Epoch 98
Epoch 98, Training Loss: 0.6052, Validation Loss: 0.6456
--- Saved model to checkpoints/classification/scratch/state.pt ---
Epoch 99
Epoch 99, Training Loss: 0.5960, Validation Loss: 0.6332
--- Saved model to checkpoints/classification/scratch/state.pt ---
Epoch 100
Epoch 100, Training Loss: 0.6052, Validation Loss: 0.6360
--- Saved model to checkpoints/classification/scratch/state.pt ---
Epoch 101
Epoch 101, Training Loss: 0.6022, Validation Loss: 0.6399
--- Saved model to checkpoints/classification/scratch/state.pt ---
Epoch 102
Epoch 102, Training Loss: 0.6041, Validation Loss: 0.6472
--- Saved model to checkpoints/classification/scratch/state.pt ---
Epoch 103
Epoch 103, Training Loss: 0.6090, Validation Loss: 0.6224 (best)
--- Saved model to checkpoints/classification/scratch/state.pt ---
Epoch 104
Epoch 104, Training Loss: 0.5994, Validation Loss: 0.6271
--- Saved model to checkpoints/classification/scratch/state.pt ---
Epoch 105
Epoch 105, Training Loss: 0.5906, Validation Loss: 0.6303
--- Saved model to checkpoints/classification/scratch/state.pt ---
Epoch 106
Epoch 106, Training Loss: 0.5923, Validation Loss: 0.6315
--- Saved model to checkpoints/classification/scratch/state.pt ---
Epoch 107
Epoch 107, Training Loss: 0.5982, Validation Loss: 0.6393
--- Saved model to checkpoints/classification/scratch/state.pt ---
Epoch 108
Epoch 108, Training Loss: 0.5950, Validation Loss: 0.6435
--- Saved model to checkpoints/classification/scratch/state.pt ---
Epoch 109
Epoch 109, Training Loss: 0.5938, Validation Loss: 0.6466
--- Saved model to checkpoints/classification/scratch/state.pt ---
Epoch 110
Epoch 110, Training Loss: 0.5921, Validation Loss: 0.6441
--- Saved model to checkpoints/classification/scratch/state.pt ---
Epoch 111
Epoch 111, Training Loss: 0.5948, Validation Loss: 0.6295
--- Saved model to checkpoints/classification/scratch/state.pt ---
Epoch 112
Epoch 112, Training Loss: 0.6086, Validation Loss: 0.6403
--- Saved model to checkpoints/classification/scratch/state.pt ---
Epoch 113
Epoch 113, Training Loss: 0.5937, Validation Loss: 0.6355
--- Saved model to checkpoints/classification/scratch/state.pt ---
Epoch 114
Epoch 114, Training Loss: 0.5940, Validation Loss: 0.6297
--- Saved model to checkpoints/classification/scratch/state.pt ---
Epoch 115
Epoch 115, Training Loss: 0.5990, Validation Loss: 0.6237
--- Saved model to checkpoints/classification/scratch/state.pt ---
Epoch 116
Epoch 116, Training Loss: 0.5839, Validation Loss: 0.6366
--- Saved model to checkpoints/classification/scratch/state.pt ---
Epoch 117
Epoch 117, Training Loss: 0.5917, Validation Loss: 0.6587
--- Saved model to checkpoints/classification/scratch/state.pt ---
Epoch 118
Epoch 118, Training Loss: 0.5959, Validation Loss: 0.6605
--- Saved model to checkpoints/classification/scratch/state.pt ---
Epoch 119
Epoch 119, Training Loss: 0.5923, Validation Loss: 0.6304
--- Saved model to checkpoints/classification/scratch/state.pt ---
Epoch 120
Epoch 120, Training Loss: 0.5897, Validation Loss: 0.6340
--- Saved model to checkpoints/classification/scratch/state.pt ---
Epoch 121
Epoch 121, Training Loss: 0.5859, Validation Loss: 0.6296
--- Saved model to checkpoints/classification/scratch/state.pt ---
Epoch 122
Epoch 122, Training Loss: 0.5893, Validation Loss: 0.6403
--- Saved model to checkpoints/classification/scratch/state.pt ---
Epoch 123
Epoch 123, Training Loss: 0.5820, Validation Loss: 0.6404
--- Saved model to checkpoints/classification/scratch/state.pt ---
Epoch 124
Epoch 124, Training Loss: 0.5882, Validation Loss: 0.6386
--- Saved model to checkpoints/classification/scratch/state.pt ---
Epoch 125
Epoch 125, Training Loss: 0.5766, Validation Loss: 0.6336
--- Saved model to checkpoints/classification/scratch/state.pt ---
Epoch 126
Epoch 126, Training Loss: 0.5876, Validation Loss: 0.6386
--- Saved model to checkpoints/classification/scratch/state.pt ---
Epoch 127
Epoch 127, Training Loss: 0.5929, Validation Loss: 0.6370
--- Saved model to checkpoints/classification/scratch/state.pt ---
Epoch 128
Epoch 128, Training Loss: 0.6039, Validation Loss: 0.6217 (best)
--- Saved model to checkpoints/classification/scratch/state.pt ---
Epoch 129
Epoch 129, Training Loss: 0.5879, Validation Loss: 0.6326
--- Saved model to checkpoints/classification/scratch/state.pt ---
Epoch 130
Epoch 130, Training Loss: 0.5854, Validation Loss: 0.6396
--- Saved model to checkpoints/classification/scratch/state.pt ---
Epoch 131
Epoch 131, Training Loss: 0.5754, Validation Loss: 0.6413
--- Saved model to checkpoints/classification/scratch/state.pt ---
Epoch 132
Epoch 132, Training Loss: 0.5843, Validation Loss: 0.6262
--- Saved model to checkpoints/classification/scratch/state.pt ---
Epoch 133
Epoch 133, Training Loss: 0.5937, Validation Loss: 0.6364
--- Saved model to checkpoints/classification/scratch/state.pt ---
Epoch 134
Epoch 134, Training Loss: 0.5718, Validation Loss: 0.6485
--- Saved model to checkpoints/classification/scratch/state.pt ---
Epoch 135
Epoch 135, Training Loss: 0.5867, Validation Loss: 0.6250
--- Saved model to checkpoints/classification/scratch/state.pt ---
Epoch 136
Epoch 136, Training Loss: 0.5821, Validation Loss: 0.6376
--- Saved model to checkpoints/classification/scratch/state.pt ---
Epoch 137
Epoch 137, Training Loss: 0.5823, Validation Loss: 0.6393
--- Saved model to checkpoints/classification/scratch/state.pt ---
Epoch 138
Epoch 138, Training Loss: 0.5774, Validation Loss: 0.6346
--- Saved model to checkpoints/classification/scratch/state.pt ---
Epoch 139
Epoch 139, Training Loss: 0.5829, Validation Loss: 0.6356
--- Saved model to checkpoints/classification/scratch/state.pt ---
Epoch 140
Epoch 140, Training Loss: 0.5794, Validation Loss: 0.6290
--- Saved model to checkpoints/classification/scratch/state.pt ---
Epoch 141
Epoch 141, Training Loss: 0.5806, Validation Loss: 0.6297
--- Saved model to checkpoints/classification/scratch/state.pt ---
Epoch 142
Epoch 142, Training Loss: 0.5814, Validation Loss: 0.6428
--- Saved model to checkpoints/classification/scratch/state.pt ---
Epoch 143
Epoch 143, Training Loss: 0.5795, Validation Loss: 0.6356
--- Saved model to checkpoints/classification/scratch/state.pt ---
Epoch 144
Epoch 144, Training Loss: 0.5741, Validation Loss: 0.6362
--- Saved model to checkpoints/classification/scratch/state.pt ---
Epoch 145
Epoch 145, Training Loss: 0.5847, Validation Loss: 0.6321
--- Saved model to checkpoints/classification/scratch/state.pt ---
Epoch 146
Epoch 146, Training Loss: 0.5745, Validation Loss: 0.6323
--- Saved model to checkpoints/classification/scratch/state.pt ---
Epoch 147
Epoch 147, Training Loss: 0.5721, Validation Loss: 0.6433
--- Saved model to checkpoints/classification/scratch/state.pt ---
Epoch 148
Epoch 148, Training Loss: 0.5744, Validation Loss: 0.6347
--- Saved model to checkpoints/classification/scratch/state.pt ---
Epoch 149
Epoch 149, Training Loss: 0.5731, Validation Loss: 0.6353
--- Saved model to checkpoints/classification/scratch/state.pt ---
Epoch 150
Epoch 150, Training Loss: 0.5790, Validation Loss: 0.6362
--- Saved model to checkpoints/classification/scratch/state.pt ---
Epoch 151
Epoch 151, Training Loss: 0.5772, Validation Loss: 0.6340
--- Saved model to checkpoints/classification/scratch/state.pt ---
Epoch 152
Epoch 152, Training Loss: 0.5825, Validation Loss: 0.6302
--- Saved model to checkpoints/classification/scratch/state.pt ---
Epoch 153
Epoch 153, Training Loss: 0.5755, Validation Loss: 0.6290
--- Saved model to checkpoints/classification/scratch/state.pt ---
Epoch 154
Epoch 154, Training Loss: 0.5746, Validation Loss: 0.6274
--- Saved model to checkpoints/classification/scratch/state.pt ---
Epoch 155
Epoch 155, Training Loss: 0.5627, Validation Loss: 0.6484
--- Saved model to checkpoints/classification/scratch/state.pt ---
Epoch 156
Epoch 156, Training Loss: 0.5777, Validation Loss: 0.6310
--- Saved model to checkpoints/classification/scratch/state.pt ---
Epoch 157
Epoch 157, Training Loss: 0.5738, Validation Loss: 0.6406
--- Saved model to checkpoints/classification/scratch/state.pt ---
Epoch 158
Epoch 158, Training Loss: 0.5813, Validation Loss: 0.6269
--- Saved model to checkpoints/classification/scratch/state.pt ---
Epoch 159
Epoch 159, Training Loss: 0.5789, Validation Loss: 0.6318
--- Saved model to checkpoints/classification/scratch/state.pt ---
Epoch 160
Epoch 160, Training Loss: 0.5665, Validation Loss: 0.6347
--- Saved model to checkpoints/classification/scratch/state.pt ---
Epoch 161
Epoch 161, Training Loss: 0.5705, Validation Loss: 0.6346
--- Saved model to checkpoints/classification/scratch/state.pt ---
Epoch 162
Epoch 162, Training Loss: 0.5874, Validation Loss: 0.6399
--- Saved model to checkpoints/classification/scratch/state.pt ---
Epoch 163
Epoch 163, Training Loss: 0.5754, Validation Loss: 0.6144 (best)
--- Saved model to checkpoints/classification/scratch/state.pt ---
Epoch 164
Epoch 164, Training Loss: 0.5797, Validation Loss: 0.6336
--- Saved model to checkpoints/classification/scratch/state.pt ---
Epoch 165
Epoch 165, Training Loss: 0.5829, Validation Loss: 0.6341
--- Saved model to checkpoints/classification/scratch/state.pt ---
Epoch 166
Epoch 166, Training Loss: 0.5636, Validation Loss: 0.6380
--- Saved model to checkpoints/classification/scratch/state.pt ---
Epoch 167
Epoch 167, Training Loss: 0.5875, Validation Loss: 0.6289
--- Saved model to checkpoints/classification/scratch/state.pt ---
Epoch 168
Epoch 168, Training Loss: 0.5733, Validation Loss: 0.6338
--- Saved model to checkpoints/classification/scratch/state.pt ---
Epoch 169
Epoch 169, Training Loss: 0.5627, Validation Loss: 0.6232
--- Saved model to checkpoints/classification/scratch/state.pt ---
Epoch 170
Epoch 170, Training Loss: 0.5789, Validation Loss: 0.6336
--- Saved model to checkpoints/classification/scratch/state.pt ---
Epoch 171
Epoch 171, Training Loss: 0.5630, Validation Loss: 0.6389
--- Saved model to checkpoints/classification/scratch/state.pt ---
Epoch 172
Epoch 172, Training Loss: 0.5646, Validation Loss: 0.6427
--- Saved model to checkpoints/classification/scratch/state.pt ---
Epoch 173
Epoch 173, Training Loss: 0.5682, Validation Loss: 0.6178
--- Saved model to checkpoints/classification/scratch/state.pt ---
Epoch 174
Epoch 174, Training Loss: 0.5725, Validation Loss: 0.6529
--- Saved model to checkpoints/classification/scratch/state.pt ---
Epoch 175
Epoch 175, Training Loss: 0.5668, Validation Loss: 0.6397
--- Saved model to checkpoints/classification/scratch/state.pt ---
Epoch 176
Epoch 176, Training Loss: 0.5637, Validation Loss: 0.6349
--- Saved model to checkpoints/classification/scratch/state.pt ---
Epoch 177
Epoch 177, Training Loss: 0.5704, Validation Loss: 0.6366
--- Saved model to checkpoints/classification/scratch/state.pt ---
Epoch 178
Epoch 178, Training Loss: 0.5606, Validation Loss: 0.6478
--- Saved model to checkpoints/classification/scratch/state.pt ---
Epoch 179
Epoch 179, Training Loss: 0.5690, Validation Loss: 0.6347
--- Saved model to checkpoints/classification/scratch/state.pt ---
Epoch 180
Epoch 180, Training Loss: 0.5722, Validation Loss: 0.6464
--- Saved model to checkpoints/classification/scratch/state.pt ---
Epoch 181
Epoch 181, Training Loss: 0.5637, Validation Loss: 0.6330
--- Saved model to checkpoints/classification/scratch/state.pt ---
Epoch 182
Epoch 182, Training Loss: 0.5663, Validation Loss: 0.6313
--- Saved model to checkpoints/classification/scratch/state.pt ---
Epoch 183
Epoch 183, Training Loss: 0.5584, Validation Loss: 0.6388
--- Saved model to checkpoints/classification/scratch/state.pt ---
Epoch 184
Epoch 184, Training Loss: 0.5681, Validation Loss: 0.6352
--- Saved model to checkpoints/classification/scratch/state.pt ---
Epoch 185
Epoch 185, Training Loss: 0.5546, Validation Loss: 0.6314
--- Saved model to checkpoints/classification/scratch/state.pt ---
Epoch 186
Epoch 186, Training Loss: 0.5594, Validation Loss: 0.6288
--- Saved model to checkpoints/classification/scratch/state.pt ---
Epoch 187
Epoch 187, Training Loss: 0.5588, Validation Loss: 0.6490
--- Saved model to checkpoints/classification/scratch/state.pt ---
Epoch 188
Epoch 188, Training Loss: 0.5610, Validation Loss: 0.6306
--- Saved model to checkpoints/classification/scratch/state.pt ---
Epoch 189
Epoch 189, Training Loss: 0.5502, Validation Loss: 0.6353
--- Saved model to checkpoints/classification/scratch/state.pt ---
Epoch 190
Epoch 190, Training Loss: 0.5662, Validation Loss: 0.6290
--- Saved model to checkpoints/classification/scratch/state.pt ---
Epoch 191
Epoch 191, Training Loss: 0.5496, Validation Loss: 0.6296
--- Saved model to checkpoints/classification/scratch/state.pt ---
Epoch 192
Epoch 192, Training Loss: 0.5601, Validation Loss: 0.6334
--- Saved model to checkpoints/classification/scratch/state.pt ---
Epoch 193
Epoch 193, Training Loss: 0.5603, Validation Loss: 0.6385
--- Saved model to checkpoints/classification/scratch/state.pt ---
Epoch 194
Epoch 194, Training Loss: 0.5695, Validation Loss: 0.6342
--- Saved model to checkpoints/classification/scratch/state.pt ---
Epoch 195
Epoch 195, Training Loss: 0.5679, Validation Loss: 0.6278
--- Saved model to checkpoints/classification/scratch/state.pt ---
Epoch 196
Epoch 196, Training Loss: 0.5613, Validation Loss: 0.6342
--- Saved model to checkpoints/classification/scratch/state.pt ---
Epoch 197
Epoch 197, Training Loss: 0.5754, Validation Loss: 0.6275
--- Saved model to checkpoints/classification/scratch/state.pt ---
Epoch 198
Epoch 198, Training Loss: 0.5549, Validation Loss: 0.6325
--- Saved model to checkpoints/classification/scratch/state.pt ---
Epoch 199
Epoch 199, Training Loss: 0.5590, Validation Loss: 0.6190
--- Saved model to checkpoints/classification/scratch/state.pt ---
Epoch 200
Epoch 200, Training Loss: 0.5553, Validation Loss: 0.6450
--- Saved model to checkpoints/classification/scratch/state.pt ---
Epoch 201
Epoch 201, Training Loss: 0.5642, Validation Loss: 0.6366
--- Saved model to checkpoints/classification/scratch/state.pt ---
Epoch 202
Epoch 202, Training Loss: 0.5589, Validation Loss: 0.6280
--- Saved model to checkpoints/classification/scratch/state.pt ---
Epoch 203
Epoch 203, Training Loss: 0.5509, Validation Loss: 0.6303
--- Saved model to checkpoints/classification/scratch/state.pt ---
Epoch 204
Epoch 204, Training Loss: 0.5591, Validation Loss: 0.6290
--- Saved model to checkpoints/classification/scratch/state.pt ---
Epoch 205
Epoch 205, Training Loss: 0.5579, Validation Loss: 0.6278
--- Saved model to checkpoints/classification/scratch/state.pt ---
Epoch 206
Epoch 206, Training Loss: 0.5691, Validation Loss: 0.6259
--- Saved model to checkpoints/classification/scratch/state.pt ---
Epoch 207
Epoch 207, Training Loss: 0.5620, Validation Loss: 0.6259
--- Saved model to checkpoints/classification/scratch/state.pt ---
Epoch 208
Epoch 208, Training Loss: 0.5630, Validation Loss: 0.6195
--- Saved model to checkpoints/classification/scratch/state.pt ---
Epoch 209
Epoch 209, Training Loss: 0.5549, Validation Loss: 0.6641
--- Saved model to checkpoints/classification/scratch/state.pt ---
Epoch 210
Epoch 210, Training Loss: 0.5512, Validation Loss: 0.6368
--- Saved model to checkpoints/classification/scratch/state.pt ---
Epoch 211
Epoch 211, Training Loss: 0.5467, Validation Loss: 0.6520
--- Saved model to checkpoints/classification/scratch/state.pt ---
Epoch 212
Epoch 212, Training Loss: 0.5632, Validation Loss: 0.6409
--- Saved model to checkpoints/classification/scratch/state.pt ---
Epoch 213
Epoch 213, Training Loss: 0.5482, Validation Loss: 0.6395
--- Saved model to checkpoints/classification/scratch/state.pt ---
Epoch 214
Epoch 214, Training Loss: 0.5509, Validation Loss: 0.6444
--- Saved model to checkpoints/classification/scratch/state.pt ---
Epoch 215
Epoch 215, Training Loss: 0.5440, Validation Loss: 0.6344
--- Saved model to checkpoints/classification/scratch/state.pt ---
Epoch 216
Epoch 216, Training Loss: 0.5627, Validation Loss: 0.6267
--- Saved model to checkpoints/classification/scratch/state.pt ---
Epoch 217
Epoch 217, Training Loss: 0.5567, Validation Loss: 0.6134 (best)
--- Saved model to checkpoints/classification/scratch/state.pt ---
Epoch 218
Epoch 218, Training Loss: 0.5533, Validation Loss: 0.6084 (best)
--- Saved model to checkpoints/classification/scratch/state.pt ---
Epoch 219
Epoch 219, Training Loss: 0.5634, Validation Loss: 0.6241
--- Saved model to checkpoints/classification/scratch/state.pt ---
Epoch 220
Epoch 220, Training Loss: 0.5582, Validation Loss: 0.6411
--- Saved model to checkpoints/classification/scratch/state.pt ---
Epoch 221
Epoch 221, Training Loss: 0.5626, Validation Loss: 0.6158
--- Saved model to checkpoints/classification/scratch/state.pt ---
Epoch 222
Epoch 222, Training Loss: 0.5560, Validation Loss: 0.6643
--- Saved model to checkpoints/classification/scratch/state.pt ---
Epoch 223
Epoch 223, Training Loss: 0.5680, Validation Loss: 0.6113
--- Saved model to checkpoints/classification/scratch/state.pt ---
Epoch 224
Epoch 224, Training Loss: 0.5568, Validation Loss: 0.6203
--- Saved model to checkpoints/classification/scratch/state.pt ---
Epoch 225
Epoch 225, Training Loss: 0.5561, Validation Loss: 0.6262
--- Saved model to checkpoints/classification/scratch/state.pt ---
Epoch 226
Epoch 226, Training Loss: 0.5495, Validation Loss: 0.6101
--- Saved model to checkpoints/classification/scratch/state.pt ---
Epoch 227
Epoch 227, Training Loss: 0.5506, Validation Loss: 0.6140
--- Saved model to checkpoints/classification/scratch/state.pt ---
Epoch 228
Epoch 228, Training Loss: 0.5447, Validation Loss: 0.6238
--- Saved model to checkpoints/classification/scratch/state.pt ---
Epoch 229
Epoch 229, Training Loss: 0.5515, Validation Loss: 0.6181
--- Saved model to checkpoints/classification/scratch/state.pt ---
Epoch 230
Epoch 230, Training Loss: 0.5517, Validation Loss: 0.6286
--- Saved model to checkpoints/classification/scratch/state.pt ---
Epoch 231
Epoch 231, Training Loss: 0.5365, Validation Loss: 0.6137
--- Saved model to checkpoints/classification/scratch/state.pt ---
Epoch 232
Epoch 232, Training Loss: 0.5473, Validation Loss: 0.6261
--- Saved model to checkpoints/classification/scratch/state.pt ---
Epoch 233
Epoch 233, Training Loss: 0.5426, Validation Loss: 0.6149
--- Saved model to checkpoints/classification/scratch/state.pt ---
Epoch 234
Epoch 234, Training Loss: 0.5582, Validation Loss: 0.6102
--- Saved model to checkpoints/classification/scratch/state.pt ---
Epoch 235
Epoch 235, Training Loss: 0.5458, Validation Loss: 0.6199
--- Saved model to checkpoints/classification/scratch/state.pt ---
Epoch 236
Epoch 236, Training Loss: 0.5580, Validation Loss: 0.6294
--- Saved model to checkpoints/classification/scratch/state.pt ---
Epoch 237
Epoch 237, Training Loss: 0.5640, Validation Loss: 0.6177
--- Saved model to checkpoints/classification/scratch/state.pt ---
Epoch 238
Epoch 238, Training Loss: 0.5459, Validation Loss: 0.6197
--- Saved model to checkpoints/classification/scratch/state.pt ---
Epoch 239
Epoch 239, Training Loss: 0.5404, Validation Loss: 0.6213
--- Saved model to checkpoints/classification/scratch/state.pt ---
Epoch 240
Epoch 240, Training Loss: 0.5465, Validation Loss: 0.6300
--- Saved model to checkpoints/classification/scratch/state.pt ---
Epoch 241
Epoch 241, Training Loss: 0.5499, Validation Loss: 0.6352
--- Saved model to checkpoints/classification/scratch/state.pt ---
Epoch 242
Epoch 242, Training Loss: 0.5370, Validation Loss: 0.6130
--- Saved model to checkpoints/classification/scratch/state.pt ---
Epoch 243
Epoch 243, Training Loss: 0.5484, Validation Loss: 0.6175
--- Saved model to checkpoints/classification/scratch/state.pt ---
Epoch 244
Epoch 244, Training Loss: 0.5413, Validation Loss: 0.6165
--- Saved model to checkpoints/classification/scratch/state.pt ---
Epoch 245
Epoch 245, Training Loss: 0.5326, Validation Loss: 0.6240
--- Saved model to checkpoints/classification/scratch/state.pt ---
Epoch 246
Epoch 246, Training Loss: 0.5416, Validation Loss: 0.6206
--- Saved model to checkpoints/classification/scratch/state.pt ---
Epoch 247
Epoch 247, Training Loss: 0.5337, Validation Loss: 0.6143
--- Saved model to checkpoints/classification/scratch/state.pt ---
Epoch 248
Epoch 248, Training Loss: 0.5578, Validation Loss: 0.6161
--- Saved model to checkpoints/classification/scratch/state.pt ---
Epoch 249
Epoch 249, Training Loss: 0.5395, Validation Loss: 0.6069 (best)
--- Saved model to checkpoints/classification/scratch/state.pt ---
Epoch 250
Epoch 250, Training Loss: 0.5316, Validation Loss: 0.6099
--- Saved model to checkpoints/classification/scratch/state.pt ---
Epoch 251
Epoch 251, Training Loss: 0.5350, Validation Loss: 0.6131
--- Saved model to checkpoints/classification/scratch/state.pt ---
Epoch 252
Epoch 252, Training Loss: 0.5511, Validation Loss: 0.6200
--- Saved model to checkpoints/classification/scratch/state.pt ---
Epoch 253
Epoch 253, Training Loss: 0.5360, Validation Loss: 0.6105
--- Saved model to checkpoints/classification/scratch/state.pt ---
Epoch 254
Epoch 254, Training Loss: 0.5420, Validation Loss: 0.6151
--- Saved model to checkpoints/classification/scratch/state.pt ---
Epoch 255
Epoch 255, Training Loss: 0.5357, Validation Loss: 0.6261
--- Saved model to checkpoints/classification/scratch/state.pt ---
Epoch 256
Epoch 256, Training Loss: 0.5421, Validation Loss: 0.6208
--- Saved model to checkpoints/classification/scratch/state.pt ---
Epoch 257
Epoch 257, Training Loss: 0.5398, Validation Loss: 0.6302
--- Saved model to checkpoints/classification/scratch/state.pt ---
Epoch 258
Epoch 258, Training Loss: 0.5361, Validation Loss: 0.6143
--- Saved model to checkpoints/classification/scratch/state.pt ---
Epoch 259
Epoch 259, Training Loss: 0.5388, Validation Loss: 0.6083
--- Saved model to checkpoints/classification/scratch/state.pt ---
Epoch 260
Epoch 260, Training Loss: 0.5372, Validation Loss: 0.6072
--- Saved model to checkpoints/classification/scratch/state.pt ---
Epoch 261
Epoch 261, Training Loss: 0.5279, Validation Loss: 0.6167
--- Saved model to checkpoints/classification/scratch/state.pt ---
Epoch 262
Epoch 262, Training Loss: 0.5369, Validation Loss: 0.6087
--- Saved model to checkpoints/classification/scratch/state.pt ---
Epoch 263
Epoch 263, Training Loss: 0.5292, Validation Loss: 0.6178
--- Saved model to checkpoints/classification/scratch/state.pt ---
Epoch 264
Epoch 264, Training Loss: 0.5265, Validation Loss: 0.6163
--- Saved model to checkpoints/classification/scratch/state.pt ---
Epoch 265
Epoch 265, Training Loss: 0.5247, Validation Loss: 0.6071
--- Saved model to checkpoints/classification/scratch/state.pt ---
Epoch 266
Epoch 266, Training Loss: 0.5471, Validation Loss: 0.6151
--- Saved model to checkpoints/classification/scratch/state.pt ---
Epoch 267
Epoch 267, Training Loss: 0.5249, Validation Loss: 0.6122
--- Saved model to checkpoints/classification/scratch/state.pt ---
Epoch 268
Epoch 268, Training Loss: 0.5299, Validation Loss: 0.6162
--- Saved model to checkpoints/classification/scratch/state.pt ---
Epoch 269
Epoch 269, Training Loss: 0.5347, Validation Loss: 0.6351
--- Saved model to checkpoints/classification/scratch/state.pt ---
Epoch 270
Epoch 270, Training Loss: 0.5364, Validation Loss: 0.6068 (best)
--- Saved model to checkpoints/classification/scratch/state.pt ---
Epoch 271
Epoch 271, Training Loss: 0.5378, Validation Loss: 0.6111
--- Saved model to checkpoints/classification/scratch/state.pt ---
Epoch 272
Epoch 272, Training Loss: 0.5399, Validation Loss: 0.6231
--- Saved model to checkpoints/classification/scratch/state.pt ---
Epoch 273
Epoch 273, Training Loss: 0.5281, Validation Loss: 0.6099
--- Saved model to checkpoints/classification/scratch/state.pt ---
Epoch 274
Epoch 274, Training Loss: 0.5081, Validation Loss: 0.6130
--- Saved model to checkpoints/classification/scratch/state.pt ---
Epoch 275
Epoch 275, Training Loss: 0.5404, Validation Loss: 0.6144
--- Saved model to checkpoints/classification/scratch/state.pt ---
Epoch 276
Epoch 276, Training Loss: 0.5279, Validation Loss: 0.6119
--- Saved model to checkpoints/classification/scratch/state.pt ---
Epoch 277
Epoch 277, Training Loss: 0.5242, Validation Loss: 0.6210
--- Saved model to checkpoints/classification/scratch/state.pt ---
Epoch 278
Epoch 278, Training Loss: 0.5182, Validation Loss: 0.6219
--- Saved model to checkpoints/classification/scratch/state.pt ---
Epoch 279
Epoch 279, Training Loss: 0.5386, Validation Loss: 0.6397
--- Saved model to checkpoints/classification/scratch/state.pt ---
Epoch 280
Epoch 280, Training Loss: 0.5257, Validation Loss: 0.6152
--- Saved model to checkpoints/classification/scratch/state.pt ---
Epoch 281
Epoch 281, Training Loss: 0.5249, Validation Loss: 0.6091
--- Saved model to checkpoints/classification/scratch/state.pt ---
Epoch 282
Epoch 282, Training Loss: 0.5379, Validation Loss: 0.6127
--- Saved model to checkpoints/classification/scratch/state.pt ---
Epoch 283
Epoch 283, Training Loss: 0.5310, Validation Loss: 0.6491
--- Saved model to checkpoints/classification/scratch/state.pt ---
Epoch 284
Epoch 284, Training Loss: 0.5316, Validation Loss: 0.6186
--- Saved model to checkpoints/classification/scratch/state.pt ---
Epoch 285
Epoch 285, Training Loss: 0.5328, Validation Loss: 0.6140
--- Saved model to checkpoints/classification/scratch/state.pt ---
Epoch 286
Epoch 286, Training Loss: 0.5263, Validation Loss: 0.6299
--- Saved model to checkpoints/classification/scratch/state.pt ---
Epoch 287
Epoch 287, Training Loss: 0.5339, Validation Loss: 0.6292
--- Saved model to checkpoints/classification/scratch/state.pt ---
Epoch 288
Epoch 288, Training Loss: 0.5269, Validation Loss: 0.6231
--- Saved model to checkpoints/classification/scratch/state.pt ---
Epoch 289
Epoch 289, Training Loss: 0.5197, Validation Loss: 0.6348
--- Saved model to checkpoints/classification/scratch/state.pt ---
Epoch 290
Epoch 290, Training Loss: 0.5155, Validation Loss: 0.6283
--- Saved model to checkpoints/classification/scratch/state.pt ---
Epoch 291
Epoch 291, Training Loss: 0.5305, Validation Loss: 0.6228
--- Saved model to checkpoints/classification/scratch/state.pt ---
Epoch 292
Epoch 292, Training Loss: 0.5185, Validation Loss: 0.6196
--- Saved model to checkpoints/classification/scratch/state.pt ---
Epoch 293
Epoch 293, Training Loss: 0.5193, Validation Loss: 0.6315
--- Saved model to checkpoints/classification/scratch/state.pt ---
Epoch 294
Epoch 294, Training Loss: 0.5197, Validation Loss: 0.6132
--- Saved model to checkpoints/classification/scratch/state.pt ---
Epoch 295
Epoch 295, Training Loss: 0.5167, Validation Loss: 0.6289
--- Saved model to checkpoints/classification/scratch/state.pt ---
Epoch 296
Epoch 296, Training Loss: 0.5143, Validation Loss: 0.6204
--- Saved model to checkpoints/classification/scratch/state.pt ---
Epoch 297
Epoch 297, Training Loss: 0.5342, Validation Loss: 0.6124
--- Saved model to checkpoints/classification/scratch/state.pt ---
Epoch 298
Epoch 298, Training Loss: 0.5256, Validation Loss: 0.6241
--- Saved model to checkpoints/classification/scratch/state.pt ---
Epoch 299
Epoch 299, Training Loss: 0.5175, Validation Loss: 0.6141
--- Saved model to checkpoints/classification/scratch/state.pt ---
Restored best model (val loss 0.6068)
--- Saved model to checkpoints/classification/scratch/state.pt ---
Testing model
Accuracy: 72.63%
