CUDA Memory Cleared. Current VRAM Usage: 0.00 MB
On device cuda
Getting data loader crumb
Corrected 163/300 CRUMB test labels using train-derived (parent, code) -> label mapping
/idia/users/bevan/pid-radast/classifier-guided-physics-informed-diffusion/.venv/lib/python3.11/site-packages/torchvision/models/_utils.py:208: UserWarning: The parameter 'pretrained' is deprecated since 0.13 and may be removed in the future, please use 'weights' instead.
  warnings.warn(
/idia/users/bevan/pid-radast/classifier-guided-physics-informed-diffusion/.venv/lib/python3.11/site-packages/torchvision/models/_utils.py:223: UserWarning: Arguments other than a weight enum or `None` for 'weights' are deprecated since 0.13 and may be removed in the future. The current behavior is equivalent to passing `weights=ResNet18_Weights.IMAGENET1K_V1`. You can also use `weights=ResNet18_Weights.DEFAULT` to get the most up-to-date weights.
  warnings.warn(msg)
Total unique classes found: 2
Label IDs: [0, 1]
Total images in dataset: 2002
Total batches: 86 (at batch size 16)

============================================================
Run 1/1  |  seed=42  |  tag=crumb_frozen  |  results -> results/classification/run_20260713_185351_seed42
============================================================

Training classification for 100 epochs
Epoch 0
Epoch 0, Training Loss: 0.7545, Validation Loss: 0.6700 (best)
--- Saved model to checkpoints/classification/crumb_frozen/state.pt ---
Epoch 1
Epoch 1, Training Loss: 0.6883, Validation Loss: 0.6920
--- Saved model to checkpoints/classification/crumb_frozen/state.pt ---
Epoch 2
Epoch 2, Training Loss: 0.6612, Validation Loss: 0.6607 (best)
--- Saved model to checkpoints/classification/crumb_frozen/state.pt ---
Epoch 3
Epoch 3, Training Loss: 0.6387, Validation Loss: 0.6448 (best)
--- Saved model to checkpoints/classification/crumb_frozen/state.pt ---
Epoch 4
Epoch 4, Training Loss: 0.6564, Validation Loss: 0.6514
--- Saved model to checkpoints/classification/crumb_frozen/state.pt ---
Epoch 5
Epoch 5, Training Loss: 0.6387, Validation Loss: 0.6522
--- Saved model to checkpoints/classification/crumb_frozen/state.pt ---
Epoch 6
Epoch 6, Training Loss: 0.6369, Validation Loss: 0.6406 (best)
--- Saved model to checkpoints/classification/crumb_frozen/state.pt ---
Epoch 7
Epoch 7, Training Loss: 0.6351, Validation Loss: 0.6400 (best)
--- Saved model to checkpoints/classification/crumb_frozen/state.pt ---
Epoch 8
Epoch 8, Training Loss: 0.6337, Validation Loss: 0.6388 (best)
--- Saved model to checkpoints/classification/crumb_frozen/state.pt ---
Epoch 9
Epoch 9, Training Loss: 0.6166, Validation Loss: 0.6365 (best)
--- Saved model to checkpoints/classification/crumb_frozen/state.pt ---
Epoch 10
Epoch 10, Training Loss: 0.6276, Validation Loss: 0.6388
--- Saved model to checkpoints/classification/crumb_frozen/state.pt ---
Epoch 11
Epoch 11, Training Loss: 0.5971, Validation Loss: 0.6598
--- Saved model to checkpoints/classification/crumb_frozen/state.pt ---
Epoch 12
Epoch 12, Training Loss: 0.6154, Validation Loss: 0.6505
--- Saved model to checkpoints/classification/crumb_frozen/state.pt ---
Epoch 13
Epoch 13, Training Loss: 0.6147, Validation Loss: 0.6272 (best)
--- Saved model to checkpoints/classification/crumb_frozen/state.pt ---
Epoch 14
Epoch 14, Training Loss: 0.6229, Validation Loss: 0.6356
--- Saved model to checkpoints/classification/crumb_frozen/state.pt ---
Epoch 15
Epoch 15, Training Loss: 0.6158, Validation Loss: 0.6376
--- Saved model to checkpoints/classification/crumb_frozen/state.pt ---
Epoch 16
Epoch 16, Training Loss: 0.6139, Validation Loss: 0.6476
--- Saved model to checkpoints/classification/crumb_frozen/state.pt ---
Epoch 17
Epoch 17, Training Loss: 0.6152, Validation Loss: 0.6618
--- Saved model to checkpoints/classification/crumb_frozen/state.pt ---
Epoch 18
Epoch 18, Training Loss: 0.6163, Validation Loss: 0.6538
--- Saved model to checkpoints/classification/crumb_frozen/state.pt ---
Epoch 19
Epoch 19, Training Loss: 0.6114, Validation Loss: 0.6317
--- Saved model to checkpoints/classification/crumb_frozen/state.pt ---
Epoch 20
Epoch 20, Training Loss: 0.5939, Validation Loss: 0.6820
--- Saved model to checkpoints/classification/crumb_frozen/state.pt ---
Epoch 21
Epoch 21, Training Loss: 0.5960, Validation Loss: 0.6400
--- Saved model to checkpoints/classification/crumb_frozen/state.pt ---
Epoch 22
Epoch 22, Training Loss: 0.6081, Validation Loss: 0.6435
--- Saved model to checkpoints/classification/crumb_frozen/state.pt ---
Epoch 23
Epoch 23, Training Loss: 0.5923, Validation Loss: 0.6588
--- Saved model to checkpoints/classification/crumb_frozen/state.pt ---
Epoch 24
Epoch 24, Training Loss: 0.5997, Validation Loss: 0.6909
--- Saved model to checkpoints/classification/crumb_frozen/state.pt ---
Epoch 25
Epoch 25, Training Loss: 0.6077, Validation Loss: 0.6328
--- Saved model to checkpoints/classification/crumb_frozen/state.pt ---
Epoch 26
Epoch 26, Training Loss: 0.5903, Validation Loss: 0.6626
--- Saved model to checkpoints/classification/crumb_frozen/state.pt ---
Epoch 27
Epoch 27, Training Loss: 0.6001, Validation Loss: 0.6592
--- Saved model to checkpoints/classification/crumb_frozen/state.pt ---
Epoch 28
Epoch 28, Training Loss: 0.5928, Validation Loss: 0.6316
--- Saved model to checkpoints/classification/crumb_frozen/state.pt ---
Epoch 29
Epoch 29, Training Loss: 0.6035, Validation Loss: 0.6668
--- Saved model to checkpoints/classification/crumb_frozen/state.pt ---
Epoch 30
Epoch 30, Training Loss: 0.5819, Validation Loss: 0.6389
--- Saved model to checkpoints/classification/crumb_frozen/state.pt ---
Epoch 31
Epoch 31, Training Loss: 0.5912, Validation Loss: 0.6657
--- Saved model to checkpoints/classification/crumb_frozen/state.pt ---
Epoch 32
Epoch 32, Training Loss: 0.5976, Validation Loss: 0.6578
--- Saved model to checkpoints/classification/crumb_frozen/state.pt ---
Epoch 33
Epoch 33, Training Loss: 0.6020, Validation Loss: 0.6620
--- Saved model to checkpoints/classification/crumb_frozen/state.pt ---
Epoch 34
Epoch 34, Training Loss: 0.6036, Validation Loss: 0.6406
--- Saved model to checkpoints/classification/crumb_frozen/state.pt ---
Epoch 35
Epoch 35, Training Loss: 0.5917, Validation Loss: 0.6538
--- Saved model to checkpoints/classification/crumb_frozen/state.pt ---
Epoch 36
Epoch 36, Training Loss: 0.6038, Validation Loss: 0.6514
--- Saved model to checkpoints/classification/crumb_frozen/state.pt ---
Epoch 37
Epoch 37, Training Loss: 0.5925, Validation Loss: 0.6730
--- Saved model to checkpoints/classification/crumb_frozen/state.pt ---
Epoch 38
Epoch 38, Training Loss: 0.5976, Validation Loss: 0.6486
--- Saved model to checkpoints/classification/crumb_frozen/state.pt ---
Epoch 39
Epoch 39, Training Loss: 0.5891, Validation Loss: 0.6561
--- Saved model to checkpoints/classification/crumb_frozen/state.pt ---
Epoch 40
Epoch 40, Training Loss: 0.5906, Validation Loss: 0.6658
--- Saved model to checkpoints/classification/crumb_frozen/state.pt ---
Epoch 41
Epoch 41, Training Loss: 0.5922, Validation Loss: 0.6735
--- Saved model to checkpoints/classification/crumb_frozen/state.pt ---
Epoch 42
Epoch 42, Training Loss: 0.5960, Validation Loss: 0.6470
--- Saved model to checkpoints/classification/crumb_frozen/state.pt ---
Epoch 43
Epoch 43, Training Loss: 0.5888, Validation Loss: 0.6562
--- Saved model to checkpoints/classification/crumb_frozen/state.pt ---
Epoch 44
Epoch 44, Training Loss: 0.5812, Validation Loss: 0.6435
--- Saved model to checkpoints/classification/crumb_frozen/state.pt ---
Epoch 45
Epoch 45, Training Loss: 0.5936, Validation Loss: 0.6429
--- Saved model to checkpoints/classification/crumb_frozen/state.pt ---
Epoch 46
Epoch 46, Training Loss: 0.5941, Validation Loss: 0.6490
--- Saved model to checkpoints/classification/crumb_frozen/state.pt ---
Epoch 47
Epoch 47, Training Loss: 0.5837, Validation Loss: 0.6587
--- Saved model to checkpoints/classification/crumb_frozen/state.pt ---
Epoch 48
Epoch 48, Training Loss: 0.5876, Validation Loss: 0.6630
--- Saved model to checkpoints/classification/crumb_frozen/state.pt ---
Epoch 49
Epoch 49, Training Loss: 0.5845, Validation Loss: 0.6998
--- Saved model to checkpoints/classification/crumb_frozen/state.pt ---
Epoch 50
Epoch 50, Training Loss: 0.5735, Validation Loss: 0.6934
--- Saved model to checkpoints/classification/crumb_frozen/state.pt ---
Epoch 51
Epoch 51, Training Loss: 0.5956, Validation Loss: 0.7194
--- Saved model to checkpoints/classification/crumb_frozen/state.pt ---
Epoch 52
Epoch 52, Training Loss: 0.6029, Validation Loss: 0.6420
--- Saved model to checkpoints/classification/crumb_frozen/state.pt ---
Epoch 53
Epoch 53, Training Loss: 0.5774, Validation Loss: 0.6587
--- Saved model to checkpoints/classification/crumb_frozen/state.pt ---
Epoch 54
Epoch 54, Training Loss: 0.5877, Validation Loss: 0.6684
--- Saved model to checkpoints/classification/crumb_frozen/state.pt ---
Epoch 55
Epoch 55, Training Loss: 0.5738, Validation Loss: 0.6399
--- Saved model to checkpoints/classification/crumb_frozen/state.pt ---
Epoch 56
Epoch 56, Training Loss: 0.5845, Validation Loss: 0.6517
--- Saved model to checkpoints/classification/crumb_frozen/state.pt ---
Epoch 57
Epoch 57, Training Loss: 0.5986, Validation Loss: 0.6780
--- Saved model to checkpoints/classification/crumb_frozen/state.pt ---
Epoch 58
Epoch 58, Training Loss: 0.5806, Validation Loss: 0.6790
--- Saved model to checkpoints/classification/crumb_frozen/state.pt ---
Epoch 59
Epoch 59, Training Loss: 0.5922, Validation Loss: 0.6628
--- Saved model to checkpoints/classification/crumb_frozen/state.pt ---
Epoch 60
Epoch 60, Training Loss: 0.5894, Validation Loss: 0.6463
--- Saved model to checkpoints/classification/crumb_frozen/state.pt ---
Epoch 61
Epoch 61, Training Loss: 0.5842, Validation Loss: 0.6630
--- Saved model to checkpoints/classification/crumb_frozen/state.pt ---
Epoch 62
Epoch 62, Training Loss: 0.5927, Validation Loss: 0.6533
--- Saved model to checkpoints/classification/crumb_frozen/state.pt ---
Epoch 63
Epoch 63, Training Loss: 0.5720, Validation Loss: 0.6586
--- Saved model to checkpoints/classification/crumb_frozen/state.pt ---
Epoch 64
Epoch 64, Training Loss: 0.5845, Validation Loss: 0.6504
--- Saved model to checkpoints/classification/crumb_frozen/state.pt ---
Epoch 65
Epoch 65, Training Loss: 0.5844, Validation Loss: 0.6809
--- Saved model to checkpoints/classification/crumb_frozen/state.pt ---
Epoch 66
Epoch 66, Training Loss: 0.5843, Validation Loss: 0.6691
--- Saved model to checkpoints/classification/crumb_frozen/state.pt ---
Epoch 67
Epoch 67, Training Loss: 0.5693, Validation Loss: 0.6854
--- Saved model to checkpoints/classification/crumb_frozen/state.pt ---
Epoch 68
Epoch 68, Training Loss: 0.5849, Validation Loss: 0.6534
--- Saved model to checkpoints/classification/crumb_frozen/state.pt ---
Epoch 69
Epoch 69, Training Loss: 0.5911, Validation Loss: 0.6424
--- Saved model to checkpoints/classification/crumb_frozen/state.pt ---
Epoch 70
Epoch 70, Training Loss: 0.5851, Validation Loss: 0.6692
--- Saved model to checkpoints/classification/crumb_frozen/state.pt ---
Epoch 71
Epoch 71, Training Loss: 0.5813, Validation Loss: 0.6548
--- Saved model to checkpoints/classification/crumb_frozen/state.pt ---
Epoch 72
Epoch 72, Training Loss: 0.5825, Validation Loss: 0.6918
--- Saved model to checkpoints/classification/crumb_frozen/state.pt ---
Epoch 73
Epoch 73, Training Loss: 0.5920, Validation Loss: 0.7052
--- Saved model to checkpoints/classification/crumb_frozen/state.pt ---
Epoch 74
Epoch 74, Training Loss: 0.5831, Validation Loss: 0.6861
--- Saved model to checkpoints/classification/crumb_frozen/state.pt ---
Epoch 75
Epoch 75, Training Loss: 0.5904, Validation Loss: 0.6601
--- Saved model to checkpoints/classification/crumb_frozen/state.pt ---
Epoch 76
Epoch 76, Training Loss: 0.5937, Validation Loss: 0.6517
--- Saved model to checkpoints/classification/crumb_frozen/state.pt ---
Epoch 77
Epoch 77, Training Loss: 0.5857, Validation Loss: 0.6554
--- Saved model to checkpoints/classification/crumb_frozen/state.pt ---
Epoch 78
Epoch 78, Training Loss: 0.5975, Validation Loss: 0.6379
--- Saved model to checkpoints/classification/crumb_frozen/state.pt ---
Epoch 79
Epoch 79, Training Loss: 0.5904, Validation Loss: 0.6522
--- Saved model to checkpoints/classification/crumb_frozen/state.pt ---
Epoch 80
Epoch 80, Training Loss: 0.5857, Validation Loss: 0.6469
--- Saved model to checkpoints/classification/crumb_frozen/state.pt ---
Epoch 81
Epoch 81, Training Loss: 0.5764, Validation Loss: 0.6470
--- Saved model to checkpoints/classification/crumb_frozen/state.pt ---
Epoch 82
Epoch 82, Training Loss: 0.5873, Validation Loss: 0.6487
--- Saved model to checkpoints/classification/crumb_frozen/state.pt ---
Epoch 83
Epoch 83, Training Loss: 0.5801, Validation Loss: 0.6555
--- Saved model to checkpoints/classification/crumb_frozen/state.pt ---
Epoch 84
Epoch 84, Training Loss: 0.5651, Validation Loss: 0.6692
--- Saved model to checkpoints/classification/crumb_frozen/state.pt ---
Epoch 85
Epoch 85, Training Loss: 0.5787, Validation Loss: 0.7014
--- Saved model to checkpoints/classification/crumb_frozen/state.pt ---
Epoch 86
Epoch 86, Training Loss: 0.5881, Validation Loss: 0.6509
--- Saved model to checkpoints/classification/crumb_frozen/state.pt ---
Epoch 87
Epoch 87, Training Loss: 0.5951, Validation Loss: 0.6589
--- Saved model to checkpoints/classification/crumb_frozen/state.pt ---
Epoch 88
Epoch 88, Training Loss: 0.5742, Validation Loss: 0.6702
--- Saved model to checkpoints/classification/crumb_frozen/state.pt ---
Epoch 89
Epoch 89, Training Loss: 0.5932, Validation Loss: 0.6607
--- Saved model to checkpoints/classification/crumb_frozen/state.pt ---
Epoch 90
Epoch 90, Training Loss: 0.5905, Validation Loss: 0.6686
--- Saved model to checkpoints/classification/crumb_frozen/state.pt ---
Epoch 91
Epoch 91, Training Loss: 0.5914, Validation Loss: 0.6794
--- Saved model to checkpoints/classification/crumb_frozen/state.pt ---
Epoch 92
Epoch 92, Training Loss: 0.5922, Validation Loss: 0.6625
--- Saved model to checkpoints/classification/crumb_frozen/state.pt ---
Epoch 93
Epoch 93, Training Loss: 0.5663, Validation Loss: 0.6449
--- Saved model to checkpoints/classification/crumb_frozen/state.pt ---
Epoch 94
Epoch 94, Training Loss: 0.5942, Validation Loss: 0.6726
--- Saved model to checkpoints/classification/crumb_frozen/state.pt ---
Epoch 95
Epoch 95, Training Loss: 0.5926, Validation Loss: 0.6349
--- Saved model to checkpoints/classification/crumb_frozen/state.pt ---
Epoch 96
Epoch 96, Training Loss: 0.5679, Validation Loss: 0.6649
--- Saved model to checkpoints/classification/crumb_frozen/state.pt ---
Epoch 97
Epoch 97, Training Loss: 0.5779, Validation Loss: 0.6525
--- Saved model to checkpoints/classification/crumb_frozen/state.pt ---
Epoch 98
Epoch 98, Training Loss: 0.5771, Validation Loss: 0.6680
--- Saved model to checkpoints/classification/crumb_frozen/state.pt ---
Epoch 99
Epoch 99, Training Loss: 0.5957, Validation Loss: 0.6818
--- Saved model to checkpoints/classification/crumb_frozen/state.pt ---
Restored best model (val loss 0.6272)
--- Saved model to checkpoints/classification/crumb_frozen/state.pt ---
Testing model
Accuracy: 71.23%
