CUDA Memory Cleared. Current VRAM Usage: 0.00 MB
On device cuda
Getting data loader crumb_fits
Loaded FITS stats: noise_rms=0.000324, peak_log=4.066700
Loaded FITS stats: noise_rms=0.000324, peak_log=4.066700
Total unique classes found: 2
Label IDs: [0, 1]
Total images in dataset: 1789
Total batches: 157 (at batch size 8)

============================================================
Run 1/1  |  seed=44  |  tag=diffusion_crumb_fits_seed44  |  results -> results/diffusion/20260923_050111_diffusion_crumb_fits_seed44_921091
============================================================

Training diffusion for 400 epochs
Epoch 0
/idia/users/bevan/pid-radast/classifier-guided-physics-informed-diffusion/.venv/lib/python3.11/site-packages/diffusers/configuration_utils.py:139: FutureWarning: Accessing config attribute `num_train_timesteps` directly via 'DDPMScheduler' object attribute is deprecated. Please access 'num_train_timesteps' over 'DDPMScheduler's config object instead, e.g. 'scheduler.config.num_train_timesteps'.
  deprecate("direct config name access", "1.0.0", deprecation_message, standard_warn=False)
/idia/users/bevan/pid-radast/classifier-guided-physics-informed-diffusion/.venv/lib/python3.11/site-packages/diffusers/models/attention_processor.py:1259: UserWarning: Memory Efficient attention is a non-deterministic algorithm. To explicitly disable Memory Efficient attention call torch.use_deterministic_algorithms(True, warn_only=False). (Triggered internally at ../aten/src/ATen/native/transformers/cuda/sdp_utils.h:419.)
  hidden_states = F.scaled_dot_product_attention(
/idia/users/bevan/pid-radast/classifier-guided-physics-informed-diffusion/.venv/lib/python3.11/site-packages/torchmetrics/utilities/prints.py:43: UserWarning: Metric `Kernel Inception Distance` will save all extracted features in buffer. For large datasets this may lead to large memory footprint.
  warnings.warn(*args, **kwargs)
Epoch 0 | Loss: 0.071877 | Val: 0.148721
FITS files saved to results/diffusion/20260923_050111_diffusion_crumb_fits_seed44_921091/generated_fits
Computing FID/KID/PDF at epoch 0...
  FID: 186.4701 | KID: 0.215242
  Pixel PDF W-dist: 0.1124
--- Saved model to checkpoints/diffusion/diffusion_crumb_fits_seed44/state.pt ---
Epoch 1
Epoch 1 | Loss: 0.028005 | Val: 0.139575
--- Saved model to checkpoints/diffusion/diffusion_crumb_fits_seed44/state.pt ---
Epoch 2
Epoch 2 | Loss: 0.025026 | Val: 0.138096
--- Saved model to checkpoints/diffusion/diffusion_crumb_fits_seed44/state.pt ---
Epoch 3
Epoch 3 | Loss: 0.027025 | Val: 0.138442
--- Saved model to checkpoints/diffusion/diffusion_crumb_fits_seed44/state.pt ---
Epoch 4
Epoch 4 | Loss: 0.029562 | Val: 0.137656
--- Saved model to checkpoints/diffusion/diffusion_crumb_fits_seed44/state.pt ---
Epoch 5
Epoch 5 | Loss: 0.021698 | Val: 0.134745
--- Saved model to checkpoints/diffusion/diffusion_crumb_fits_seed44/state.pt ---
Epoch 6
Epoch 6 | Loss: 0.021678 | Val: 0.135162
--- Saved model to checkpoints/diffusion/diffusion_crumb_fits_seed44/state.pt ---
Epoch 7
Epoch 7 | Loss: 0.025475 | Val: 0.133851
--- Saved model to checkpoints/diffusion/diffusion_crumb_fits_seed44/state.pt ---
Epoch 8
Epoch 8 | Loss: 0.025954 | Val: 0.134072
--- Saved model to checkpoints/diffusion/diffusion_crumb_fits_seed44/state.pt ---
Epoch 9
Epoch 9 | Loss: 0.028508 | Val: 0.133475
--- Saved model to checkpoints/diffusion/diffusion_crumb_fits_seed44/state.pt ---
Epoch 10
Epoch 10 | Loss: 0.026581 | Val: 0.134542
FITS files saved to results/diffusion/20260923_050111_diffusion_crumb_fits_seed44_921091/generated_fits
Computing FID/KID/PDF at epoch 10...
  FID: 166.7356 | KID: 0.157900
  Pixel PDF W-dist: 0.2823
--- Saved model to checkpoints/diffusion/diffusion_crumb_fits_seed44/state.pt ---
Epoch 11
Epoch 11 | Loss: 0.025428 | Val: 0.133645
--- Saved model to checkpoints/diffusion/diffusion_crumb_fits_seed44/state.pt ---
Epoch 12
Epoch 12 | Loss: 0.025451 | Val: 0.133815
--- Saved model to checkpoints/diffusion/diffusion_crumb_fits_seed44/state.pt ---
Epoch 13
Epoch 13 | Loss: 0.023820 | Val: 0.132739
--- Saved model to checkpoints/diffusion/diffusion_crumb_fits_seed44/state.pt ---
Epoch 14
Epoch 14 | Loss: 0.024778 | Val: 0.133264
--- Saved model to checkpoints/diffusion/diffusion_crumb_fits_seed44/state.pt ---
Epoch 15
Epoch 15 | Loss: 0.023827 | Val: 0.133205
--- Saved model to checkpoints/diffusion/diffusion_crumb_fits_seed44/state.pt ---
Epoch 16
Epoch 16 | Loss: 0.024259 | Val: 0.134625
--- Saved model to checkpoints/diffusion/diffusion_crumb_fits_seed44/state.pt ---
Epoch 17
Epoch 17 | Loss: 0.024141 | Val: 0.133950
--- Saved model to checkpoints/diffusion/diffusion_crumb_fits_seed44/state.pt ---
Epoch 18
Epoch 18 | Loss: 0.029509 | Val: 0.133834
--- Saved model to checkpoints/diffusion/diffusion_crumb_fits_seed44/state.pt ---
Epoch 19
Epoch 19 | Loss: 0.028726 | Val: 0.132649
--- Saved model to checkpoints/diffusion/diffusion_crumb_fits_seed44/state.pt ---
Epoch 20
Epoch 20 | Loss: 0.022083 | Val: 0.134963
FITS files saved to results/diffusion/20260923_050111_diffusion_crumb_fits_seed44_921091/generated_fits
Computing FID/KID/PDF at epoch 20...
  FID: 164.8838 | KID: 0.155953
  Pixel PDF W-dist: 0.2222
--- Saved model to checkpoints/diffusion/diffusion_crumb_fits_seed44/state.pt ---
Epoch 21
Epoch 21 | Loss: 0.029701 | Val: 0.132914
--- Saved model to checkpoints/diffusion/diffusion_crumb_fits_seed44/state.pt ---
Epoch 22
Epoch 22 | Loss: 0.025658 | Val: 0.133931
--- Saved model to checkpoints/diffusion/diffusion_crumb_fits_seed44/state.pt ---
Epoch 23
Epoch 23 | Loss: 0.027626 | Val: 0.133972
--- Saved model to checkpoints/diffusion/diffusion_crumb_fits_seed44/state.pt ---
Epoch 24
Epoch 24 | Loss: 0.027197 | Val: 0.132905
--- Saved model to checkpoints/diffusion/diffusion_crumb_fits_seed44/state.pt ---
Epoch 25
Epoch 25 | Loss: 0.023929 | Val: 0.133013
--- Saved model to checkpoints/diffusion/diffusion_crumb_fits_seed44/state.pt ---
Epoch 26
Epoch 26 | Loss: 0.024651 | Val: 0.132908
--- Saved model to checkpoints/diffusion/diffusion_crumb_fits_seed44/state.pt ---
Epoch 27
Epoch 27 | Loss: 0.021315 | Val: 0.133103
--- Saved model to checkpoints/diffusion/diffusion_crumb_fits_seed44/state.pt ---
Epoch 28
Epoch 28 | Loss: 0.026032 | Val: 0.133443
--- Saved model to checkpoints/diffusion/diffusion_crumb_fits_seed44/state.pt ---
Epoch 29
Epoch 29 | Loss: 0.022331 | Val: 0.132794
--- Saved model to checkpoints/diffusion/diffusion_crumb_fits_seed44/state.pt ---
Epoch 30
Epoch 30 | Loss: 0.026860 | Val: 0.133406
FITS files saved to results/diffusion/20260923_050111_diffusion_crumb_fits_seed44_921091/generated_fits
Computing FID/KID/PDF at epoch 30...
  FID: 168.4585 | KID: 0.170253
  Pixel PDF W-dist: 0.0909
--- Saved model to checkpoints/diffusion/diffusion_crumb_fits_seed44/state.pt ---
Epoch 31
Epoch 31 | Loss: 0.024469 | Val: 0.135738
--- Saved model to checkpoints/diffusion/diffusion_crumb_fits_seed44/state.pt ---
Epoch 32
Epoch 32 | Loss: 0.021453 | Val: 0.133798
--- Saved model to checkpoints/diffusion/diffusion_crumb_fits_seed44/state.pt ---
Epoch 33
Epoch 33 | Loss: 0.022563 | Val: 0.132048
--- Saved model to checkpoints/diffusion/diffusion_crumb_fits_seed44/state.pt ---
Epoch 34
Epoch 34 | Loss: 0.026306 | Val: 0.132705
--- Saved model to checkpoints/diffusion/diffusion_crumb_fits_seed44/state.pt ---
Epoch 35
Epoch 35 | Loss: 0.026180 | Val: 0.132988
--- Saved model to checkpoints/diffusion/diffusion_crumb_fits_seed44/state.pt ---
Epoch 36
Epoch 36 | Loss: 0.023115 | Val: 0.132246
--- Saved model to checkpoints/diffusion/diffusion_crumb_fits_seed44/state.pt ---
Epoch 37
Epoch 37 | Loss: 0.024332 | Val: 0.132173
--- Saved model to checkpoints/diffusion/diffusion_crumb_fits_seed44/state.pt ---
Epoch 38
Epoch 38 | Loss: 0.022505 | Val: 0.133081
--- Saved model to checkpoints/diffusion/diffusion_crumb_fits_seed44/state.pt ---
Epoch 39
Epoch 39 | Loss: 0.027639 | Val: 0.135258
--- Saved model to checkpoints/diffusion/diffusion_crumb_fits_seed44/state.pt ---
Epoch 40
Epoch 40 | Loss: 0.022219 | Val: 0.132902
FITS files saved to results/diffusion/20260923_050111_diffusion_crumb_fits_seed44_921091/generated_fits
Computing FID/KID/PDF at epoch 40...
  FID: 151.9492 | KID: 0.144685
  Pixel PDF W-dist: 0.0888
--- Saved model to checkpoints/diffusion/diffusion_crumb_fits_seed44/state.pt ---
Epoch 41
Epoch 41 | Loss: 0.028923 | Val: 0.132380
--- Saved model to checkpoints/diffusion/diffusion_crumb_fits_seed44/state.pt ---
Epoch 42
Epoch 42 | Loss: 0.024830 | Val: 0.132286
--- Saved model to checkpoints/diffusion/diffusion_crumb_fits_seed44/state.pt ---
Epoch 43
Epoch 43 | Loss: 0.020881 | Val: 0.131991
--- Saved model to checkpoints/diffusion/diffusion_crumb_fits_seed44/state.pt ---
Epoch 44
Epoch 44 | Loss: 0.019070 | Val: 0.131481
--- Saved model to checkpoints/diffusion/diffusion_crumb_fits_seed44/state.pt ---
Epoch 45
Epoch 45 | Loss: 0.025497 | Val: 0.133557
--- Saved model to checkpoints/diffusion/diffusion_crumb_fits_seed44/state.pt ---
Epoch 46
Epoch 46 | Loss: 0.021765 | Val: 0.133884
--- Saved model to checkpoints/diffusion/diffusion_crumb_fits_seed44/state.pt ---
Epoch 47
Epoch 47 | Loss: 0.024821 | Val: 0.132540
--- Saved model to checkpoints/diffusion/diffusion_crumb_fits_seed44/state.pt ---
Epoch 48
Epoch 48 | Loss: 0.022949 | Val: 0.131199
--- Saved model to checkpoints/diffusion/diffusion_crumb_fits_seed44/state.pt ---
Epoch 49
Epoch 49 | Loss: 0.021278 | Val: 0.133013
--- Saved model to checkpoints/diffusion/diffusion_crumb_fits_seed44/state.pt ---
Epoch 50
Epoch 50 | Loss: 0.026127 | Val: 0.131871
FITS files saved to results/diffusion/20260923_050111_diffusion_crumb_fits_seed44_921091/generated_fits
Computing FID/KID/PDF at epoch 50...
  FID: 177.0912 | KID: 0.147691
  Pixel PDF W-dist: 0.1225
--- Saved model to checkpoints/diffusion/diffusion_crumb_fits_seed44/state.pt ---
Epoch 51
Epoch 51 | Loss: 0.022196 | Val: 0.131897
--- Saved model to checkpoints/diffusion/diffusion_crumb_fits_seed44/state.pt ---
Epoch 52
Epoch 52 | Loss: 0.021185 | Val: 0.132081
--- Saved model to checkpoints/diffusion/diffusion_crumb_fits_seed44/state.pt ---
Epoch 53
Epoch 53 | Loss: 0.021853 | Val: 0.131399
--- Saved model to checkpoints/diffusion/diffusion_crumb_fits_seed44/state.pt ---
Epoch 54
Epoch 54 | Loss: 0.020638 | Val: 0.132843
--- Saved model to checkpoints/diffusion/diffusion_crumb_fits_seed44/state.pt ---
Epoch 55
Epoch 55 | Loss: 0.021064 | Val: 0.132540
--- Saved model to checkpoints/diffusion/diffusion_crumb_fits_seed44/state.pt ---
Epoch 56
Epoch 56 | Loss: 0.022798 | Val: 0.130902
--- Saved model to checkpoints/diffusion/diffusion_crumb_fits_seed44/state.pt ---
Epoch 57
Epoch 57 | Loss: 0.022257 | Val: 0.131925
--- Saved model to checkpoints/diffusion/diffusion_crumb_fits_seed44/state.pt ---
Epoch 58
Epoch 58 | Loss: 0.023229 | Val: 0.129855
--- Saved model to checkpoints/diffusion/diffusion_crumb_fits_seed44/state.pt ---
Epoch 59
Epoch 59 | Loss: 0.024438 | Val: 0.131780
--- Saved model to checkpoints/diffusion/diffusion_crumb_fits_seed44/state.pt ---
Epoch 60
Epoch 60 | Loss: 0.029054 | Val: 0.132276
FITS files saved to results/diffusion/20260923_050111_diffusion_crumb_fits_seed44_921091/generated_fits
Computing FID/KID/PDF at epoch 60...
  FID: 161.1077 | KID: 0.145101
  Pixel PDF W-dist: 0.0768
--- Saved model to checkpoints/diffusion/diffusion_crumb_fits_seed44/state.pt ---
Epoch 61
Epoch 61 | Loss: 0.018762 | Val: 0.131068
--- Saved model to checkpoints/diffusion/diffusion_crumb_fits_seed44/state.pt ---
Epoch 62
Epoch 62 | Loss: 0.023822 | Val: 0.131645
--- Saved model to checkpoints/diffusion/diffusion_crumb_fits_seed44/state.pt ---
Epoch 63
Epoch 63 | Loss: 0.025692 | Val: 0.130251
--- Saved model to checkpoints/diffusion/diffusion_crumb_fits_seed44/state.pt ---
Epoch 64
Epoch 64 | Loss: 0.024240 | Val: 0.132205
--- Saved model to checkpoints/diffusion/diffusion_crumb_fits_seed44/state.pt ---
Epoch 65
Epoch 65 | Loss: 0.026423 | Val: 0.129999
--- Saved model to checkpoints/diffusion/diffusion_crumb_fits_seed44/state.pt ---
Epoch 66
Epoch 66 | Loss: 0.023127 | Val: 0.132634
--- Saved model to checkpoints/diffusion/diffusion_crumb_fits_seed44/state.pt ---
Epoch 67
Epoch 67 | Loss: 0.024439 | Val: 0.130034
--- Saved model to checkpoints/diffusion/diffusion_crumb_fits_seed44/state.pt ---
Epoch 68
Epoch 68 | Loss: 0.023220 | Val: 0.130633
--- Saved model to checkpoints/diffusion/diffusion_crumb_fits_seed44/state.pt ---
Epoch 69
Epoch 69 | Loss: 0.021793 | Val: 0.130407
--- Saved model to checkpoints/diffusion/diffusion_crumb_fits_seed44/state.pt ---
Epoch 70
Epoch 70 | Loss: 0.022423 | Val: 0.129637
FITS files saved to results/diffusion/20260923_050111_diffusion_crumb_fits_seed44_921091/generated_fits
Computing FID/KID/PDF at epoch 70...
  FID: 155.8969 | KID: 0.138123
  Pixel PDF W-dist: 0.1192
--- Saved model to checkpoints/diffusion/diffusion_crumb_fits_seed44/state.pt ---
Epoch 71
Epoch 71 | Loss: 0.020628 | Val: 0.129694
--- Saved model to checkpoints/diffusion/diffusion_crumb_fits_seed44/state.pt ---
Epoch 72
Epoch 72 | Loss: 0.020900 | Val: 0.130167
--- Saved model to checkpoints/diffusion/diffusion_crumb_fits_seed44/state.pt ---
Epoch 73
Epoch 73 | Loss: 0.022092 | Val: 0.130120
--- Saved model to checkpoints/diffusion/diffusion_crumb_fits_seed44/state.pt ---
Epoch 74
Epoch 74 | Loss: 0.027787 | Val: 0.130160
--- Saved model to checkpoints/diffusion/diffusion_crumb_fits_seed44/state.pt ---
Epoch 75
Epoch 75 | Loss: 0.024661 | Val: 0.131004
--- Saved model to checkpoints/diffusion/diffusion_crumb_fits_seed44/state.pt ---
Epoch 76
Epoch 76 | Loss: 0.023960 | Val: 0.130692
--- Saved model to checkpoints/diffusion/diffusion_crumb_fits_seed44/state.pt ---
Epoch 77
Epoch 77 | Loss: 0.020199 | Val: 0.130925
--- Saved model to checkpoints/diffusion/diffusion_crumb_fits_seed44/state.pt ---
Epoch 78
Epoch 78 | Loss: 0.023544 | Val: 0.129826
--- Saved model to checkpoints/diffusion/diffusion_crumb_fits_seed44/state.pt ---
Epoch 79
Epoch 79 | Loss: 0.021493 | Val: 0.130731
--- Saved model to checkpoints/diffusion/diffusion_crumb_fits_seed44/state.pt ---
Epoch 80
Epoch 80 | Loss: 0.019663 | Val: 0.130407
FITS files saved to results/diffusion/20260923_050111_diffusion_crumb_fits_seed44_921091/generated_fits
Computing FID/KID/PDF at epoch 80...
  FID: 173.5562 | KID: 0.172459
  Pixel PDF W-dist: 0.0917
--- Saved model to checkpoints/diffusion/diffusion_crumb_fits_seed44/state.pt ---
Epoch 81
Epoch 81 | Loss: 0.023745 | Val: 0.129553
--- Saved model to checkpoints/diffusion/diffusion_crumb_fits_seed44/state.pt ---
Epoch 82
Epoch 82 | Loss: 0.024682 | Val: 0.130116
--- Saved model to checkpoints/diffusion/diffusion_crumb_fits_seed44/state.pt ---
Epoch 83
Epoch 83 | Loss: 0.022482 | Val: 0.130603
--- Saved model to checkpoints/diffusion/diffusion_crumb_fits_seed44/state.pt ---
Epoch 84
Epoch 84 | Loss: 0.023323 | Val: 0.129983
--- Saved model to checkpoints/diffusion/diffusion_crumb_fits_seed44/state.pt ---
Epoch 85
Epoch 85 | Loss: 0.029353 | Val: 0.131629
--- Saved model to checkpoints/diffusion/diffusion_crumb_fits_seed44/state.pt ---
Epoch 86
Epoch 86 | Loss: 0.024042 | Val: 0.130820
--- Saved model to checkpoints/diffusion/diffusion_crumb_fits_seed44/state.pt ---
Epoch 87
Epoch 87 | Loss: 0.024310 | Val: 0.130601
--- Saved model to checkpoints/diffusion/diffusion_crumb_fits_seed44/state.pt ---
Epoch 88
Epoch 88 | Loss: 0.023552 | Val: 0.130704
--- Saved model to checkpoints/diffusion/diffusion_crumb_fits_seed44/state.pt ---
Epoch 89
Epoch 89 | Loss: 0.022795 | Val: 0.130877
--- Saved model to checkpoints/diffusion/diffusion_crumb_fits_seed44/state.pt ---
Epoch 90
Epoch 90 | Loss: 0.025798 | Val: 0.130965
FITS files saved to results/diffusion/20260923_050111_diffusion_crumb_fits_seed44_921091/generated_fits
Computing FID/KID/PDF at epoch 90...
  FID: 127.8699 | KID: 0.100050
  Pixel PDF W-dist: 0.0547
--- Saved model to checkpoints/diffusion/diffusion_crumb_fits_seed44/state.pt ---
Epoch 91
Epoch 91 | Loss: 0.024205 | Val: 0.129876
--- Saved model to checkpoints/diffusion/diffusion_crumb_fits_seed44/state.pt ---
Epoch 92
Epoch 92 | Loss: 0.025060 | Val: 0.130017
--- Saved model to checkpoints/diffusion/diffusion_crumb_fits_seed44/state.pt ---
Epoch 93
Epoch 93 | Loss: 0.024765 | Val: 0.129824
--- Saved model to checkpoints/diffusion/diffusion_crumb_fits_seed44/state.pt ---
Epoch 94
Epoch 94 | Loss: 0.028286 | Val: 0.130032
--- Saved model to checkpoints/diffusion/diffusion_crumb_fits_seed44/state.pt ---
Epoch 95
Epoch 95 | Loss: 0.022226 | Val: 0.129766
--- Saved model to checkpoints/diffusion/diffusion_crumb_fits_seed44/state.pt ---
Epoch 96
Epoch 96 | Loss: 0.022878 | Val: 0.129928
--- Saved model to checkpoints/diffusion/diffusion_crumb_fits_seed44/state.pt ---
Epoch 97
Epoch 97 | Loss: 0.024430 | Val: 0.128770
--- Saved model to checkpoints/diffusion/diffusion_crumb_fits_seed44/state.pt ---
Epoch 98
Epoch 98 | Loss: 0.025784 | Val: 0.129499
--- Saved model to checkpoints/diffusion/diffusion_crumb_fits_seed44/state.pt ---
Epoch 99
Epoch 99 | Loss: 0.028712 | Val: 0.130789
--- Saved model to checkpoints/diffusion/diffusion_crumb_fits_seed44/state.pt ---
Epoch 100
Epoch 100 | Loss: 0.021660 | Val: 0.129199
FITS files saved to results/diffusion/20260923_050111_diffusion_crumb_fits_seed44_921091/generated_fits
Computing FID/KID/PDF at epoch 100...
  FID: 159.5937 | KID: 0.120076
  Pixel PDF W-dist: 0.0623
--- Saved model to checkpoints/diffusion/diffusion_crumb_fits_seed44/state.pt ---
Epoch 101
Epoch 101 | Loss: 0.026311 | Val: 0.130712
--- Saved model to checkpoints/diffusion/diffusion_crumb_fits_seed44/state.pt ---
Epoch 102
Epoch 102 | Loss: 0.028092 | Val: 0.129803
--- Saved model to checkpoints/diffusion/diffusion_crumb_fits_seed44/state.pt ---
Epoch 103
Epoch 103 | Loss: 0.015820 | Val: 0.130103
--- Saved model to checkpoints/diffusion/diffusion_crumb_fits_seed44/state.pt ---
Epoch 104
Epoch 104 | Loss: 0.021554 | Val: 0.129644
--- Saved model to checkpoints/diffusion/diffusion_crumb_fits_seed44/state.pt ---
Epoch 105
Epoch 105 | Loss: 0.025702 | Val: 0.130495
--- Saved model to checkpoints/diffusion/diffusion_crumb_fits_seed44/state.pt ---
Epoch 106
Epoch 106 | Loss: 0.022148 | Val: 0.130938
--- Saved model to checkpoints/diffusion/diffusion_crumb_fits_seed44/state.pt ---
Epoch 107
Epoch 107 | Loss: 0.024081 | Val: 0.131423
--- Saved model to checkpoints/diffusion/diffusion_crumb_fits_seed44/state.pt ---
Epoch 108
Epoch 108 | Loss: 0.026172 | Val: 0.129880
--- Saved model to checkpoints/diffusion/diffusion_crumb_fits_seed44/state.pt ---
Epoch 109
Epoch 109 | Loss: 0.025700 | Val: 0.131171
--- Saved model to checkpoints/diffusion/diffusion_crumb_fits_seed44/state.pt ---
Epoch 110
Epoch 110 | Loss: 0.020960 | Val: 0.129797
FITS files saved to results/diffusion/20260923_050111_diffusion_crumb_fits_seed44_921091/generated_fits
Computing FID/KID/PDF at epoch 110...
  FID: 176.0574 | KID: 0.147470
  Pixel PDF W-dist: 0.0450
--- Saved model to checkpoints/diffusion/diffusion_crumb_fits_seed44/state.pt ---
Epoch 111
Epoch 111 | Loss: 0.020031 | Val: 0.129718
--- Saved model to checkpoints/diffusion/diffusion_crumb_fits_seed44/state.pt ---
Epoch 112
Epoch 112 | Loss: 0.021189 | Val: 0.130032
--- Saved model to checkpoints/diffusion/diffusion_crumb_fits_seed44/state.pt ---
Epoch 113
Epoch 113 | Loss: 0.027301 | Val: 0.130381
--- Saved model to checkpoints/diffusion/diffusion_crumb_fits_seed44/state.pt ---
Epoch 114
Epoch 114 | Loss: 0.024236 | Val: 0.129567
--- Saved model to checkpoints/diffusion/diffusion_crumb_fits_seed44/state.pt ---
Epoch 115
Epoch 115 | Loss: 0.028669 | Val: 0.130267
--- Saved model to checkpoints/diffusion/diffusion_crumb_fits_seed44/state.pt ---
Epoch 116
Epoch 116 | Loss: 0.021341 | Val: 0.129230
--- Saved model to checkpoints/diffusion/diffusion_crumb_fits_seed44/state.pt ---
Epoch 117
Epoch 117 | Loss: 0.022161 | Val: 0.128429
--- Saved model to checkpoints/diffusion/diffusion_crumb_fits_seed44/state.pt ---
Epoch 118
Epoch 118 | Loss: 0.021958 | Val: 0.129489
--- Saved model to checkpoints/diffusion/diffusion_crumb_fits_seed44/state.pt ---
Epoch 119
Epoch 119 | Loss: 0.022938 | Val: 0.128981
--- Saved model to checkpoints/diffusion/diffusion_crumb_fits_seed44/state.pt ---
Epoch 120
Epoch 120 | Loss: 0.022714 | Val: 0.128727
FITS files saved to results/diffusion/20260923_050111_diffusion_crumb_fits_seed44_921091/generated_fits
Computing FID/KID/PDF at epoch 120...
  FID: 124.4137 | KID: 0.105490
  Pixel PDF W-dist: 0.0501
--- Saved model to checkpoints/diffusion/diffusion_crumb_fits_seed44/state.pt ---
Epoch 121
Epoch 121 | Loss: 0.017965 | Val: 0.128851
--- Saved model to checkpoints/diffusion/diffusion_crumb_fits_seed44/state.pt ---
Epoch 122
Epoch 122 | Loss: 0.027804 | Val: 0.130043
--- Saved model to checkpoints/diffusion/diffusion_crumb_fits_seed44/state.pt ---
Epoch 123
Epoch 123 | Loss: 0.022122 | Val: 0.128911
--- Saved model to checkpoints/diffusion/diffusion_crumb_fits_seed44/state.pt ---
Epoch 124
Epoch 124 | Loss: 0.023402 | Val: 0.129379
--- Saved model to checkpoints/diffusion/diffusion_crumb_fits_seed44/state.pt ---
Epoch 125
Epoch 125 | Loss: 0.032058 | Val: 0.129423
--- Saved model to checkpoints/diffusion/diffusion_crumb_fits_seed44/state.pt ---
Epoch 126
Epoch 126 | Loss: 0.020269 | Val: 0.129952
--- Saved model to checkpoints/diffusion/diffusion_crumb_fits_seed44/state.pt ---
Epoch 127
Epoch 127 | Loss: 0.023585 | Val: 0.129961
--- Saved model to checkpoints/diffusion/diffusion_crumb_fits_seed44/state.pt ---
Epoch 128
Epoch 128 | Loss: 0.027049 | Val: 0.128586
--- Saved model to checkpoints/diffusion/diffusion_crumb_fits_seed44/state.pt ---
Epoch 129
Epoch 129 | Loss: 0.020529 | Val: 0.129009
--- Saved model to checkpoints/diffusion/diffusion_crumb_fits_seed44/state.pt ---
Epoch 130
Epoch 130 | Loss: 0.021930 | Val: 0.128882
FITS files saved to results/diffusion/20260923_050111_diffusion_crumb_fits_seed44_921091/generated_fits
Computing FID/KID/PDF at epoch 130...
  FID: 100.6135 | KID: 0.063399
  Pixel PDF W-dist: 0.0448
--- Saved model to checkpoints/diffusion/diffusion_crumb_fits_seed44/state.pt ---
Epoch 131
Epoch 131 | Loss: 0.027708 | Val: 0.129154
--- Saved model to checkpoints/diffusion/diffusion_crumb_fits_seed44/state.pt ---
Epoch 132
Epoch 132 | Loss: 0.020581 | Val: 0.129741
--- Saved model to checkpoints/diffusion/diffusion_crumb_fits_seed44/state.pt ---
Epoch 133
Epoch 133 | Loss: 0.024798 | Val: 0.128782
--- Saved model to checkpoints/diffusion/diffusion_crumb_fits_seed44/state.pt ---
Epoch 134
Epoch 134 | Loss: 0.022853 | Val: 0.128379
--- Saved model to checkpoints/diffusion/diffusion_crumb_fits_seed44/state.pt ---
Epoch 135
Epoch 135 | Loss: 0.026801 | Val: 0.128381
--- Saved model to checkpoints/diffusion/diffusion_crumb_fits_seed44/state.pt ---
Epoch 136
Epoch 136 | Loss: 0.022040 | Val: 0.128951
--- Saved model to checkpoints/diffusion/diffusion_crumb_fits_seed44/state.pt ---
Epoch 137
Epoch 137 | Loss: 0.023484 | Val: 0.128483
--- Saved model to checkpoints/diffusion/diffusion_crumb_fits_seed44/state.pt ---
Epoch 138
Epoch 138 | Loss: 0.023581 | Val: 0.129363
--- Saved model to checkpoints/diffusion/diffusion_crumb_fits_seed44/state.pt ---
Epoch 139
Epoch 139 | Loss: 0.019223 | Val: 0.129502
--- Saved model to checkpoints/diffusion/diffusion_crumb_fits_seed44/state.pt ---
Epoch 140
Epoch 140 | Loss: 0.022147 | Val: 0.128300
FITS files saved to results/diffusion/20260923_050111_diffusion_crumb_fits_seed44_921091/generated_fits
Computing FID/KID/PDF at epoch 140...
  FID: 115.1547 | KID: 0.077538
  Pixel PDF W-dist: 0.0210
--- Saved model to checkpoints/diffusion/diffusion_crumb_fits_seed44/state.pt ---
Epoch 141
Epoch 141 | Loss: 0.026185 | Val: 0.129062
--- Saved model to checkpoints/diffusion/diffusion_crumb_fits_seed44/state.pt ---
Epoch 142
Epoch 142 | Loss: 0.021120 | Val: 0.129105
--- Saved model to checkpoints/diffusion/diffusion_crumb_fits_seed44/state.pt ---
Epoch 143
Epoch 143 | Loss: 0.024861 | Val: 0.129016
--- Saved model to checkpoints/diffusion/diffusion_crumb_fits_seed44/state.pt ---
Epoch 144
Epoch 144 | Loss: 0.022715 | Val: 0.129180
--- Saved model to checkpoints/diffusion/diffusion_crumb_fits_seed44/state.pt ---
Epoch 145
Epoch 145 | Loss: 0.024956 | Val: 0.128339
--- Saved model to checkpoints/diffusion/diffusion_crumb_fits_seed44/state.pt ---
Epoch 146
Epoch 146 | Loss: 0.025364 | Val: 0.128720
--- Saved model to checkpoints/diffusion/diffusion_crumb_fits_seed44/state.pt ---
Epoch 147
Epoch 147 | Loss: 0.024876 | Val: 0.128195
--- Saved model to checkpoints/diffusion/diffusion_crumb_fits_seed44/state.pt ---
Epoch 148
Epoch 148 | Loss: 0.022827 | Val: 0.129421
--- Saved model to checkpoints/diffusion/diffusion_crumb_fits_seed44/state.pt ---
Epoch 149
Epoch 149 | Loss: 0.021200 | Val: 0.131351
--- Saved model to checkpoints/diffusion/diffusion_crumb_fits_seed44/state.pt ---
Epoch 150
Epoch 150 | Loss: 0.022959 | Val: 0.129411
FITS files saved to results/diffusion/20260923_050111_diffusion_crumb_fits_seed44_921091/generated_fits
Computing FID/KID/PDF at epoch 150...
  FID: 118.3090 | KID: 0.085449
  Pixel PDF W-dist: 0.0128
--- Saved model to checkpoints/diffusion/diffusion_crumb_fits_seed44/state.pt ---
Epoch 151
Epoch 151 | Loss: 0.026660 | Val: 0.128777
--- Saved model to checkpoints/diffusion/diffusion_crumb_fits_seed44/state.pt ---
Epoch 152
Epoch 152 | Loss: 0.021756 | Val: 0.128793
--- Saved model to checkpoints/diffusion/diffusion_crumb_fits_seed44/state.pt ---
Epoch 153
Epoch 153 | Loss: 0.028178 | Val: 0.128527
--- Saved model to checkpoints/diffusion/diffusion_crumb_fits_seed44/state.pt ---
Epoch 154
Epoch 154 | Loss: 0.018465 | Val: 0.128839
--- Saved model to checkpoints/diffusion/diffusion_crumb_fits_seed44/state.pt ---
Epoch 155
Epoch 155 | Loss: 0.021935 | Val: 0.130019
--- Saved model to checkpoints/diffusion/diffusion_crumb_fits_seed44/state.pt ---
Epoch 156
Epoch 156 | Loss: 0.020244 | Val: 0.129209
--- Saved model to checkpoints/diffusion/diffusion_crumb_fits_seed44/state.pt ---
Epoch 157
Epoch 157 | Loss: 0.022730 | Val: 0.128974
--- Saved model to checkpoints/diffusion/diffusion_crumb_fits_seed44/state.pt ---
Epoch 158
Epoch 158 | Loss: 0.019891 | Val: 0.128935
--- Saved model to checkpoints/diffusion/diffusion_crumb_fits_seed44/state.pt ---
Epoch 159
Epoch 159 | Loss: 0.019058 | Val: 0.128192
--- Saved model to checkpoints/diffusion/diffusion_crumb_fits_seed44/state.pt ---
Epoch 160
Epoch 160 | Loss: 0.021049 | Val: 0.129451
FITS files saved to results/diffusion/20260923_050111_diffusion_crumb_fits_seed44_921091/generated_fits
Computing FID/KID/PDF at epoch 160...
  FID: 120.9440 | KID: 0.077579
  Pixel PDF W-dist: 0.0184
--- Saved model to checkpoints/diffusion/diffusion_crumb_fits_seed44/state.pt ---
Epoch 161
Epoch 161 | Loss: 0.023583 | Val: 0.129389
--- Saved model to checkpoints/diffusion/diffusion_crumb_fits_seed44/state.pt ---
Epoch 162
Epoch 162 | Loss: 0.022843 | Val: 0.129461
--- Saved model to checkpoints/diffusion/diffusion_crumb_fits_seed44/state.pt ---
Epoch 163
Epoch 163 | Loss: 0.026184 | Val: 0.130138
--- Saved model to checkpoints/diffusion/diffusion_crumb_fits_seed44/state.pt ---
Epoch 164
Epoch 164 | Loss: 0.022892 | Val: 0.128471
--- Saved model to checkpoints/diffusion/diffusion_crumb_fits_seed44/state.pt ---
Epoch 165
Epoch 165 | Loss: 0.023177 | Val: 0.128343
--- Saved model to checkpoints/diffusion/diffusion_crumb_fits_seed44/state.pt ---
Epoch 166
Epoch 166 | Loss: 0.020005 | Val: 0.128762
--- Saved model to checkpoints/diffusion/diffusion_crumb_fits_seed44/state.pt ---
Epoch 167
Epoch 167 | Loss: 0.021633 | Val: 0.129317
--- Saved model to checkpoints/diffusion/diffusion_crumb_fits_seed44/state.pt ---
Epoch 168
Epoch 168 | Loss: 0.026863 | Val: 0.130010
--- Saved model to checkpoints/diffusion/diffusion_crumb_fits_seed44/state.pt ---
Epoch 169
Epoch 169 | Loss: 0.022600 | Val: 0.128827
--- Saved model to checkpoints/diffusion/diffusion_crumb_fits_seed44/state.pt ---
Epoch 170
Epoch 170 | Loss: 0.022191 | Val: 0.129061
FITS files saved to results/diffusion/20260923_050111_diffusion_crumb_fits_seed44_921091/generated_fits
Computing FID/KID/PDF at epoch 170...
  FID: 98.2605 | KID: 0.060208
  Pixel PDF W-dist: 0.0168
--- Saved model to checkpoints/diffusion/diffusion_crumb_fits_seed44/state.pt ---
Epoch 171
Epoch 171 | Loss: 0.023720 | Val: 0.129712
--- Saved model to checkpoints/diffusion/diffusion_crumb_fits_seed44/state.pt ---
Epoch 172
Epoch 172 | Loss: 0.023314 | Val: 0.128696
--- Saved model to checkpoints/diffusion/diffusion_crumb_fits_seed44/state.pt ---
Epoch 173
Epoch 173 | Loss: 0.022181 | Val: 0.129339
--- Saved model to checkpoints/diffusion/diffusion_crumb_fits_seed44/state.pt ---
Epoch 174
Epoch 174 | Loss: 0.020681 | Val: 0.128848
--- Saved model to checkpoints/diffusion/diffusion_crumb_fits_seed44/state.pt ---
Epoch 175
Epoch 175 | Loss: 0.022506 | Val: 0.128183
--- Saved model to checkpoints/diffusion/diffusion_crumb_fits_seed44/state.pt ---
Epoch 176
Epoch 176 | Loss: 0.028066 | Val: 0.129413
--- Saved model to checkpoints/diffusion/diffusion_crumb_fits_seed44/state.pt ---
Epoch 177
Epoch 177 | Loss: 0.024177 | Val: 0.128641
--- Saved model to checkpoints/diffusion/diffusion_crumb_fits_seed44/state.pt ---
Epoch 178
Epoch 178 | Loss: 0.023715 | Val: 0.128724
--- Saved model to checkpoints/diffusion/diffusion_crumb_fits_seed44/state.pt ---
Epoch 179
Epoch 179 | Loss: 0.024636 | Val: 0.129018
--- Saved model to checkpoints/diffusion/diffusion_crumb_fits_seed44/state.pt ---
Epoch 180
Epoch 180 | Loss: 0.026549 | Val: 0.128987
FITS files saved to results/diffusion/20260923_050111_diffusion_crumb_fits_seed44_921091/generated_fits
Computing FID/KID/PDF at epoch 180...
  FID: 86.9168 | KID: 0.031004
  Pixel PDF W-dist: 0.0167
--- Saved model to checkpoints/diffusion/diffusion_crumb_fits_seed44/state.pt ---
Epoch 181
Epoch 181 | Loss: 0.023807 | Val: 0.129431
--- Saved model to checkpoints/diffusion/diffusion_crumb_fits_seed44/state.pt ---
Epoch 182
Epoch 182 | Loss: 0.024385 | Val: 0.130934
--- Saved model to checkpoints/diffusion/diffusion_crumb_fits_seed44/state.pt ---
Epoch 183
Epoch 183 | Loss: 0.022943 | Val: 0.128949
--- Saved model to checkpoints/diffusion/diffusion_crumb_fits_seed44/state.pt ---
Epoch 184
Epoch 184 | Loss: 0.017305 | Val: 0.130608
--- Saved model to checkpoints/diffusion/diffusion_crumb_fits_seed44/state.pt ---
Epoch 185
Epoch 185 | Loss: 0.030002 | Val: 0.128850
--- Saved model to checkpoints/diffusion/diffusion_crumb_fits_seed44/state.pt ---
Epoch 186
Epoch 186 | Loss: 0.020891 | Val: 0.128463
--- Saved model to checkpoints/diffusion/diffusion_crumb_fits_seed44/state.pt ---
Epoch 187
Epoch 187 | Loss: 0.025404 | Val: 0.129009
--- Saved model to checkpoints/diffusion/diffusion_crumb_fits_seed44/state.pt ---
Epoch 188
Epoch 188 | Loss: 0.021108 | Val: 0.129538
--- Saved model to checkpoints/diffusion/diffusion_crumb_fits_seed44/state.pt ---
Epoch 189
Epoch 189 | Loss: 0.024514 | Val: 0.128990
--- Saved model to checkpoints/diffusion/diffusion_crumb_fits_seed44/state.pt ---
Epoch 190
Epoch 190 | Loss: 0.023318 | Val: 0.129273
FITS files saved to results/diffusion/20260923_050111_diffusion_crumb_fits_seed44_921091/generated_fits
Computing FID/KID/PDF at epoch 190...
  FID: 100.0779 | KID: 0.040535
  Pixel PDF W-dist: 0.0218
--- Saved model to checkpoints/diffusion/diffusion_crumb_fits_seed44/state.pt ---
Epoch 191
Epoch 191 | Loss: 0.022136 | Val: 0.129184
--- Saved model to checkpoints/diffusion/diffusion_crumb_fits_seed44/state.pt ---
Epoch 192
Epoch 192 | Loss: 0.023000 | Val: 0.129458
--- Saved model to checkpoints/diffusion/diffusion_crumb_fits_seed44/state.pt ---
Epoch 193
Epoch 193 | Loss: 0.021877 | Val: 0.128139
--- Saved model to checkpoints/diffusion/diffusion_crumb_fits_seed44/state.pt ---
Epoch 194
Epoch 194 | Loss: 0.019281 | Val: 0.128933
--- Saved model to checkpoints/diffusion/diffusion_crumb_fits_seed44/state.pt ---
Epoch 195
Epoch 195 | Loss: 0.020213 | Val: 0.129449
--- Saved model to checkpoints/diffusion/diffusion_crumb_fits_seed44/state.pt ---
Epoch 196
Epoch 196 | Loss: 0.026245 | Val: 0.129244
--- Saved model to checkpoints/diffusion/diffusion_crumb_fits_seed44/state.pt ---
Epoch 197
Epoch 197 | Loss: 0.024357 | Val: 0.129372
--- Saved model to checkpoints/diffusion/diffusion_crumb_fits_seed44/state.pt ---
Epoch 198
Epoch 198 | Loss: 0.022152 | Val: 0.129162
--- Saved model to checkpoints/diffusion/diffusion_crumb_fits_seed44/state.pt ---
Epoch 199
Epoch 199 | Loss: 0.019962 | Val: 0.129541
--- Saved model to checkpoints/diffusion/diffusion_crumb_fits_seed44/state.pt ---
Epoch 200
Epoch 200 | Loss: 0.021781 | Val: 0.129440
FITS files saved to results/diffusion/20260923_050111_diffusion_crumb_fits_seed44_921091/generated_fits
Computing FID/KID/PDF at epoch 200...
  FID: 93.8592 | KID: 0.062748
  Pixel PDF W-dist: 0.0186
--- Saved model to checkpoints/diffusion/diffusion_crumb_fits_seed44/state.pt ---
Epoch 201
Epoch 201 | Loss: 0.021311 | Val: 0.129343
--- Saved model to checkpoints/diffusion/diffusion_crumb_fits_seed44/state.pt ---
Epoch 202
Epoch 202 | Loss: 0.023002 | Val: 0.128577
--- Saved model to checkpoints/diffusion/diffusion_crumb_fits_seed44/state.pt ---
Epoch 203
Epoch 203 | Loss: 0.023939 | Val: 0.128987
--- Saved model to checkpoints/diffusion/diffusion_crumb_fits_seed44/state.pt ---
Epoch 204
Epoch 204 | Loss: 0.026205 | Val: 0.128778
--- Saved model to checkpoints/diffusion/diffusion_crumb_fits_seed44/state.pt ---
Epoch 205
Epoch 205 | Loss: 0.021940 | Val: 0.129025
--- Saved model to checkpoints/diffusion/diffusion_crumb_fits_seed44/state.pt ---
Epoch 206
Epoch 206 | Loss: 0.019975 | Val: 0.130153
--- Saved model to checkpoints/diffusion/diffusion_crumb_fits_seed44/state.pt ---
Epoch 207
Epoch 207 | Loss: 0.026758 | Val: 0.131689
--- Saved model to checkpoints/diffusion/diffusion_crumb_fits_seed44/state.pt ---
Epoch 208
Epoch 208 | Loss: 0.023259 | Val: 0.128717
--- Saved model to checkpoints/diffusion/diffusion_crumb_fits_seed44/state.pt ---
Epoch 209
Epoch 209 | Loss: 0.025319 | Val: 0.128678
--- Saved model to checkpoints/diffusion/diffusion_crumb_fits_seed44/state.pt ---
Epoch 210
Epoch 210 | Loss: 0.021294 | Val: 0.129429
FITS files saved to results/diffusion/20260923_050111_diffusion_crumb_fits_seed44_921091/generated_fits
Computing FID/KID/PDF at epoch 210...
  FID: 121.1327 | KID: 0.094080
  Pixel PDF W-dist: 0.0254
--- Saved model to checkpoints/diffusion/diffusion_crumb_fits_seed44/state.pt ---
Epoch 211
Epoch 211 | Loss: 0.021132 | Val: 0.129198
--- Saved model to checkpoints/diffusion/diffusion_crumb_fits_seed44/state.pt ---
Epoch 212
Epoch 212 | Loss: 0.022670 | Val: 0.128935
--- Saved model to checkpoints/diffusion/diffusion_crumb_fits_seed44/state.pt ---
Epoch 213
Epoch 213 | Loss: 0.021781 | Val: 0.129416
--- Saved model to checkpoints/diffusion/diffusion_crumb_fits_seed44/state.pt ---
Epoch 214
Epoch 214 | Loss: 0.026265 | Val: 0.129304
--- Saved model to checkpoints/diffusion/diffusion_crumb_fits_seed44/state.pt ---
Epoch 215
Epoch 215 | Loss: 0.022292 | Val: 0.130052
--- Saved model to checkpoints/diffusion/diffusion_crumb_fits_seed44/state.pt ---
Epoch 216
Epoch 216 | Loss: 0.021980 | Val: 0.129128
--- Saved model to checkpoints/diffusion/diffusion_crumb_fits_seed44/state.pt ---
Epoch 217
Epoch 217 | Loss: 0.024580 | Val: 0.129286
--- Saved model to checkpoints/diffusion/diffusion_crumb_fits_seed44/state.pt ---
Epoch 218
Epoch 218 | Loss: 0.026561 | Val: 0.129210
--- Saved model to checkpoints/diffusion/diffusion_crumb_fits_seed44/state.pt ---
Epoch 219
Epoch 219 | Loss: 0.021714 | Val: 0.129338
--- Saved model to checkpoints/diffusion/diffusion_crumb_fits_seed44/state.pt ---
Epoch 220
Epoch 220 | Loss: 0.021861 | Val: 0.128928
FITS files saved to results/diffusion/20260923_050111_diffusion_crumb_fits_seed44_921091/generated_fits
Computing FID/KID/PDF at epoch 220...
  FID: 90.7320 | KID: 0.051354
  Pixel PDF W-dist: 0.0116
--- Saved model to checkpoints/diffusion/diffusion_crumb_fits_seed44/state.pt ---
Epoch 221
Epoch 221 | Loss: 0.021415 | Val: 0.129277
--- Saved model to checkpoints/diffusion/diffusion_crumb_fits_seed44/state.pt ---
Epoch 222
Epoch 222 | Loss: 0.026794 | Val: 0.128013
--- Saved model to checkpoints/diffusion/diffusion_crumb_fits_seed44/state.pt ---
Epoch 223
Epoch 223 | Loss: 0.026181 | Val: 0.128512
--- Saved model to checkpoints/diffusion/diffusion_crumb_fits_seed44/state.pt ---
Epoch 224
Epoch 224 | Loss: 0.022385 | Val: 0.128836
--- Saved model to checkpoints/diffusion/diffusion_crumb_fits_seed44/state.pt ---
Epoch 225
Epoch 225 | Loss: 0.021595 | Val: 0.129103
--- Saved model to checkpoints/diffusion/diffusion_crumb_fits_seed44/state.pt ---
Epoch 226
Epoch 226 | Loss: 0.022166 | Val: 0.128832
--- Saved model to checkpoints/diffusion/diffusion_crumb_fits_seed44/state.pt ---
Epoch 227
Epoch 227 | Loss: 0.017108 | Val: 0.128589
--- Saved model to checkpoints/diffusion/diffusion_crumb_fits_seed44/state.pt ---
Epoch 228
Epoch 228 | Loss: 0.021240 | Val: 0.128150
--- Saved model to checkpoints/diffusion/diffusion_crumb_fits_seed44/state.pt ---
Epoch 229
Epoch 229 | Loss: 0.023815 | Val: 0.129663
--- Saved model to checkpoints/diffusion/diffusion_crumb_fits_seed44/state.pt ---
Epoch 230
Epoch 230 | Loss: 0.022345 | Val: 0.130149
FITS files saved to results/diffusion/20260923_050111_diffusion_crumb_fits_seed44_921091/generated_fits
Computing FID/KID/PDF at epoch 230...
  FID: 90.8652 | KID: 0.051811
  Pixel PDF W-dist: 0.0166
--- Saved model to checkpoints/diffusion/diffusion_crumb_fits_seed44/state.pt ---
Epoch 231
Epoch 231 | Loss: 0.023031 | Val: 0.128549
--- Saved model to checkpoints/diffusion/diffusion_crumb_fits_seed44/state.pt ---
Epoch 232
Epoch 232 | Loss: 0.027973 | Val: 0.130081
--- Saved model to checkpoints/diffusion/diffusion_crumb_fits_seed44/state.pt ---
Epoch 233
Epoch 233 | Loss: 0.022487 | Val: 0.128947
--- Saved model to checkpoints/diffusion/diffusion_crumb_fits_seed44/state.pt ---
Epoch 234
Epoch 234 | Loss: 0.025071 | Val: 0.129719
--- Saved model to checkpoints/diffusion/diffusion_crumb_fits_seed44/state.pt ---
Epoch 235
Epoch 235 | Loss: 0.025754 | Val: 0.129897
--- Saved model to checkpoints/diffusion/diffusion_crumb_fits_seed44/state.pt ---
Epoch 236
Epoch 236 | Loss: 0.023037 | Val: 0.130010
--- Saved model to checkpoints/diffusion/diffusion_crumb_fits_seed44/state.pt ---
Epoch 237
Epoch 237 | Loss: 0.021082 | Val: 0.128510
--- Saved model to checkpoints/diffusion/diffusion_crumb_fits_seed44/state.pt ---
Epoch 238
Epoch 238 | Loss: 0.021539 | Val: 0.129950
--- Saved model to checkpoints/diffusion/diffusion_crumb_fits_seed44/state.pt ---
Epoch 239
Epoch 239 | Loss: 0.022192 | Val: 0.128703
--- Saved model to checkpoints/diffusion/diffusion_crumb_fits_seed44/state.pt ---
Epoch 240
Epoch 240 | Loss: 0.020587 | Val: 0.130197
FITS files saved to results/diffusion/20260923_050111_diffusion_crumb_fits_seed44_921091/generated_fits
Computing FID/KID/PDF at epoch 240...
  FID: 155.1731 | KID: 0.080699
  Pixel PDF W-dist: 0.0129
--- Saved model to checkpoints/diffusion/diffusion_crumb_fits_seed44/state.pt ---
Epoch 241
Epoch 241 | Loss: 0.026545 | Val: 0.129493
--- Saved model to checkpoints/diffusion/diffusion_crumb_fits_seed44/state.pt ---
Epoch 242
Epoch 242 | Loss: 0.020113 | Val: 0.129053
--- Saved model to checkpoints/diffusion/diffusion_crumb_fits_seed44/state.pt ---
Epoch 243
Epoch 243 | Loss: 0.021342 | Val: 0.128850
--- Saved model to checkpoints/diffusion/diffusion_crumb_fits_seed44/state.pt ---
Epoch 244
Epoch 244 | Loss: 0.025854 | Val: 0.128671
--- Saved model to checkpoints/diffusion/diffusion_crumb_fits_seed44/state.pt ---
Epoch 245
Epoch 245 | Loss: 0.022048 | Val: 0.129527
--- Saved model to checkpoints/diffusion/diffusion_crumb_fits_seed44/state.pt ---
Epoch 246
Epoch 246 | Loss: 0.024380 | Val: 0.129243
--- Saved model to checkpoints/diffusion/diffusion_crumb_fits_seed44/state.pt ---
Epoch 247
Epoch 247 | Loss: 0.024340 | Val: 0.129686
--- Saved model to checkpoints/diffusion/diffusion_crumb_fits_seed44/state.pt ---
Epoch 248
Epoch 248 | Loss: 0.023751 | Val: 0.129371
--- Saved model to checkpoints/diffusion/diffusion_crumb_fits_seed44/state.pt ---
Epoch 249
Epoch 249 | Loss: 0.024649 | Val: 0.129036
--- Saved model to checkpoints/diffusion/diffusion_crumb_fits_seed44/state.pt ---
Epoch 250
Epoch 250 | Loss: 0.022657 | Val: 0.128898
FITS files saved to results/diffusion/20260923_050111_diffusion_crumb_fits_seed44_921091/generated_fits
Computing FID/KID/PDF at epoch 250...
  FID: 119.5154 | KID: 0.072455
  Pixel PDF W-dist: 0.0134
--- Saved model to checkpoints/diffusion/diffusion_crumb_fits_seed44/state.pt ---
Epoch 251
Epoch 251 | Loss: 0.023061 | Val: 0.129797
--- Saved model to checkpoints/diffusion/diffusion_crumb_fits_seed44/state.pt ---
Epoch 252
Epoch 252 | Loss: 0.020099 | Val: 0.129021
--- Saved model to checkpoints/diffusion/diffusion_crumb_fits_seed44/state.pt ---
Epoch 253
Epoch 253 | Loss: 0.020960 | Val: 0.129258
--- Saved model to checkpoints/diffusion/diffusion_crumb_fits_seed44/state.pt ---
Epoch 254
Epoch 254 | Loss: 0.020777 | Val: 0.127515
--- Saved model to checkpoints/diffusion/diffusion_crumb_fits_seed44/state.pt ---
Epoch 255
Epoch 255 | Loss: 0.020477 | Val: 0.128845
--- Saved model to checkpoints/diffusion/diffusion_crumb_fits_seed44/state.pt ---
Epoch 256
Epoch 256 | Loss: 0.022123 | Val: 0.129503
--- Saved model to checkpoints/diffusion/diffusion_crumb_fits_seed44/state.pt ---
Epoch 257
Epoch 257 | Loss: 0.020975 | Val: 0.129673
--- Saved model to checkpoints/diffusion/diffusion_crumb_fits_seed44/state.pt ---
Epoch 258
Epoch 258 | Loss: 0.025950 | Val: 0.128983
--- Saved model to checkpoints/diffusion/diffusion_crumb_fits_seed44/state.pt ---
Epoch 259
Epoch 259 | Loss: 0.020969 | Val: 0.128870
--- Saved model to checkpoints/diffusion/diffusion_crumb_fits_seed44/state.pt ---
Epoch 260
Epoch 260 | Loss: 0.022584 | Val: 0.128934
FITS files saved to results/diffusion/20260923_050111_diffusion_crumb_fits_seed44_921091/generated_fits
Computing FID/KID/PDF at epoch 260...
  FID: 83.9299 | KID: 0.041431
  Pixel PDF W-dist: 0.0163
--- Saved model to checkpoints/diffusion/diffusion_crumb_fits_seed44/state.pt ---
Epoch 261
Epoch 261 | Loss: 0.020039 | Val: 0.129489
--- Saved model to checkpoints/diffusion/diffusion_crumb_fits_seed44/state.pt ---
Epoch 262
Epoch 262 | Loss: 0.023075 | Val: 0.129190
--- Saved model to checkpoints/diffusion/diffusion_crumb_fits_seed44/state.pt ---
Epoch 263
Epoch 263 | Loss: 0.021766 | Val: 0.128267
--- Saved model to checkpoints/diffusion/diffusion_crumb_fits_seed44/state.pt ---
Epoch 264
Epoch 264 | Loss: 0.022725 | Val: 0.129331
--- Saved model to checkpoints/diffusion/diffusion_crumb_fits_seed44/state.pt ---
Epoch 265
Epoch 265 | Loss: 0.021441 | Val: 0.129305
--- Saved model to checkpoints/diffusion/diffusion_crumb_fits_seed44/state.pt ---
Epoch 266
Epoch 266 | Loss: 0.021990 | Val: 0.128617
--- Saved model to checkpoints/diffusion/diffusion_crumb_fits_seed44/state.pt ---
Epoch 267
Epoch 267 | Loss: 0.026603 | Val: 0.129016
--- Saved model to checkpoints/diffusion/diffusion_crumb_fits_seed44/state.pt ---
Epoch 268
Epoch 268 | Loss: 0.018359 | Val: 0.129192
--- Saved model to checkpoints/diffusion/diffusion_crumb_fits_seed44/state.pt ---
Epoch 269
Epoch 269 | Loss: 0.024865 | Val: 0.129198
--- Saved model to checkpoints/diffusion/diffusion_crumb_fits_seed44/state.pt ---
Epoch 270
Epoch 270 | Loss: 0.024853 | Val: 0.129034
FITS files saved to results/diffusion/20260923_050111_diffusion_crumb_fits_seed44_921091/generated_fits
Computing FID/KID/PDF at epoch 270...
  FID: 83.8641 | KID: 0.034177
  Pixel PDF W-dist: 0.0094
--- Saved model to checkpoints/diffusion/diffusion_crumb_fits_seed44/state.pt ---
Epoch 271
Epoch 271 | Loss: 0.022618 | Val: 0.129690
--- Saved model to checkpoints/diffusion/diffusion_crumb_fits_seed44/state.pt ---
Epoch 272
Epoch 272 | Loss: 0.021734 | Val: 0.129172
--- Saved model to checkpoints/diffusion/diffusion_crumb_fits_seed44/state.pt ---
Epoch 273
Epoch 273 | Loss: 0.019930 | Val: 0.129432
--- Saved model to checkpoints/diffusion/diffusion_crumb_fits_seed44/state.pt ---
Epoch 274
Epoch 274 | Loss: 0.019830 | Val: 0.130074
--- Saved model to checkpoints/diffusion/diffusion_crumb_fits_seed44/state.pt ---
Epoch 275
Epoch 275 | Loss: 0.023084 | Val: 0.128973
--- Saved model to checkpoints/diffusion/diffusion_crumb_fits_seed44/state.pt ---
Epoch 276
Epoch 276 | Loss: 0.020920 | Val: 0.129688
--- Saved model to checkpoints/diffusion/diffusion_crumb_fits_seed44/state.pt ---
Epoch 277
Epoch 277 | Loss: 0.022557 | Val: 0.130425
--- Saved model to checkpoints/diffusion/diffusion_crumb_fits_seed44/state.pt ---
Epoch 278
Epoch 278 | Loss: 0.022401 | Val: 0.130267
--- Saved model to checkpoints/diffusion/diffusion_crumb_fits_seed44/state.pt ---
Epoch 279
Epoch 279 | Loss: 0.021686 | Val: 0.129782
--- Saved model to checkpoints/diffusion/diffusion_crumb_fits_seed44/state.pt ---
Epoch 280
Epoch 280 | Loss: 0.021761 | Val: 0.130222
FITS files saved to results/diffusion/20260923_050111_diffusion_crumb_fits_seed44_921091/generated_fits
Computing FID/KID/PDF at epoch 280...
  FID: 93.2253 | KID: 0.032857
  Pixel PDF W-dist: 0.0153
--- Saved model to checkpoints/diffusion/diffusion_crumb_fits_seed44/state.pt ---
Epoch 281
Epoch 281 | Loss: 0.023435 | Val: 0.129490
--- Saved model to checkpoints/diffusion/diffusion_crumb_fits_seed44/state.pt ---
Epoch 282
Epoch 282 | Loss: 0.022163 | Val: 0.129304
--- Saved model to checkpoints/diffusion/diffusion_crumb_fits_seed44/state.pt ---
Epoch 283
Epoch 283 | Loss: 0.021619 | Val: 0.128952
--- Saved model to checkpoints/diffusion/diffusion_crumb_fits_seed44/state.pt ---
Epoch 284
Epoch 284 | Loss: 0.023114 | Val: 0.129478
--- Saved model to checkpoints/diffusion/diffusion_crumb_fits_seed44/state.pt ---
Epoch 285
Epoch 285 | Loss: 0.023669 | Val: 0.128601
--- Saved model to checkpoints/diffusion/diffusion_crumb_fits_seed44/state.pt ---
Epoch 286
Epoch 286 | Loss: 0.026535 | Val: 0.128658
--- Saved model to checkpoints/diffusion/diffusion_crumb_fits_seed44/state.pt ---
Epoch 287
Epoch 287 | Loss: 0.018923 | Val: 0.128889
--- Saved model to checkpoints/diffusion/diffusion_crumb_fits_seed44/state.pt ---
Epoch 288
Epoch 288 | Loss: 0.024776 | Val: 0.128832
--- Saved model to checkpoints/diffusion/diffusion_crumb_fits_seed44/state.pt ---
Epoch 289
Epoch 289 | Loss: 0.017436 | Val: 0.128315
--- Saved model to checkpoints/diffusion/diffusion_crumb_fits_seed44/state.pt ---
Epoch 290
Epoch 290 | Loss: 0.018942 | Val: 0.128365
FITS files saved to results/diffusion/20260923_050111_diffusion_crumb_fits_seed44_921091/generated_fits
Computing FID/KID/PDF at epoch 290...
  FID: 132.8183 | KID: 0.128589
  Pixel PDF W-dist: 0.0230
--- Saved model to checkpoints/diffusion/diffusion_crumb_fits_seed44/state.pt ---
Epoch 291
Epoch 291 | Loss: 0.018278 | Val: 0.130477
--- Saved model to checkpoints/diffusion/diffusion_crumb_fits_seed44/state.pt ---
Epoch 292
Epoch 292 | Loss: 0.016710 | Val: 0.130380
--- Saved model to checkpoints/diffusion/diffusion_crumb_fits_seed44/state.pt ---
Epoch 293
Epoch 293 | Loss: 0.027098 | Val: 0.129273
--- Saved model to checkpoints/diffusion/diffusion_crumb_fits_seed44/state.pt ---
Epoch 294
Epoch 294 | Loss: 0.022286 | Val: 0.128662
--- Saved model to checkpoints/diffusion/diffusion_crumb_fits_seed44/state.pt ---
Epoch 295
Epoch 295 | Loss: 0.022711 | Val: 0.128848
--- Saved model to checkpoints/diffusion/diffusion_crumb_fits_seed44/state.pt ---
Epoch 296
Epoch 296 | Loss: 0.020472 | Val: 0.129267
--- Saved model to checkpoints/diffusion/diffusion_crumb_fits_seed44/state.pt ---
Epoch 297
Epoch 297 | Loss: 0.021058 | Val: 0.131215
--- Saved model to checkpoints/diffusion/diffusion_crumb_fits_seed44/state.pt ---
Epoch 298
Epoch 298 | Loss: 0.023681 | Val: 0.129236
--- Saved model to checkpoints/diffusion/diffusion_crumb_fits_seed44/state.pt ---
Epoch 299
Epoch 299 | Loss: 0.027934 | Val: 0.130054
--- Saved model to checkpoints/diffusion/diffusion_crumb_fits_seed44/state.pt ---
Epoch 300
Epoch 300 | Loss: 0.027159 | Val: 0.131079
FITS files saved to results/diffusion/20260923_050111_diffusion_crumb_fits_seed44_921091/generated_fits
Computing FID/KID/PDF at epoch 300...
  FID: 122.1651 | KID: 0.109121
  Pixel PDF W-dist: 0.0226
--- Saved model to checkpoints/diffusion/diffusion_crumb_fits_seed44/state.pt ---
Epoch 301
Epoch 301 | Loss: 0.022140 | Val: 0.130024
--- Saved model to checkpoints/diffusion/diffusion_crumb_fits_seed44/state.pt ---
Epoch 302
Epoch 302 | Loss: 0.021872 | Val: 0.128998
--- Saved model to checkpoints/diffusion/diffusion_crumb_fits_seed44/state.pt ---
Epoch 303
Epoch 303 | Loss: 0.022323 | Val: 0.130744
--- Saved model to checkpoints/diffusion/diffusion_crumb_fits_seed44/state.pt ---
Epoch 304
Epoch 304 | Loss: 0.021207 | Val: 0.129670
--- Saved model to checkpoints/diffusion/diffusion_crumb_fits_seed44/state.pt ---
Epoch 305
Epoch 305 | Loss: 0.020002 | Val: 0.130105
--- Saved model to checkpoints/diffusion/diffusion_crumb_fits_seed44/state.pt ---
Epoch 306
Epoch 306 | Loss: 0.023500 | Val: 0.128910
--- Saved model to checkpoints/diffusion/diffusion_crumb_fits_seed44/state.pt ---
Epoch 307
Epoch 307 | Loss: 0.024614 | Val: 0.129589
--- Saved model to checkpoints/diffusion/diffusion_crumb_fits_seed44/state.pt ---
Epoch 308
Epoch 308 | Loss: 0.023218 | Val: 0.128542
--- Saved model to checkpoints/diffusion/diffusion_crumb_fits_seed44/state.pt ---
Epoch 309
Epoch 309 | Loss: 0.032631 | Val: 0.128366
--- Saved model to checkpoints/diffusion/diffusion_crumb_fits_seed44/state.pt ---
Epoch 310
Epoch 310 | Loss: 0.024138 | Val: 0.128363
FITS files saved to results/diffusion/20260923_050111_diffusion_crumb_fits_seed44_921091/generated_fits
Computing FID/KID/PDF at epoch 310...
  FID: 89.2250 | KID: 0.034935
  Pixel PDF W-dist: 0.0089
--- Saved model to checkpoints/diffusion/diffusion_crumb_fits_seed44/state.pt ---
Epoch 311
Epoch 311 | Loss: 0.021514 | Val: 0.128292
--- Saved model to checkpoints/diffusion/diffusion_crumb_fits_seed44/state.pt ---
Epoch 312
Epoch 312 | Loss: 0.020784 | Val: 0.128428
--- Saved model to checkpoints/diffusion/diffusion_crumb_fits_seed44/state.pt ---
Epoch 313
Epoch 313 | Loss: 0.026624 | Val: 0.129227
--- Saved model to checkpoints/diffusion/diffusion_crumb_fits_seed44/state.pt ---
Epoch 314
Epoch 314 | Loss: 0.023681 | Val: 0.128778
--- Saved model to checkpoints/diffusion/diffusion_crumb_fits_seed44/state.pt ---
Epoch 315
Epoch 315 | Loss: 0.027274 | Val: 0.129577
--- Saved model to checkpoints/diffusion/diffusion_crumb_fits_seed44/state.pt ---
Epoch 316
Epoch 316 | Loss: 0.023641 | Val: 0.130868
--- Saved model to checkpoints/diffusion/diffusion_crumb_fits_seed44/state.pt ---
Epoch 317
Epoch 317 | Loss: 0.021811 | Val: 0.129085
--- Saved model to checkpoints/diffusion/diffusion_crumb_fits_seed44/state.pt ---
Epoch 318
Epoch 318 | Loss: 0.021057 | Val: 0.130973
--- Saved model to checkpoints/diffusion/diffusion_crumb_fits_seed44/state.pt ---
Epoch 319
Epoch 319 | Loss: 0.023036 | Val: 0.129272
--- Saved model to checkpoints/diffusion/diffusion_crumb_fits_seed44/state.pt ---
Epoch 320
Epoch 320 | Loss: 0.019498 | Val: 0.129632
FITS files saved to results/diffusion/20260923_050111_diffusion_crumb_fits_seed44_921091/generated_fits
Computing FID/KID/PDF at epoch 320...
  FID: 72.0881 | KID: 0.024287
  Pixel PDF W-dist: 0.0131
--- Saved model to checkpoints/diffusion/diffusion_crumb_fits_seed44/state.pt ---
Epoch 321
Epoch 321 | Loss: 0.021407 | Val: 0.128771
--- Saved model to checkpoints/diffusion/diffusion_crumb_fits_seed44/state.pt ---
Epoch 322
Epoch 322 | Loss: 0.023947 | Val: 0.128566
--- Saved model to checkpoints/diffusion/diffusion_crumb_fits_seed44/state.pt ---
Epoch 323
Epoch 323 | Loss: 0.025288 | Val: 0.129447
--- Saved model to checkpoints/diffusion/diffusion_crumb_fits_seed44/state.pt ---
Epoch 324
Epoch 324 | Loss: 0.022486 | Val: 0.129516
--- Saved model to checkpoints/diffusion/diffusion_crumb_fits_seed44/state.pt ---
Epoch 325
Epoch 325 | Loss: 0.025830 | Val: 0.128968
--- Saved model to checkpoints/diffusion/diffusion_crumb_fits_seed44/state.pt ---
Epoch 326
Epoch 326 | Loss: 0.022387 | Val: 0.129086
--- Saved model to checkpoints/diffusion/diffusion_crumb_fits_seed44/state.pt ---
Epoch 327
Epoch 327 | Loss: 0.022422 | Val: 0.128645
--- Saved model to checkpoints/diffusion/diffusion_crumb_fits_seed44/state.pt ---
Epoch 328
Epoch 328 | Loss: 0.019440 | Val: 0.129152
--- Saved model to checkpoints/diffusion/diffusion_crumb_fits_seed44/state.pt ---
Epoch 329
Epoch 329 | Loss: 0.019975 | Val: 0.129109
--- Saved model to checkpoints/diffusion/diffusion_crumb_fits_seed44/state.pt ---
Epoch 330
Epoch 330 | Loss: 0.021902 | Val: 0.128250
FITS files saved to results/diffusion/20260923_050111_diffusion_crumb_fits_seed44_921091/generated_fits
Computing FID/KID/PDF at epoch 330...
  FID: 86.9105 | KID: 0.036008
  Pixel PDF W-dist: 0.0076
--- Saved model to checkpoints/diffusion/diffusion_crumb_fits_seed44/state.pt ---
Epoch 331
Epoch 331 | Loss: 0.025420 | Val: 0.128446
--- Saved model to checkpoints/diffusion/diffusion_crumb_fits_seed44/state.pt ---
Epoch 332
Epoch 332 | Loss: 0.020918 | Val: 0.128947
--- Saved model to checkpoints/diffusion/diffusion_crumb_fits_seed44/state.pt ---
Epoch 333
Epoch 333 | Loss: 0.020439 | Val: 0.128565
--- Saved model to checkpoints/diffusion/diffusion_crumb_fits_seed44/state.pt ---
Epoch 334
Epoch 334 | Loss: 0.021592 | Val: 0.130469
--- Saved model to checkpoints/diffusion/diffusion_crumb_fits_seed44/state.pt ---
Epoch 335
Epoch 335 | Loss: 0.024544 | Val: 0.129907
--- Saved model to checkpoints/diffusion/diffusion_crumb_fits_seed44/state.pt ---
Epoch 336
Epoch 336 | Loss: 0.023628 | Val: 0.128496
--- Saved model to checkpoints/diffusion/diffusion_crumb_fits_seed44/state.pt ---
Epoch 337
Epoch 337 | Loss: 0.019693 | Val: 0.130124
--- Saved model to checkpoints/diffusion/diffusion_crumb_fits_seed44/state.pt ---
Epoch 338
Epoch 338 | Loss: 0.019529 | Val: 0.128922
--- Saved model to checkpoints/diffusion/diffusion_crumb_fits_seed44/state.pt ---
Epoch 339
Epoch 339 | Loss: 0.020548 | Val: 0.129192
--- Saved model to checkpoints/diffusion/diffusion_crumb_fits_seed44/state.pt ---
Epoch 340
Epoch 340 | Loss: 0.023630 | Val: 0.128803
FITS files saved to results/diffusion/20260923_050111_diffusion_crumb_fits_seed44_921091/generated_fits
Computing FID/KID/PDF at epoch 340...
  FID: 84.6646 | KID: 0.036565
  Pixel PDF W-dist: 0.0154
--- Saved model to checkpoints/diffusion/diffusion_crumb_fits_seed44/state.pt ---
Epoch 341
Epoch 341 | Loss: 0.019129 | Val: 0.128991
--- Saved model to checkpoints/diffusion/diffusion_crumb_fits_seed44/state.pt ---
Epoch 342
Epoch 342 | Loss: 0.021758 | Val: 0.128647
--- Saved model to checkpoints/diffusion/diffusion_crumb_fits_seed44/state.pt ---
Epoch 343
Epoch 343 | Loss: 0.021286 | Val: 0.128508
--- Saved model to checkpoints/diffusion/diffusion_crumb_fits_seed44/state.pt ---
Epoch 344
Epoch 344 | Loss: 0.028233 | Val: 0.129080
--- Saved model to checkpoints/diffusion/diffusion_crumb_fits_seed44/state.pt ---
Epoch 345
Epoch 345 | Loss: 0.026888 | Val: 0.128770
--- Saved model to checkpoints/diffusion/diffusion_crumb_fits_seed44/state.pt ---
Epoch 346
Epoch 346 | Loss: 0.025710 | Val: 0.129088
--- Saved model to checkpoints/diffusion/diffusion_crumb_fits_seed44/state.pt ---
Epoch 347
Epoch 347 | Loss: 0.025595 | Val: 0.129843
--- Saved model to checkpoints/diffusion/diffusion_crumb_fits_seed44/state.pt ---
Epoch 348
Epoch 348 | Loss: 0.024309 | Val: 0.129230
--- Saved model to checkpoints/diffusion/diffusion_crumb_fits_seed44/state.pt ---
Epoch 349
Epoch 349 | Loss: 0.020772 | Val: 0.129163
--- Saved model to checkpoints/diffusion/diffusion_crumb_fits_seed44/state.pt ---
Epoch 350
Epoch 350 | Loss: 0.021103 | Val: 0.129235
FITS files saved to results/diffusion/20260923_050111_diffusion_crumb_fits_seed44_921091/generated_fits
Computing FID/KID/PDF at epoch 350...
  FID: 78.7446 | KID: 0.023527
  Pixel PDF W-dist: 0.0085
--- Saved model to checkpoints/diffusion/diffusion_crumb_fits_seed44/state.pt ---
Epoch 351
Epoch 351 | Loss: 0.029379 | Val: 0.128015
--- Saved model to checkpoints/diffusion/diffusion_crumb_fits_seed44/state.pt ---
Epoch 352
Epoch 352 | Loss: 0.023752 | Val: 0.128209
--- Saved model to checkpoints/diffusion/diffusion_crumb_fits_seed44/state.pt ---
Epoch 353
Epoch 353 | Loss: 0.024633 | Val: 0.128547
--- Saved model to checkpoints/diffusion/diffusion_crumb_fits_seed44/state.pt ---
Epoch 354
Epoch 354 | Loss: 0.021400 | Val: 0.128512
--- Saved model to checkpoints/diffusion/diffusion_crumb_fits_seed44/state.pt ---
Epoch 355
Epoch 355 | Loss: 0.022304 | Val: 0.129166
--- Saved model to checkpoints/diffusion/diffusion_crumb_fits_seed44/state.pt ---
Epoch 356
Epoch 356 | Loss: 0.026547 | Val: 0.129371
--- Saved model to checkpoints/diffusion/diffusion_crumb_fits_seed44/state.pt ---
Epoch 357
Epoch 357 | Loss: 0.016797 | Val: 0.129276
--- Saved model to checkpoints/diffusion/diffusion_crumb_fits_seed44/state.pt ---
Epoch 358
Epoch 358 | Loss: 0.020988 | Val: 0.128694
--- Saved model to checkpoints/diffusion/diffusion_crumb_fits_seed44/state.pt ---
Epoch 359
Epoch 359 | Loss: 0.024780 | Val: 0.129747
--- Saved model to checkpoints/diffusion/diffusion_crumb_fits_seed44/state.pt ---
Epoch 360
Epoch 360 | Loss: 0.023978 | Val: 0.128854
FITS files saved to results/diffusion/20260923_050111_diffusion_crumb_fits_seed44_921091/generated_fits
Computing FID/KID/PDF at epoch 360...
  FID: 84.1657 | KID: 0.051276
  Pixel PDF W-dist: 0.0124
--- Saved model to checkpoints/diffusion/diffusion_crumb_fits_seed44/state.pt ---
Epoch 361
Epoch 361 | Loss: 0.021639 | Val: 0.129037
--- Saved model to checkpoints/diffusion/diffusion_crumb_fits_seed44/state.pt ---
Epoch 362
Epoch 362 | Loss: 0.022716 | Val: 0.128523
--- Saved model to checkpoints/diffusion/diffusion_crumb_fits_seed44/state.pt ---
Epoch 363
Epoch 363 | Loss: 0.022262 | Val: 0.128814
--- Saved model to checkpoints/diffusion/diffusion_crumb_fits_seed44/state.pt ---
Epoch 364
Epoch 364 | Loss: 0.020762 | Val: 0.130006
--- Saved model to checkpoints/diffusion/diffusion_crumb_fits_seed44/state.pt ---
Epoch 365
Epoch 365 | Loss: 0.021343 | Val: 0.128639
--- Saved model to checkpoints/diffusion/diffusion_crumb_fits_seed44/state.pt ---
Epoch 366
Epoch 366 | Loss: 0.024781 | Val: 0.128945
--- Saved model to checkpoints/diffusion/diffusion_crumb_fits_seed44/state.pt ---
Epoch 367
Epoch 367 | Loss: 0.022065 | Val: 0.130098
--- Saved model to checkpoints/diffusion/diffusion_crumb_fits_seed44/state.pt ---
Epoch 368
Epoch 368 | Loss: 0.021579 | Val: 0.128458
--- Saved model to checkpoints/diffusion/diffusion_crumb_fits_seed44/state.pt ---
Epoch 369
Epoch 369 | Loss: 0.027603 | Val: 0.129325
--- Saved model to checkpoints/diffusion/diffusion_crumb_fits_seed44/state.pt ---
Epoch 370
Epoch 370 | Loss: 0.021695 | Val: 0.130164
FITS files saved to results/diffusion/20260923_050111_diffusion_crumb_fits_seed44_921091/generated_fits
Computing FID/KID/PDF at epoch 370...
  FID: 86.3245 | KID: 0.036033
  Pixel PDF W-dist: 0.0166
--- Saved model to checkpoints/diffusion/diffusion_crumb_fits_seed44/state.pt ---
Epoch 371
Epoch 371 | Loss: 0.024422 | Val: 0.129488
--- Saved model to checkpoints/diffusion/diffusion_crumb_fits_seed44/state.pt ---
Epoch 372
Epoch 372 | Loss: 0.021630 | Val: 0.129320
--- Saved model to checkpoints/diffusion/diffusion_crumb_fits_seed44/state.pt ---
Epoch 373
Epoch 373 | Loss: 0.028262 | Val: 0.129286
--- Saved model to checkpoints/diffusion/diffusion_crumb_fits_seed44/state.pt ---
Epoch 374
Epoch 374 | Loss: 0.022492 | Val: 0.129952
--- Saved model to checkpoints/diffusion/diffusion_crumb_fits_seed44/state.pt ---
Epoch 375
Epoch 375 | Loss: 0.024841 | Val: 0.129551
--- Saved model to checkpoints/diffusion/diffusion_crumb_fits_seed44/state.pt ---
Epoch 376
Epoch 376 | Loss: 0.019147 | Val: 0.128947
--- Saved model to checkpoints/diffusion/diffusion_crumb_fits_seed44/state.pt ---
Epoch 377
Epoch 377 | Loss: 0.025055 | Val: 0.129328
--- Saved model to checkpoints/diffusion/diffusion_crumb_fits_seed44/state.pt ---
Epoch 378
Epoch 378 | Loss: 0.020552 | Val: 0.128903
--- Saved model to checkpoints/diffusion/diffusion_crumb_fits_seed44/state.pt ---
Epoch 379
Epoch 379 | Loss: 0.023605 | Val: 0.129613
--- Saved model to checkpoints/diffusion/diffusion_crumb_fits_seed44/state.pt ---
Epoch 380
Epoch 380 | Loss: 0.020235 | Val: 0.129148
FITS files saved to results/diffusion/20260923_050111_diffusion_crumb_fits_seed44_921091/generated_fits
Computing FID/KID/PDF at epoch 380...
  FID: 82.8967 | KID: 0.026538
  Pixel PDF W-dist: 0.0133
--- Saved model to checkpoints/diffusion/diffusion_crumb_fits_seed44/state.pt ---
Epoch 381
Epoch 381 | Loss: 0.024814 | Val: 0.128718
--- Saved model to checkpoints/diffusion/diffusion_crumb_fits_seed44/state.pt ---
Epoch 382
Epoch 382 | Loss: 0.022583 | Val: 0.128930
--- Saved model to checkpoints/diffusion/diffusion_crumb_fits_seed44/state.pt ---
Epoch 383
Epoch 383 | Loss: 0.022594 | Val: 0.129090
--- Saved model to checkpoints/diffusion/diffusion_crumb_fits_seed44/state.pt ---
Epoch 384
Epoch 384 | Loss: 0.022025 | Val: 0.129217
--- Saved model to checkpoints/diffusion/diffusion_crumb_fits_seed44/state.pt ---
Epoch 385
Epoch 385 | Loss: 0.020280 | Val: 0.130289
--- Saved model to checkpoints/diffusion/diffusion_crumb_fits_seed44/state.pt ---
Epoch 386
Epoch 386 | Loss: 0.024525 | Val: 0.129358
--- Saved model to checkpoints/diffusion/diffusion_crumb_fits_seed44/state.pt ---
Epoch 387
Epoch 387 | Loss: 0.022532 | Val: 0.129422
--- Saved model to checkpoints/diffusion/diffusion_crumb_fits_seed44/state.pt ---
Epoch 388
Epoch 388 | Loss: 0.018085 | Val: 0.128678
--- Saved model to checkpoints/diffusion/diffusion_crumb_fits_seed44/state.pt ---
Epoch 389
Epoch 389 | Loss: 0.019644 | Val: 0.128456
--- Saved model to checkpoints/diffusion/diffusion_crumb_fits_seed44/state.pt ---
Epoch 390
Epoch 390 | Loss: 0.023842 | Val: 0.129816
FITS files saved to results/diffusion/20260923_050111_diffusion_crumb_fits_seed44_921091/generated_fits
Computing FID/KID/PDF at epoch 390...
  FID: 78.1437 | KID: 0.036756
  Pixel PDF W-dist: 0.0189
--- Saved model to checkpoints/diffusion/diffusion_crumb_fits_seed44/state.pt ---
Epoch 391
Epoch 391 | Loss: 0.024261 | Val: 0.128880
--- Saved model to checkpoints/diffusion/diffusion_crumb_fits_seed44/state.pt ---
Epoch 392
Epoch 392 | Loss: 0.023918 | Val: 0.128785
--- Saved model to checkpoints/diffusion/diffusion_crumb_fits_seed44/state.pt ---
Epoch 393
Epoch 393 | Loss: 0.024650 | Val: 0.131184
--- Saved model to checkpoints/diffusion/diffusion_crumb_fits_seed44/state.pt ---
Epoch 394
Epoch 394 | Loss: 0.020251 | Val: 0.129620
--- Saved model to checkpoints/diffusion/diffusion_crumb_fits_seed44/state.pt ---
Epoch 395
Epoch 395 | Loss: 0.022151 | Val: 0.130040
--- Saved model to checkpoints/diffusion/diffusion_crumb_fits_seed44/state.pt ---
Epoch 396
Epoch 396 | Loss: 0.020913 | Val: 0.130020
--- Saved model to checkpoints/diffusion/diffusion_crumb_fits_seed44/state.pt ---
Epoch 397
Epoch 397 | Loss: 0.026267 | Val: 0.128925
--- Saved model to checkpoints/diffusion/diffusion_crumb_fits_seed44/state.pt ---
Epoch 398
Epoch 398 | Loss: 0.024595 | Val: 0.128219
--- Saved model to checkpoints/diffusion/diffusion_crumb_fits_seed44/state.pt ---
Epoch 399
Epoch 399 | Loss: 0.020805 | Val: 0.129164
--- Saved model to checkpoints/diffusion/diffusion_crumb_fits_seed44/state.pt ---
FITS files saved to results/diffusion/20260923_050111_diffusion_crumb_fits_seed44_921091/generated_fits
Generated images saved.
Loss graph saved to results/diffusion/20260923_050111_diffusion_crumb_fits_seed44_921091/training_metrics.png
Generative metrics plot saved to results/diffusion/20260923_050111_diffusion_crumb_fits_seed44_921091/generative_metrics.png
Pixel PDF history plot saved to results/diffusion/20260923_050111_diffusion_crumb_fits_seed44_921091/pixel_pdf_history.png
Testing model
Generated test images saved to results/diffusion/20260923_050111_diffusion_crumb_fits_seed44_921091/
