On device cuda
Dataset: mirabest
Getting data loader mirabest
Files already downloaded and verified
Files already downloaded and verified
Files already downloaded and verified
Channels (3 for RGB, 1 for Gray): 1
Height: 150 pixels
Width: 150 pixels
[0] test_idx=39  true=FR-II  pred=FR-II  confidence=70.1%  CORRECT  -> results/sanity_check/sample_00_idx39_true-FR-II_pred-FR-II.png
[1] test_idx=26  true=FR-I  pred=FR-I  confidence=59.4%  CORRECT  -> results/sanity_check/sample_01_idx26_true-FR-I_pred-FR-I.png
[2] test_idx=31  true=FR-I  pred=FR-I  confidence=50.5%  CORRECT  -> results/sanity_check/sample_02_idx31_true-FR-I_pred-FR-I.png
[3] test_idx=69  true=FR-II  pred=FR-II  confidence=67.5%  CORRECT  -> results/sanity_check/sample_03_idx69_true-FR-II_pred-FR-II.png
[4] test_idx=54  true=FR-II  pred=FR-II  confidence=75.6%  CORRECT  -> results/sanity_check/sample_04_idx54_true-FR-II_pred-FR-II.png
[5] test_idx=9  true=FR-I  pred=FR-I  confidence=85.0%  CORRECT  -> results/sanity_check/sample_05_idx9_true-FR-I_pred-FR-I.png
[6] test_idx=32  true=FR-I  pred=FR-I  confidence=70.7%  CORRECT  -> results/sanity_check/sample_06_idx32_true-FR-I_pred-FR-I.png
[7] test_idx=71  true=FR-II  pred=FR-II  confidence=75.4%  CORRECT  -> results/sanity_check/sample_07_idx71_true-FR-II_pred-FR-II.png
[8] test_idx=32  true=FR-I  pred=FR-I  confidence=70.7%  CORRECT  -> results/sanity_check/sample_08_idx32_true-FR-I_pred-FR-I.png
[9] test_idx=75  true=FR-II  pred=FR-II  confidence=71.4%  CORRECT  -> results/sanity_check/sample_09_idx75_true-FR-II_pred-FR-II.png
[10] test_idx=6  true=FR-I  pred=FR-I  confidence=71.6%  CORRECT  -> results/sanity_check/sample_10_idx6_true-FR-I_pred-FR-I.png
[11] test_idx=69  true=FR-II  pred=FR-II  confidence=67.5%  CORRECT  -> results/sanity_check/sample_11_idx69_true-FR-II_pred-FR-II.png
[12] test_idx=27  true=FR-I  pred=FR-II  confidence=60.5%  WRONG  -> results/sanity_check/sample_12_idx27_true-FR-I_pred-FR-II.png
[13] test_idx=17  true=FR-I  pred=FR-I  confidence=57.1%  CORRECT  -> results/sanity_check/sample_13_idx17_true-FR-I_pred-FR-I.png
[14] test_idx=15  true=FR-I  pred=FR-I  confidence=51.9%  CORRECT  -> results/sanity_check/sample_14_idx15_true-FR-I_pred-FR-I.png
[15] test_idx=43  true=FR-II  pred=FR-I  confidence=55.9%  WRONG  -> results/sanity_check/sample_15_idx43_true-FR-II_pred-FR-I.png
[16] test_idx=16  true=FR-I  pred=FR-I  confidence=88.1%  CORRECT  -> results/sanity_check/sample_16_idx16_true-FR-I_pred-FR-I.png
[17] test_idx=35  true=FR-II  pred=FR-II  confidence=75.6%  CORRECT  -> results/sanity_check/sample_17_idx35_true-FR-II_pred-FR-II.png
[18] test_idx=51  true=FR-II  pred=FR-II  confidence=54.7%  CORRECT  -> results/sanity_check/sample_18_idx51_true-FR-II_pred-FR-II.png
[19] test_idx=59  true=FR-II  pred=FR-II  confidence=62.4%  CORRECT  -> results/sanity_check/sample_19_idx59_true-FR-II_pred-FR-II.png
[20] test_idx=20  true=FR-I  pred=FR-I  confidence=92.5%  CORRECT  -> results/sanity_check/sample_20_idx20_true-FR-I_pred-FR-I.png
[21] test_idx=56  true=FR-II  pred=FR-I  confidence=78.5%  WRONG  -> results/sanity_check/sample_21_idx56_true-FR-II_pred-FR-I.png
[22] test_idx=39  true=FR-II  pred=FR-II  confidence=70.1%  CORRECT  -> results/sanity_check/sample_22_idx39_true-FR-II_pred-FR-II.png
[23] test_idx=14  true=FR-I  pred=FR-I  confidence=76.1%  CORRECT  -> results/sanity_check/sample_23_idx14_true-FR-I_pred-FR-I.png
[24] test_idx=63  true=FR-II  pred=FR-I  confidence=72.7%  WRONG  -> results/sanity_check/sample_24_idx63_true-FR-II_pred-FR-I.png
[25] test_idx=18  true=FR-I  pred=FR-II  confidence=62.6%  WRONG  -> results/sanity_check/sample_25_idx18_true-FR-I_pred-FR-II.png
[26] test_idx=67  true=FR-II  pred=FR-I  confidence=61.9%  WRONG  -> results/sanity_check/sample_26_idx67_true-FR-II_pred-FR-I.png
[27] test_idx=17  true=FR-I  pred=FR-I  confidence=57.1%  CORRECT  -> results/sanity_check/sample_27_idx17_true-FR-I_pred-FR-I.png
[28] test_idx=46  true=FR-II  pred=FR-II  confidence=76.3%  CORRECT  -> results/sanity_check/sample_28_idx46_true-FR-II_pred-FR-II.png
[29] test_idx=11  true=FR-I  pred=FR-I  confidence=94.9%  CORRECT  -> results/sanity_check/sample_29_idx11_true-FR-I_pred-FR-I.png
[30] test_idx=21  true=FR-I  pred=FR-I  confidence=84.2%  CORRECT  -> results/sanity_check/sample_30_idx21_true-FR-I_pred-FR-I.png
[31] test_idx=33  true=FR-I  pred=FR-I  confidence=52.2%  CORRECT  -> results/sanity_check/sample_31_idx33_true-FR-I_pred-FR-I.png
[32] test_idx=45  true=FR-II  pred=FR-II  confidence=52.8%  CORRECT  -> results/sanity_check/sample_32_idx45_true-FR-II_pred-FR-II.png
[33] test_idx=62  true=FR-II  pred=FR-II  confidence=71.7%  CORRECT  -> results/sanity_check/sample_33_idx62_true-FR-II_pred-FR-II.png
[34] test_idx=65  true=FR-II  pred=FR-II  confidence=78.8%  CORRECT  -> results/sanity_check/sample_34_idx65_true-FR-II_pred-FR-II.png
[35] test_idx=59  true=FR-II  pred=FR-II  confidence=62.4%  CORRECT  -> results/sanity_check/sample_35_idx59_true-FR-II_pred-FR-II.png
[36] test_idx=58  true=FR-II  pred=FR-I  confidence=60.0%  WRONG  -> results/sanity_check/sample_36_idx58_true-FR-II_pred-FR-I.png
[37] test_idx=25  true=FR-I  pred=FR-I  confidence=51.3%  CORRECT  -> results/sanity_check/sample_37_idx25_true-FR-I_pred-FR-I.png
[38] test_idx=17  true=FR-I  pred=FR-I  confidence=57.1%  CORRECT  -> results/sanity_check/sample_38_idx17_true-FR-I_pred-FR-I.png
[39] test_idx=44  true=FR-II  pred=FR-II  confidence=86.8%  CORRECT  -> results/sanity_check/sample_39_idx44_true-FR-II_pred-FR-II.png
[40] test_idx=9  true=FR-I  pred=FR-I  confidence=85.0%  CORRECT  -> results/sanity_check/sample_40_idx9_true-FR-I_pred-FR-I.png
[41] test_idx=66  true=FR-II  pred=FR-I  confidence=51.9%  WRONG  -> results/sanity_check/sample_41_idx66_true-FR-II_pred-FR-I.png
[42] test_idx=76  true=FR-II  pred=FR-II  confidence=56.0%  CORRECT  -> results/sanity_check/sample_42_idx76_true-FR-II_pred-FR-II.png
[43] test_idx=21  true=FR-I  pred=FR-I  confidence=84.2%  CORRECT  -> results/sanity_check/sample_43_idx21_true-FR-I_pred-FR-I.png
[44] test_idx=7  true=FR-I  pred=FR-I  confidence=51.5%  CORRECT  -> results/sanity_check/sample_44_idx7_true-FR-I_pred-FR-I.png
[45] test_idx=44  true=FR-II  pred=FR-II  confidence=86.8%  CORRECT  -> results/sanity_check/sample_45_idx44_true-FR-II_pred-FR-II.png
[46] test_idx=35  true=FR-II  pred=FR-II  confidence=75.6%  CORRECT  -> results/sanity_check/sample_46_idx35_true-FR-II_pred-FR-II.png
[47] test_idx=57  true=FR-II  pred=FR-II  confidence=70.4%  CORRECT  -> results/sanity_check/sample_47_idx57_true-FR-II_pred-FR-II.png
[48] test_idx=11  true=FR-I  pred=FR-I  confidence=94.9%  CORRECT  -> results/sanity_check/sample_48_idx11_true-FR-I_pred-FR-I.png
[49] test_idx=74  true=FR-II  pred=FR-II  confidence=57.3%  CORRECT  -> results/sanity_check/sample_49_idx74_true-FR-II_pred-FR-II.png
[50] test_idx=21  true=FR-I  pred=FR-I  confidence=84.2%  CORRECT  -> results/sanity_check/sample_50_idx21_true-FR-I_pred-FR-I.png
[51] test_idx=3  true=FR-I  pred=FR-I  confidence=61.8%  CORRECT  -> results/sanity_check/sample_51_idx3_true-FR-I_pred-FR-I.png
[52] test_idx=34  true=FR-II  pred=FR-I  confidence=72.0%  WRONG  -> results/sanity_check/sample_52_idx34_true-FR-II_pred-FR-I.png
[53] test_idx=44  true=FR-II  pred=FR-II  confidence=86.8%  CORRECT  -> results/sanity_check/sample_53_idx44_true-FR-II_pred-FR-II.png
[54] test_idx=21  true=FR-I  pred=FR-I  confidence=84.2%  CORRECT  -> results/sanity_check/sample_54_idx21_true-FR-I_pred-FR-I.png
[55] test_idx=23  true=FR-I  pred=FR-I  confidence=53.4%  CORRECT  -> results/sanity_check/sample_55_idx23_true-FR-I_pred-FR-I.png
[56] test_idx=13  true=FR-I  pred=FR-I  confidence=53.1%  CORRECT  -> results/sanity_check/sample_56_idx13_true-FR-I_pred-FR-I.png
[57] test_idx=31  true=FR-I  pred=FR-I  confidence=50.5%  CORRECT  -> results/sanity_check/sample_57_idx31_true-FR-I_pred-FR-I.png
[58] test_idx=64  true=FR-II  pred=FR-I  confidence=55.8%  WRONG  -> results/sanity_check/sample_58_idx64_true-FR-II_pred-FR-I.png
[59] test_idx=19  true=FR-I  pred=FR-I  confidence=75.0%  CORRECT  -> results/sanity_check/sample_59_idx19_true-FR-I_pred-FR-I.png
[60] test_idx=1  true=FR-I  pred=FR-I  confidence=99.1%  CORRECT  -> results/sanity_check/sample_60_idx1_true-FR-I_pred-FR-I.png
[61] test_idx=57  true=FR-II  pred=FR-II  confidence=70.4%  CORRECT  -> results/sanity_check/sample_61_idx57_true-FR-II_pred-FR-II.png
[62] test_idx=5  true=FR-I  pred=FR-I  confidence=94.1%  CORRECT  -> results/sanity_check/sample_62_idx5_true-FR-I_pred-FR-I.png
[63] test_idx=43  true=FR-II  pred=FR-I  confidence=55.9%  WRONG  -> results/sanity_check/sample_63_idx43_true-FR-II_pred-FR-I.png
[64] test_idx=67  true=FR-II  pred=FR-I  confidence=61.9%  WRONG  -> results/sanity_check/sample_64_idx67_true-FR-II_pred-FR-I.png
[65] test_idx=38  true=FR-II  pred=FR-II  confidence=75.7%  CORRECT  -> results/sanity_check/sample_65_idx38_true-FR-II_pred-FR-II.png
[66] test_idx=55  true=FR-II  pred=FR-I  confidence=63.1%  WRONG  -> results/sanity_check/sample_66_idx55_true-FR-II_pred-FR-I.png
[67] test_idx=58  true=FR-II  pred=FR-I  confidence=60.0%  WRONG  -> results/sanity_check/sample_67_idx58_true-FR-II_pred-FR-I.png
[68] test_idx=31  true=FR-I  pred=FR-I  confidence=50.5%  CORRECT  -> results/sanity_check/sample_68_idx31_true-FR-I_pred-FR-I.png
[69] test_idx=49  true=FR-II  pred=FR-I  confidence=58.5%  WRONG  -> results/sanity_check/sample_69_idx49_true-FR-II_pred-FR-I.png
[70] test_idx=10  true=FR-I  pred=FR-II  confidence=61.1%  WRONG  -> results/sanity_check/sample_70_idx10_true-FR-I_pred-FR-II.png
[71] test_idx=10  true=FR-I  pred=FR-II  confidence=61.1%  WRONG  -> results/sanity_check/sample_71_idx10_true-FR-I_pred-FR-II.png
[72] test_idx=3  true=FR-I  pred=FR-I  confidence=61.8%  CORRECT  -> results/sanity_check/sample_72_idx3_true-FR-I_pred-FR-I.png
[73] test_idx=10  true=FR-I  pred=FR-II  confidence=61.1%  WRONG  -> results/sanity_check/sample_73_idx10_true-FR-I_pred-FR-II.png
[74] test_idx=35  true=FR-II  pred=FR-II  confidence=75.6%  CORRECT  -> results/sanity_check/sample_74_idx35_true-FR-II_pred-FR-II.png
[75] test_idx=72  true=FR-II  pred=FR-II  confidence=82.4%  CORRECT  -> results/sanity_check/sample_75_idx72_true-FR-II_pred-FR-II.png
[76] test_idx=44  true=FR-II  pred=FR-II  confidence=86.8%  CORRECT  -> results/sanity_check/sample_76_idx44_true-FR-II_pred-FR-II.png
[77] test_idx=11  true=FR-I  pred=FR-I  confidence=94.9%  CORRECT  -> results/sanity_check/sample_77_idx11_true-FR-I_pred-FR-I.png
[78] test_idx=14  true=FR-I  pred=FR-I  confidence=76.1%  CORRECT  -> results/sanity_check/sample_78_idx14_true-FR-I_pred-FR-I.png
[79] test_idx=69  true=FR-II  pred=FR-II  confidence=67.5%  CORRECT  -> results/sanity_check/sample_79_idx69_true-FR-II_pred-FR-II.png
[80] test_idx=30  true=FR-I  pred=FR-I  confidence=87.1%  CORRECT  -> results/sanity_check/sample_80_idx30_true-FR-I_pred-FR-I.png
[81] test_idx=63  true=FR-II  pred=FR-I  confidence=72.7%  WRONG  -> results/sanity_check/sample_81_idx63_true-FR-II_pred-FR-I.png
[82] test_idx=5  true=FR-I  pred=FR-I  confidence=94.1%  CORRECT  -> results/sanity_check/sample_82_idx5_true-FR-I_pred-FR-I.png
[83] test_idx=45  true=FR-II  pred=FR-II  confidence=52.8%  CORRECT  -> results/sanity_check/sample_83_idx45_true-FR-II_pred-FR-II.png
[84] test_idx=31  true=FR-I  pred=FR-I  confidence=50.5%  CORRECT  -> results/sanity_check/sample_84_idx31_true-FR-I_pred-FR-I.png
[85] test_idx=1  true=FR-I  pred=FR-I  confidence=99.1%  CORRECT  -> results/sanity_check/sample_85_idx1_true-FR-I_pred-FR-I.png
[86] test_idx=31  true=FR-I  pred=FR-I  confidence=50.5%  CORRECT  -> results/sanity_check/sample_86_idx31_true-FR-I_pred-FR-I.png
[87] test_idx=48  true=FR-II  pred=FR-II  confidence=89.8%  CORRECT  -> results/sanity_check/sample_87_idx48_true-FR-II_pred-FR-II.png
[88] test_idx=18  true=FR-I  pred=FR-II  confidence=62.6%  WRONG  -> results/sanity_check/sample_88_idx18_true-FR-I_pred-FR-II.png
[89] test_idx=66  true=FR-II  pred=FR-I  confidence=51.9%  WRONG  -> results/sanity_check/sample_89_idx66_true-FR-II_pred-FR-I.png
[90] test_idx=46  true=FR-II  pred=FR-II  confidence=76.3%  CORRECT  -> results/sanity_check/sample_90_idx46_true-FR-II_pred-FR-II.png
[91] test_idx=9  true=FR-I  pred=FR-I  confidence=85.0%  CORRECT  -> results/sanity_check/sample_91_idx9_true-FR-I_pred-FR-I.png
[92] test_idx=50  true=FR-II  pred=FR-II  confidence=90.8%  CORRECT  -> results/sanity_check/sample_92_idx50_true-FR-II_pred-FR-II.png
[93] test_idx=35  true=FR-II  pred=FR-II  confidence=75.6%  CORRECT  -> results/sanity_check/sample_93_idx35_true-FR-II_pred-FR-II.png
[94] test_idx=14  true=FR-I  pred=FR-I  confidence=76.1%  CORRECT  -> results/sanity_check/sample_94_idx14_true-FR-I_pred-FR-I.png
[95] test_idx=29  true=FR-I  pred=FR-I  confidence=57.8%  CORRECT  -> results/sanity_check/sample_95_idx29_true-FR-I_pred-FR-I.png
[96] test_idx=44  true=FR-II  pred=FR-II  confidence=86.8%  CORRECT  -> results/sanity_check/sample_96_idx44_true-FR-II_pred-FR-II.png
[97] test_idx=10  true=FR-I  pred=FR-II  confidence=61.1%  WRONG  -> results/sanity_check/sample_97_idx10_true-FR-I_pred-FR-II.png
[98] test_idx=38  true=FR-II  pred=FR-II  confidence=75.7%  CORRECT  -> results/sanity_check/sample_98_idx38_true-FR-II_pred-FR-II.png
[99] test_idx=33  true=FR-I  pred=FR-I  confidence=52.2%  CORRECT  -> results/sanity_check/sample_99_idx33_true-FR-I_pred-FR-I.png

78/100 correct on this random sample.
