On device cuda
Dataset: mirabest
Getting data loader mirabest
Files already downloaded and verified
Files already downloaded and verified
Files already downloaded and verified
Clipping input data to the valid range for imshow with RGB data ([0..1] for floats or [0..255] for integers). Got range [-0.558952..1.82].
/idia/users/bevan/pid-radast/classifier-guided-physics-informed-diffusion/.venv/lib/python3.11/site-packages/torchvision/models/_utils.py:208: UserWarning: The parameter 'pretrained' is deprecated since 0.13 and may be removed in the future, please use 'weights' instead.
  warnings.warn(
/idia/users/bevan/pid-radast/classifier-guided-physics-informed-diffusion/.venv/lib/python3.11/site-packages/torchvision/models/_utils.py:223: UserWarning: Arguments other than a weight enum or `None` for 'weights' are deprecated since 0.13 and may be removed in the future. The current behavior is equivalent to passing `weights=None`.
  warnings.warn(msg)
Channels (3 for RGB, 1 for Gray): 3
Height: 150 pixels
Width: 150 pixels
[0] test_idx=66  true=FR-II  pred=FR-II  confidence=95.9%  CORRECT  -> results/sanity_check/sample_00_idx66_true-FR-II_pred-FR-II.png
[1] test_idx=58  true=FR-II  pred=FR-II  confidence=97.5%  CORRECT  -> results/sanity_check/sample_01_idx58_true-FR-II_pred-FR-II.png
[2] test_idx=69  true=FR-II  pred=FR-II  confidence=99.3%  CORRECT  -> results/sanity_check/sample_02_idx69_true-FR-II_pred-FR-II.png
[3] test_idx=9  true=FR-I  pred=FR-I  confidence=99.7%  CORRECT  -> results/sanity_check/sample_03_idx9_true-FR-I_pred-FR-I.png
[4] test_idx=63  true=FR-II  pred=FR-II  confidence=93.3%  CORRECT  -> results/sanity_check/sample_04_idx63_true-FR-II_pred-FR-II.png
[5] test_idx=21  true=FR-I  pred=FR-I  confidence=99.4%  CORRECT  -> results/sanity_check/sample_05_idx21_true-FR-I_pred-FR-I.png
[6] test_idx=6  true=FR-I  pred=FR-I  confidence=99.9%  CORRECT  -> results/sanity_check/sample_06_idx6_true-FR-I_pred-FR-I.png
[7] test_idx=1  true=FR-I  pred=FR-I  confidence=99.8%  CORRECT  -> results/sanity_check/sample_07_idx1_true-FR-I_pred-FR-I.png
[8] test_idx=66  true=FR-II  pred=FR-II  confidence=95.9%  CORRECT  -> results/sanity_check/sample_08_idx66_true-FR-II_pred-FR-II.png
[9] test_idx=25  true=FR-I  pred=FR-I  confidence=93.9%  CORRECT  -> results/sanity_check/sample_09_idx25_true-FR-I_pred-FR-I.png
[10] test_idx=23  true=FR-I  pred=FR-II  confidence=68.3%  WRONG  -> results/sanity_check/sample_10_idx23_true-FR-I_pred-FR-II.png
[11] test_idx=32  true=FR-I  pred=FR-I  confidence=99.7%  CORRECT  -> results/sanity_check/sample_11_idx32_true-FR-I_pred-FR-I.png
[12] test_idx=76  true=FR-II  pred=FR-II  confidence=99.9%  CORRECT  -> results/sanity_check/sample_12_idx76_true-FR-II_pred-FR-II.png
[13] test_idx=12  true=FR-I  pred=FR-I  confidence=100.0%  CORRECT  -> results/sanity_check/sample_13_idx12_true-FR-I_pred-FR-I.png
[14] test_idx=20  true=FR-I  pred=FR-I  confidence=99.9%  CORRECT  -> results/sanity_check/sample_14_idx20_true-FR-I_pred-FR-I.png
[15] test_idx=36  true=FR-II  pred=FR-I  confidence=97.2%  WRONG  -> results/sanity_check/sample_15_idx36_true-FR-II_pred-FR-I.png
[16] test_idx=76  true=FR-II  pred=FR-II  confidence=99.9%  CORRECT  -> results/sanity_check/sample_16_idx76_true-FR-II_pred-FR-II.png
[17] test_idx=26  true=FR-I  pred=FR-I  confidence=99.8%  CORRECT  -> results/sanity_check/sample_17_idx26_true-FR-I_pred-FR-I.png
[18] test_idx=74  true=FR-II  pred=FR-I  confidence=98.2%  WRONG  -> results/sanity_check/sample_18_idx74_true-FR-II_pred-FR-I.png
[19] test_idx=53  true=FR-II  pred=FR-II  confidence=73.1%  CORRECT  -> results/sanity_check/sample_19_idx53_true-FR-II_pred-FR-II.png
[20] test_idx=12  true=FR-I  pred=FR-I  confidence=100.0%  CORRECT  -> results/sanity_check/sample_20_idx12_true-FR-I_pred-FR-I.png
[21] test_idx=28  true=FR-I  pred=FR-I  confidence=100.0%  CORRECT  -> results/sanity_check/sample_21_idx28_true-FR-I_pred-FR-I.png
[22] test_idx=62  true=FR-II  pred=FR-II  confidence=64.7%  CORRECT  -> results/sanity_check/sample_22_idx62_true-FR-II_pred-FR-II.png
[23] test_idx=63  true=FR-II  pred=FR-II  confidence=93.3%  CORRECT  -> results/sanity_check/sample_23_idx63_true-FR-II_pred-FR-II.png
[24] test_idx=65  true=FR-II  pred=FR-II  confidence=83.3%  CORRECT  -> results/sanity_check/sample_24_idx65_true-FR-II_pred-FR-II.png
[25] test_idx=20  true=FR-I  pred=FR-I  confidence=99.9%  CORRECT  -> results/sanity_check/sample_25_idx20_true-FR-I_pred-FR-I.png
[26] test_idx=47  true=FR-II  pred=FR-II  confidence=98.2%  CORRECT  -> results/sanity_check/sample_26_idx47_true-FR-II_pred-FR-II.png
[27] test_idx=70  true=FR-II  pred=FR-II  confidence=98.9%  CORRECT  -> results/sanity_check/sample_27_idx70_true-FR-II_pred-FR-II.png
[28] test_idx=1  true=FR-I  pred=FR-I  confidence=99.8%  CORRECT  -> results/sanity_check/sample_28_idx1_true-FR-I_pred-FR-I.png
[29] test_idx=14  true=FR-I  pred=FR-I  confidence=98.5%  CORRECT  -> results/sanity_check/sample_29_idx14_true-FR-I_pred-FR-I.png
[30] test_idx=14  true=FR-I  pred=FR-I  confidence=98.5%  CORRECT  -> results/sanity_check/sample_30_idx14_true-FR-I_pred-FR-I.png
[31] test_idx=35  true=FR-II  pred=FR-II  confidence=95.9%  CORRECT  -> results/sanity_check/sample_31_idx35_true-FR-II_pred-FR-II.png
[32] test_idx=69  true=FR-II  pred=FR-II  confidence=99.3%  CORRECT  -> results/sanity_check/sample_32_idx69_true-FR-II_pred-FR-II.png
[33] test_idx=57  true=FR-II  pred=FR-II  confidence=99.8%  CORRECT  -> results/sanity_check/sample_33_idx57_true-FR-II_pred-FR-II.png
[34] test_idx=21  true=FR-I  pred=FR-I  confidence=99.4%  CORRECT  -> results/sanity_check/sample_34_idx21_true-FR-I_pred-FR-I.png
[35] test_idx=24  true=FR-I  pred=FR-I  confidence=89.0%  CORRECT  -> results/sanity_check/sample_35_idx24_true-FR-I_pred-FR-I.png
[36] test_idx=41  true=FR-II  pred=FR-II  confidence=99.6%  CORRECT  -> results/sanity_check/sample_36_idx41_true-FR-II_pred-FR-II.png
[37] test_idx=6  true=FR-I  pred=FR-I  confidence=99.9%  CORRECT  -> results/sanity_check/sample_37_idx6_true-FR-I_pred-FR-I.png
[38] test_idx=73  true=FR-II  pred=FR-II  confidence=96.1%  CORRECT  -> results/sanity_check/sample_38_idx73_true-FR-II_pred-FR-II.png
[39] test_idx=10  true=FR-I  pred=FR-I  confidence=97.0%  CORRECT  -> results/sanity_check/sample_39_idx10_true-FR-I_pred-FR-I.png
[40] test_idx=69  true=FR-II  pred=FR-II  confidence=99.3%  CORRECT  -> results/sanity_check/sample_40_idx69_true-FR-II_pred-FR-II.png
[41] test_idx=7  true=FR-I  pred=FR-I  confidence=99.8%  CORRECT  -> results/sanity_check/sample_41_idx7_true-FR-I_pred-FR-I.png
[42] test_idx=10  true=FR-I  pred=FR-I  confidence=97.0%  CORRECT  -> results/sanity_check/sample_42_idx10_true-FR-I_pred-FR-I.png
[43] test_idx=31  true=FR-I  pred=FR-I  confidence=86.5%  CORRECT  -> results/sanity_check/sample_43_idx31_true-FR-I_pred-FR-I.png
[44] test_idx=57  true=FR-II  pred=FR-II  confidence=99.8%  CORRECT  -> results/sanity_check/sample_44_idx57_true-FR-II_pred-FR-II.png
[45] test_idx=33  true=FR-I  pred=FR-I  confidence=99.0%  CORRECT  -> results/sanity_check/sample_45_idx33_true-FR-I_pred-FR-I.png
[46] test_idx=65  true=FR-II  pred=FR-II  confidence=83.3%  CORRECT  -> results/sanity_check/sample_46_idx65_true-FR-II_pred-FR-II.png
[47] test_idx=15  true=FR-I  pred=FR-I  confidence=98.5%  CORRECT  -> results/sanity_check/sample_47_idx15_true-FR-I_pred-FR-I.png
[48] test_idx=40  true=FR-II  pred=FR-II  confidence=94.4%  CORRECT  -> results/sanity_check/sample_48_idx40_true-FR-II_pred-FR-II.png
[49] test_idx=41  true=FR-II  pred=FR-II  confidence=99.6%  CORRECT  -> results/sanity_check/sample_49_idx41_true-FR-II_pred-FR-II.png
[50] test_idx=39  true=FR-II  pred=FR-II  confidence=80.1%  CORRECT  -> results/sanity_check/sample_50_idx39_true-FR-II_pred-FR-II.png
[51] test_idx=15  true=FR-I  pred=FR-I  confidence=98.5%  CORRECT  -> results/sanity_check/sample_51_idx15_true-FR-I_pred-FR-I.png
[52] test_idx=40  true=FR-II  pred=FR-II  confidence=94.4%  CORRECT  -> results/sanity_check/sample_52_idx40_true-FR-II_pred-FR-II.png
[53] test_idx=39  true=FR-II  pred=FR-II  confidence=80.1%  CORRECT  -> results/sanity_check/sample_53_idx39_true-FR-II_pred-FR-II.png
[54] test_idx=21  true=FR-I  pred=FR-I  confidence=99.4%  CORRECT  -> results/sanity_check/sample_54_idx21_true-FR-I_pred-FR-I.png
[55] test_idx=13  true=FR-I  pred=FR-I  confidence=55.3%  CORRECT  -> results/sanity_check/sample_55_idx13_true-FR-I_pred-FR-I.png
[56] test_idx=33  true=FR-I  pred=FR-I  confidence=99.0%  CORRECT  -> results/sanity_check/sample_56_idx33_true-FR-I_pred-FR-I.png
[57] test_idx=52  true=FR-II  pred=FR-II  confidence=99.0%  CORRECT  -> results/sanity_check/sample_57_idx52_true-FR-II_pred-FR-II.png
[58] test_idx=40  true=FR-II  pred=FR-II  confidence=94.4%  CORRECT  -> results/sanity_check/sample_58_idx40_true-FR-II_pred-FR-II.png
[59] test_idx=21  true=FR-I  pred=FR-I  confidence=99.4%  CORRECT  -> results/sanity_check/sample_59_idx21_true-FR-I_pred-FR-I.png
[60] test_idx=52  true=FR-II  pred=FR-II  confidence=99.0%  CORRECT  -> results/sanity_check/sample_60_idx52_true-FR-II_pred-FR-II.png
[61] test_idx=67  true=FR-II  pred=FR-II  confidence=94.7%  CORRECT  -> results/sanity_check/sample_61_idx67_true-FR-II_pred-FR-II.png
[62] test_idx=26  true=FR-I  pred=FR-I  confidence=99.8%  CORRECT  -> results/sanity_check/sample_62_idx26_true-FR-I_pred-FR-I.png
[63] test_idx=50  true=FR-II  pred=FR-II  confidence=99.5%  CORRECT  -> results/sanity_check/sample_63_idx50_true-FR-II_pred-FR-II.png
[64] test_idx=32  true=FR-I  pred=FR-I  confidence=99.7%  CORRECT  -> results/sanity_check/sample_64_idx32_true-FR-I_pred-FR-I.png
[65] test_idx=61  true=FR-II  pred=FR-II  confidence=98.9%  CORRECT  -> results/sanity_check/sample_65_idx61_true-FR-II_pred-FR-II.png
[66] test_idx=5  true=FR-I  pred=FR-I  confidence=99.3%  CORRECT  -> results/sanity_check/sample_66_idx5_true-FR-I_pred-FR-I.png
[67] test_idx=26  true=FR-I  pred=FR-I  confidence=99.8%  CORRECT  -> results/sanity_check/sample_67_idx26_true-FR-I_pred-FR-I.png
[68] test_idx=39  true=FR-II  pred=FR-II  confidence=80.1%  CORRECT  -> results/sanity_check/sample_68_idx39_true-FR-II_pred-FR-II.png
[69] test_idx=58  true=FR-II  pred=FR-II  confidence=97.5%  CORRECT  -> results/sanity_check/sample_69_idx58_true-FR-II_pred-FR-II.png
[70] test_idx=26  true=FR-I  pred=FR-I  confidence=99.8%  CORRECT  -> results/sanity_check/sample_70_idx26_true-FR-I_pred-FR-I.png
[71] test_idx=21  true=FR-I  pred=FR-I  confidence=99.4%  CORRECT  -> results/sanity_check/sample_71_idx21_true-FR-I_pred-FR-I.png
[72] test_idx=75  true=FR-II  pred=FR-II  confidence=97.3%  CORRECT  -> results/sanity_check/sample_72_idx75_true-FR-II_pred-FR-II.png
[73] test_idx=65  true=FR-II  pred=FR-II  confidence=83.3%  CORRECT  -> results/sanity_check/sample_73_idx65_true-FR-II_pred-FR-II.png
[74] test_idx=56  true=FR-II  pred=FR-I  confidence=90.2%  WRONG  -> results/sanity_check/sample_74_idx56_true-FR-II_pred-FR-I.png
[75] test_idx=47  true=FR-II  pred=FR-II  confidence=98.2%  CORRECT  -> results/sanity_check/sample_75_idx47_true-FR-II_pred-FR-II.png
[76] test_idx=43  true=FR-II  pred=FR-I  confidence=79.8%  WRONG  -> results/sanity_check/sample_76_idx43_true-FR-II_pred-FR-I.png
[77] test_idx=55  true=FR-II  pred=FR-II  confidence=92.4%  CORRECT  -> results/sanity_check/sample_77_idx55_true-FR-II_pred-FR-II.png
[78] test_idx=61  true=FR-II  pred=FR-II  confidence=98.9%  CORRECT  -> results/sanity_check/sample_78_idx61_true-FR-II_pred-FR-II.png
[79] test_idx=7  true=FR-I  pred=FR-I  confidence=99.8%  CORRECT  -> results/sanity_check/sample_79_idx7_true-FR-I_pred-FR-I.png
[80] test_idx=65  true=FR-II  pred=FR-II  confidence=83.3%  CORRECT  -> results/sanity_check/sample_80_idx65_true-FR-II_pred-FR-II.png
[81] test_idx=10  true=FR-I  pred=FR-I  confidence=97.0%  CORRECT  -> results/sanity_check/sample_81_idx10_true-FR-I_pred-FR-I.png
[82] test_idx=67  true=FR-II  pred=FR-II  confidence=94.7%  CORRECT  -> results/sanity_check/sample_82_idx67_true-FR-II_pred-FR-II.png
[83] test_idx=61  true=FR-II  pred=FR-II  confidence=98.9%  CORRECT  -> results/sanity_check/sample_83_idx61_true-FR-II_pred-FR-II.png
[84] test_idx=1  true=FR-I  pred=FR-I  confidence=99.8%  CORRECT  -> results/sanity_check/sample_84_idx1_true-FR-I_pred-FR-I.png
[85] test_idx=29  true=FR-I  pred=FR-I  confidence=98.3%  CORRECT  -> results/sanity_check/sample_85_idx29_true-FR-I_pred-FR-I.png
[86] test_idx=64  true=FR-II  pred=FR-II  confidence=79.2%  CORRECT  -> results/sanity_check/sample_86_idx64_true-FR-II_pred-FR-II.png
[87] test_idx=46  true=FR-II  pred=FR-II  confidence=98.1%  CORRECT  -> results/sanity_check/sample_87_idx46_true-FR-II_pred-FR-II.png
[88] test_idx=49  true=FR-II  pred=FR-I  confidence=90.4%  WRONG  -> results/sanity_check/sample_88_idx49_true-FR-II_pred-FR-I.png
[89] test_idx=74  true=FR-II  pred=FR-I  confidence=98.2%  WRONG  -> results/sanity_check/sample_89_idx74_true-FR-II_pred-FR-I.png
[90] test_idx=63  true=FR-II  pred=FR-II  confidence=93.3%  CORRECT  -> results/sanity_check/sample_90_idx63_true-FR-II_pred-FR-II.png
[91] test_idx=49  true=FR-II  pred=FR-I  confidence=90.4%  WRONG  -> results/sanity_check/sample_91_idx49_true-FR-II_pred-FR-I.png
[92] test_idx=24  true=FR-I  pred=FR-I  confidence=89.0%  CORRECT  -> results/sanity_check/sample_92_idx24_true-FR-I_pred-FR-I.png
[93] test_idx=13  true=FR-I  pred=FR-I  confidence=55.3%  CORRECT  -> results/sanity_check/sample_93_idx13_true-FR-I_pred-FR-I.png
[94] test_idx=33  true=FR-I  pred=FR-I  confidence=99.0%  CORRECT  -> results/sanity_check/sample_94_idx33_true-FR-I_pred-FR-I.png
[95] test_idx=11  true=FR-I  pred=FR-I  confidence=94.6%  CORRECT  -> results/sanity_check/sample_95_idx11_true-FR-I_pred-FR-I.png
[96] test_idx=63  true=FR-II  pred=FR-II  confidence=93.3%  CORRECT  -> results/sanity_check/sample_96_idx63_true-FR-II_pred-FR-II.png
[97] test_idx=21  true=FR-I  pred=FR-I  confidence=99.4%  CORRECT  -> results/sanity_check/sample_97_idx21_true-FR-I_pred-FR-I.png
[98] test_idx=26  true=FR-I  pred=FR-I  confidence=99.8%  CORRECT  -> results/sanity_check/sample_98_idx26_true-FR-I_pred-FR-I.png
[99] test_idx=43  true=FR-II  pred=FR-I  confidence=79.8%  WRONG  -> results/sanity_check/sample_99_idx43_true-FR-II_pred-FR-I.png

91/100 correct on this random sample.
