CUDA Memory Cleared. Current VRAM Usage: 0.00 MB
On device cuda
Getting data loader crumb_fits
Loaded FITS stats: noise_rms=0.000324, peak_log=4.066700
Loaded FITS stats: noise_rms=0.000324, peak_log=4.066700
Total unique classes found: 2
Label IDs: [0, 1]
Total images in dataset: 1789
Total batches: 157 (at batch size 8)

============================================================
Run 1/1  |  seed=43  |  tag=exp_seed43  |  results -> results/diffusion/20260826_153012_exp_seed43_834233
============================================================

Training diffusion for 200 epochs
Epoch 0
/idia/users/bevan/pid-radast/classifier-guided-physics-informed-diffusion/.venv/lib/python3.11/site-packages/diffusers/configuration_utils.py:139: FutureWarning: Accessing config attribute `num_train_timesteps` directly via 'DDPMScheduler' object attribute is deprecated. Please access 'num_train_timesteps' over 'DDPMScheduler's config object instead, e.g. 'scheduler.config.num_train_timesteps'.
  deprecate("direct config name access", "1.0.0", deprecation_message, standard_warn=False)
/idia/users/bevan/pid-radast/classifier-guided-physics-informed-diffusion/.venv/lib/python3.11/site-packages/diffusers/models/attention_processor.py:1259: UserWarning: Memory Efficient attention is a non-deterministic algorithm. To explicitly disable Memory Efficient attention call torch.use_deterministic_algorithms(True, warn_only=False). (Triggered internally at ../aten/src/ATen/native/transformers/cuda/sdp_utils.h:419.)
  hidden_states = F.scaled_dot_product_attention(
/idia/users/bevan/pid-radast/classifier-guided-physics-informed-diffusion/.venv/lib/python3.11/site-packages/torchmetrics/utilities/prints.py:43: UserWarning: Metric `Kernel Inception Distance` will save all extracted features in buffer. For large datasets this may lead to large memory footprint.
  warnings.warn(*args, **kwargs)
Epoch 0 | Loss: 0.063839 | Val: 0.149518
FITS files saved to results/diffusion/20260826_153012_exp_seed43_834233/generated_fits
Computing FID/KID/PDF at epoch 0...
  FID: 170.9221 | KID: 0.189087
  Pixel PDF W-dist: 0.1215
--- Saved model to checkpoints/diffusion/exp_seed43/state.pt ---
Epoch 1
Epoch 1 | Loss: 0.028254 | Val: 0.143607
--- Saved model to checkpoints/diffusion/exp_seed43/state.pt ---
Epoch 2
Epoch 2 | Loss: 0.031897 | Val: 0.137277
--- Saved model to checkpoints/diffusion/exp_seed43/state.pt ---
Epoch 3
Epoch 3 | Loss: 0.026369 | Val: 0.138457
--- Saved model to checkpoints/diffusion/exp_seed43/state.pt ---
Epoch 4
Epoch 4 | Loss: 0.026890 | Val: 0.135136
--- Saved model to checkpoints/diffusion/exp_seed43/state.pt ---
Epoch 5
Epoch 5 | Loss: 0.023287 | Val: 0.136664
--- Saved model to checkpoints/diffusion/exp_seed43/state.pt ---
Epoch 6
Epoch 6 | Loss: 0.022831 | Val: 0.135307
--- Saved model to checkpoints/diffusion/exp_seed43/state.pt ---
Epoch 7
Epoch 7 | Loss: 0.024619 | Val: 0.135994
--- Saved model to checkpoints/diffusion/exp_seed43/state.pt ---
Epoch 8
Epoch 8 | Loss: 0.020161 | Val: 0.134556
--- Saved model to checkpoints/diffusion/exp_seed43/state.pt ---
Epoch 9
Epoch 9 | Loss: 0.024945 | Val: 0.134606
--- Saved model to checkpoints/diffusion/exp_seed43/state.pt ---
Epoch 10
