CUDA Memory Cleared. Current VRAM Usage: 0.00 MB
On device cuda
Getting data loader crumb
Corrected 163/300 CRUMB test labels using train-derived (parent, code) -> label mapping
Total unique classes found: 2
Label IDs: [0, 1]
Total images in dataset: 2002
Total batches: 86 (at batch size 16)

============================================================
Run 1/1  |  seed=42  |  tag=crumb_scratch  |  results -> results/classification/run_20260713_190157_seed42
============================================================

Training classification for 100 epochs
Epoch 0
Traceback (most recent call last):
  File "/idia/users/bevan/pid-radast/classifier-guided-physics-informed-diffusion/main.py", line 180, in <module>
    main()
  File "/idia/users/bevan/pid-radast/classifier-guided-physics-informed-diffusion/main.py", line 168, in main
    model = train_model(args.model, cfg, trainloader, valloader, testloader, device, result_directory, resume=args.resume, checkpoint=args.checkpoint, dataset=fits_dataset, tag=run_tag)
            ^^^^^^^^^^^^^^^^^^^^^^^^^^^^^^^^^^^^^^^^^^^^^^^^^^^^^^^^^^^^^^^^^^^^^^^^^^^^^^^^^^^^^^^^^^^^^^^^^^^^^^^^^^^^^^^^^^^^^^^^^^^^^^^^^^^^^^^^^^^^^^^^^^^^^^^^^^^^^^^^^^^^^^^^^^^^^
  File "/idia/users/bevan/pid-radast/classifier-guided-physics-informed-diffusion/src/pipelines/train_pipeline.py", line 897, in train_model
    return train_classification(config, trainloader, valloader, device,
           ^^^^^^^^^^^^^^^^^^^^^^^^^^^^^^^^^^^^^^^^^^^^^^^^^^^^^^^^^^^^
  File "/idia/users/bevan/pid-radast/classifier-guided-physics-informed-diffusion/src/pipelines/train_pipeline.py", line 156, in train_classification
    outputs = model(inputs)
              ^^^^^^^^^^^^^
  File "/idia/users/bevan/pid-radast/classifier-guided-physics-informed-diffusion/.venv/lib/python3.11/site-packages/torch/nn/modules/module.py", line 1501, in _call_impl
    return forward_call(*args, **kwargs)
           ^^^^^^^^^^^^^^^^^^^^^^^^^^^^^
  File "/idia/users/bevan/pid-radast/classifier-guided-physics-informed-diffusion/src/models/simple_cnn.py", line 25, in forward
    x = self.features(x)
        ^^^^^^^^^^^^^^^^
  File "/idia/users/bevan/pid-radast/classifier-guided-physics-informed-diffusion/.venv/lib/python3.11/site-packages/torch/nn/modules/module.py", line 1501, in _call_impl
    return forward_call(*args, **kwargs)
           ^^^^^^^^^^^^^^^^^^^^^^^^^^^^^
  File "/idia/users/bevan/pid-radast/classifier-guided-physics-informed-diffusion/.venv/lib/python3.11/site-packages/torch/nn/modules/container.py", line 217, in forward
    input = module(input)
            ^^^^^^^^^^^^^
  File "/idia/users/bevan/pid-radast/classifier-guided-physics-informed-diffusion/.venv/lib/python3.11/site-packages/torch/nn/modules/module.py", line 1501, in _call_impl
    return forward_call(*args, **kwargs)
           ^^^^^^^^^^^^^^^^^^^^^^^^^^^^^
  File "/idia/users/bevan/pid-radast/classifier-guided-physics-informed-diffusion/.venv/lib/python3.11/site-packages/torch/nn/modules/conv.py", line 463, in forward
    return self._conv_forward(input, self.weight, self.bias)
           ^^^^^^^^^^^^^^^^^^^^^^^^^^^^^^^^^^^^^^^^^^^^^^^^^
  File "/idia/users/bevan/pid-radast/classifier-guided-physics-informed-diffusion/.venv/lib/python3.11/site-packages/torch/nn/modules/conv.py", line 459, in _conv_forward
    return F.conv2d(input, weight, bias, self.stride,
           ^^^^^^^^^^^^^^^^^^^^^^^^^^^^^^^^^^^^^^^^^^
RuntimeError: Given groups=1, weight of size [16, 1, 3, 3], expected input[16, 3, 150, 150] to have 1 channels, but got 3 channels instead
