/idia/users/bevan/pid-radast/classifier-guided-physics-informed-diffusion/.venv/lib/python3.11/site-packages/torchvision/models/_utils.py:208: UserWarning: The parameter 'pretrained' is deprecated since 0.13 and may be removed in the future, please use 'weights' instead.
  warnings.warn(
/idia/users/bevan/pid-radast/classifier-guided-physics-informed-diffusion/.venv/lib/python3.11/site-packages/torchvision/models/_utils.py:223: UserWarning: Arguments other than a weight enum or `None` for 'weights' are deprecated since 0.13 and may be removed in the future. The current behavior is equivalent to passing `weights=None`.
  warnings.warn(msg)
On device cuda
Dataset: crumb
Getting data loader crumb
[0] test_idx=259  true=FR-II  pred=FR-II  confidence=82.8%  CORRECT  -> results/sanity_check/sample_00_idx259_true-FR-II_pred-FR-II.png
[1] test_idx=151  true=FR-II  pred=FR-I  confidence=94.4%  WRONG  -> results/sanity_check/sample_01_idx151_true-FR-II_pred-FR-I.png
[2] test_idx=76  true=FR-I  pred=FR-I  confidence=97.4%  CORRECT  -> results/sanity_check/sample_02_idx76_true-FR-I_pred-FR-I.png
[3] test_idx=210  true=FR-II  pred=FR-I  confidence=98.1%  WRONG  -> results/sanity_check/sample_03_idx210_true-FR-II_pred-FR-I.png
[4] test_idx=98  true=FR-I  pred=FR-II  confidence=94.8%  WRONG  -> results/sanity_check/sample_04_idx98_true-FR-I_pred-FR-II.png
[5] test_idx=173  true=FR-II  pred=FR-I  confidence=93.6%  WRONG  -> results/sanity_check/sample_05_idx173_true-FR-II_pred-FR-I.png
[6] test_idx=205  true=FR-II  pred=FR-II  confidence=63.6%  CORRECT  -> results/sanity_check/sample_06_idx205_true-FR-II_pred-FR-II.png
[7] test_idx=8  true=FR-I  pred=FR-II  confidence=97.0%  WRONG  -> results/sanity_check/sample_07_idx8_true-FR-I_pred-FR-II.png
[8] test_idx=88  true=FR-I  pred=FR-II  confidence=98.2%  WRONG  -> results/sanity_check/sample_08_idx88_true-FR-I_pred-FR-II.png
[9] test_idx=207  true=FR-II  pred=FR-I  confidence=67.3%  WRONG  -> results/sanity_check/sample_09_idx207_true-FR-II_pred-FR-I.png
[10] test_idx=181  true=FR-II  pred=FR-II  confidence=67.0%  CORRECT  -> results/sanity_check/sample_10_idx181_true-FR-II_pred-FR-II.png
[11] test_idx=168  true=FR-II  pred=FR-II  confidence=96.9%  CORRECT  -> results/sanity_check/sample_11_idx168_true-FR-II_pred-FR-II.png
[12] test_idx=175  true=FR-II  pred=FR-I  confidence=60.5%  WRONG  -> results/sanity_check/sample_12_idx175_true-FR-II_pred-FR-I.png
[13] test_idx=125  true=FR-I  pred=FR-II  confidence=97.7%  WRONG  -> results/sanity_check/sample_13_idx125_true-FR-I_pred-FR-II.png
[14] test_idx=1  true=FR-I  pred=FR-I  confidence=87.7%  CORRECT  -> results/sanity_check/sample_14_idx1_true-FR-I_pred-FR-I.png
[15] test_idx=143  true=FR-II  pred=FR-II  confidence=99.7%  CORRECT  -> results/sanity_check/sample_15_idx143_true-FR-II_pred-FR-II.png
[16] test_idx=27  true=FR-I  pred=FR-I  confidence=83.1%  CORRECT  -> results/sanity_check/sample_16_idx27_true-FR-I_pred-FR-I.png
[17] test_idx=132  true=FR-I  pred=FR-II  confidence=99.4%  WRONG  -> results/sanity_check/sample_17_idx132_true-FR-I_pred-FR-II.png
[18] test_idx=214  true=FR-II  pred=FR-II  confidence=94.3%  CORRECT  -> results/sanity_check/sample_18_idx214_true-FR-II_pred-FR-II.png
[19] test_idx=84  true=FR-I  pred=FR-I  confidence=75.7%  CORRECT  -> results/sanity_check/sample_19_idx84_true-FR-I_pred-FR-I.png
[20] test_idx=188  true=FR-II  pred=FR-I  confidence=65.1%  WRONG  -> results/sanity_check/sample_20_idx188_true-FR-II_pred-FR-I.png
[21] test_idx=11  true=FR-I  pred=FR-I  confidence=97.5%  CORRECT  -> results/sanity_check/sample_21_idx11_true-FR-I_pred-FR-I.png
[22] test_idx=223  true=FR-II  pred=FR-I  confidence=80.9%  WRONG  -> results/sanity_check/sample_22_idx223_true-FR-II_pred-FR-I.png
[23] test_idx=185  true=FR-II  pred=FR-I  confidence=60.0%  WRONG  -> results/sanity_check/sample_23_idx185_true-FR-II_pred-FR-I.png
[24] test_idx=162  true=FR-II  pred=FR-II  confidence=99.1%  CORRECT  -> results/sanity_check/sample_24_idx162_true-FR-II_pred-FR-II.png
[25] test_idx=238  true=FR-II  pred=FR-I  confidence=93.1%  WRONG  -> results/sanity_check/sample_25_idx238_true-FR-II_pred-FR-I.png
[26] test_idx=52  true=FR-I  pred=FR-II  confidence=64.7%  WRONG  -> results/sanity_check/sample_26_idx52_true-FR-I_pred-FR-II.png
[27] test_idx=247  true=FR-II  pred=FR-I  confidence=96.3%  WRONG  -> results/sanity_check/sample_27_idx247_true-FR-II_pred-FR-I.png
[28] test_idx=243  true=FR-II  pred=FR-II  confidence=58.2%  CORRECT  -> results/sanity_check/sample_28_idx243_true-FR-II_pred-FR-II.png
[29] test_idx=76  true=FR-I  pred=FR-I  confidence=97.4%  CORRECT  -> results/sanity_check/sample_29_idx76_true-FR-I_pred-FR-I.png
[30] test_idx=171  true=FR-II  pred=FR-II  confidence=97.6%  CORRECT  -> results/sanity_check/sample_30_idx171_true-FR-II_pred-FR-II.png
[31] test_idx=228  true=FR-II  pred=FR-I  confidence=99.7%  WRONG  -> results/sanity_check/sample_31_idx228_true-FR-II_pred-FR-I.png
[32] test_idx=72  true=FR-I  pred=FR-II  confidence=99.3%  WRONG  -> results/sanity_check/sample_32_idx72_true-FR-I_pred-FR-II.png
[33] test_idx=81  true=FR-I  pred=FR-II  confidence=86.8%  WRONG  -> results/sanity_check/sample_33_idx81_true-FR-I_pred-FR-II.png
[34] test_idx=193  true=FR-II  pred=FR-II  confidence=70.7%  CORRECT  -> results/sanity_check/sample_34_idx193_true-FR-II_pred-FR-II.png
[35] test_idx=38  true=FR-I  pred=FR-I  confidence=87.0%  CORRECT  -> results/sanity_check/sample_35_idx38_true-FR-I_pred-FR-I.png
[36] test_idx=13  true=FR-I  pred=FR-II  confidence=74.7%  WRONG  -> results/sanity_check/sample_36_idx13_true-FR-I_pred-FR-II.png
[37] test_idx=138  true=FR-I  pred=FR-I  confidence=74.8%  CORRECT  -> results/sanity_check/sample_37_idx138_true-FR-I_pred-FR-I.png
[38] test_idx=271  true=FR-II  pred=FR-II  confidence=99.4%  CORRECT  -> results/sanity_check/sample_38_idx271_true-FR-II_pred-FR-II.png
[39] test_idx=114  true=FR-I  pred=FR-I  confidence=99.9%  CORRECT  -> results/sanity_check/sample_39_idx114_true-FR-I_pred-FR-I.png
[40] test_idx=77  true=FR-I  pred=FR-I  confidence=97.5%  CORRECT  -> results/sanity_check/sample_40_idx77_true-FR-I_pred-FR-I.png
[41] test_idx=126  true=FR-I  pred=FR-II  confidence=75.8%  WRONG  -> results/sanity_check/sample_41_idx126_true-FR-I_pred-FR-II.png
[42] test_idx=43  true=FR-I  pred=FR-II  confidence=98.6%  WRONG  -> results/sanity_check/sample_42_idx43_true-FR-I_pred-FR-II.png
[43] test_idx=90  true=FR-I  pred=FR-I  confidence=98.0%  CORRECT  -> results/sanity_check/sample_43_idx90_true-FR-I_pred-FR-I.png
[44] test_idx=198  true=FR-II  pred=FR-II  confidence=69.6%  CORRECT  -> results/sanity_check/sample_44_idx198_true-FR-II_pred-FR-II.png
[45] test_idx=284  true=FR-II  pred=FR-II  confidence=54.0%  CORRECT  -> results/sanity_check/sample_45_idx284_true-FR-II_pred-FR-II.png
[46] test_idx=265  true=FR-II  pred=FR-I  confidence=61.6%  WRONG  -> results/sanity_check/sample_46_idx265_true-FR-II_pred-FR-I.png
[47] test_idx=105  true=FR-I  pred=FR-II  confidence=87.6%  WRONG  -> results/sanity_check/sample_47_idx105_true-FR-I_pred-FR-II.png
[48] test_idx=36  true=FR-I  pred=FR-II  confidence=84.5%  WRONG  -> results/sanity_check/sample_48_idx36_true-FR-I_pred-FR-II.png
[49] test_idx=252  true=FR-II  pred=FR-I  confidence=99.5%  WRONG  -> results/sanity_check/sample_49_idx252_true-FR-II_pred-FR-I.png
[50] test_idx=120  true=FR-I  pred=FR-II  confidence=51.8%  WRONG  -> results/sanity_check/sample_50_idx120_true-FR-I_pred-FR-II.png
[51] test_idx=246  true=FR-II  pred=FR-I  confidence=61.0%  WRONG  -> results/sanity_check/sample_51_idx246_true-FR-II_pred-FR-I.png
[52] test_idx=77  true=FR-I  pred=FR-I  confidence=97.5%  CORRECT  -> results/sanity_check/sample_52_idx77_true-FR-I_pred-FR-I.png
[53] test_idx=169  true=FR-II  pred=FR-I  confidence=60.0%  WRONG  -> results/sanity_check/sample_53_idx169_true-FR-II_pred-FR-I.png
[54] test_idx=151  true=FR-II  pred=FR-I  confidence=94.4%  WRONG  -> results/sanity_check/sample_54_idx151_true-FR-II_pred-FR-I.png
[55] test_idx=56  true=FR-I  pred=FR-I  confidence=89.4%  CORRECT  -> results/sanity_check/sample_55_idx56_true-FR-I_pred-FR-I.png
[56] test_idx=279  true=FR-II  pred=FR-II  confidence=65.2%  CORRECT  -> results/sanity_check/sample_56_idx279_true-FR-II_pred-FR-II.png
[57] test_idx=250  true=FR-II  pred=FR-I  confidence=53.5%  WRONG  -> results/sanity_check/sample_57_idx250_true-FR-II_pred-FR-I.png
[58] test_idx=249  true=FR-II  pred=FR-I  confidence=97.4%  WRONG  -> results/sanity_check/sample_58_idx249_true-FR-II_pred-FR-I.png
[59] test_idx=262  true=FR-II  pred=FR-II  confidence=99.7%  CORRECT  -> results/sanity_check/sample_59_idx262_true-FR-II_pred-FR-II.png
[60] test_idx=269  true=FR-II  pred=FR-II  confidence=99.9%  CORRECT  -> results/sanity_check/sample_60_idx269_true-FR-II_pred-FR-II.png
[61] test_idx=221  true=FR-II  pred=FR-II  confidence=79.2%  CORRECT  -> results/sanity_check/sample_61_idx221_true-FR-II_pred-FR-II.png
[62] test_idx=132  true=FR-I  pred=FR-II  confidence=99.4%  WRONG  -> results/sanity_check/sample_62_idx132_true-FR-I_pred-FR-II.png
[63] test_idx=252  true=FR-II  pred=FR-I  confidence=99.5%  WRONG  -> results/sanity_check/sample_63_idx252_true-FR-II_pred-FR-I.png
[64] test_idx=119  true=FR-I  pred=FR-II  confidence=85.4%  WRONG  -> results/sanity_check/sample_64_idx119_true-FR-I_pred-FR-II.png
[65] test_idx=88  true=FR-I  pred=FR-II  confidence=98.2%  WRONG  -> results/sanity_check/sample_65_idx88_true-FR-I_pred-FR-II.png
[66] test_idx=6  true=FR-I  pred=FR-II  confidence=67.3%  WRONG  -> results/sanity_check/sample_66_idx6_true-FR-I_pred-FR-II.png
[67] test_idx=274  true=FR-II  pred=FR-I  confidence=88.4%  WRONG  -> results/sanity_check/sample_67_idx274_true-FR-II_pred-FR-I.png
[68] test_idx=136  true=FR-I  pred=FR-I  confidence=68.3%  CORRECT  -> results/sanity_check/sample_68_idx136_true-FR-I_pred-FR-I.png
[69] test_idx=79  true=FR-I  pred=FR-I  confidence=95.9%  CORRECT  -> results/sanity_check/sample_69_idx79_true-FR-I_pred-FR-I.png
[70] test_idx=264  true=FR-II  pred=FR-II  confidence=90.4%  CORRECT  -> results/sanity_check/sample_70_idx264_true-FR-II_pred-FR-II.png
[71] test_idx=10  true=FR-I  pred=FR-II  confidence=97.5%  WRONG  -> results/sanity_check/sample_71_idx10_true-FR-I_pred-FR-II.png
[72] test_idx=44  true=FR-I  pred=FR-II  confidence=75.1%  WRONG  -> results/sanity_check/sample_72_idx44_true-FR-I_pred-FR-II.png
[73] test_idx=161  true=FR-II  pred=FR-II  confidence=96.5%  CORRECT  -> results/sanity_check/sample_73_idx161_true-FR-II_pred-FR-II.png
[74] test_idx=29  true=FR-I  pred=FR-II  confidence=95.8%  WRONG  -> results/sanity_check/sample_74_idx29_true-FR-I_pred-FR-II.png
[75] test_idx=136  true=FR-I  pred=FR-I  confidence=68.3%  CORRECT  -> results/sanity_check/sample_75_idx136_true-FR-I_pred-FR-I.png
[76] test_idx=274  true=FR-II  pred=FR-I  confidence=88.4%  WRONG  -> results/sanity_check/sample_76_idx274_true-FR-II_pred-FR-I.png
[77] test_idx=174  true=FR-II  pred=FR-I  confidence=100.0%  WRONG  -> results/sanity_check/sample_77_idx174_true-FR-II_pred-FR-I.png
[78] test_idx=70  true=FR-I  pred=FR-I  confidence=96.2%  CORRECT  -> results/sanity_check/sample_78_idx70_true-FR-I_pred-FR-I.png
[79] test_idx=84  true=FR-I  pred=FR-I  confidence=75.7%  CORRECT  -> results/sanity_check/sample_79_idx84_true-FR-I_pred-FR-I.png
[80] test_idx=127  true=FR-I  pred=FR-II  confidence=96.5%  WRONG  -> results/sanity_check/sample_80_idx127_true-FR-I_pred-FR-II.png
[81] test_idx=61  true=FR-I  pred=FR-II  confidence=97.0%  WRONG  -> results/sanity_check/sample_81_idx61_true-FR-I_pred-FR-II.png
[82] test_idx=33  true=FR-I  pred=FR-II  confidence=83.3%  WRONG  -> results/sanity_check/sample_82_idx33_true-FR-I_pred-FR-II.png
[83] test_idx=98  true=FR-I  pred=FR-II  confidence=94.8%  WRONG  -> results/sanity_check/sample_83_idx98_true-FR-I_pred-FR-II.png
[84] test_idx=231  true=FR-II  pred=FR-I  confidence=70.7%  WRONG  -> results/sanity_check/sample_84_idx231_true-FR-II_pred-FR-I.png
[85] test_idx=199  true=FR-II  pred=FR-I  confidence=88.3%  WRONG  -> results/sanity_check/sample_85_idx199_true-FR-II_pred-FR-I.png
[86] test_idx=263  true=FR-II  pred=FR-I  confidence=78.1%  WRONG  -> results/sanity_check/sample_86_idx263_true-FR-II_pred-FR-I.png
[87] test_idx=209  true=FR-II  pred=FR-I  confidence=97.6%  WRONG  -> results/sanity_check/sample_87_idx209_true-FR-II_pred-FR-I.png
[88] test_idx=252  true=FR-II  pred=FR-I  confidence=99.5%  WRONG  -> results/sanity_check/sample_88_idx252_true-FR-II_pred-FR-I.png
[89] test_idx=98  true=FR-I  pred=FR-II  confidence=94.8%  WRONG  -> results/sanity_check/sample_89_idx98_true-FR-I_pred-FR-II.png
[90] test_idx=101  true=FR-I  pred=FR-II  confidence=86.1%  WRONG  -> results/sanity_check/sample_90_idx101_true-FR-I_pred-FR-II.png
[91] test_idx=237  true=FR-II  pred=FR-I  confidence=98.9%  WRONG  -> results/sanity_check/sample_91_idx237_true-FR-II_pred-FR-I.png
[92] test_idx=186  true=FR-II  pred=FR-I  confidence=98.1%  WRONG  -> results/sanity_check/sample_92_idx186_true-FR-II_pred-FR-I.png
[93] test_idx=229  true=FR-II  pred=FR-II  confidence=99.9%  CORRECT  -> results/sanity_check/sample_93_idx229_true-FR-II_pred-FR-II.png
[94] test_idx=188  true=FR-II  pred=FR-I  confidence=65.1%  WRONG  -> results/sanity_check/sample_94_idx188_true-FR-II_pred-FR-I.png
[95] test_idx=250  true=FR-II  pred=FR-I  confidence=53.5%  WRONG  -> results/sanity_check/sample_95_idx250_true-FR-II_pred-FR-I.png
[96] test_idx=123  true=FR-I  pred=FR-II  confidence=84.2%  WRONG  -> results/sanity_check/sample_96_idx123_true-FR-I_pred-FR-II.png
[97] test_idx=202  true=FR-II  pred=FR-II  confidence=98.4%  CORRECT  -> results/sanity_check/sample_97_idx202_true-FR-II_pred-FR-II.png
[98] test_idx=137  true=FR-I  pred=FR-I  confidence=98.9%  CORRECT  -> results/sanity_check/sample_98_idx137_true-FR-I_pred-FR-I.png
[99] test_idx=258  true=FR-II  pred=FR-I  confidence=98.2%  WRONG  -> results/sanity_check/sample_99_idx258_true-FR-II_pred-FR-I.png

40/100 correct on this random sample.
