CUDA Memory Cleared. Current VRAM Usage: 0.00 MB
On device cuda
Getting data loader crumb_fits
Loaded FITS stats: noise_rms=0.000324, peak_log=4.066700
Loaded FITS stats: noise_rms=0.000324, peak_log=4.066700
Total unique classes found: 2
Label IDs: [0, 1]
Total images in dataset: 1789
Total batches: 157 (at batch size 8)

============================================================
Run 1/1  |  seed=46  |  tag=diffusion_crumb_fits_seed46  |  results -> results/diffusion/20260924_230431_diffusion_crumb_fits_seed46_921093
============================================================

Training diffusion for 400 epochs
Epoch 0
/idia/users/bevan/pid-radast/classifier-guided-physics-informed-diffusion/.venv/lib/python3.11/site-packages/diffusers/configuration_utils.py:139: FutureWarning: Accessing config attribute `num_train_timesteps` directly via 'DDPMScheduler' object attribute is deprecated. Please access 'num_train_timesteps' over 'DDPMScheduler's config object instead, e.g. 'scheduler.config.num_train_timesteps'.
  deprecate("direct config name access", "1.0.0", deprecation_message, standard_warn=False)
/idia/users/bevan/pid-radast/classifier-guided-physics-informed-diffusion/.venv/lib/python3.11/site-packages/diffusers/models/attention_processor.py:1259: UserWarning: Memory Efficient attention is a non-deterministic algorithm. To explicitly disable Memory Efficient attention call torch.use_deterministic_algorithms(True, warn_only=False). (Triggered internally at ../aten/src/ATen/native/transformers/cuda/sdp_utils.h:419.)
  hidden_states = F.scaled_dot_product_attention(
/idia/users/bevan/pid-radast/classifier-guided-physics-informed-diffusion/.venv/lib/python3.11/site-packages/torchmetrics/utilities/prints.py:43: UserWarning: Metric `Kernel Inception Distance` will save all extracted features in buffer. For large datasets this may lead to large memory footprint.
  warnings.warn(*args, **kwargs)
Epoch 0 | Loss: 0.065043 | Val: 0.146783
FITS files saved to results/diffusion/20260924_230431_diffusion_crumb_fits_seed46_921093/generated_fits
Computing FID/KID/PDF at epoch 0...
  FID: 168.9930 | KID: 0.177440
  Pixel PDF W-dist: 0.0691
--- Saved model to checkpoints/diffusion/diffusion_crumb_fits_seed46/state.pt ---
Epoch 1
Epoch 1 | Loss: 0.027245 | Val: 0.143478
--- Saved model to checkpoints/diffusion/diffusion_crumb_fits_seed46/state.pt ---
Epoch 2
Epoch 2 | Loss: 0.029560 | Val: 0.138362
--- Saved model to checkpoints/diffusion/diffusion_crumb_fits_seed46/state.pt ---
Epoch 3
Epoch 3 | Loss: 0.022458 | Val: 0.138998
--- Saved model to checkpoints/diffusion/diffusion_crumb_fits_seed46/state.pt ---
Epoch 4
Epoch 4 | Loss: 0.029673 | Val: 0.136647
--- Saved model to checkpoints/diffusion/diffusion_crumb_fits_seed46/state.pt ---
Epoch 5
Epoch 5 | Loss: 0.027239 | Val: 0.136440
--- Saved model to checkpoints/diffusion/diffusion_crumb_fits_seed46/state.pt ---
Epoch 6
Epoch 6 | Loss: 0.029115 | Val: 0.138253
--- Saved model to checkpoints/diffusion/diffusion_crumb_fits_seed46/state.pt ---
Epoch 7
Epoch 7 | Loss: 0.026997 | Val: 0.136175
--- Saved model to checkpoints/diffusion/diffusion_crumb_fits_seed46/state.pt ---
Epoch 8
Epoch 8 | Loss: 0.024320 | Val: 0.134293
--- Saved model to checkpoints/diffusion/diffusion_crumb_fits_seed46/state.pt ---
Epoch 9
Epoch 9 | Loss: 0.026524 | Val: 0.135746
--- Saved model to checkpoints/diffusion/diffusion_crumb_fits_seed46/state.pt ---
Epoch 10
Epoch 10 | Loss: 0.027497 | Val: 0.133750
FITS files saved to results/diffusion/20260924_230431_diffusion_crumb_fits_seed46_921093/generated_fits
Computing FID/KID/PDF at epoch 10...
  FID: 189.4612 | KID: 0.207421
  Pixel PDF W-dist: 0.3226
--- Saved model to checkpoints/diffusion/diffusion_crumb_fits_seed46/state.pt ---
Epoch 11
Epoch 11 | Loss: 0.022170 | Val: 0.134839
--- Saved model to checkpoints/diffusion/diffusion_crumb_fits_seed46/state.pt ---
Epoch 12
Epoch 12 | Loss: 0.028134 | Val: 0.134624
--- Saved model to checkpoints/diffusion/diffusion_crumb_fits_seed46/state.pt ---
Epoch 13
Epoch 13 | Loss: 0.023654 | Val: 0.134492
--- Saved model to checkpoints/diffusion/diffusion_crumb_fits_seed46/state.pt ---
Epoch 14
Epoch 14 | Loss: 0.023149 | Val: 0.133219
--- Saved model to checkpoints/diffusion/diffusion_crumb_fits_seed46/state.pt ---
Epoch 15
Epoch 15 | Loss: 0.025127 | Val: 0.134212
--- Saved model to checkpoints/diffusion/diffusion_crumb_fits_seed46/state.pt ---
Epoch 16
Epoch 16 | Loss: 0.026086 | Val: 0.133470
--- Saved model to checkpoints/diffusion/diffusion_crumb_fits_seed46/state.pt ---
Epoch 17
Epoch 17 | Loss: 0.023555 | Val: 0.133767
--- Saved model to checkpoints/diffusion/diffusion_crumb_fits_seed46/state.pt ---
Epoch 18
Epoch 18 | Loss: 0.024029 | Val: 0.134253
--- Saved model to checkpoints/diffusion/diffusion_crumb_fits_seed46/state.pt ---
Epoch 19
Epoch 19 | Loss: 0.022585 | Val: 0.133446
--- Saved model to checkpoints/diffusion/diffusion_crumb_fits_seed46/state.pt ---
Epoch 20
Epoch 20 | Loss: 0.026707 | Val: 0.135297
FITS files saved to results/diffusion/20260924_230431_diffusion_crumb_fits_seed46_921093/generated_fits
Computing FID/KID/PDF at epoch 20...
  FID: 154.9885 | KID: 0.137358
  Pixel PDF W-dist: 0.0833
--- Saved model to checkpoints/diffusion/diffusion_crumb_fits_seed46/state.pt ---
Epoch 21
Epoch 21 | Loss: 0.025908 | Val: 0.133447
--- Saved model to checkpoints/diffusion/diffusion_crumb_fits_seed46/state.pt ---
Epoch 22
Epoch 22 | Loss: 0.026192 | Val: 0.134521
--- Saved model to checkpoints/diffusion/diffusion_crumb_fits_seed46/state.pt ---
Epoch 23
Epoch 23 | Loss: 0.024521 | Val: 0.133987
--- Saved model to checkpoints/diffusion/diffusion_crumb_fits_seed46/state.pt ---
Epoch 24
Epoch 24 | Loss: 0.023740 | Val: 0.133451
--- Saved model to checkpoints/diffusion/diffusion_crumb_fits_seed46/state.pt ---
Epoch 25
Epoch 25 | Loss: 0.021491 | Val: 0.133963
--- Saved model to checkpoints/diffusion/diffusion_crumb_fits_seed46/state.pt ---
Epoch 26
Epoch 26 | Loss: 0.028154 | Val: 0.133564
--- Saved model to checkpoints/diffusion/diffusion_crumb_fits_seed46/state.pt ---
Epoch 27
Epoch 27 | Loss: 0.022393 | Val: 0.133667
--- Saved model to checkpoints/diffusion/diffusion_crumb_fits_seed46/state.pt ---
Epoch 28
Epoch 28 | Loss: 0.024634 | Val: 0.132819
--- Saved model to checkpoints/diffusion/diffusion_crumb_fits_seed46/state.pt ---
Epoch 29
Epoch 29 | Loss: 0.022877 | Val: 0.132448
--- Saved model to checkpoints/diffusion/diffusion_crumb_fits_seed46/state.pt ---
Epoch 30
Epoch 30 | Loss: 0.024227 | Val: 0.132458
FITS files saved to results/diffusion/20260924_230431_diffusion_crumb_fits_seed46_921093/generated_fits
Computing FID/KID/PDF at epoch 30...
  FID: 156.2427 | KID: 0.142102
  Pixel PDF W-dist: 0.1846
--- Saved model to checkpoints/diffusion/diffusion_crumb_fits_seed46/state.pt ---
Epoch 31
Epoch 31 | Loss: 0.024433 | Val: 0.133361
--- Saved model to checkpoints/diffusion/diffusion_crumb_fits_seed46/state.pt ---
Epoch 32
Epoch 32 | Loss: 0.025714 | Val: 0.133829
--- Saved model to checkpoints/diffusion/diffusion_crumb_fits_seed46/state.pt ---
Epoch 33
Epoch 33 | Loss: 0.022795 | Val: 0.134836
--- Saved model to checkpoints/diffusion/diffusion_crumb_fits_seed46/state.pt ---
Epoch 34
Epoch 34 | Loss: 0.025935 | Val: 0.133415
--- Saved model to checkpoints/diffusion/diffusion_crumb_fits_seed46/state.pt ---
Epoch 35
Epoch 35 | Loss: 0.021871 | Val: 0.132699
--- Saved model to checkpoints/diffusion/diffusion_crumb_fits_seed46/state.pt ---
Epoch 36
Epoch 36 | Loss: 0.027409 | Val: 0.132932
--- Saved model to checkpoints/diffusion/diffusion_crumb_fits_seed46/state.pt ---
Epoch 37
Epoch 37 | Loss: 0.029733 | Val: 0.132982
--- Saved model to checkpoints/diffusion/diffusion_crumb_fits_seed46/state.pt ---
Epoch 38
Epoch 38 | Loss: 0.023126 | Val: 0.131749
--- Saved model to checkpoints/diffusion/diffusion_crumb_fits_seed46/state.pt ---
Epoch 39
Epoch 39 | Loss: 0.024675 | Val: 0.134134
--- Saved model to checkpoints/diffusion/diffusion_crumb_fits_seed46/state.pt ---
Epoch 40
Epoch 40 | Loss: 0.021599 | Val: 0.132296
FITS files saved to results/diffusion/20260924_230431_diffusion_crumb_fits_seed46_921093/generated_fits
Computing FID/KID/PDF at epoch 40...
  FID: 193.1904 | KID: 0.212261
  Pixel PDF W-dist: 0.4135
--- Saved model to checkpoints/diffusion/diffusion_crumb_fits_seed46/state.pt ---
Epoch 41
Epoch 41 | Loss: 0.024212 | Val: 0.132689
--- Saved model to checkpoints/diffusion/diffusion_crumb_fits_seed46/state.pt ---
Epoch 42
Epoch 42 | Loss: 0.022568 | Val: 0.131891
--- Saved model to checkpoints/diffusion/diffusion_crumb_fits_seed46/state.pt ---
Epoch 43
Epoch 43 | Loss: 0.022518 | Val: 0.134558
--- Saved model to checkpoints/diffusion/diffusion_crumb_fits_seed46/state.pt ---
Epoch 44
Epoch 44 | Loss: 0.023020 | Val: 0.131639
--- Saved model to checkpoints/diffusion/diffusion_crumb_fits_seed46/state.pt ---
Epoch 45
Epoch 45 | Loss: 0.023305 | Val: 0.131338
--- Saved model to checkpoints/diffusion/diffusion_crumb_fits_seed46/state.pt ---
Epoch 46
Epoch 46 | Loss: 0.024631 | Val: 0.131687
--- Saved model to checkpoints/diffusion/diffusion_crumb_fits_seed46/state.pt ---
Epoch 47
Epoch 47 | Loss: 0.022461 | Val: 0.131863
--- Saved model to checkpoints/diffusion/diffusion_crumb_fits_seed46/state.pt ---
Epoch 48
Epoch 48 | Loss: 0.027219 | Val: 0.131639
--- Saved model to checkpoints/diffusion/diffusion_crumb_fits_seed46/state.pt ---
Epoch 49
Epoch 49 | Loss: 0.025397 | Val: 0.135272
--- Saved model to checkpoints/diffusion/diffusion_crumb_fits_seed46/state.pt ---
Epoch 50
Epoch 50 | Loss: 0.023619 | Val: 0.131247
FITS files saved to results/diffusion/20260924_230431_diffusion_crumb_fits_seed46_921093/generated_fits
Computing FID/KID/PDF at epoch 50...
  FID: 178.7883 | KID: 0.170397
  Pixel PDF W-dist: 0.1704
--- Saved model to checkpoints/diffusion/diffusion_crumb_fits_seed46/state.pt ---
Epoch 51
Epoch 51 | Loss: 0.021470 | Val: 0.130734
--- Saved model to checkpoints/diffusion/diffusion_crumb_fits_seed46/state.pt ---
Epoch 52
Epoch 52 | Loss: 0.024632 | Val: 0.130776
--- Saved model to checkpoints/diffusion/diffusion_crumb_fits_seed46/state.pt ---
Epoch 53
Epoch 53 | Loss: 0.019481 | Val: 0.130610
--- Saved model to checkpoints/diffusion/diffusion_crumb_fits_seed46/state.pt ---
Epoch 54
Epoch 54 | Loss: 0.024320 | Val: 0.131247
--- Saved model to checkpoints/diffusion/diffusion_crumb_fits_seed46/state.pt ---
Epoch 55
Epoch 55 | Loss: 0.022948 | Val: 0.131373
--- Saved model to checkpoints/diffusion/diffusion_crumb_fits_seed46/state.pt ---
Epoch 56
Epoch 56 | Loss: 0.023804 | Val: 0.131363
--- Saved model to checkpoints/diffusion/diffusion_crumb_fits_seed46/state.pt ---
Epoch 57
Epoch 57 | Loss: 0.020337 | Val: 0.132010
--- Saved model to checkpoints/diffusion/diffusion_crumb_fits_seed46/state.pt ---
Epoch 58
Epoch 58 | Loss: 0.022343 | Val: 0.130635
--- Saved model to checkpoints/diffusion/diffusion_crumb_fits_seed46/state.pt ---
Epoch 59
Epoch 59 | Loss: 0.025234 | Val: 0.132166
--- Saved model to checkpoints/diffusion/diffusion_crumb_fits_seed46/state.pt ---
Epoch 60
Epoch 60 | Loss: 0.025762 | Val: 0.130882
FITS files saved to results/diffusion/20260924_230431_diffusion_crumb_fits_seed46_921093/generated_fits
Computing FID/KID/PDF at epoch 60...
  FID: 189.8999 | KID: 0.190113
  Pixel PDF W-dist: 0.1820
--- Saved model to checkpoints/diffusion/diffusion_crumb_fits_seed46/state.pt ---
Epoch 61
Epoch 61 | Loss: 0.024609 | Val: 0.130929
--- Saved model to checkpoints/diffusion/diffusion_crumb_fits_seed46/state.pt ---
Epoch 62
Epoch 62 | Loss: 0.020225 | Val: 0.129765
--- Saved model to checkpoints/diffusion/diffusion_crumb_fits_seed46/state.pt ---
Epoch 63
Epoch 63 | Loss: 0.027931 | Val: 0.131821
--- Saved model to checkpoints/diffusion/diffusion_crumb_fits_seed46/state.pt ---
Epoch 64
Epoch 64 | Loss: 0.022700 | Val: 0.131074
--- Saved model to checkpoints/diffusion/diffusion_crumb_fits_seed46/state.pt ---
Epoch 65
Epoch 65 | Loss: 0.024227 | Val: 0.131628
--- Saved model to checkpoints/diffusion/diffusion_crumb_fits_seed46/state.pt ---
Epoch 66
Epoch 66 | Loss: 0.023499 | Val: 0.130850
--- Saved model to checkpoints/diffusion/diffusion_crumb_fits_seed46/state.pt ---
Epoch 67
Epoch 67 | Loss: 0.027653 | Val: 0.131041
--- Saved model to checkpoints/diffusion/diffusion_crumb_fits_seed46/state.pt ---
Epoch 68
Epoch 68 | Loss: 0.019981 | Val: 0.132177
--- Saved model to checkpoints/diffusion/diffusion_crumb_fits_seed46/state.pt ---
Epoch 69
Epoch 69 | Loss: 0.025618 | Val: 0.131560
--- Saved model to checkpoints/diffusion/diffusion_crumb_fits_seed46/state.pt ---
Epoch 70
Epoch 70 | Loss: 0.025307 | Val: 0.130461
FITS files saved to results/diffusion/20260924_230431_diffusion_crumb_fits_seed46_921093/generated_fits
Computing FID/KID/PDF at epoch 70...
  FID: 155.4545 | KID: 0.149501
  Pixel PDF W-dist: 0.0378
--- Saved model to checkpoints/diffusion/diffusion_crumb_fits_seed46/state.pt ---
Epoch 71
Epoch 71 | Loss: 0.022572 | Val: 0.130459
--- Saved model to checkpoints/diffusion/diffusion_crumb_fits_seed46/state.pt ---
Epoch 72
Epoch 72 | Loss: 0.022227 | Val: 0.130035
--- Saved model to checkpoints/diffusion/diffusion_crumb_fits_seed46/state.pt ---
Epoch 73
Epoch 73 | Loss: 0.021978 | Val: 0.131395
--- Saved model to checkpoints/diffusion/diffusion_crumb_fits_seed46/state.pt ---
Epoch 74
Epoch 74 | Loss: 0.028588 | Val: 0.130962
--- Saved model to checkpoints/diffusion/diffusion_crumb_fits_seed46/state.pt ---
Epoch 75
Epoch 75 | Loss: 0.018908 | Val: 0.130748
--- Saved model to checkpoints/diffusion/diffusion_crumb_fits_seed46/state.pt ---
Epoch 76
Epoch 76 | Loss: 0.027654 | Val: 0.132516
--- Saved model to checkpoints/diffusion/diffusion_crumb_fits_seed46/state.pt ---
Epoch 77
Epoch 77 | Loss: 0.027178 | Val: 0.129933
--- Saved model to checkpoints/diffusion/diffusion_crumb_fits_seed46/state.pt ---
Epoch 78
Epoch 78 | Loss: 0.027422 | Val: 0.130668
--- Saved model to checkpoints/diffusion/diffusion_crumb_fits_seed46/state.pt ---
Epoch 79
Epoch 79 | Loss: 0.024695 | Val: 0.130351
--- Saved model to checkpoints/diffusion/diffusion_crumb_fits_seed46/state.pt ---
Epoch 80
Epoch 80 | Loss: 0.021390 | Val: 0.130492
FITS files saved to results/diffusion/20260924_230431_diffusion_crumb_fits_seed46_921093/generated_fits
Computing FID/KID/PDF at epoch 80...
  FID: 175.8864 | KID: 0.155125
  Pixel PDF W-dist: 0.1376
--- Saved model to checkpoints/diffusion/diffusion_crumb_fits_seed46/state.pt ---
Epoch 81
Epoch 81 | Loss: 0.025108 | Val: 0.129738
--- Saved model to checkpoints/diffusion/diffusion_crumb_fits_seed46/state.pt ---
Epoch 82
Epoch 82 | Loss: 0.026643 | Val: 0.129778
--- Saved model to checkpoints/diffusion/diffusion_crumb_fits_seed46/state.pt ---
Epoch 83
Epoch 83 | Loss: 0.024971 | Val: 0.129730
--- Saved model to checkpoints/diffusion/diffusion_crumb_fits_seed46/state.pt ---
Epoch 84
Epoch 84 | Loss: 0.026745 | Val: 0.129760
--- Saved model to checkpoints/diffusion/diffusion_crumb_fits_seed46/state.pt ---
Epoch 85
Epoch 85 | Loss: 0.023958 | Val: 0.130666
--- Saved model to checkpoints/diffusion/diffusion_crumb_fits_seed46/state.pt ---
Epoch 86
Epoch 86 | Loss: 0.020491 | Val: 0.130042
--- Saved model to checkpoints/diffusion/diffusion_crumb_fits_seed46/state.pt ---
Epoch 87
Epoch 87 | Loss: 0.025521 | Val: 0.130885
--- Saved model to checkpoints/diffusion/diffusion_crumb_fits_seed46/state.pt ---
Epoch 88
Epoch 88 | Loss: 0.025012 | Val: 0.130083
--- Saved model to checkpoints/diffusion/diffusion_crumb_fits_seed46/state.pt ---
Epoch 89
Epoch 89 | Loss: 0.023321 | Val: 0.130450
--- Saved model to checkpoints/diffusion/diffusion_crumb_fits_seed46/state.pt ---
Epoch 90
Epoch 90 | Loss: 0.023599 | Val: 0.130483
FITS files saved to results/diffusion/20260924_230431_diffusion_crumb_fits_seed46_921093/generated_fits
Computing FID/KID/PDF at epoch 90...
  FID: 169.9871 | KID: 0.147586
  Pixel PDF W-dist: 0.0861
--- Saved model to checkpoints/diffusion/diffusion_crumb_fits_seed46/state.pt ---
Epoch 91
Epoch 91 | Loss: 0.024575 | Val: 0.129886
--- Saved model to checkpoints/diffusion/diffusion_crumb_fits_seed46/state.pt ---
Epoch 92
Epoch 92 | Loss: 0.023392 | Val: 0.130118
--- Saved model to checkpoints/diffusion/diffusion_crumb_fits_seed46/state.pt ---
Epoch 93
Epoch 93 | Loss: 0.022119 | Val: 0.131766
--- Saved model to checkpoints/diffusion/diffusion_crumb_fits_seed46/state.pt ---
Epoch 94
Epoch 94 | Loss: 0.024501 | Val: 0.129597
--- Saved model to checkpoints/diffusion/diffusion_crumb_fits_seed46/state.pt ---
Epoch 95
Epoch 95 | Loss: 0.023485 | Val: 0.130793
--- Saved model to checkpoints/diffusion/diffusion_crumb_fits_seed46/state.pt ---
Epoch 96
Epoch 96 | Loss: 0.021554 | Val: 0.131128
--- Saved model to checkpoints/diffusion/diffusion_crumb_fits_seed46/state.pt ---
Epoch 97
Epoch 97 | Loss: 0.023074 | Val: 0.130644
--- Saved model to checkpoints/diffusion/diffusion_crumb_fits_seed46/state.pt ---
Epoch 98
Epoch 98 | Loss: 0.020307 | Val: 0.129727
--- Saved model to checkpoints/diffusion/diffusion_crumb_fits_seed46/state.pt ---
Epoch 99
Epoch 99 | Loss: 0.021330 | Val: 0.130218
--- Saved model to checkpoints/diffusion/diffusion_crumb_fits_seed46/state.pt ---
Epoch 100
Epoch 100 | Loss: 0.023992 | Val: 0.129719
FITS files saved to results/diffusion/20260924_230431_diffusion_crumb_fits_seed46_921093/generated_fits
Computing FID/KID/PDF at epoch 100...
  FID: 137.0695 | KID: 0.110085
  Pixel PDF W-dist: 0.0736
--- Saved model to checkpoints/diffusion/diffusion_crumb_fits_seed46/state.pt ---
Epoch 101
Epoch 101 | Loss: 0.023306 | Val: 0.129833
--- Saved model to checkpoints/diffusion/diffusion_crumb_fits_seed46/state.pt ---
Epoch 102
Epoch 102 | Loss: 0.022684 | Val: 0.129397
--- Saved model to checkpoints/diffusion/diffusion_crumb_fits_seed46/state.pt ---
Epoch 103
Epoch 103 | Loss: 0.028080 | Val: 0.129874
--- Saved model to checkpoints/diffusion/diffusion_crumb_fits_seed46/state.pt ---
Epoch 104
Epoch 104 | Loss: 0.026801 | Val: 0.129885
--- Saved model to checkpoints/diffusion/diffusion_crumb_fits_seed46/state.pt ---
Epoch 105
Epoch 105 | Loss: 0.022577 | Val: 0.129419
--- Saved model to checkpoints/diffusion/diffusion_crumb_fits_seed46/state.pt ---
Epoch 106
Epoch 106 | Loss: 0.024852 | Val: 0.129347
--- Saved model to checkpoints/diffusion/diffusion_crumb_fits_seed46/state.pt ---
Epoch 107
Epoch 107 | Loss: 0.021940 | Val: 0.129855
--- Saved model to checkpoints/diffusion/diffusion_crumb_fits_seed46/state.pt ---
Epoch 108
Epoch 108 | Loss: 0.026940 | Val: 0.130205
--- Saved model to checkpoints/diffusion/diffusion_crumb_fits_seed46/state.pt ---
Epoch 109
Epoch 109 | Loss: 0.022840 | Val: 0.129364
--- Saved model to checkpoints/diffusion/diffusion_crumb_fits_seed46/state.pt ---
Epoch 110
Epoch 110 | Loss: 0.022942 | Val: 0.130432
FITS files saved to results/diffusion/20260924_230431_diffusion_crumb_fits_seed46_921093/generated_fits
Computing FID/KID/PDF at epoch 110...
  FID: 135.4844 | KID: 0.093880
  Pixel PDF W-dist: 0.0688
--- Saved model to checkpoints/diffusion/diffusion_crumb_fits_seed46/state.pt ---
Epoch 111
Epoch 111 | Loss: 0.019666 | Val: 0.131072
--- Saved model to checkpoints/diffusion/diffusion_crumb_fits_seed46/state.pt ---
Epoch 112
Epoch 112 | Loss: 0.022029 | Val: 0.129260
--- Saved model to checkpoints/diffusion/diffusion_crumb_fits_seed46/state.pt ---
Epoch 113
Epoch 113 | Loss: 0.023454 | Val: 0.129230
--- Saved model to checkpoints/diffusion/diffusion_crumb_fits_seed46/state.pt ---
Epoch 114
Epoch 114 | Loss: 0.023603 | Val: 0.130765
--- Saved model to checkpoints/diffusion/diffusion_crumb_fits_seed46/state.pt ---
Epoch 115
Epoch 115 | Loss: 0.022762 | Val: 0.129037
--- Saved model to checkpoints/diffusion/diffusion_crumb_fits_seed46/state.pt ---
Epoch 116
Epoch 116 | Loss: 0.020024 | Val: 0.129237
--- Saved model to checkpoints/diffusion/diffusion_crumb_fits_seed46/state.pt ---
Epoch 117
Epoch 117 | Loss: 0.022605 | Val: 0.129093
--- Saved model to checkpoints/diffusion/diffusion_crumb_fits_seed46/state.pt ---
Epoch 118
Epoch 118 | Loss: 0.026941 | Val: 0.128916
--- Saved model to checkpoints/diffusion/diffusion_crumb_fits_seed46/state.pt ---
Epoch 119
Epoch 119 | Loss: 0.021598 | Val: 0.129177
--- Saved model to checkpoints/diffusion/diffusion_crumb_fits_seed46/state.pt ---
Epoch 120
Epoch 120 | Loss: 0.021472 | Val: 0.129969
FITS files saved to results/diffusion/20260924_230431_diffusion_crumb_fits_seed46_921093/generated_fits
Computing FID/KID/PDF at epoch 120...
  FID: 158.1053 | KID: 0.151891
  Pixel PDF W-dist: 0.1249
--- Saved model to checkpoints/diffusion/diffusion_crumb_fits_seed46/state.pt ---
Epoch 121
Epoch 121 | Loss: 0.020428 | Val: 0.129859
--- Saved model to checkpoints/diffusion/diffusion_crumb_fits_seed46/state.pt ---
Epoch 122
Epoch 122 | Loss: 0.023124 | Val: 0.129289
--- Saved model to checkpoints/diffusion/diffusion_crumb_fits_seed46/state.pt ---
Epoch 123
Epoch 123 | Loss: 0.021562 | Val: 0.129142
--- Saved model to checkpoints/diffusion/diffusion_crumb_fits_seed46/state.pt ---
Epoch 124
Epoch 124 | Loss: 0.027959 | Val: 0.129763
--- Saved model to checkpoints/diffusion/diffusion_crumb_fits_seed46/state.pt ---
Epoch 125
Epoch 125 | Loss: 0.019590 | Val: 0.129176
--- Saved model to checkpoints/diffusion/diffusion_crumb_fits_seed46/state.pt ---
Epoch 126
Epoch 126 | Loss: 0.023117 | Val: 0.128752
--- Saved model to checkpoints/diffusion/diffusion_crumb_fits_seed46/state.pt ---
Epoch 127
Epoch 127 | Loss: 0.025841 | Val: 0.130185
--- Saved model to checkpoints/diffusion/diffusion_crumb_fits_seed46/state.pt ---
Epoch 128
Epoch 128 | Loss: 0.023724 | Val: 0.129200
--- Saved model to checkpoints/diffusion/diffusion_crumb_fits_seed46/state.pt ---
Epoch 129
Epoch 129 | Loss: 0.025411 | Val: 0.129073
--- Saved model to checkpoints/diffusion/diffusion_crumb_fits_seed46/state.pt ---
Epoch 130
Epoch 130 | Loss: 0.024009 | Val: 0.128148
FITS files saved to results/diffusion/20260924_230431_diffusion_crumb_fits_seed46_921093/generated_fits
Computing FID/KID/PDF at epoch 130...
  FID: 138.7542 | KID: 0.105728
  Pixel PDF W-dist: 0.0491
--- Saved model to checkpoints/diffusion/diffusion_crumb_fits_seed46/state.pt ---
Epoch 131
Epoch 131 | Loss: 0.021697 | Val: 0.128887
--- Saved model to checkpoints/diffusion/diffusion_crumb_fits_seed46/state.pt ---
Epoch 132
Epoch 132 | Loss: 0.025269 | Val: 0.130660
--- Saved model to checkpoints/diffusion/diffusion_crumb_fits_seed46/state.pt ---
Epoch 133
Epoch 133 | Loss: 0.021372 | Val: 0.129244
--- Saved model to checkpoints/diffusion/diffusion_crumb_fits_seed46/state.pt ---
Epoch 134
Epoch 134 | Loss: 0.018577 | Val: 0.129018
--- Saved model to checkpoints/diffusion/diffusion_crumb_fits_seed46/state.pt ---
Epoch 135
Epoch 135 | Loss: 0.024399 | Val: 0.128287
--- Saved model to checkpoints/diffusion/diffusion_crumb_fits_seed46/state.pt ---
Epoch 136
Epoch 136 | Loss: 0.018470 | Val: 0.129254
--- Saved model to checkpoints/diffusion/diffusion_crumb_fits_seed46/state.pt ---
Epoch 137
Epoch 137 | Loss: 0.019780 | Val: 0.128250
--- Saved model to checkpoints/diffusion/diffusion_crumb_fits_seed46/state.pt ---
Epoch 138
Epoch 138 | Loss: 0.022549 | Val: 0.128668
--- Saved model to checkpoints/diffusion/diffusion_crumb_fits_seed46/state.pt ---
Epoch 139
Epoch 139 | Loss: 0.026686 | Val: 0.130324
--- Saved model to checkpoints/diffusion/diffusion_crumb_fits_seed46/state.pt ---
Epoch 140
Epoch 140 | Loss: 0.023420 | Val: 0.129601
FITS files saved to results/diffusion/20260924_230431_diffusion_crumb_fits_seed46_921093/generated_fits
Computing FID/KID/PDF at epoch 140...
  FID: 107.2744 | KID: 0.074595
  Pixel PDF W-dist: 0.0681
--- Saved model to checkpoints/diffusion/diffusion_crumb_fits_seed46/state.pt ---
Epoch 141
Epoch 141 | Loss: 0.023929 | Val: 0.131407
--- Saved model to checkpoints/diffusion/diffusion_crumb_fits_seed46/state.pt ---
Epoch 142
Epoch 142 | Loss: 0.024629 | Val: 0.129762
--- Saved model to checkpoints/diffusion/diffusion_crumb_fits_seed46/state.pt ---
Epoch 143
Epoch 143 | Loss: 0.025718 | Val: 0.130056
--- Saved model to checkpoints/diffusion/diffusion_crumb_fits_seed46/state.pt ---
Epoch 144
Epoch 144 | Loss: 0.025756 | Val: 0.128831
--- Saved model to checkpoints/diffusion/diffusion_crumb_fits_seed46/state.pt ---
Epoch 145
Epoch 145 | Loss: 0.022785 | Val: 0.130326
--- Saved model to checkpoints/diffusion/diffusion_crumb_fits_seed46/state.pt ---
Epoch 146
Epoch 146 | Loss: 0.022399 | Val: 0.128498
--- Saved model to checkpoints/diffusion/diffusion_crumb_fits_seed46/state.pt ---
Epoch 147
Epoch 147 | Loss: 0.028730 | Val: 0.130183
--- Saved model to checkpoints/diffusion/diffusion_crumb_fits_seed46/state.pt ---
Epoch 148
Epoch 148 | Loss: 0.029284 | Val: 0.130064
--- Saved model to checkpoints/diffusion/diffusion_crumb_fits_seed46/state.pt ---
Epoch 149
Epoch 149 | Loss: 0.019639 | Val: 0.129677
--- Saved model to checkpoints/diffusion/diffusion_crumb_fits_seed46/state.pt ---
Epoch 150
Epoch 150 | Loss: 0.022508 | Val: 0.128955
FITS files saved to results/diffusion/20260924_230431_diffusion_crumb_fits_seed46_921093/generated_fits
Computing FID/KID/PDF at epoch 150...
  FID: 93.1468 | KID: 0.054186
  Pixel PDF W-dist: 0.0363
--- Saved model to checkpoints/diffusion/diffusion_crumb_fits_seed46/state.pt ---
Epoch 151
Epoch 151 | Loss: 0.025087 | Val: 0.129203
--- Saved model to checkpoints/diffusion/diffusion_crumb_fits_seed46/state.pt ---
Epoch 152
Epoch 152 | Loss: 0.026516 | Val: 0.129209
--- Saved model to checkpoints/diffusion/diffusion_crumb_fits_seed46/state.pt ---
Epoch 153
Epoch 153 | Loss: 0.024575 | Val: 0.129184
--- Saved model to checkpoints/diffusion/diffusion_crumb_fits_seed46/state.pt ---
Epoch 154
Epoch 154 | Loss: 0.024935 | Val: 0.129503
--- Saved model to checkpoints/diffusion/diffusion_crumb_fits_seed46/state.pt ---
Epoch 155
Epoch 155 | Loss: 0.021331 | Val: 0.128585
--- Saved model to checkpoints/diffusion/diffusion_crumb_fits_seed46/state.pt ---
Epoch 156
Epoch 156 | Loss: 0.023113 | Val: 0.128854
--- Saved model to checkpoints/diffusion/diffusion_crumb_fits_seed46/state.pt ---
Epoch 157
Epoch 157 | Loss: 0.021793 | Val: 0.129123
--- Saved model to checkpoints/diffusion/diffusion_crumb_fits_seed46/state.pt ---
Epoch 158
Epoch 158 | Loss: 0.028672 | Val: 0.129191
--- Saved model to checkpoints/diffusion/diffusion_crumb_fits_seed46/state.pt ---
Epoch 159
Epoch 159 | Loss: 0.020467 | Val: 0.129446
--- Saved model to checkpoints/diffusion/diffusion_crumb_fits_seed46/state.pt ---
Epoch 160
Epoch 160 | Loss: 0.022332 | Val: 0.129189
FITS files saved to results/diffusion/20260924_230431_diffusion_crumb_fits_seed46_921093/generated_fits
Computing FID/KID/PDF at epoch 160...
  FID: 90.2636 | KID: 0.040590
  Pixel PDF W-dist: 0.0132
--- Saved model to checkpoints/diffusion/diffusion_crumb_fits_seed46/state.pt ---
Epoch 161
Epoch 161 | Loss: 0.019602 | Val: 0.128827
--- Saved model to checkpoints/diffusion/diffusion_crumb_fits_seed46/state.pt ---
Epoch 162
Epoch 162 | Loss: 0.021151 | Val: 0.129746
--- Saved model to checkpoints/diffusion/diffusion_crumb_fits_seed46/state.pt ---
Epoch 163
Epoch 163 | Loss: 0.027039 | Val: 0.128847
--- Saved model to checkpoints/diffusion/diffusion_crumb_fits_seed46/state.pt ---
Epoch 164
Epoch 164 | Loss: 0.022208 | Val: 0.129926
--- Saved model to checkpoints/diffusion/diffusion_crumb_fits_seed46/state.pt ---
Epoch 165
Epoch 165 | Loss: 0.028010 | Val: 0.130155
--- Saved model to checkpoints/diffusion/diffusion_crumb_fits_seed46/state.pt ---
Epoch 166
Epoch 166 | Loss: 0.022930 | Val: 0.127997
--- Saved model to checkpoints/diffusion/diffusion_crumb_fits_seed46/state.pt ---
Epoch 167
Epoch 167 | Loss: 0.024064 | Val: 0.129660
--- Saved model to checkpoints/diffusion/diffusion_crumb_fits_seed46/state.pt ---
Epoch 168
Epoch 168 | Loss: 0.024790 | Val: 0.129005
--- Saved model to checkpoints/diffusion/diffusion_crumb_fits_seed46/state.pt ---
Epoch 169
Epoch 169 | Loss: 0.022632 | Val: 0.129480
--- Saved model to checkpoints/diffusion/diffusion_crumb_fits_seed46/state.pt ---
Epoch 170
Epoch 170 | Loss: 0.023444 | Val: 0.128537
FITS files saved to results/diffusion/20260924_230431_diffusion_crumb_fits_seed46_921093/generated_fits
Computing FID/KID/PDF at epoch 170...
  FID: 94.3104 | KID: 0.050480
  Pixel PDF W-dist: 0.0231
--- Saved model to checkpoints/diffusion/diffusion_crumb_fits_seed46/state.pt ---
Epoch 171
Epoch 171 | Loss: 0.020258 | Val: 0.129723
--- Saved model to checkpoints/diffusion/diffusion_crumb_fits_seed46/state.pt ---
Epoch 172
Epoch 172 | Loss: 0.023050 | Val: 0.129491
--- Saved model to checkpoints/diffusion/diffusion_crumb_fits_seed46/state.pt ---
Epoch 173
Epoch 173 | Loss: 0.022817 | Val: 0.128681
--- Saved model to checkpoints/diffusion/diffusion_crumb_fits_seed46/state.pt ---
Epoch 174
Epoch 174 | Loss: 0.022326 | Val: 0.128895
--- Saved model to checkpoints/diffusion/diffusion_crumb_fits_seed46/state.pt ---
Epoch 175
Epoch 175 | Loss: 0.024283 | Val: 0.128901
--- Saved model to checkpoints/diffusion/diffusion_crumb_fits_seed46/state.pt ---
Epoch 176
Epoch 176 | Loss: 0.023781 | Val: 0.128951
--- Saved model to checkpoints/diffusion/diffusion_crumb_fits_seed46/state.pt ---
Epoch 177
Epoch 177 | Loss: 0.019123 | Val: 0.128877
--- Saved model to checkpoints/diffusion/diffusion_crumb_fits_seed46/state.pt ---
Epoch 178
Epoch 178 | Loss: 0.020162 | Val: 0.129405
--- Saved model to checkpoints/diffusion/diffusion_crumb_fits_seed46/state.pt ---
Epoch 179
Epoch 179 | Loss: 0.023094 | Val: 0.128444
--- Saved model to checkpoints/diffusion/diffusion_crumb_fits_seed46/state.pt ---
Epoch 180
Epoch 180 | Loss: 0.023585 | Val: 0.129175
FITS files saved to results/diffusion/20260924_230431_diffusion_crumb_fits_seed46_921093/generated_fits
Computing FID/KID/PDF at epoch 180...
  FID: 104.7851 | KID: 0.050796
  Pixel PDF W-dist: 0.0193
--- Saved model to checkpoints/diffusion/diffusion_crumb_fits_seed46/state.pt ---
Epoch 181
Epoch 181 | Loss: 0.019376 | Val: 0.129151
--- Saved model to checkpoints/diffusion/diffusion_crumb_fits_seed46/state.pt ---
Epoch 182
Epoch 182 | Loss: 0.026993 | Val: 0.130231
--- Saved model to checkpoints/diffusion/diffusion_crumb_fits_seed46/state.pt ---
Epoch 183
Epoch 183 | Loss: 0.024295 | Val: 0.128745
--- Saved model to checkpoints/diffusion/diffusion_crumb_fits_seed46/state.pt ---
Epoch 184
Epoch 184 | Loss: 0.021117 | Val: 0.128982
--- Saved model to checkpoints/diffusion/diffusion_crumb_fits_seed46/state.pt ---
Epoch 185
Epoch 185 | Loss: 0.022482 | Val: 0.130112
--- Saved model to checkpoints/diffusion/diffusion_crumb_fits_seed46/state.pt ---
Epoch 186
Epoch 186 | Loss: 0.021718 | Val: 0.129106
--- Saved model to checkpoints/diffusion/diffusion_crumb_fits_seed46/state.pt ---
Epoch 187
Epoch 187 | Loss: 0.020381 | Val: 0.130311
--- Saved model to checkpoints/diffusion/diffusion_crumb_fits_seed46/state.pt ---
Epoch 188
Epoch 188 | Loss: 0.022476 | Val: 0.128514
--- Saved model to checkpoints/diffusion/diffusion_crumb_fits_seed46/state.pt ---
Epoch 189
Epoch 189 | Loss: 0.024781 | Val: 0.128560
--- Saved model to checkpoints/diffusion/diffusion_crumb_fits_seed46/state.pt ---
Epoch 190
Epoch 190 | Loss: 0.024233 | Val: 0.129264
FITS files saved to results/diffusion/20260924_230431_diffusion_crumb_fits_seed46_921093/generated_fits
Computing FID/KID/PDF at epoch 190...
  FID: 108.9202 | KID: 0.073257
  Pixel PDF W-dist: 0.0182
--- Saved model to checkpoints/diffusion/diffusion_crumb_fits_seed46/state.pt ---
Epoch 191
Epoch 191 | Loss: 0.028159 | Val: 0.128805
--- Saved model to checkpoints/diffusion/diffusion_crumb_fits_seed46/state.pt ---
Epoch 192
Epoch 192 | Loss: 0.023717 | Val: 0.129105
--- Saved model to checkpoints/diffusion/diffusion_crumb_fits_seed46/state.pt ---
Epoch 193
Epoch 193 | Loss: 0.019753 | Val: 0.128220
--- Saved model to checkpoints/diffusion/diffusion_crumb_fits_seed46/state.pt ---
Epoch 194
Epoch 194 | Loss: 0.024060 | Val: 0.129012
--- Saved model to checkpoints/diffusion/diffusion_crumb_fits_seed46/state.pt ---
Epoch 195
Epoch 195 | Loss: 0.021381 | Val: 0.130168
--- Saved model to checkpoints/diffusion/diffusion_crumb_fits_seed46/state.pt ---
Epoch 196
Epoch 196 | Loss: 0.024849 | Val: 0.129246
--- Saved model to checkpoints/diffusion/diffusion_crumb_fits_seed46/state.pt ---
Epoch 197
Epoch 197 | Loss: 0.025646 | Val: 0.130038
--- Saved model to checkpoints/diffusion/diffusion_crumb_fits_seed46/state.pt ---
Epoch 198
Epoch 198 | Loss: 0.021262 | Val: 0.129379
--- Saved model to checkpoints/diffusion/diffusion_crumb_fits_seed46/state.pt ---
Epoch 199
Epoch 199 | Loss: 0.022764 | Val: 0.129219
--- Saved model to checkpoints/diffusion/diffusion_crumb_fits_seed46/state.pt ---
Epoch 200
Epoch 200 | Loss: 0.024260 | Val: 0.129207
FITS files saved to results/diffusion/20260924_230431_diffusion_crumb_fits_seed46_921093/generated_fits
Computing FID/KID/PDF at epoch 200...
  FID: 80.3188 | KID: 0.029974
  Pixel PDF W-dist: 0.0273
--- Saved model to checkpoints/diffusion/diffusion_crumb_fits_seed46/state.pt ---
Epoch 201
Epoch 201 | Loss: 0.023347 | Val: 0.129297
--- Saved model to checkpoints/diffusion/diffusion_crumb_fits_seed46/state.pt ---
Epoch 202
Epoch 202 | Loss: 0.026077 | Val: 0.128779
--- Saved model to checkpoints/diffusion/diffusion_crumb_fits_seed46/state.pt ---
Epoch 203
Epoch 203 | Loss: 0.022167 | Val: 0.130167
--- Saved model to checkpoints/diffusion/diffusion_crumb_fits_seed46/state.pt ---
Epoch 204
Epoch 204 | Loss: 0.028582 | Val: 0.129457
--- Saved model to checkpoints/diffusion/diffusion_crumb_fits_seed46/state.pt ---
Epoch 205
Epoch 205 | Loss: 0.020726 | Val: 0.128889
--- Saved model to checkpoints/diffusion/diffusion_crumb_fits_seed46/state.pt ---
Epoch 206
Epoch 206 | Loss: 0.024397 | Val: 0.130224
--- Saved model to checkpoints/diffusion/diffusion_crumb_fits_seed46/state.pt ---
Epoch 207
Epoch 207 | Loss: 0.021426 | Val: 0.129636
--- Saved model to checkpoints/diffusion/diffusion_crumb_fits_seed46/state.pt ---
Epoch 208
Epoch 208 | Loss: 0.021271 | Val: 0.128865
--- Saved model to checkpoints/diffusion/diffusion_crumb_fits_seed46/state.pt ---
Epoch 209
Epoch 209 | Loss: 0.023722 | Val: 0.128482
--- Saved model to checkpoints/diffusion/diffusion_crumb_fits_seed46/state.pt ---
Epoch 210
Epoch 210 | Loss: 0.022496 | Val: 0.128752
FITS files saved to results/diffusion/20260924_230431_diffusion_crumb_fits_seed46_921093/generated_fits
Computing FID/KID/PDF at epoch 210...
  FID: 76.5599 | KID: 0.024512
  Pixel PDF W-dist: 0.0117
--- Saved model to checkpoints/diffusion/diffusion_crumb_fits_seed46/state.pt ---
Epoch 211
Epoch 211 | Loss: 0.016869 | Val: 0.129085
--- Saved model to checkpoints/diffusion/diffusion_crumb_fits_seed46/state.pt ---
Epoch 212
Epoch 212 | Loss: 0.019942 | Val: 0.128782
--- Saved model to checkpoints/diffusion/diffusion_crumb_fits_seed46/state.pt ---
Epoch 213
Epoch 213 | Loss: 0.020475 | Val: 0.132389
--- Saved model to checkpoints/diffusion/diffusion_crumb_fits_seed46/state.pt ---
Epoch 214
Epoch 214 | Loss: 0.023981 | Val: 0.128544
--- Saved model to checkpoints/diffusion/diffusion_crumb_fits_seed46/state.pt ---
Epoch 215
Epoch 215 | Loss: 0.020092 | Val: 0.129005
--- Saved model to checkpoints/diffusion/diffusion_crumb_fits_seed46/state.pt ---
Epoch 216
Epoch 216 | Loss: 0.025655 | Val: 0.130765
--- Saved model to checkpoints/diffusion/diffusion_crumb_fits_seed46/state.pt ---
Epoch 217
Epoch 217 | Loss: 0.022052 | Val: 0.129414
--- Saved model to checkpoints/diffusion/diffusion_crumb_fits_seed46/state.pt ---
Epoch 218
Epoch 218 | Loss: 0.025856 | Val: 0.129382
--- Saved model to checkpoints/diffusion/diffusion_crumb_fits_seed46/state.pt ---
Epoch 219
Epoch 219 | Loss: 0.018958 | Val: 0.129080
--- Saved model to checkpoints/diffusion/diffusion_crumb_fits_seed46/state.pt ---
Epoch 220
Epoch 220 | Loss: 0.023861 | Val: 0.129556
FITS files saved to results/diffusion/20260924_230431_diffusion_crumb_fits_seed46_921093/generated_fits
Computing FID/KID/PDF at epoch 220...
  FID: 85.9251 | KID: 0.041635
  Pixel PDF W-dist: 0.0184
--- Saved model to checkpoints/diffusion/diffusion_crumb_fits_seed46/state.pt ---
Epoch 221
Epoch 221 | Loss: 0.022332 | Val: 0.129015
--- Saved model to checkpoints/diffusion/diffusion_crumb_fits_seed46/state.pt ---
Epoch 222
Epoch 222 | Loss: 0.022190 | Val: 0.128927
--- Saved model to checkpoints/diffusion/diffusion_crumb_fits_seed46/state.pt ---
Epoch 223
Epoch 223 | Loss: 0.025521 | Val: 0.128470
--- Saved model to checkpoints/diffusion/diffusion_crumb_fits_seed46/state.pt ---
Epoch 224
Epoch 224 | Loss: 0.024369 | Val: 0.128578
--- Saved model to checkpoints/diffusion/diffusion_crumb_fits_seed46/state.pt ---
Epoch 225
Epoch 225 | Loss: 0.024116 | Val: 0.128876
--- Saved model to checkpoints/diffusion/diffusion_crumb_fits_seed46/state.pt ---
Epoch 226
Epoch 226 | Loss: 0.024689 | Val: 0.129965
--- Saved model to checkpoints/diffusion/diffusion_crumb_fits_seed46/state.pt ---
Epoch 227
Epoch 227 | Loss: 0.027842 | Val: 0.129123
--- Saved model to checkpoints/diffusion/diffusion_crumb_fits_seed46/state.pt ---
Epoch 228
Epoch 228 | Loss: 0.023347 | Val: 0.128839
--- Saved model to checkpoints/diffusion/diffusion_crumb_fits_seed46/state.pt ---
Epoch 229
Epoch 229 | Loss: 0.021094 | Val: 0.129398
--- Saved model to checkpoints/diffusion/diffusion_crumb_fits_seed46/state.pt ---
Epoch 230
Epoch 230 | Loss: 0.021271 | Val: 0.130096
FITS files saved to results/diffusion/20260924_230431_diffusion_crumb_fits_seed46_921093/generated_fits
Computing FID/KID/PDF at epoch 230...
  FID: 93.6646 | KID: 0.042945
  Pixel PDF W-dist: 0.0132
--- Saved model to checkpoints/diffusion/diffusion_crumb_fits_seed46/state.pt ---
Epoch 231
Epoch 231 | Loss: 0.024269 | Val: 0.131339
--- Saved model to checkpoints/diffusion/diffusion_crumb_fits_seed46/state.pt ---
Epoch 232
Epoch 232 | Loss: 0.027841 | Val: 0.130234
--- Saved model to checkpoints/diffusion/diffusion_crumb_fits_seed46/state.pt ---
Epoch 233
Epoch 233 | Loss: 0.023354 | Val: 0.129227
--- Saved model to checkpoints/diffusion/diffusion_crumb_fits_seed46/state.pt ---
Epoch 234
Epoch 234 | Loss: 0.018341 | Val: 0.128950
--- Saved model to checkpoints/diffusion/diffusion_crumb_fits_seed46/state.pt ---
Epoch 235
Epoch 235 | Loss: 0.018877 | Val: 0.130105
--- Saved model to checkpoints/diffusion/diffusion_crumb_fits_seed46/state.pt ---
Epoch 236
Epoch 236 | Loss: 0.024628 | Val: 0.128991
--- Saved model to checkpoints/diffusion/diffusion_crumb_fits_seed46/state.pt ---
Epoch 237
Epoch 237 | Loss: 0.023733 | Val: 0.129268
--- Saved model to checkpoints/diffusion/diffusion_crumb_fits_seed46/state.pt ---
Epoch 238
Epoch 238 | Loss: 0.025255 | Val: 0.128615
--- Saved model to checkpoints/diffusion/diffusion_crumb_fits_seed46/state.pt ---
Epoch 239
Epoch 239 | Loss: 0.023078 | Val: 0.129607
--- Saved model to checkpoints/diffusion/diffusion_crumb_fits_seed46/state.pt ---
Epoch 240
Epoch 240 | Loss: 0.022166 | Val: 0.128826
FITS files saved to results/diffusion/20260924_230431_diffusion_crumb_fits_seed46_921093/generated_fits
Computing FID/KID/PDF at epoch 240...
  FID: 98.7442 | KID: 0.042874
  Pixel PDF W-dist: 0.0138
--- Saved model to checkpoints/diffusion/diffusion_crumb_fits_seed46/state.pt ---
Epoch 241
Epoch 241 | Loss: 0.022718 | Val: 0.129522
--- Saved model to checkpoints/diffusion/diffusion_crumb_fits_seed46/state.pt ---
Epoch 242
Epoch 242 | Loss: 0.022228 | Val: 0.128390
--- Saved model to checkpoints/diffusion/diffusion_crumb_fits_seed46/state.pt ---
Epoch 243
Epoch 243 | Loss: 0.023897 | Val: 0.129632
--- Saved model to checkpoints/diffusion/diffusion_crumb_fits_seed46/state.pt ---
Epoch 244
Epoch 244 | Loss: 0.019920 | Val: 0.128457
--- Saved model to checkpoints/diffusion/diffusion_crumb_fits_seed46/state.pt ---
Epoch 245
Epoch 245 | Loss: 0.023935 | Val: 0.129132
--- Saved model to checkpoints/diffusion/diffusion_crumb_fits_seed46/state.pt ---
Epoch 246
Epoch 246 | Loss: 0.023354 | Val: 0.130878
--- Saved model to checkpoints/diffusion/diffusion_crumb_fits_seed46/state.pt ---
Epoch 247
Epoch 247 | Loss: 0.021782 | Val: 0.129509
--- Saved model to checkpoints/diffusion/diffusion_crumb_fits_seed46/state.pt ---
Epoch 248
Epoch 248 | Loss: 0.022270 | Val: 0.129590
--- Saved model to checkpoints/diffusion/diffusion_crumb_fits_seed46/state.pt ---
Epoch 249
Epoch 249 | Loss: 0.027807 | Val: 0.129306
--- Saved model to checkpoints/diffusion/diffusion_crumb_fits_seed46/state.pt ---
Epoch 250
Epoch 250 | Loss: 0.022623 | Val: 0.128706
FITS files saved to results/diffusion/20260924_230431_diffusion_crumb_fits_seed46_921093/generated_fits
Computing FID/KID/PDF at epoch 250...
  FID: 92.5280 | KID: 0.050407
  Pixel PDF W-dist: 0.0185
--- Saved model to checkpoints/diffusion/diffusion_crumb_fits_seed46/state.pt ---
Epoch 251
Epoch 251 | Loss: 0.031660 | Val: 0.129475
--- Saved model to checkpoints/diffusion/diffusion_crumb_fits_seed46/state.pt ---
Epoch 252
Epoch 252 | Loss: 0.021733 | Val: 0.129848
--- Saved model to checkpoints/diffusion/diffusion_crumb_fits_seed46/state.pt ---
Epoch 253
Epoch 253 | Loss: 0.024200 | Val: 0.128341
--- Saved model to checkpoints/diffusion/diffusion_crumb_fits_seed46/state.pt ---
Epoch 254
Epoch 254 | Loss: 0.023065 | Val: 0.130553
--- Saved model to checkpoints/diffusion/diffusion_crumb_fits_seed46/state.pt ---
Epoch 255
Epoch 255 | Loss: 0.021787 | Val: 0.128790
--- Saved model to checkpoints/diffusion/diffusion_crumb_fits_seed46/state.pt ---
Epoch 256
Epoch 256 | Loss: 0.022679 | Val: 0.128864
--- Saved model to checkpoints/diffusion/diffusion_crumb_fits_seed46/state.pt ---
Epoch 257
Epoch 257 | Loss: 0.023399 | Val: 0.129455
--- Saved model to checkpoints/diffusion/diffusion_crumb_fits_seed46/state.pt ---
Epoch 258
Epoch 258 | Loss: 0.023275 | Val: 0.129425
--- Saved model to checkpoints/diffusion/diffusion_crumb_fits_seed46/state.pt ---
Epoch 259
Epoch 259 | Loss: 0.023982 | Val: 0.128558
--- Saved model to checkpoints/diffusion/diffusion_crumb_fits_seed46/state.pt ---
Epoch 260
[2026-09-25T11:01:27.065] error: *** JOB 921093 ON gpu-004 CANCELLED AT 2026-09-25T11:01:27 DUE TO TIME LIMIT ***
