CUDA Memory Cleared. Current VRAM Usage: 0.00 MB
On device cuda
Getting data loader crumb_fits
Loaded FITS stats: noise_rms=0.000324, peak_log=4.066700
Loaded FITS stats: noise_rms=0.000324, peak_log=4.066700
Total unique classes found: 2
Label IDs: [0, 1]
Total images in dataset: 1789
Total batches: 157 (at batch size 8)

============================================================
Run 1/1  |  seed=42  |  tag=diffusion_crumb_fits  |  results -> results/diffusion/20260917_101657_diffusion_crumb_fits_912851
============================================================

Training diffusion for 200 epochs
Epoch 0
/idia/users/bevan/pid-radast/classifier-guided-physics-informed-diffusion/.venv/lib/python3.11/site-packages/diffusers/configuration_utils.py:139: FutureWarning: Accessing config attribute `num_train_timesteps` directly via 'DDPMScheduler' object attribute is deprecated. Please access 'num_train_timesteps' over 'DDPMScheduler's config object instead, e.g. 'scheduler.config.num_train_timesteps'.
  deprecate("direct config name access", "1.0.0", deprecation_message, standard_warn=False)
/idia/users/bevan/pid-radast/classifier-guided-physics-informed-diffusion/.venv/lib/python3.11/site-packages/diffusers/models/attention_processor.py:1259: UserWarning: Memory Efficient attention is a non-deterministic algorithm. To explicitly disable Memory Efficient attention call torch.use_deterministic_algorithms(True, warn_only=False). (Triggered internally at ../aten/src/ATen/native/transformers/cuda/sdp_utils.h:419.)
  hidden_states = F.scaled_dot_product_attention(
/idia/users/bevan/pid-radast/classifier-guided-physics-informed-diffusion/.venv/lib/python3.11/site-packages/torchmetrics/utilities/prints.py:43: UserWarning: Metric `Kernel Inception Distance` will save all extracted features in buffer. For large datasets this may lead to large memory footprint.
  warnings.warn(*args, **kwargs)
Epoch 0 | Loss: 0.069929 | Val: 0.149740
FITS files saved to results/diffusion/20260917_101657_diffusion_crumb_fits_912851/generated_fits
Computing FID/KID/PDF at epoch 0...
  FID: 184.9409 | KID: 0.216709
  Pixel PDF W-dist: 0.0699
--- Saved model to checkpoints/diffusion/diffusion_crumb_fits/state.pt ---
Epoch 1
Epoch 1 | Loss: 0.032018 | Val: 0.140795
--- Saved model to checkpoints/diffusion/diffusion_crumb_fits/state.pt ---
Epoch 2
Epoch 2 | Loss: 0.023449 | Val: 0.141347
--- Saved model to checkpoints/diffusion/diffusion_crumb_fits/state.pt ---
Epoch 3
Epoch 3 | Loss: 0.030042 | Val: 0.139757
--- Saved model to checkpoints/diffusion/diffusion_crumb_fits/state.pt ---
Epoch 4
Epoch 4 | Loss: 0.023663 | Val: 0.135048
--- Saved model to checkpoints/diffusion/diffusion_crumb_fits/state.pt ---
Epoch 5
Epoch 5 | Loss: 0.022414 | Val: 0.140665
--- Saved model to checkpoints/diffusion/diffusion_crumb_fits/state.pt ---
Epoch 6
Epoch 6 | Loss: 0.027387 | Val: 0.135974
--- Saved model to checkpoints/diffusion/diffusion_crumb_fits/state.pt ---
Epoch 7
Epoch 7 | Loss: 0.026718 | Val: 0.138100
--- Saved model to checkpoints/diffusion/diffusion_crumb_fits/state.pt ---
Epoch 8
Epoch 8 | Loss: 0.023503 | Val: 0.137306
--- Saved model to checkpoints/diffusion/diffusion_crumb_fits/state.pt ---
Epoch 9
Epoch 9 | Loss: 0.027476 | Val: 0.136021
--- Saved model to checkpoints/diffusion/diffusion_crumb_fits/state.pt ---
Epoch 10
Epoch 10 | Loss: 0.026396 | Val: 0.136589
FITS files saved to results/diffusion/20260917_101657_diffusion_crumb_fits_912851/generated_fits
Computing FID/KID/PDF at epoch 10...
  FID: 158.5794 | KID: 0.143915
  Pixel PDF W-dist: 0.2220
--- Saved model to checkpoints/diffusion/diffusion_crumb_fits/state.pt ---
Epoch 11
Epoch 11 | Loss: 0.025881 | Val: 0.135163
--- Saved model to checkpoints/diffusion/diffusion_crumb_fits/state.pt ---
Epoch 12
Epoch 12 | Loss: 0.025588 | Val: 0.134259
--- Saved model to checkpoints/diffusion/diffusion_crumb_fits/state.pt ---
Epoch 13
Epoch 13 | Loss: 0.025499 | Val: 0.136879
--- Saved model to checkpoints/diffusion/diffusion_crumb_fits/state.pt ---
Epoch 14
Epoch 14 | Loss: 0.022149 | Val: 0.134616
--- Saved model to checkpoints/diffusion/diffusion_crumb_fits/state.pt ---
Epoch 15
Epoch 15 | Loss: 0.024593 | Val: 0.133414
--- Saved model to checkpoints/diffusion/diffusion_crumb_fits/state.pt ---
Epoch 16
Epoch 16 | Loss: 0.026210 | Val: 0.134235
--- Saved model to checkpoints/diffusion/diffusion_crumb_fits/state.pt ---
Epoch 17
Epoch 17 | Loss: 0.025755 | Val: 0.135588
--- Saved model to checkpoints/diffusion/diffusion_crumb_fits/state.pt ---
Epoch 18
Epoch 18 | Loss: 0.025818 | Val: 0.135226
--- Saved model to checkpoints/diffusion/diffusion_crumb_fits/state.pt ---
Epoch 19
Epoch 19 | Loss: 0.020773 | Val: 0.134228
--- Saved model to checkpoints/diffusion/diffusion_crumb_fits/state.pt ---
Epoch 20
Epoch 20 | Loss: 0.025093 | Val: 0.132959
FITS files saved to results/diffusion/20260917_101657_diffusion_crumb_fits_912851/generated_fits
Computing FID/KID/PDF at epoch 20...
  FID: 214.9877 | KID: 0.229903
  Pixel PDF W-dist: 0.3739
--- Saved model to checkpoints/diffusion/diffusion_crumb_fits/state.pt ---
Epoch 21
Epoch 21 | Loss: 0.028021 | Val: 0.134485
--- Saved model to checkpoints/diffusion/diffusion_crumb_fits/state.pt ---
Epoch 22
Epoch 22 | Loss: 0.024599 | Val: 0.133607
--- Saved model to checkpoints/diffusion/diffusion_crumb_fits/state.pt ---
Epoch 23
Epoch 23 | Loss: 0.023941 | Val: 0.133254
--- Saved model to checkpoints/diffusion/diffusion_crumb_fits/state.pt ---
Epoch 24
Epoch 24 | Loss: 0.025716 | Val: 0.132832
--- Saved model to checkpoints/diffusion/diffusion_crumb_fits/state.pt ---
Epoch 25
Epoch 25 | Loss: 0.022305 | Val: 0.133441
--- Saved model to checkpoints/diffusion/diffusion_crumb_fits/state.pt ---
Epoch 26
Epoch 26 | Loss: 0.024716 | Val: 0.132631
--- Saved model to checkpoints/diffusion/diffusion_crumb_fits/state.pt ---
Epoch 27
Epoch 27 | Loss: 0.022289 | Val: 0.134394
--- Saved model to checkpoints/diffusion/diffusion_crumb_fits/state.pt ---
Epoch 28
Epoch 28 | Loss: 0.025341 | Val: 0.133806
--- Saved model to checkpoints/diffusion/diffusion_crumb_fits/state.pt ---
Epoch 29
Epoch 29 | Loss: 0.024712 | Val: 0.133389
--- Saved model to checkpoints/diffusion/diffusion_crumb_fits/state.pt ---
Epoch 30
Epoch 30 | Loss: 0.019976 | Val: 0.132603
FITS files saved to results/diffusion/20260917_101657_diffusion_crumb_fits_912851/generated_fits
Computing FID/KID/PDF at epoch 30...
  FID: 159.2384 | KID: 0.163527
  Pixel PDF W-dist: 0.3574
--- Saved model to checkpoints/diffusion/diffusion_crumb_fits/state.pt ---
Epoch 31
Epoch 31 | Loss: 0.026086 | Val: 0.133059
--- Saved model to checkpoints/diffusion/diffusion_crumb_fits/state.pt ---
Epoch 32
Epoch 32 | Loss: 0.026993 | Val: 0.134711
--- Saved model to checkpoints/diffusion/diffusion_crumb_fits/state.pt ---
Epoch 33
Epoch 33 | Loss: 0.022205 | Val: 0.135724
--- Saved model to checkpoints/diffusion/diffusion_crumb_fits/state.pt ---
Epoch 34
Epoch 34 | Loss: 0.024126 | Val: 0.135746
--- Saved model to checkpoints/diffusion/diffusion_crumb_fits/state.pt ---
Epoch 35
Epoch 35 | Loss: 0.021648 | Val: 0.133527
--- Saved model to checkpoints/diffusion/diffusion_crumb_fits/state.pt ---
Epoch 36
Epoch 36 | Loss: 0.026327 | Val: 0.135606
--- Saved model to checkpoints/diffusion/diffusion_crumb_fits/state.pt ---
Epoch 37
Epoch 37 | Loss: 0.027000 | Val: 0.132552
--- Saved model to checkpoints/diffusion/diffusion_crumb_fits/state.pt ---
Epoch 38
Epoch 38 | Loss: 0.022485 | Val: 0.134498
--- Saved model to checkpoints/diffusion/diffusion_crumb_fits/state.pt ---
Epoch 39
Epoch 39 | Loss: 0.021882 | Val: 0.132154
--- Saved model to checkpoints/diffusion/diffusion_crumb_fits/state.pt ---
Epoch 40
Epoch 40 | Loss: 0.024891 | Val: 0.131973
FITS files saved to results/diffusion/20260917_101657_diffusion_crumb_fits_912851/generated_fits
Computing FID/KID/PDF at epoch 40...
  FID: 171.9101 | KID: 0.179056
  Pixel PDF W-dist: 0.1912
--- Saved model to checkpoints/diffusion/diffusion_crumb_fits/state.pt ---
Epoch 41
Epoch 41 | Loss: 0.025294 | Val: 0.132686
--- Saved model to checkpoints/diffusion/diffusion_crumb_fits/state.pt ---
Epoch 42
Epoch 42 | Loss: 0.024271 | Val: 0.131813
--- Saved model to checkpoints/diffusion/diffusion_crumb_fits/state.pt ---
Epoch 43
Epoch 43 | Loss: 0.026477 | Val: 0.131568
--- Saved model to checkpoints/diffusion/diffusion_crumb_fits/state.pt ---
Epoch 44
Epoch 44 | Loss: 0.023836 | Val: 0.132980
--- Saved model to checkpoints/diffusion/diffusion_crumb_fits/state.pt ---
Epoch 45
Epoch 45 | Loss: 0.026485 | Val: 0.134011
--- Saved model to checkpoints/diffusion/diffusion_crumb_fits/state.pt ---
Epoch 46
Epoch 46 | Loss: 0.022860 | Val: 0.132009
--- Saved model to checkpoints/diffusion/diffusion_crumb_fits/state.pt ---
Epoch 47
Epoch 47 | Loss: 0.024814 | Val: 0.131259
--- Saved model to checkpoints/diffusion/diffusion_crumb_fits/state.pt ---
Epoch 48
Epoch 48 | Loss: 0.024038 | Val: 0.132791
--- Saved model to checkpoints/diffusion/diffusion_crumb_fits/state.pt ---
Epoch 49
Epoch 49 | Loss: 0.022123 | Val: 0.135648
--- Saved model to checkpoints/diffusion/diffusion_crumb_fits/state.pt ---
Epoch 50
Epoch 50 | Loss: 0.019721 | Val: 0.132680
FITS files saved to results/diffusion/20260917_101657_diffusion_crumb_fits_912851/generated_fits
Computing FID/KID/PDF at epoch 50...
  FID: 167.4597 | KID: 0.148909
  Pixel PDF W-dist: 0.2374
--- Saved model to checkpoints/diffusion/diffusion_crumb_fits/state.pt ---
Epoch 51
Epoch 51 | Loss: 0.023405 | Val: 0.132780
--- Saved model to checkpoints/diffusion/diffusion_crumb_fits/state.pt ---
Epoch 52
Epoch 52 | Loss: 0.025417 | Val: 0.133521
--- Saved model to checkpoints/diffusion/diffusion_crumb_fits/state.pt ---
Epoch 53
Epoch 53 | Loss: 0.021108 | Val: 0.131888
--- Saved model to checkpoints/diffusion/diffusion_crumb_fits/state.pt ---
Epoch 54
Epoch 54 | Loss: 0.024069 | Val: 0.132146
--- Saved model to checkpoints/diffusion/diffusion_crumb_fits/state.pt ---
Epoch 55
Epoch 55 | Loss: 0.024987 | Val: 0.135436
--- Saved model to checkpoints/diffusion/diffusion_crumb_fits/state.pt ---
Epoch 56
Epoch 56 | Loss: 0.022401 | Val: 0.132736
--- Saved model to checkpoints/diffusion/diffusion_crumb_fits/state.pt ---
Epoch 57
Epoch 57 | Loss: 0.024533 | Val: 0.132275
--- Saved model to checkpoints/diffusion/diffusion_crumb_fits/state.pt ---
Epoch 58
Epoch 58 | Loss: 0.024121 | Val: 0.131542
--- Saved model to checkpoints/diffusion/diffusion_crumb_fits/state.pt ---
Epoch 59
Epoch 59 | Loss: 0.019677 | Val: 0.132262
--- Saved model to checkpoints/diffusion/diffusion_crumb_fits/state.pt ---
Epoch 60
Epoch 60 | Loss: 0.026958 | Val: 0.132257
FITS files saved to results/diffusion/20260917_101657_diffusion_crumb_fits_912851/generated_fits
Computing FID/KID/PDF at epoch 60...
  FID: 156.8340 | KID: 0.139945
  Pixel PDF W-dist: 0.1665
--- Saved model to checkpoints/diffusion/diffusion_crumb_fits/state.pt ---
Epoch 61
Epoch 61 | Loss: 0.023952 | Val: 0.136081
--- Saved model to checkpoints/diffusion/diffusion_crumb_fits/state.pt ---
Epoch 62
Epoch 62 | Loss: 0.019842 | Val: 0.131399
--- Saved model to checkpoints/diffusion/diffusion_crumb_fits/state.pt ---
Epoch 63
Epoch 63 | Loss: 0.027084 | Val: 0.131088
--- Saved model to checkpoints/diffusion/diffusion_crumb_fits/state.pt ---
Epoch 64
Epoch 64 | Loss: 0.021166 | Val: 0.130376
--- Saved model to checkpoints/diffusion/diffusion_crumb_fits/state.pt ---
Epoch 65
Epoch 65 | Loss: 0.025753 | Val: 0.131102
--- Saved model to checkpoints/diffusion/diffusion_crumb_fits/state.pt ---
Epoch 66
Epoch 66 | Loss: 0.025710 | Val: 0.131266
--- Saved model to checkpoints/diffusion/diffusion_crumb_fits/state.pt ---
Epoch 67
Epoch 67 | Loss: 0.027416 | Val: 0.130882
--- Saved model to checkpoints/diffusion/diffusion_crumb_fits/state.pt ---
Epoch 68
Epoch 68 | Loss: 0.020332 | Val: 0.130140
--- Saved model to checkpoints/diffusion/diffusion_crumb_fits/state.pt ---
Epoch 69
Epoch 69 | Loss: 0.021583 | Val: 0.130605
--- Saved model to checkpoints/diffusion/diffusion_crumb_fits/state.pt ---
Epoch 70
Epoch 70 | Loss: 0.018033 | Val: 0.130992
FITS files saved to results/diffusion/20260917_101657_diffusion_crumb_fits_912851/generated_fits
Computing FID/KID/PDF at epoch 70...
  FID: 169.0939 | KID: 0.161806
  Pixel PDF W-dist: 0.1931
--- Saved model to checkpoints/diffusion/diffusion_crumb_fits/state.pt ---
Epoch 71
Epoch 71 | Loss: 0.031327 | Val: 0.130255
--- Saved model to checkpoints/diffusion/diffusion_crumb_fits/state.pt ---
Epoch 72
Epoch 72 | Loss: 0.025137 | Val: 0.131965
--- Saved model to checkpoints/diffusion/diffusion_crumb_fits/state.pt ---
Epoch 73
Epoch 73 | Loss: 0.016839 | Val: 0.132332
--- Saved model to checkpoints/diffusion/diffusion_crumb_fits/state.pt ---
Epoch 74
Epoch 74 | Loss: 0.028055 | Val: 0.130176
--- Saved model to checkpoints/diffusion/diffusion_crumb_fits/state.pt ---
Epoch 75
Epoch 75 | Loss: 0.022706 | Val: 0.130273
--- Saved model to checkpoints/diffusion/diffusion_crumb_fits/state.pt ---
Epoch 76
Epoch 76 | Loss: 0.021528 | Val: 0.132030
--- Saved model to checkpoints/diffusion/diffusion_crumb_fits/state.pt ---
Epoch 77
Epoch 77 | Loss: 0.023393 | Val: 0.131224
--- Saved model to checkpoints/diffusion/diffusion_crumb_fits/state.pt ---
Epoch 78
Epoch 78 | Loss: 0.024744 | Val: 0.132051
--- Saved model to checkpoints/diffusion/diffusion_crumb_fits/state.pt ---
Epoch 79
Epoch 79 | Loss: 0.021132 | Val: 0.131682
--- Saved model to checkpoints/diffusion/diffusion_crumb_fits/state.pt ---
Epoch 80
Epoch 80 | Loss: 0.029604 | Val: 0.130771
FITS files saved to results/diffusion/20260917_101657_diffusion_crumb_fits_912851/generated_fits
Computing FID/KID/PDF at epoch 80...
  FID: 152.0901 | KID: 0.135747
  Pixel PDF W-dist: 0.0910
--- Saved model to checkpoints/diffusion/diffusion_crumb_fits/state.pt ---
Epoch 81
Epoch 81 | Loss: 0.021493 | Val: 0.130214
--- Saved model to checkpoints/diffusion/diffusion_crumb_fits/state.pt ---
Epoch 82
Epoch 82 | Loss: 0.022413 | Val: 0.130420
--- Saved model to checkpoints/diffusion/diffusion_crumb_fits/state.pt ---
Epoch 83
Epoch 83 | Loss: 0.023539 | Val: 0.131291
--- Saved model to checkpoints/diffusion/diffusion_crumb_fits/state.pt ---
Epoch 84
Epoch 84 | Loss: 0.026074 | Val: 0.130989
--- Saved model to checkpoints/diffusion/diffusion_crumb_fits/state.pt ---
Epoch 85
Epoch 85 | Loss: 0.026737 | Val: 0.129952
--- Saved model to checkpoints/diffusion/diffusion_crumb_fits/state.pt ---
Epoch 86
Epoch 86 | Loss: 0.024768 | Val: 0.132028
--- Saved model to checkpoints/diffusion/diffusion_crumb_fits/state.pt ---
Epoch 87
Epoch 87 | Loss: 0.020856 | Val: 0.129789
--- Saved model to checkpoints/diffusion/diffusion_crumb_fits/state.pt ---
Epoch 88
Epoch 88 | Loss: 0.023620 | Val: 0.129238
--- Saved model to checkpoints/diffusion/diffusion_crumb_fits/state.pt ---
Epoch 89
Epoch 89 | Loss: 0.031583 | Val: 0.130829
--- Saved model to checkpoints/diffusion/diffusion_crumb_fits/state.pt ---
Epoch 90
Epoch 90 | Loss: 0.024086 | Val: 0.129598
FITS files saved to results/diffusion/20260917_101657_diffusion_crumb_fits_912851/generated_fits
Computing FID/KID/PDF at epoch 90...
  FID: 157.2315 | KID: 0.147285
  Pixel PDF W-dist: 0.1559
--- Saved model to checkpoints/diffusion/diffusion_crumb_fits/state.pt ---
Epoch 91
Epoch 91 | Loss: 0.024598 | Val: 0.129103
--- Saved model to checkpoints/diffusion/diffusion_crumb_fits/state.pt ---
Epoch 92
Epoch 92 | Loss: 0.022891 | Val: 0.130017
--- Saved model to checkpoints/diffusion/diffusion_crumb_fits/state.pt ---
Epoch 93
Epoch 93 | Loss: 0.024012 | Val: 0.130350
--- Saved model to checkpoints/diffusion/diffusion_crumb_fits/state.pt ---
Epoch 94
Epoch 94 | Loss: 0.022591 | Val: 0.129246
--- Saved model to checkpoints/diffusion/diffusion_crumb_fits/state.pt ---
Epoch 95
Epoch 95 | Loss: 0.021378 | Val: 0.129525
--- Saved model to checkpoints/diffusion/diffusion_crumb_fits/state.pt ---
Epoch 96
Epoch 96 | Loss: 0.021199 | Val: 0.129571
--- Saved model to checkpoints/diffusion/diffusion_crumb_fits/state.pt ---
Epoch 97
Epoch 97 | Loss: 0.025004 | Val: 0.129913
--- Saved model to checkpoints/diffusion/diffusion_crumb_fits/state.pt ---
Epoch 98
Epoch 98 | Loss: 0.024899 | Val: 0.129242
--- Saved model to checkpoints/diffusion/diffusion_crumb_fits/state.pt ---
Epoch 99
Epoch 99 | Loss: 0.025656 | Val: 0.130492
--- Saved model to checkpoints/diffusion/diffusion_crumb_fits/state.pt ---
Epoch 100
Epoch 100 | Loss: 0.024028 | Val: 0.129947
FITS files saved to results/diffusion/20260917_101657_diffusion_crumb_fits_912851/generated_fits
Computing FID/KID/PDF at epoch 100...
  FID: 173.2914 | KID: 0.157231
  Pixel PDF W-dist: 0.2139
--- Saved model to checkpoints/diffusion/diffusion_crumb_fits/state.pt ---
Epoch 101
Epoch 101 | Loss: 0.024733 | Val: 0.130173
--- Saved model to checkpoints/diffusion/diffusion_crumb_fits/state.pt ---
Epoch 102
Epoch 102 | Loss: 0.023052 | Val: 0.130002
--- Saved model to checkpoints/diffusion/diffusion_crumb_fits/state.pt ---
Epoch 103
Epoch 103 | Loss: 0.028667 | Val: 0.129619
--- Saved model to checkpoints/diffusion/diffusion_crumb_fits/state.pt ---
Epoch 104
Epoch 104 | Loss: 0.021998 | Val: 0.130358
--- Saved model to checkpoints/diffusion/diffusion_crumb_fits/state.pt ---
Epoch 105
Epoch 105 | Loss: 0.022202 | Val: 0.129561
--- Saved model to checkpoints/diffusion/diffusion_crumb_fits/state.pt ---
Epoch 106
Epoch 106 | Loss: 0.022657 | Val: 0.129386
--- Saved model to checkpoints/diffusion/diffusion_crumb_fits/state.pt ---
Epoch 107
Epoch 107 | Loss: 0.026917 | Val: 0.129350
--- Saved model to checkpoints/diffusion/diffusion_crumb_fits/state.pt ---
Epoch 108
Epoch 108 | Loss: 0.021172 | Val: 0.128930
--- Saved model to checkpoints/diffusion/diffusion_crumb_fits/state.pt ---
Epoch 109
Epoch 109 | Loss: 0.023075 | Val: 0.129335
--- Saved model to checkpoints/diffusion/diffusion_crumb_fits/state.pt ---
Epoch 110
Epoch 110 | Loss: 0.024293 | Val: 0.129192
FITS files saved to results/diffusion/20260917_101657_diffusion_crumb_fits_912851/generated_fits
Computing FID/KID/PDF at epoch 110...
  FID: 168.2633 | KID: 0.142238
  Pixel PDF W-dist: 0.1758
--- Saved model to checkpoints/diffusion/diffusion_crumb_fits/state.pt ---
Epoch 111
Epoch 111 | Loss: 0.024207 | Val: 0.130198
--- Saved model to checkpoints/diffusion/diffusion_crumb_fits/state.pt ---
Epoch 112
Epoch 112 | Loss: 0.024042 | Val: 0.129444
--- Saved model to checkpoints/diffusion/diffusion_crumb_fits/state.pt ---
Epoch 113
Epoch 113 | Loss: 0.025102 | Val: 0.129647
--- Saved model to checkpoints/diffusion/diffusion_crumb_fits/state.pt ---
Epoch 114
Epoch 114 | Loss: 0.027820 | Val: 0.130190
--- Saved model to checkpoints/diffusion/diffusion_crumb_fits/state.pt ---
Epoch 115
Epoch 115 | Loss: 0.022241 | Val: 0.130330
--- Saved model to checkpoints/diffusion/diffusion_crumb_fits/state.pt ---
Epoch 116
Epoch 116 | Loss: 0.023737 | Val: 0.131556
--- Saved model to checkpoints/diffusion/diffusion_crumb_fits/state.pt ---
Epoch 117
Epoch 117 | Loss: 0.024501 | Val: 0.129138
--- Saved model to checkpoints/diffusion/diffusion_crumb_fits/state.pt ---
Epoch 118
Epoch 118 | Loss: 0.023466 | Val: 0.129614
--- Saved model to checkpoints/diffusion/diffusion_crumb_fits/state.pt ---
Epoch 119
Epoch 119 | Loss: 0.023395 | Val: 0.129602
--- Saved model to checkpoints/diffusion/diffusion_crumb_fits/state.pt ---
Epoch 120
Epoch 120 | Loss: 0.019364 | Val: 0.129660
FITS files saved to results/diffusion/20260917_101657_diffusion_crumb_fits_912851/generated_fits
Computing FID/KID/PDF at epoch 120...
  FID: 148.0712 | KID: 0.117976
  Pixel PDF W-dist: 0.0560
--- Saved model to checkpoints/diffusion/diffusion_crumb_fits/state.pt ---
Epoch 121
Epoch 121 | Loss: 0.021417 | Val: 0.130010
--- Saved model to checkpoints/diffusion/diffusion_crumb_fits/state.pt ---
Epoch 122
Epoch 122 | Loss: 0.023902 | Val: 0.129447
--- Saved model to checkpoints/diffusion/diffusion_crumb_fits/state.pt ---
Epoch 123
Epoch 123 | Loss: 0.027053 | Val: 0.128968
--- Saved model to checkpoints/diffusion/diffusion_crumb_fits/state.pt ---
Epoch 124
Epoch 124 | Loss: 0.023875 | Val: 0.133499
--- Saved model to checkpoints/diffusion/diffusion_crumb_fits/state.pt ---
Epoch 125
Epoch 125 | Loss: 0.021411 | Val: 0.130425
--- Saved model to checkpoints/diffusion/diffusion_crumb_fits/state.pt ---
Epoch 126
Epoch 126 | Loss: 0.020447 | Val: 0.128830
--- Saved model to checkpoints/diffusion/diffusion_crumb_fits/state.pt ---
Epoch 127
Epoch 127 | Loss: 0.023505 | Val: 0.130365
--- Saved model to checkpoints/diffusion/diffusion_crumb_fits/state.pt ---
Epoch 128
Epoch 128 | Loss: 0.028074 | Val: 0.129413
--- Saved model to checkpoints/diffusion/diffusion_crumb_fits/state.pt ---
Epoch 129
Epoch 129 | Loss: 0.021236 | Val: 0.128791
--- Saved model to checkpoints/diffusion/diffusion_crumb_fits/state.pt ---
Epoch 130
Epoch 130 | Loss: 0.024850 | Val: 0.128639
FITS files saved to results/diffusion/20260917_101657_diffusion_crumb_fits_912851/generated_fits
Computing FID/KID/PDF at epoch 130...
  FID: 132.5741 | KID: 0.089890
  Pixel PDF W-dist: 0.0366
--- Saved model to checkpoints/diffusion/diffusion_crumb_fits/state.pt ---
Epoch 131
Epoch 131 | Loss: 0.024141 | Val: 0.128949
--- Saved model to checkpoints/diffusion/diffusion_crumb_fits/state.pt ---
Epoch 132
Epoch 132 | Loss: 0.021883 | Val: 0.129269
--- Saved model to checkpoints/diffusion/diffusion_crumb_fits/state.pt ---
Epoch 133
Epoch 133 | Loss: 0.022953 | Val: 0.129489
--- Saved model to checkpoints/diffusion/diffusion_crumb_fits/state.pt ---
Epoch 134
Epoch 134 | Loss: 0.020831 | Val: 0.129868
--- Saved model to checkpoints/diffusion/diffusion_crumb_fits/state.pt ---
Epoch 135
Epoch 135 | Loss: 0.024521 | Val: 0.128826
--- Saved model to checkpoints/diffusion/diffusion_crumb_fits/state.pt ---
Epoch 136
Epoch 136 | Loss: 0.025152 | Val: 0.130685
--- Saved model to checkpoints/diffusion/diffusion_crumb_fits/state.pt ---
Epoch 137
Epoch 137 | Loss: 0.027188 | Val: 0.129213
--- Saved model to checkpoints/diffusion/diffusion_crumb_fits/state.pt ---
Epoch 138
Epoch 138 | Loss: 0.021878 | Val: 0.128955
--- Saved model to checkpoints/diffusion/diffusion_crumb_fits/state.pt ---
Epoch 139
Epoch 139 | Loss: 0.022002 | Val: 0.128444
--- Saved model to checkpoints/diffusion/diffusion_crumb_fits/state.pt ---
Epoch 140
Epoch 140 | Loss: 0.023397 | Val: 0.128625
FITS files saved to results/diffusion/20260917_101657_diffusion_crumb_fits_912851/generated_fits
Computing FID/KID/PDF at epoch 140...
  FID: 128.2013 | KID: 0.070458
  Pixel PDF W-dist: 0.0665
--- Saved model to checkpoints/diffusion/diffusion_crumb_fits/state.pt ---
Epoch 141
Epoch 141 | Loss: 0.028903 | Val: 0.129602
--- Saved model to checkpoints/diffusion/diffusion_crumb_fits/state.pt ---
Epoch 142
Epoch 142 | Loss: 0.023309 | Val: 0.129030
--- Saved model to checkpoints/diffusion/diffusion_crumb_fits/state.pt ---
Epoch 143
Epoch 143 | Loss: 0.025891 | Val: 0.129059
--- Saved model to checkpoints/diffusion/diffusion_crumb_fits/state.pt ---
Epoch 144
Epoch 144 | Loss: 0.021730 | Val: 0.129490
--- Saved model to checkpoints/diffusion/diffusion_crumb_fits/state.pt ---
Epoch 145
Epoch 145 | Loss: 0.020493 | Val: 0.128926
--- Saved model to checkpoints/diffusion/diffusion_crumb_fits/state.pt ---
Epoch 146
Epoch 146 | Loss: 0.025234 | Val: 0.128498
--- Saved model to checkpoints/diffusion/diffusion_crumb_fits/state.pt ---
Epoch 147
Epoch 147 | Loss: 0.024827 | Val: 0.128735
--- Saved model to checkpoints/diffusion/diffusion_crumb_fits/state.pt ---
Epoch 148
Epoch 148 | Loss: 0.017321 | Val: 0.128896
--- Saved model to checkpoints/diffusion/diffusion_crumb_fits/state.pt ---
Epoch 149
Epoch 149 | Loss: 0.029185 | Val: 0.130404
--- Saved model to checkpoints/diffusion/diffusion_crumb_fits/state.pt ---
Epoch 150
Epoch 150 | Loss: 0.024893 | Val: 0.129600
FITS files saved to results/diffusion/20260917_101657_diffusion_crumb_fits_912851/generated_fits
Computing FID/KID/PDF at epoch 150...
  FID: 130.6779 | KID: 0.106079
  Pixel PDF W-dist: 0.1307
--- Saved model to checkpoints/diffusion/diffusion_crumb_fits/state.pt ---
Epoch 151
Epoch 151 | Loss: 0.023009 | Val: 0.129013
--- Saved model to checkpoints/diffusion/diffusion_crumb_fits/state.pt ---
Epoch 152
Epoch 152 | Loss: 0.024601 | Val: 0.129461
--- Saved model to checkpoints/diffusion/diffusion_crumb_fits/state.pt ---
Epoch 153
Epoch 153 | Loss: 0.022617 | Val: 0.129319
--- Saved model to checkpoints/diffusion/diffusion_crumb_fits/state.pt ---
Epoch 154
Epoch 154 | Loss: 0.020139 | Val: 0.130732
--- Saved model to checkpoints/diffusion/diffusion_crumb_fits/state.pt ---
Epoch 155
Epoch 155 | Loss: 0.026563 | Val: 0.130766
--- Saved model to checkpoints/diffusion/diffusion_crumb_fits/state.pt ---
Epoch 156
Epoch 156 | Loss: 0.017763 | Val: 0.130052
--- Saved model to checkpoints/diffusion/diffusion_crumb_fits/state.pt ---
Epoch 157
Epoch 157 | Loss: 0.023898 | Val: 0.130003
--- Saved model to checkpoints/diffusion/diffusion_crumb_fits/state.pt ---
Epoch 158
Epoch 158 | Loss: 0.022833 | Val: 0.129339
--- Saved model to checkpoints/diffusion/diffusion_crumb_fits/state.pt ---
Epoch 159
Epoch 159 | Loss: 0.024063 | Val: 0.130055
--- Saved model to checkpoints/diffusion/diffusion_crumb_fits/state.pt ---
Epoch 160
Epoch 160 | Loss: 0.019357 | Val: 0.129596
FITS files saved to results/diffusion/20260917_101657_diffusion_crumb_fits_912851/generated_fits
Computing FID/KID/PDF at epoch 160...
  FID: 108.7090 | KID: 0.077666
  Pixel PDF W-dist: 0.0813
--- Saved model to checkpoints/diffusion/diffusion_crumb_fits/state.pt ---
Epoch 161
Epoch 161 | Loss: 0.021502 | Val: 0.129140
--- Saved model to checkpoints/diffusion/diffusion_crumb_fits/state.pt ---
Epoch 162
Epoch 162 | Loss: 0.021169 | Val: 0.128978
--- Saved model to checkpoints/diffusion/diffusion_crumb_fits/state.pt ---
Epoch 163
Epoch 163 | Loss: 0.023137 | Val: 0.130090
--- Saved model to checkpoints/diffusion/diffusion_crumb_fits/state.pt ---
Epoch 164
Epoch 164 | Loss: 0.016386 | Val: 0.130947
--- Saved model to checkpoints/diffusion/diffusion_crumb_fits/state.pt ---
Epoch 165
Epoch 165 | Loss: 0.025662 | Val: 0.128949
--- Saved model to checkpoints/diffusion/diffusion_crumb_fits/state.pt ---
Epoch 166
Epoch 166 | Loss: 0.020219 | Val: 0.129717
--- Saved model to checkpoints/diffusion/diffusion_crumb_fits/state.pt ---
Epoch 167
Epoch 167 | Loss: 0.023873 | Val: 0.129070
--- Saved model to checkpoints/diffusion/diffusion_crumb_fits/state.pt ---
Epoch 168
Epoch 168 | Loss: 0.021985 | Val: 0.129604
--- Saved model to checkpoints/diffusion/diffusion_crumb_fits/state.pt ---
Epoch 169
Epoch 169 | Loss: 0.025128 | Val: 0.130454
--- Saved model to checkpoints/diffusion/diffusion_crumb_fits/state.pt ---
Epoch 170
Epoch 170 | Loss: 0.021300 | Val: 0.130018
FITS files saved to results/diffusion/20260917_101657_diffusion_crumb_fits_912851/generated_fits
Computing FID/KID/PDF at epoch 170...
  FID: 91.6589 | KID: 0.051981
  Pixel PDF W-dist: 0.0530
--- Saved model to checkpoints/diffusion/diffusion_crumb_fits/state.pt ---
Epoch 171
Epoch 171 | Loss: 0.025074 | Val: 0.129712
--- Saved model to checkpoints/diffusion/diffusion_crumb_fits/state.pt ---
Epoch 172
Epoch 172 | Loss: 0.020594 | Val: 0.130740
--- Saved model to checkpoints/diffusion/diffusion_crumb_fits/state.pt ---
Epoch 173
Epoch 173 | Loss: 0.023693 | Val: 0.128975
--- Saved model to checkpoints/diffusion/diffusion_crumb_fits/state.pt ---
Epoch 174
Epoch 174 | Loss: 0.020634 | Val: 0.129853
--- Saved model to checkpoints/diffusion/diffusion_crumb_fits/state.pt ---
Epoch 175
Epoch 175 | Loss: 0.023471 | Val: 0.128952
--- Saved model to checkpoints/diffusion/diffusion_crumb_fits/state.pt ---
Epoch 176
Epoch 176 | Loss: 0.023904 | Val: 0.128767
--- Saved model to checkpoints/diffusion/diffusion_crumb_fits/state.pt ---
Epoch 177
Epoch 177 | Loss: 0.021163 | Val: 0.129327
--- Saved model to checkpoints/diffusion/diffusion_crumb_fits/state.pt ---
Epoch 178
Epoch 178 | Loss: 0.025544 | Val: 0.128560
--- Saved model to checkpoints/diffusion/diffusion_crumb_fits/state.pt ---
Epoch 179
Epoch 179 | Loss: 0.020576 | Val: 0.128513
--- Saved model to checkpoints/diffusion/diffusion_crumb_fits/state.pt ---
Epoch 180
Epoch 180 | Loss: 0.023481 | Val: 0.129847
FITS files saved to results/diffusion/20260917_101657_diffusion_crumb_fits_912851/generated_fits
Computing FID/KID/PDF at epoch 180...
  FID: 101.7950 | KID: 0.052911
  Pixel PDF W-dist: 0.0165
--- Saved model to checkpoints/diffusion/diffusion_crumb_fits/state.pt ---
Epoch 181
Epoch 181 | Loss: 0.026575 | Val: 0.128460
--- Saved model to checkpoints/diffusion/diffusion_crumb_fits/state.pt ---
Epoch 182
Epoch 182 | Loss: 0.028563 | Val: 0.129096
--- Saved model to checkpoints/diffusion/diffusion_crumb_fits/state.pt ---
Epoch 183
Epoch 183 | Loss: 0.023359 | Val: 0.129406
--- Saved model to checkpoints/diffusion/diffusion_crumb_fits/state.pt ---
Epoch 184
Epoch 184 | Loss: 0.021041 | Val: 0.131831
--- Saved model to checkpoints/diffusion/diffusion_crumb_fits/state.pt ---
Epoch 185
Epoch 185 | Loss: 0.020377 | Val: 0.130629
--- Saved model to checkpoints/diffusion/diffusion_crumb_fits/state.pt ---
Epoch 186
Epoch 186 | Loss: 0.021200 | Val: 0.128632
--- Saved model to checkpoints/diffusion/diffusion_crumb_fits/state.pt ---
Epoch 187
Epoch 187 | Loss: 0.016413 | Val: 0.130295
--- Saved model to checkpoints/diffusion/diffusion_crumb_fits/state.pt ---
Epoch 188
Epoch 188 | Loss: 0.017611 | Val: 0.128404
--- Saved model to checkpoints/diffusion/diffusion_crumb_fits/state.pt ---
Epoch 189
Epoch 189 | Loss: 0.022147 | Val: 0.128623
--- Saved model to checkpoints/diffusion/diffusion_crumb_fits/state.pt ---
Epoch 190
Epoch 190 | Loss: 0.024245 | Val: 0.128447
FITS files saved to results/diffusion/20260917_101657_diffusion_crumb_fits_912851/generated_fits
Computing FID/KID/PDF at epoch 190...
  FID: 110.9562 | KID: 0.073806
  Pixel PDF W-dist: 0.0297
--- Saved model to checkpoints/diffusion/diffusion_crumb_fits/state.pt ---
Epoch 191
Epoch 191 | Loss: 0.021894 | Val: 0.129764
--- Saved model to checkpoints/diffusion/diffusion_crumb_fits/state.pt ---
Epoch 192
Epoch 192 | Loss: 0.020189 | Val: 0.129073
--- Saved model to checkpoints/diffusion/diffusion_crumb_fits/state.pt ---
Epoch 193
Epoch 193 | Loss: 0.023708 | Val: 0.129990
--- Saved model to checkpoints/diffusion/diffusion_crumb_fits/state.pt ---
Epoch 194
Epoch 194 | Loss: 0.028211 | Val: 0.128649
--- Saved model to checkpoints/diffusion/diffusion_crumb_fits/state.pt ---
Epoch 195
Epoch 195 | Loss: 0.021255 | Val: 0.129155
--- Saved model to checkpoints/diffusion/diffusion_crumb_fits/state.pt ---
Epoch 196
Epoch 196 | Loss: 0.018359 | Val: 0.130614
--- Saved model to checkpoints/diffusion/diffusion_crumb_fits/state.pt ---
Epoch 197
Epoch 197 | Loss: 0.023855 | Val: 0.129965
--- Saved model to checkpoints/diffusion/diffusion_crumb_fits/state.pt ---
Epoch 198
Epoch 198 | Loss: 0.022342 | Val: 0.131118
--- Saved model to checkpoints/diffusion/diffusion_crumb_fits/state.pt ---
Epoch 199
Epoch 199 | Loss: 0.024050 | Val: 0.129586
--- Saved model to checkpoints/diffusion/diffusion_crumb_fits/state.pt ---
FITS files saved to results/diffusion/20260917_101657_diffusion_crumb_fits_912851/generated_fits
Generated images saved.
Loss graph saved to results/diffusion/20260917_101657_diffusion_crumb_fits_912851/training_metrics.png
Generative metrics plot saved to results/diffusion/20260917_101657_diffusion_crumb_fits_912851/generative_metrics.png
Pixel PDF history plot saved to results/diffusion/20260917_101657_diffusion_crumb_fits_912851/pixel_pdf_history.png
Testing model
Generated test images saved to results/diffusion/20260917_101657_diffusion_crumb_fits_912851/
