CUDA Memory Cleared. Current VRAM Usage: 0.00 MB
On device cuda
Getting data loader crumb_fits
Loaded FITS stats: noise_rms=0.000324, peak_log=4.066700
Loaded FITS stats: noise_rms=0.000324, peak_log=4.066700
Total unique classes found: 2
Label IDs: [0, 1]
Total images in dataset: 1789
Total batches: 157 (at batch size 8)

============================================================
Run 1/1  |  seed=42  |  tag=cgd_crumb_fits  |  results -> results/classifier_guided_diffusion/20260720_205820_cgd_crumb_fits_315554
============================================================

Training classifier_guided_diffusion for 200 epochs
Loaded guidance classifier (classification) from checkpoints/classification/scratch
Loaded pre-trained diffusion weights from checkpoints/diffusion
Epoch 0
/idia/users/bevan/pid-radast/classifier-guided-physics-informed-diffusion/.venv/lib/python3.11/site-packages/diffusers/configuration_utils.py:139: FutureWarning: Accessing config attribute `num_train_timesteps` directly via 'DDPMScheduler' object attribute is deprecated. Please access 'num_train_timesteps' over 'DDPMScheduler's config object instead, e.g. 'scheduler.config.num_train_timesteps'.
  deprecate("direct config name access", "1.0.0", deprecation_message, standard_warn=False)
/idia/users/bevan/pid-radast/classifier-guided-physics-informed-diffusion/.venv/lib/python3.11/site-packages/torchmetrics/utilities/prints.py:43: UserWarning: Metric `Kernel Inception Distance` will save all extracted features in buffer. For large datasets this may lead to large memory footprint.
  warnings.warn(*args, **kwargs)
Epoch 0 | Loss: 0.021511 | Val: 0.129696
FITS files saved to results/classifier_guided_diffusion/20260720_205820_cgd_crumb_fits_315554/generated_fits
Computing FID/KID/PDF at epoch 0...
  FID: 74.9280 | KID: 0.027202
  Pixel PDF W-dist: 0.0168
--- Saved model to checkpoints/classifier_guided_diffusion/cgd_crumb_fits/state.pt ---
Epoch 1
