CUDA Memory Cleared. Current VRAM Usage: 0.00 MB
On device cuda
Getting data loader crumb
Corrected 163/300 CRUMB test labels using train-derived (parent, code) -> label mapping
Total unique classes found: 2
Label IDs: [0, 1]
Total images in dataset: 2002
Total batches: 86 (at batch size 16)

============================================================
Run 1/1  |  seed=42  |  tag=crumb_scratch_lr2  |  results -> results/classification/run_20260713_195752_seed42
============================================================

Training classification for 100 epochs
Epoch 0
Epoch 0, Training Loss: 0.7015, Validation Loss: 0.7320 (best)
--- Saved model to checkpoints/classification/crumb_scratch_lr2/state.pt ---
Epoch 1
Epoch 1, Training Loss: 0.6965, Validation Loss: 0.6838 (best)
--- Saved model to checkpoints/classification/crumb_scratch_lr2/state.pt ---
Epoch 2
Epoch 2, Training Loss: 0.6908, Validation Loss: 1.0835
--- Saved model to checkpoints/classification/crumb_scratch_lr2/state.pt ---
Epoch 3
Epoch 3, Training Loss: 0.6882, Validation Loss: 1.9411
--- Saved model to checkpoints/classification/crumb_scratch_lr2/state.pt ---
Epoch 4
Epoch 4, Training Loss: 0.6877, Validation Loss: 0.7593
--- Saved model to checkpoints/classification/crumb_scratch_lr2/state.pt ---
Epoch 5
Epoch 5, Training Loss: 0.6831, Validation Loss: 0.6959
--- Saved model to checkpoints/classification/crumb_scratch_lr2/state.pt ---
Epoch 6
Epoch 6, Training Loss: 0.6813, Validation Loss: 1.4921
--- Saved model to checkpoints/classification/crumb_scratch_lr2/state.pt ---
Epoch 7
Epoch 7, Training Loss: 0.6808, Validation Loss: 0.7023
--- Saved model to checkpoints/classification/crumb_scratch_lr2/state.pt ---
Epoch 8
Epoch 8, Training Loss: 0.6838, Validation Loss: 5.3164
--- Saved model to checkpoints/classification/crumb_scratch_lr2/state.pt ---
Epoch 9
Epoch 9, Training Loss: 0.6839, Validation Loss: 0.6820 (best)
--- Saved model to checkpoints/classification/crumb_scratch_lr2/state.pt ---
Epoch 10
Epoch 10, Training Loss: 0.6861, Validation Loss: 2.1861
--- Saved model to checkpoints/classification/crumb_scratch_lr2/state.pt ---
Epoch 11
Epoch 11, Training Loss: 0.6814, Validation Loss: 0.7113
--- Saved model to checkpoints/classification/crumb_scratch_lr2/state.pt ---
Epoch 12
Epoch 12, Training Loss: 0.6852, Validation Loss: 0.9371
--- Saved model to checkpoints/classification/crumb_scratch_lr2/state.pt ---
Epoch 13
Epoch 13, Training Loss: 0.6816, Validation Loss: 3.0964
--- Saved model to checkpoints/classification/crumb_scratch_lr2/state.pt ---
Epoch 14
Epoch 14, Training Loss: 0.6785, Validation Loss: 1.9022
--- Saved model to checkpoints/classification/crumb_scratch_lr2/state.pt ---
Epoch 15
Epoch 15, Training Loss: 0.6839, Validation Loss: 0.6807 (best)
--- Saved model to checkpoints/classification/crumb_scratch_lr2/state.pt ---
Epoch 16
Epoch 16, Training Loss: 0.6811, Validation Loss: 1.5652
--- Saved model to checkpoints/classification/crumb_scratch_lr2/state.pt ---
Epoch 17
Epoch 17, Training Loss: 0.6792, Validation Loss: 3.1834
--- Saved model to checkpoints/classification/crumb_scratch_lr2/state.pt ---
Epoch 18
Epoch 18, Training Loss: 0.6772, Validation Loss: 3.4415
--- Saved model to checkpoints/classification/crumb_scratch_lr2/state.pt ---
Epoch 19
Epoch 19, Training Loss: 0.6754, Validation Loss: 0.6781 (best)
--- Saved model to checkpoints/classification/crumb_scratch_lr2/state.pt ---
Epoch 20
Epoch 20, Training Loss: 0.6812, Validation Loss: 0.8494
--- Saved model to checkpoints/classification/crumb_scratch_lr2/state.pt ---
Epoch 21
Epoch 21, Training Loss: 0.6787, Validation Loss: 0.6986
--- Saved model to checkpoints/classification/crumb_scratch_lr2/state.pt ---
Epoch 22
Epoch 22, Training Loss: 0.6725, Validation Loss: 4.5916
--- Saved model to checkpoints/classification/crumb_scratch_lr2/state.pt ---
Epoch 23
Epoch 23, Training Loss: 0.6823, Validation Loss: 0.6828
--- Saved model to checkpoints/classification/crumb_scratch_lr2/state.pt ---
Epoch 24
Epoch 24, Training Loss: 0.6735, Validation Loss: 1.6534
--- Saved model to checkpoints/classification/crumb_scratch_lr2/state.pt ---
Epoch 25
Epoch 25, Training Loss: 0.6810, Validation Loss: 1.0507
--- Saved model to checkpoints/classification/crumb_scratch_lr2/state.pt ---
Epoch 26
Epoch 26, Training Loss: 0.6815, Validation Loss: 2.4084
--- Saved model to checkpoints/classification/crumb_scratch_lr2/state.pt ---
Epoch 27
Epoch 27, Training Loss: 0.6798, Validation Loss: 0.6875
--- Saved model to checkpoints/classification/crumb_scratch_lr2/state.pt ---
Epoch 28
Epoch 28, Training Loss: 0.6790, Validation Loss: 2.2011
--- Saved model to checkpoints/classification/crumb_scratch_lr2/state.pt ---
Epoch 29
Epoch 29, Training Loss: 0.6789, Validation Loss: 6.6780
--- Saved model to checkpoints/classification/crumb_scratch_lr2/state.pt ---
Epoch 30
Epoch 30, Training Loss: 0.6794, Validation Loss: 0.8043
--- Saved model to checkpoints/classification/crumb_scratch_lr2/state.pt ---
Epoch 31
Epoch 31, Training Loss: 0.6761, Validation Loss: 0.9189
--- Saved model to checkpoints/classification/crumb_scratch_lr2/state.pt ---
Epoch 32
Epoch 32, Training Loss: 0.6782, Validation Loss: 3.6923
--- Saved model to checkpoints/classification/crumb_scratch_lr2/state.pt ---
Epoch 33
Epoch 33, Training Loss: 0.6762, Validation Loss: 7.5141
--- Saved model to checkpoints/classification/crumb_scratch_lr2/state.pt ---
Epoch 34
Epoch 34, Training Loss: 0.6740, Validation Loss: 3.9440
--- Saved model to checkpoints/classification/crumb_scratch_lr2/state.pt ---
Epoch 35
Epoch 35, Training Loss: 0.6763, Validation Loss: 0.6786
--- Saved model to checkpoints/classification/crumb_scratch_lr2/state.pt ---
Epoch 36
Epoch 36, Training Loss: 0.6744, Validation Loss: 1.6915
--- Saved model to checkpoints/classification/crumb_scratch_lr2/state.pt ---
Epoch 37
Epoch 37, Training Loss: 0.6771, Validation Loss: 0.7109
--- Saved model to checkpoints/classification/crumb_scratch_lr2/state.pt ---
Epoch 38
Epoch 38, Training Loss: 0.6745, Validation Loss: 1.2491
--- Saved model to checkpoints/classification/crumb_scratch_lr2/state.pt ---
Epoch 39
Epoch 39, Training Loss: 0.6739, Validation Loss: 1.0087
--- Saved model to checkpoints/classification/crumb_scratch_lr2/state.pt ---
Epoch 40
Epoch 40, Training Loss: 0.6778, Validation Loss: 4.4666
--- Saved model to checkpoints/classification/crumb_scratch_lr2/state.pt ---
Epoch 41
Epoch 41, Training Loss: 0.6786, Validation Loss: 0.7301
--- Saved model to checkpoints/classification/crumb_scratch_lr2/state.pt ---
Epoch 42
Epoch 42, Training Loss: 0.6731, Validation Loss: 0.7491
--- Saved model to checkpoints/classification/crumb_scratch_lr2/state.pt ---
Epoch 43
Epoch 43, Training Loss: 0.6783, Validation Loss: 0.7297
--- Saved model to checkpoints/classification/crumb_scratch_lr2/state.pt ---
Epoch 44
Epoch 44, Training Loss: 0.6726, Validation Loss: 0.6833
--- Saved model to checkpoints/classification/crumb_scratch_lr2/state.pt ---
Epoch 45
Epoch 45, Training Loss: 0.6727, Validation Loss: 0.6715 (best)
--- Saved model to checkpoints/classification/crumb_scratch_lr2/state.pt ---
Epoch 46
Epoch 46, Training Loss: 0.6708, Validation Loss: 14.2982
--- Saved model to checkpoints/classification/crumb_scratch_lr2/state.pt ---
Epoch 47
Epoch 47, Training Loss: 0.6785, Validation Loss: 0.6977
--- Saved model to checkpoints/classification/crumb_scratch_lr2/state.pt ---
Epoch 48
Epoch 48, Training Loss: 0.6742, Validation Loss: 0.6795
--- Saved model to checkpoints/classification/crumb_scratch_lr2/state.pt ---
Epoch 49
Epoch 49, Training Loss: 0.6810, Validation Loss: 0.6743
--- Saved model to checkpoints/classification/crumb_scratch_lr2/state.pt ---
Epoch 50
Epoch 50, Training Loss: 0.6778, Validation Loss: 10.2034
--- Saved model to checkpoints/classification/crumb_scratch_lr2/state.pt ---
Epoch 51
Epoch 51, Training Loss: 0.6730, Validation Loss: 0.7057
--- Saved model to checkpoints/classification/crumb_scratch_lr2/state.pt ---
Epoch 52
Epoch 52, Training Loss: 0.6751, Validation Loss: 0.6939
--- Saved model to checkpoints/classification/crumb_scratch_lr2/state.pt ---
Epoch 53
Epoch 53, Training Loss: 0.6798, Validation Loss: 0.7024
--- Saved model to checkpoints/classification/crumb_scratch_lr2/state.pt ---
Epoch 54
Epoch 54, Training Loss: 0.6765, Validation Loss: 0.6715
--- Saved model to checkpoints/classification/crumb_scratch_lr2/state.pt ---
Epoch 55
Epoch 55, Training Loss: 0.6788, Validation Loss: 0.6758
--- Saved model to checkpoints/classification/crumb_scratch_lr2/state.pt ---
Epoch 56
Epoch 56, Training Loss: 0.6781, Validation Loss: 3.6056
--- Saved model to checkpoints/classification/crumb_scratch_lr2/state.pt ---
Epoch 57
Epoch 57, Training Loss: 0.6758, Validation Loss: 1.7731
--- Saved model to checkpoints/classification/crumb_scratch_lr2/state.pt ---
Epoch 58
Epoch 58, Training Loss: 0.6771, Validation Loss: 6.1328
--- Saved model to checkpoints/classification/crumb_scratch_lr2/state.pt ---
Epoch 59
Epoch 59, Training Loss: 0.6779, Validation Loss: 0.7222
--- Saved model to checkpoints/classification/crumb_scratch_lr2/state.pt ---
Epoch 60
Epoch 60, Training Loss: 0.6755, Validation Loss: 0.6701 (best)
--- Saved model to checkpoints/classification/crumb_scratch_lr2/state.pt ---
Epoch 61
Epoch 61, Training Loss: 0.6764, Validation Loss: 0.6679 (best)
--- Saved model to checkpoints/classification/crumb_scratch_lr2/state.pt ---
Epoch 62
Epoch 62, Training Loss: 0.6747, Validation Loss: 0.6889
--- Saved model to checkpoints/classification/crumb_scratch_lr2/state.pt ---
Epoch 63
Epoch 63, Training Loss: 0.6754, Validation Loss: 4.8645
--- Saved model to checkpoints/classification/crumb_scratch_lr2/state.pt ---
Epoch 64
Epoch 64, Training Loss: 0.6802, Validation Loss: 0.6777
--- Saved model to checkpoints/classification/crumb_scratch_lr2/state.pt ---
Epoch 65
Epoch 65, Training Loss: 0.6753, Validation Loss: 1.8708
--- Saved model to checkpoints/classification/crumb_scratch_lr2/state.pt ---
Epoch 66
Epoch 66, Training Loss: 0.6780, Validation Loss: 0.9056
--- Saved model to checkpoints/classification/crumb_scratch_lr2/state.pt ---
Epoch 67
Epoch 67, Training Loss: 0.6769, Validation Loss: 1.2791
--- Saved model to checkpoints/classification/crumb_scratch_lr2/state.pt ---
Epoch 68
Epoch 68, Training Loss: 0.6792, Validation Loss: 0.8213
--- Saved model to checkpoints/classification/crumb_scratch_lr2/state.pt ---
Epoch 69
Epoch 69, Training Loss: 0.6759, Validation Loss: 0.7267
--- Saved model to checkpoints/classification/crumb_scratch_lr2/state.pt ---
Epoch 70
Epoch 70, Training Loss: 0.6736, Validation Loss: 0.6963
--- Saved model to checkpoints/classification/crumb_scratch_lr2/state.pt ---
Epoch 71
Epoch 71, Training Loss: 0.6733, Validation Loss: 0.6738
--- Saved model to checkpoints/classification/crumb_scratch_lr2/state.pt ---
Epoch 72
Epoch 72, Training Loss: 0.6805, Validation Loss: 0.6813
--- Saved model to checkpoints/classification/crumb_scratch_lr2/state.pt ---
Epoch 73
Epoch 73, Training Loss: 0.6760, Validation Loss: 0.6860
--- Saved model to checkpoints/classification/crumb_scratch_lr2/state.pt ---
Epoch 74
Epoch 74, Training Loss: 0.6743, Validation Loss: 1.1881
--- Saved model to checkpoints/classification/crumb_scratch_lr2/state.pt ---
Epoch 75
Epoch 75, Training Loss: 0.6765, Validation Loss: 6.2482
--- Saved model to checkpoints/classification/crumb_scratch_lr2/state.pt ---
Epoch 76
Epoch 76, Training Loss: 0.6756, Validation Loss: 0.6788
--- Saved model to checkpoints/classification/crumb_scratch_lr2/state.pt ---
Epoch 77
Epoch 77, Training Loss: 0.6787, Validation Loss: 0.7229
--- Saved model to checkpoints/classification/crumb_scratch_lr2/state.pt ---
Epoch 78
Epoch 78, Training Loss: 0.6767, Validation Loss: 0.6872
--- Saved model to checkpoints/classification/crumb_scratch_lr2/state.pt ---
Epoch 79
Epoch 79, Training Loss: 0.6727, Validation Loss: 0.6962
--- Saved model to checkpoints/classification/crumb_scratch_lr2/state.pt ---
Epoch 80
Epoch 80, Training Loss: 0.6752, Validation Loss: 2.1275
--- Saved model to checkpoints/classification/crumb_scratch_lr2/state.pt ---
Epoch 81
Epoch 81, Training Loss: 0.6760, Validation Loss: 1.6024
--- Saved model to checkpoints/classification/crumb_scratch_lr2/state.pt ---
Epoch 82
Epoch 82, Training Loss: 0.6714, Validation Loss: 0.6929
--- Saved model to checkpoints/classification/crumb_scratch_lr2/state.pt ---
Epoch 83
Epoch 83, Training Loss: 0.6776, Validation Loss: 0.6905
--- Saved model to checkpoints/classification/crumb_scratch_lr2/state.pt ---
Epoch 84
Epoch 84, Training Loss: 0.6760, Validation Loss: 0.6815
--- Saved model to checkpoints/classification/crumb_scratch_lr2/state.pt ---
Epoch 85
Epoch 85, Training Loss: 0.6736, Validation Loss: 0.6704
--- Saved model to checkpoints/classification/crumb_scratch_lr2/state.pt ---
Epoch 86
Epoch 86, Training Loss: 0.6766, Validation Loss: 0.6994
--- Saved model to checkpoints/classification/crumb_scratch_lr2/state.pt ---
Epoch 87
Epoch 87, Training Loss: 0.6770, Validation Loss: 0.7015
--- Saved model to checkpoints/classification/crumb_scratch_lr2/state.pt ---
Epoch 88
Epoch 88, Training Loss: 0.6728, Validation Loss: 0.6818
--- Saved model to checkpoints/classification/crumb_scratch_lr2/state.pt ---
Epoch 89
Epoch 89, Training Loss: 0.6749, Validation Loss: 0.7020
--- Saved model to checkpoints/classification/crumb_scratch_lr2/state.pt ---
Epoch 90
Epoch 90, Training Loss: 0.6739, Validation Loss: 5.2466
--- Saved model to checkpoints/classification/crumb_scratch_lr2/state.pt ---
Epoch 91
Epoch 91, Training Loss: 0.6817, Validation Loss: 0.8313
--- Saved model to checkpoints/classification/crumb_scratch_lr2/state.pt ---
Epoch 92
Epoch 92, Training Loss: 0.6769, Validation Loss: 4.1300
--- Saved model to checkpoints/classification/crumb_scratch_lr2/state.pt ---
Epoch 93
Epoch 93, Training Loss: 0.6767, Validation Loss: 0.7469
--- Saved model to checkpoints/classification/crumb_scratch_lr2/state.pt ---
Epoch 94
Epoch 94, Training Loss: 0.6738, Validation Loss: 0.6734
--- Saved model to checkpoints/classification/crumb_scratch_lr2/state.pt ---
Epoch 95
Epoch 95, Training Loss: 0.6763, Validation Loss: 12.9396
--- Saved model to checkpoints/classification/crumb_scratch_lr2/state.pt ---
Epoch 96
Epoch 96, Training Loss: 0.6788, Validation Loss: 3.4719
--- Saved model to checkpoints/classification/crumb_scratch_lr2/state.pt ---
Epoch 97
Epoch 97, Training Loss: 0.6784, Validation Loss: 0.6978
--- Saved model to checkpoints/classification/crumb_scratch_lr2/state.pt ---
Epoch 98
Epoch 98, Training Loss: 0.6740, Validation Loss: 0.7621
--- Saved model to checkpoints/classification/crumb_scratch_lr2/state.pt ---
Epoch 99
Epoch 99, Training Loss: 0.6744, Validation Loss: 0.6697
--- Saved model to checkpoints/classification/crumb_scratch_lr2/state.pt ---
Restored best model (val loss 0.6679)
--- Saved model to checkpoints/classification/crumb_scratch_lr2/state.pt ---
Testing model
Accuracy: 65.61%
