CUDA Memory Cleared. Current VRAM Usage: 0.00 MB
On device cuda
Getting data loader crumb_fits
Loaded FITS stats: noise_rms=0.000324, peak_log=4.066700
Loaded FITS stats: noise_rms=0.000324, peak_log=4.066700
Total unique classes found: 2
Label IDs: [0, 1]
Total images in dataset: 1789
Total batches: 157 (at batch size 8)

============================================================
Run 1/1  |  seed=42  |  tag=diffusion_crumb_fits  |  results -> results/diffusion/20260720_202319_diffusion_crumb_fits_315339
============================================================

Training diffusion for 200 epochs
Epoch 0
/idia/users/bevan/pid-radast/classifier-guided-physics-informed-diffusion/.venv/lib/python3.11/site-packages/diffusers/configuration_utils.py:139: FutureWarning: Accessing config attribute `num_train_timesteps` directly via 'DDPMScheduler' object attribute is deprecated. Please access 'num_train_timesteps' over 'DDPMScheduler's config object instead, e.g. 'scheduler.config.num_train_timesteps'.
  deprecate("direct config name access", "1.0.0", deprecation_message, standard_warn=False)
/idia/users/bevan/pid-radast/classifier-guided-physics-informed-diffusion/.venv/lib/python3.11/site-packages/torchmetrics/utilities/prints.py:43: UserWarning: Metric `Kernel Inception Distance` will save all extracted features in buffer. For large datasets this may lead to large memory footprint.
  warnings.warn(*args, **kwargs)
Epoch 0 | Loss: 0.069929 | Val: 0.149740
FITS files saved to results/diffusion/20260720_202319_diffusion_crumb_fits_315339/generated_fits
Computing FID/KID/PDF at epoch 0...
  FID: 184.9380 | KID: 0.216711
  Pixel PDF W-dist: 0.0699
--- Saved model to checkpoints/diffusion/diffusion_crumb_fits/state.pt ---
Epoch 1
Epoch 1 | Loss: 0.032018 | Val: 0.140795
--- Saved model to checkpoints/diffusion/diffusion_crumb_fits/state.pt ---
Epoch 2
Epoch 2 | Loss: 0.023449 | Val: 0.141347
--- Saved model to checkpoints/diffusion/diffusion_crumb_fits/state.pt ---
Epoch 3
Epoch 3 | Loss: 0.030042 | Val: 0.139757
--- Saved model to checkpoints/diffusion/diffusion_crumb_fits/state.pt ---
Epoch 4
Epoch 4 | Loss: 0.023663 | Val: 0.135048
--- Saved model to checkpoints/diffusion/diffusion_crumb_fits/state.pt ---
Epoch 5
Epoch 5 | Loss: 0.022414 | Val: 0.140664
--- Saved model to checkpoints/diffusion/diffusion_crumb_fits/state.pt ---
Epoch 6
Epoch 6 | Loss: 0.027387 | Val: 0.136006
--- Saved model to checkpoints/diffusion/diffusion_crumb_fits/state.pt ---
Epoch 7
Epoch 7 | Loss: 0.026706 | Val: 0.138068
--- Saved model to checkpoints/diffusion/diffusion_crumb_fits/state.pt ---
Epoch 8
Epoch 8 | Loss: 0.023498 | Val: 0.137328
--- Saved model to checkpoints/diffusion/diffusion_crumb_fits/state.pt ---
Epoch 9
Epoch 9 | Loss: 0.027479 | Val: 0.136040
--- Saved model to checkpoints/diffusion/diffusion_crumb_fits/state.pt ---
Epoch 10
Epoch 10 | Loss: 0.026393 | Val: 0.136588
FITS files saved to results/diffusion/20260720_202319_diffusion_crumb_fits_315339/generated_fits
Computing FID/KID/PDF at epoch 10...
  FID: 162.7930 | KID: 0.153605
  Pixel PDF W-dist: 0.2242
--- Saved model to checkpoints/diffusion/diffusion_crumb_fits/state.pt ---
Epoch 11
Epoch 11 | Loss: 0.025883 | Val: 0.135159
--- Saved model to checkpoints/diffusion/diffusion_crumb_fits/state.pt ---
Epoch 12
Epoch 12 | Loss: 0.025587 | Val: 0.134248
--- Saved model to checkpoints/diffusion/diffusion_crumb_fits/state.pt ---
Epoch 13
Epoch 13 | Loss: 0.025499 | Val: 0.136863
--- Saved model to checkpoints/diffusion/diffusion_crumb_fits/state.pt ---
Epoch 14
