CUDA Memory Cleared. Current VRAM Usage: 0.00 MB
On device cuda
Getting data loader crumb_fits
Loaded FITS stats: noise_rms=0.000324, peak_log=4.066700
Loaded FITS stats: noise_rms=0.000324, peak_log=4.066700
Total unique classes found: 2
Label IDs: [0, 1]
Total images in dataset: 1789
Total batches: 157 (at batch size 8)

============================================================
Run 1/1  |  seed=42  |  tag=edm_v1  |  results -> results/edm_baseline/20260824_172547_edm_v1_820467
============================================================

Training edm_baseline for 200 epochs
Epoch 0
Epoch 0 | Loss: 0.487739 | Val: 0.368113
Traceback (most recent call last):
  File "/idia/users/bevan/pid-radast/classifier-guided-physics-informed-diffusion/main.py", line 210, in <module>
    main()
  File "/idia/users/bevan/pid-radast/classifier-guided-physics-informed-diffusion/main.py", line 199, in main
    model = train_model(args.model, cfg, trainloader, valloader, testloader, device, result_directory, resume=args.resume, checkpoint=args.checkpoint, dataset=fits_dataset, tag=run_tag)
            ^^^^^^^^^^^^^^^^^^^^^^^^^^^^^^^^^^^^^^^^^^^^^^^^^^^^^^^^^^^^^^^^^^^^^^^^^^^^^^^^^^^^^^^^^^^^^^^^^^^^^^^^^^^^^^^^^^^^^^^^^^^^^^^^^^^^^^^^^^^^^^^^^^^^^^^^^^^^^^^^^^^^^^^^^^^^^
  File "/idia/users/bevan/pid-radast/classifier-guided-physics-informed-diffusion/src/pipelines/train_pipeline.py", line 1030, in train_model
    return train_edm_baseline(config, trainloader, valloader, testloader, device,
           ^^^^^^^^^^^^^^^^^^^^^^^^^^^^^^^^^^^^^^^^^^^^^^^^^^^^^^^^^^^^^^^^^^^^^^
  File "/idia/users/bevan/pid-radast/classifier-guided-physics-informed-diffusion/src/pipelines/train_pipeline.py", line 945, in train_edm_baseline
    save_comparison_grid(gen_0[:4], gen_1[:4], epoch, result_directory)
  File "/idia/users/bevan/pid-radast/classifier-guided-physics-informed-diffusion/src/utils/visualization.py", line 23, in save_comparison_grid
    plt.savefig(os.path.join(result_dir, f'comparison_epoch_{epoch}.png'))
  File "/idia/users/bevan/pid-radast/classifier-guided-physics-informed-diffusion/.venv/lib/python3.11/site-packages/matplotlib/pyplot.py", line 1346, in savefig
    res = fig.savefig(fname, **kwargs)  # type: ignore[func-returns-value]
          ^^^^^^^^^^^^^^^^^^^^^^^^^^^^
  File "/idia/users/bevan/pid-radast/classifier-guided-physics-informed-diffusion/.venv/lib/python3.11/site-packages/matplotlib/figure.py", line 3515, in savefig
    self.canvas.print_figure(fname, **kwargs)
  File "/idia/users/bevan/pid-radast/classifier-guided-physics-informed-diffusion/.venv/lib/python3.11/site-packages/matplotlib/backend_bases.py", line 2281, in print_figure
    result = print_method(
             ^^^^^^^^^^^^^
  File "/idia/users/bevan/pid-radast/classifier-guided-physics-informed-diffusion/.venv/lib/python3.11/site-packages/matplotlib/backend_bases.py", line 2138, in <lambda>
    print_method = functools.wraps(meth)(lambda *args, **kwargs: meth(
                                                                 ^^^^^
  File "/idia/users/bevan/pid-radast/classifier-guided-physics-informed-diffusion/.venv/lib/python3.11/site-packages/matplotlib/backends/backend_agg.py", line 537, in print_png
    self._print_pil(filename_or_obj, "png", pil_kwargs, metadata)
  File "/idia/users/bevan/pid-radast/classifier-guided-physics-informed-diffusion/.venv/lib/python3.11/site-packages/matplotlib/backends/backend_agg.py", line 486, in _print_pil
    mpl.image.imsave(
  File "/idia/users/bevan/pid-radast/classifier-guided-physics-informed-diffusion/.venv/lib/python3.11/site-packages/matplotlib/image.py", line 1722, in imsave
    image.save(fname, **pil_kwargs)
  File "/idia/users/bevan/pid-radast/classifier-guided-physics-informed-diffusion/.venv/lib/python3.11/site-packages/PIL/Image.py", line 2708, in save
    fp = builtins.open(filename, "w+b")
         ^^^^^^^^^^^^^^^^^^^^^^^^^^^^^^
PermissionError: [Errno 13] Permission denied: 'results/edm_baseline/20260824_172547_edm_v1_820467/comparison_epoch_0.png'
