CUDA Memory Cleared. Current VRAM Usage: 0.00 MB
On device cuda
Getting data loader mirabest_fits
Loaded FITS stats: noise_rms=0.000274, peak_log=3.938847
Loaded FITS stats: noise_rms=0.000274, peak_log=3.938847
Total unique classes found: 2
Label IDs: [0, 1]
Total images in dataset: 1221
Total batches: 107 (at batch size 8)

============================================================
Run 1/1  |  seed=42  |  tag=None  |  results -> results/classifier_guided_diffusion/20260717_100835_untagged_278841
============================================================

Training classifier_guided_diffusion for 200 epochs
Loaded guidance classifier (classification) from checkpoints/classification/scratch
Loaded pre-trained diffusion weights from checkpoints/diffusion
Epoch 0
/idia/users/bevan/pid-radast/classifier-guided-physics-informed-diffusion/.venv/lib/python3.11/site-packages/diffusers/configuration_utils.py:139: FutureWarning: Accessing config attribute `num_train_timesteps` directly via 'DDPMScheduler' object attribute is deprecated. Please access 'num_train_timesteps' over 'DDPMScheduler's config object instead, e.g. 'scheduler.config.num_train_timesteps'.
  deprecate("direct config name access", "1.0.0", deprecation_message, standard_warn=False)
/idia/users/bevan/pid-radast/classifier-guided-physics-informed-diffusion/.venv/lib/python3.11/site-packages/torchmetrics/utilities/prints.py:43: UserWarning: Metric `Kernel Inception Distance` will save all extracted features in buffer. For large datasets this may lead to large memory footprint.
  warnings.warn(*args, **kwargs)
Epoch 0 | Loss: 0.047115 | Val: 0.139787  |  cls_loss: 0.025728
FITS files saved to results/classifier_guided_diffusion/20260717_100835_untagged_278841/generated_fits
Computing FID/KID/PDF at epoch 0...
  FID: 432.8838 | KID: 0.383359
  Pixel PDF W-dist: 0.0670
--- Saved model to checkpoints/classifier_guided_diffusion/state.pt ---
Epoch 1
Epoch 1 | Loss: 0.056757 | Val: 0.140754  |  cls_loss: 0.028834
--- Saved model to checkpoints/classifier_guided_diffusion/state.pt ---
Epoch 2
Epoch 2 | Loss: 0.063785 | Val: 0.141785  |  cls_loss: 0.029204
--- Saved model to checkpoints/classifier_guided_diffusion/state.pt ---
Epoch 3
Epoch 3 | Loss: 0.049820 | Val: 0.142094  |  cls_loss: 0.023640
--- Saved model to checkpoints/classifier_guided_diffusion/state.pt ---
Epoch 4
Epoch 4 | Loss: 0.057236 | Val: 0.140411  |  cls_loss: 0.028260
--- Saved model to checkpoints/classifier_guided_diffusion/state.pt ---
Epoch 5
Epoch 5 | Loss: 0.049873 | Val: 0.140836  |  cls_loss: 0.022864
--- Saved model to checkpoints/classifier_guided_diffusion/state.pt ---
Epoch 6
Epoch 6 | Loss: 0.049274 | Val: 0.141466  |  cls_loss: 0.022033
--- Saved model to checkpoints/classifier_guided_diffusion/state.pt ---
Epoch 7
Epoch 7 | Loss: 0.050753 | Val: 0.141200  |  cls_loss: 0.022093
--- Saved model to checkpoints/classifier_guided_diffusion/state.pt ---
Epoch 8
Epoch 8 | Loss: 0.047357 | Val: 0.140808  |  cls_loss: 0.019015
--- Saved model to checkpoints/classifier_guided_diffusion/state.pt ---
Epoch 9
Epoch 9 | Loss: 0.052159 | Val: 0.142027  |  cls_loss: 0.021904
--- Saved model to checkpoints/classifier_guided_diffusion/state.pt ---
Epoch 10
Epoch 10 | Loss: 0.049868 | Val: 0.141524  |  cls_loss: 0.022215
FITS files saved to results/classifier_guided_diffusion/20260717_100835_untagged_278841/generated_fits
Computing FID/KID/PDF at epoch 10...
  FID: 345.5936 | KID: 0.314573
  Pixel PDF W-dist: 0.1339
--- Saved model to checkpoints/classifier_guided_diffusion/state.pt ---
Epoch 11
Epoch 11 | Loss: 0.054754 | Val: 0.141933  |  cls_loss: 0.021763
--- Saved model to checkpoints/classifier_guided_diffusion/state.pt ---
Epoch 12
Epoch 12 | Loss: 0.047325 | Val: 0.142396  |  cls_loss: 0.018131
--- Saved model to checkpoints/classifier_guided_diffusion/state.pt ---
Epoch 13
Epoch 13 | Loss: 0.053741 | Val: 0.140505  |  cls_loss: 0.024206
--- Saved model to checkpoints/classifier_guided_diffusion/state.pt ---
Epoch 14
Epoch 14 | Loss: 0.053248 | Val: 0.141681  |  cls_loss: 0.022203
--- Saved model to checkpoints/classifier_guided_diffusion/state.pt ---
Epoch 15
Epoch 15 | Loss: 0.045258 | Val: 0.141281  |  cls_loss: 0.019854
--- Saved model to checkpoints/classifier_guided_diffusion/state.pt ---
Epoch 16
Epoch 16 | Loss: 0.051004 | Val: 0.140009  |  cls_loss: 0.020483
--- Saved model to checkpoints/classifier_guided_diffusion/state.pt ---
Epoch 17
Epoch 17 | Loss: 0.048891 | Val: 0.141036  |  cls_loss: 0.017042
--- Saved model to checkpoints/classifier_guided_diffusion/state.pt ---
Epoch 18
Epoch 18 | Loss: 0.053313 | Val: 0.140992  |  cls_loss: 0.025116
--- Saved model to checkpoints/classifier_guided_diffusion/state.pt ---
Epoch 19
Epoch 19 | Loss: 0.049831 | Val: 0.141417  |  cls_loss: 0.022326
--- Saved model to checkpoints/classifier_guided_diffusion/state.pt ---
Epoch 20
Epoch 20 | Loss: 0.056288 | Val: 0.140555  |  cls_loss: 0.024390
FITS files saved to results/classifier_guided_diffusion/20260717_100835_untagged_278841/generated_fits
Computing FID/KID/PDF at epoch 20...
  FID: 298.6964 | KID: 0.228355
  Pixel PDF W-dist: 0.1466
--- Saved model to checkpoints/classifier_guided_diffusion/state.pt ---
Epoch 21
Epoch 21 | Loss: 0.046361 | Val: 0.142282  |  cls_loss: 0.019365
--- Saved model to checkpoints/classifier_guided_diffusion/state.pt ---
Epoch 22
Epoch 22 | Loss: 0.044255 | Val: 0.141177  |  cls_loss: 0.018686
--- Saved model to checkpoints/classifier_guided_diffusion/state.pt ---
Epoch 23
Epoch 23 | Loss: 0.048474 | Val: 0.141992  |  cls_loss: 0.021694
--- Saved model to checkpoints/classifier_guided_diffusion/state.pt ---
Epoch 24
Epoch 24 | Loss: 0.055372 | Val: 0.141093  |  cls_loss: 0.021480
--- Saved model to checkpoints/classifier_guided_diffusion/state.pt ---
Epoch 25
Epoch 25 | Loss: 0.044939 | Val: 0.141117  |  cls_loss: 0.017911
--- Saved model to checkpoints/classifier_guided_diffusion/state.pt ---
Epoch 26
Epoch 26 | Loss: 0.050463 | Val: 0.142567  |  cls_loss: 0.020707
--- Saved model to checkpoints/classifier_guided_diffusion/state.pt ---
Epoch 27
Epoch 27 | Loss: 0.052090 | Val: 0.141570  |  cls_loss: 0.019072
--- Saved model to checkpoints/classifier_guided_diffusion/state.pt ---
Epoch 28
Epoch 28 | Loss: 0.041637 | Val: 0.141348  |  cls_loss: 0.018038
--- Saved model to checkpoints/classifier_guided_diffusion/state.pt ---
Epoch 29
Epoch 29 | Loss: 0.045265 | Val: 0.141873  |  cls_loss: 0.020400
--- Saved model to checkpoints/classifier_guided_diffusion/state.pt ---
Epoch 30
Epoch 30 | Loss: 0.050799 | Val: 0.141677  |  cls_loss: 0.020806
FITS files saved to results/classifier_guided_diffusion/20260717_100835_untagged_278841/generated_fits
Computing FID/KID/PDF at epoch 30...
  FID: 312.2469 | KID: 0.266497
  Pixel PDF W-dist: 0.0759
--- Saved model to checkpoints/classifier_guided_diffusion/state.pt ---
Epoch 31
Epoch 31 | Loss: 0.050636 | Val: 0.141453  |  cls_loss: 0.020181
--- Saved model to checkpoints/classifier_guided_diffusion/state.pt ---
Epoch 32
Epoch 32 | Loss: 0.038524 | Val: 0.141428  |  cls_loss: 0.019164
--- Saved model to checkpoints/classifier_guided_diffusion/state.pt ---
Epoch 33
Epoch 33 | Loss: 0.047631 | Val: 0.140535  |  cls_loss: 0.019013
--- Saved model to checkpoints/classifier_guided_diffusion/state.pt ---
Epoch 34
Epoch 34 | Loss: 0.050584 | Val: 0.141101  |  cls_loss: 0.021809
--- Saved model to checkpoints/classifier_guided_diffusion/state.pt ---
Epoch 35
Epoch 35 | Loss: 0.049835 | Val: 0.141235  |  cls_loss: 0.019947
--- Saved model to checkpoints/classifier_guided_diffusion/state.pt ---
Epoch 36
Epoch 36 | Loss: 0.043943 | Val: 0.140815  |  cls_loss: 0.018144
--- Saved model to checkpoints/classifier_guided_diffusion/state.pt ---
Epoch 37
Epoch 37 | Loss: 0.047164 | Val: 0.141486  |  cls_loss: 0.017941
--- Saved model to checkpoints/classifier_guided_diffusion/state.pt ---
Epoch 38
Epoch 38 | Loss: 0.055469 | Val: 0.142708  |  cls_loss: 0.020016
--- Saved model to checkpoints/classifier_guided_diffusion/state.pt ---
Epoch 39
Epoch 39 | Loss: 0.048362 | Val: 0.142568  |  cls_loss: 0.021148
--- Saved model to checkpoints/classifier_guided_diffusion/state.pt ---
Epoch 40
Epoch 40 | Loss: 0.049958 | Val: 0.141065  |  cls_loss: 0.021067
FITS files saved to results/classifier_guided_diffusion/20260717_100835_untagged_278841/generated_fits
Computing FID/KID/PDF at epoch 40...
  FID: 315.7717 | KID: 0.265921
  Pixel PDF W-dist: 0.0742
--- Saved model to checkpoints/classifier_guided_diffusion/state.pt ---
Epoch 41
Epoch 41 | Loss: 0.052343 | Val: 0.140241  |  cls_loss: 0.019176
--- Saved model to checkpoints/classifier_guided_diffusion/state.pt ---
Epoch 42
Epoch 42 | Loss: 0.047242 | Val: 0.141233  |  cls_loss: 0.020332
--- Saved model to checkpoints/classifier_guided_diffusion/state.pt ---
Epoch 43
Epoch 43 | Loss: 0.052542 | Val: 0.141402  |  cls_loss: 0.022242
--- Saved model to checkpoints/classifier_guided_diffusion/state.pt ---
Epoch 44
Epoch 44 | Loss: 0.050206 | Val: 0.141149  |  cls_loss: 0.020334
--- Saved model to checkpoints/classifier_guided_diffusion/state.pt ---
Epoch 45
Epoch 45 | Loss: 0.046995 | Val: 0.141911  |  cls_loss: 0.018544
--- Saved model to checkpoints/classifier_guided_diffusion/state.pt ---
Epoch 46
Epoch 46 | Loss: 0.054704 | Val: 0.141374  |  cls_loss: 0.022934
--- Saved model to checkpoints/classifier_guided_diffusion/state.pt ---
Epoch 47
Epoch 47 | Loss: 0.047273 | Val: 0.142621  |  cls_loss: 0.020188
--- Saved model to checkpoints/classifier_guided_diffusion/state.pt ---
Epoch 48
Epoch 48 | Loss: 0.053176 | Val: 0.140513  |  cls_loss: 0.021561
--- Saved model to checkpoints/classifier_guided_diffusion/state.pt ---
Epoch 49
Epoch 49 | Loss: 0.048814 | Val: 0.140775  |  cls_loss: 0.020029
--- Saved model to checkpoints/classifier_guided_diffusion/state.pt ---
Epoch 50
Epoch 50 | Loss: 0.046566 | Val: 0.141377  |  cls_loss: 0.019436
FITS files saved to results/classifier_guided_diffusion/20260717_100835_untagged_278841/generated_fits
Computing FID/KID/PDF at epoch 50...
  FID: 270.2053 | KID: 0.207962
  Pixel PDF W-dist: 0.0766
--- Saved model to checkpoints/classifier_guided_diffusion/state.pt ---
Epoch 51
Epoch 51 | Loss: 0.055002 | Val: 0.141762  |  cls_loss: 0.022248
--- Saved model to checkpoints/classifier_guided_diffusion/state.pt ---
Epoch 52
Epoch 52 | Loss: 0.049602 | Val: 0.141646  |  cls_loss: 0.018538
--- Saved model to checkpoints/classifier_guided_diffusion/state.pt ---
Epoch 53
Epoch 53 | Loss: 0.045910 | Val: 0.141598  |  cls_loss: 0.019020
--- Saved model to checkpoints/classifier_guided_diffusion/state.pt ---
Epoch 54
Epoch 54 | Loss: 0.045427 | Val: 0.142733  |  cls_loss: 0.016990
--- Saved model to checkpoints/classifier_guided_diffusion/state.pt ---
Epoch 55
Epoch 55 | Loss: 0.048405 | Val: 0.141837  |  cls_loss: 0.020768
--- Saved model to checkpoints/classifier_guided_diffusion/state.pt ---
Epoch 56
Epoch 56 | Loss: 0.046539 | Val: 0.142119  |  cls_loss: 0.019521
--- Saved model to checkpoints/classifier_guided_diffusion/state.pt ---
Epoch 57
Epoch 57 | Loss: 0.056431 | Val: 0.141756  |  cls_loss: 0.021755
--- Saved model to checkpoints/classifier_guided_diffusion/state.pt ---
Epoch 58
Epoch 58 | Loss: 0.050218 | Val: 0.141907  |  cls_loss: 0.018975
--- Saved model to checkpoints/classifier_guided_diffusion/state.pt ---
Epoch 59
Epoch 59 | Loss: 0.044296 | Val: 0.142434  |  cls_loss: 0.019015
--- Saved model to checkpoints/classifier_guided_diffusion/state.pt ---
Epoch 60
Epoch 60 | Loss: 0.043323 | Val: 0.140979  |  cls_loss: 0.015949
FITS files saved to results/classifier_guided_diffusion/20260717_100835_untagged_278841/generated_fits
Computing FID/KID/PDF at epoch 60...
  FID: 291.2755 | KID: 0.221785
  Pixel PDF W-dist: 0.0372
--- Saved model to checkpoints/classifier_guided_diffusion/state.pt ---
Epoch 61
Epoch 61 | Loss: 0.053445 | Val: 0.141679  |  cls_loss: 0.022253
--- Saved model to checkpoints/classifier_guided_diffusion/state.pt ---
Epoch 62
Epoch 62 | Loss: 0.049950 | Val: 0.141096  |  cls_loss: 0.018498
--- Saved model to checkpoints/classifier_guided_diffusion/state.pt ---
Epoch 63
Epoch 63 | Loss: 0.054657 | Val: 0.141208  |  cls_loss: 0.021172
--- Saved model to checkpoints/classifier_guided_diffusion/state.pt ---
Epoch 64
Epoch 64 | Loss: 0.044875 | Val: 0.140913  |  cls_loss: 0.016730
--- Saved model to checkpoints/classifier_guided_diffusion/state.pt ---
Epoch 65
Epoch 65 | Loss: 0.050864 | Val: 0.141535  |  cls_loss: 0.021257
--- Saved model to checkpoints/classifier_guided_diffusion/state.pt ---
Epoch 66
Epoch 66 | Loss: 0.050744 | Val: 0.141599  |  cls_loss: 0.020159
--- Saved model to checkpoints/classifier_guided_diffusion/state.pt ---
Epoch 67
Epoch 67 | Loss: 0.046266 | Val: 0.141802  |  cls_loss: 0.019433
--- Saved model to checkpoints/classifier_guided_diffusion/state.pt ---
Epoch 68
Epoch 68 | Loss: 0.051382 | Val: 0.141010  |  cls_loss: 0.021642
--- Saved model to checkpoints/classifier_guided_diffusion/state.pt ---
Epoch 69
Epoch 69 | Loss: 0.046093 | Val: 0.141719  |  cls_loss: 0.015968
--- Saved model to checkpoints/classifier_guided_diffusion/state.pt ---
Epoch 70
Epoch 70 | Loss: 0.044036 | Val: 0.142746  |  cls_loss: 0.016657
FITS files saved to results/classifier_guided_diffusion/20260717_100835_untagged_278841/generated_fits
Computing FID/KID/PDF at epoch 70...
  FID: 278.0832 | KID: 0.210581
  Pixel PDF W-dist: 0.0476
--- Saved model to checkpoints/classifier_guided_diffusion/state.pt ---
Epoch 71
Epoch 71 | Loss: 0.048607 | Val: 0.142140  |  cls_loss: 0.018992
--- Saved model to checkpoints/classifier_guided_diffusion/state.pt ---
Epoch 72
Epoch 72 | Loss: 0.047582 | Val: 0.141515  |  cls_loss: 0.018167
--- Saved model to checkpoints/classifier_guided_diffusion/state.pt ---
Epoch 73
Epoch 73 | Loss: 0.048673 | Val: 0.142377  |  cls_loss: 0.021886
--- Saved model to checkpoints/classifier_guided_diffusion/state.pt ---
Epoch 74
Epoch 74 | Loss: 0.044450 | Val: 0.142512  |  cls_loss: 0.017550
--- Saved model to checkpoints/classifier_guided_diffusion/state.pt ---
Epoch 75
Epoch 75 | Loss: 0.047293 | Val: 0.140809  |  cls_loss: 0.020311
--- Saved model to checkpoints/classifier_guided_diffusion/state.pt ---
Epoch 76
Epoch 76 | Loss: 0.044041 | Val: 0.141502  |  cls_loss: 0.018262
--- Saved model to checkpoints/classifier_guided_diffusion/state.pt ---
Epoch 77
Epoch 77 | Loss: 0.044282 | Val: 0.142589  |  cls_loss: 0.016631
--- Saved model to checkpoints/classifier_guided_diffusion/state.pt ---
Epoch 78
Epoch 78 | Loss: 0.045048 | Val: 0.141198  |  cls_loss: 0.020397
--- Saved model to checkpoints/classifier_guided_diffusion/state.pt ---
Epoch 79
Epoch 79 | Loss: 0.050027 | Val: 0.141026  |  cls_loss: 0.021848
--- Saved model to checkpoints/classifier_guided_diffusion/state.pt ---
Epoch 80
Epoch 80 | Loss: 0.048711 | Val: 0.141376  |  cls_loss: 0.021303
FITS files saved to results/classifier_guided_diffusion/20260717_100835_untagged_278841/generated_fits
Computing FID/KID/PDF at epoch 80...
  FID: 299.1252 | KID: 0.236822
  Pixel PDF W-dist: 0.0355
--- Saved model to checkpoints/classifier_guided_diffusion/state.pt ---
Epoch 81
Epoch 81 | Loss: 0.050211 | Val: 0.142295  |  cls_loss: 0.019086
--- Saved model to checkpoints/classifier_guided_diffusion/state.pt ---
Epoch 82
Epoch 82 | Loss: 0.047299 | Val: 0.141626  |  cls_loss: 0.020592
--- Saved model to checkpoints/classifier_guided_diffusion/state.pt ---
Epoch 83
Epoch 83 | Loss: 0.044271 | Val: 0.141189  |  cls_loss: 0.017537
--- Saved model to checkpoints/classifier_guided_diffusion/state.pt ---
Epoch 84
Epoch 84 | Loss: 0.040383 | Val: 0.142785  |  cls_loss: 0.015068
--- Saved model to checkpoints/classifier_guided_diffusion/state.pt ---
Epoch 85
Epoch 85 | Loss: 0.043355 | Val: 0.140834  |  cls_loss: 0.017775
--- Saved model to checkpoints/classifier_guided_diffusion/state.pt ---
Epoch 86
Epoch 86 | Loss: 0.052540 | Val: 0.142352  |  cls_loss: 0.020826
--- Saved model to checkpoints/classifier_guided_diffusion/state.pt ---
Epoch 87
Epoch 87 | Loss: 0.046602 | Val: 0.142847  |  cls_loss: 0.017627
--- Saved model to checkpoints/classifier_guided_diffusion/state.pt ---
Epoch 88
Epoch 88 | Loss: 0.056136 | Val: 0.143544  |  cls_loss: 0.020655
--- Saved model to checkpoints/classifier_guided_diffusion/state.pt ---
Epoch 89
Epoch 89 | Loss: 0.053170 | Val: 0.142303  |  cls_loss: 0.020059
--- Saved model to checkpoints/classifier_guided_diffusion/state.pt ---
Epoch 90
Epoch 90 | Loss: 0.046628 | Val: 0.141587  |  cls_loss: 0.018016
FITS files saved to results/classifier_guided_diffusion/20260717_100835_untagged_278841/generated_fits
Computing FID/KID/PDF at epoch 90...
  FID: 336.3299 | KID: 0.290812
  Pixel PDF W-dist: 0.0411
--- Saved model to checkpoints/classifier_guided_diffusion/state.pt ---
Epoch 91
Epoch 91 | Loss: 0.047570 | Val: 0.141326  |  cls_loss: 0.020786
--- Saved model to checkpoints/classifier_guided_diffusion/state.pt ---
Epoch 92
Epoch 92 | Loss: 0.052552 | Val: 0.142040  |  cls_loss: 0.020633
--- Saved model to checkpoints/classifier_guided_diffusion/state.pt ---
Epoch 93
Epoch 93 | Loss: 0.042204 | Val: 0.142379  |  cls_loss: 0.016550
--- Saved model to checkpoints/classifier_guided_diffusion/state.pt ---
Epoch 94
Epoch 94 | Loss: 0.050926 | Val: 0.141368  |  cls_loss: 0.020358
--- Saved model to checkpoints/classifier_guided_diffusion/state.pt ---
Epoch 95
Epoch 95 | Loss: 0.056689 | Val: 0.141917  |  cls_loss: 0.022865
--- Saved model to checkpoints/classifier_guided_diffusion/state.pt ---
Epoch 96
Epoch 96 | Loss: 0.051866 | Val: 0.141089  |  cls_loss: 0.019493
--- Saved model to checkpoints/classifier_guided_diffusion/state.pt ---
Epoch 97
Epoch 97 | Loss: 0.046341 | Val: 0.142580  |  cls_loss: 0.018773
--- Saved model to checkpoints/classifier_guided_diffusion/state.pt ---
Epoch 98
Epoch 98 | Loss: 0.048857 | Val: 0.141460  |  cls_loss: 0.020637
--- Saved model to checkpoints/classifier_guided_diffusion/state.pt ---
Epoch 99
Epoch 99 | Loss: 0.041894 | Val: 0.141246  |  cls_loss: 0.016821
--- Saved model to checkpoints/classifier_guided_diffusion/state.pt ---
Epoch 100
Epoch 100 | Loss: 0.050419 | Val: 0.141919  |  cls_loss: 0.023106
FITS files saved to results/classifier_guided_diffusion/20260717_100835_untagged_278841/generated_fits
Computing FID/KID/PDF at epoch 100...
  FID: 335.4445 | KID: 0.282326
  Pixel PDF W-dist: 0.0357
--- Saved model to checkpoints/classifier_guided_diffusion/state.pt ---
Epoch 101
Epoch 101 | Loss: 0.039024 | Val: 0.141957  |  cls_loss: 0.014823
--- Saved model to checkpoints/classifier_guided_diffusion/state.pt ---
Epoch 102
Epoch 102 | Loss: 0.050522 | Val: 0.141511  |  cls_loss: 0.020100
--- Saved model to checkpoints/classifier_guided_diffusion/state.pt ---
Epoch 103
Epoch 103 | Loss: 0.056397 | Val: 0.142237  |  cls_loss: 0.020311
--- Saved model to checkpoints/classifier_guided_diffusion/state.pt ---
Epoch 104
Epoch 104 | Loss: 0.046271 | Val: 0.142087  |  cls_loss: 0.019592
--- Saved model to checkpoints/classifier_guided_diffusion/state.pt ---
Epoch 105
Epoch 105 | Loss: 0.050348 | Val: 0.141799  |  cls_loss: 0.021622
--- Saved model to checkpoints/classifier_guided_diffusion/state.pt ---
Epoch 106
Epoch 106 | Loss: 0.051002 | Val: 0.142141  |  cls_loss: 0.019330
--- Saved model to checkpoints/classifier_guided_diffusion/state.pt ---
Epoch 107
Epoch 107 | Loss: 0.042610 | Val: 0.141819  |  cls_loss: 0.016056
--- Saved model to checkpoints/classifier_guided_diffusion/state.pt ---
Epoch 108
Epoch 108 | Loss: 0.042299 | Val: 0.142020  |  cls_loss: 0.014826
--- Saved model to checkpoints/classifier_guided_diffusion/state.pt ---
Epoch 109
Epoch 109 | Loss: 0.051366 | Val: 0.142825  |  cls_loss: 0.019580
--- Saved model to checkpoints/classifier_guided_diffusion/state.pt ---
Epoch 110
Epoch 110 | Loss: 0.051547 | Val: 0.141233  |  cls_loss: 0.021000
FITS files saved to results/classifier_guided_diffusion/20260717_100835_untagged_278841/generated_fits
Computing FID/KID/PDF at epoch 110...
  FID: 349.1165 | KID: 0.307018
  Pixel PDF W-dist: 0.0351
--- Saved model to checkpoints/classifier_guided_diffusion/state.pt ---
Epoch 111
Epoch 111 | Loss: 0.046257 | Val: 0.141415  |  cls_loss: 0.019149
--- Saved model to checkpoints/classifier_guided_diffusion/state.pt ---
Epoch 112
Epoch 112 | Loss: 0.051621 | Val: 0.141679  |  cls_loss: 0.019344
--- Saved model to checkpoints/classifier_guided_diffusion/state.pt ---
Epoch 113
Epoch 113 | Loss: 0.050816 | Val: 0.141068  |  cls_loss: 0.018532
--- Saved model to checkpoints/classifier_guided_diffusion/state.pt ---
Epoch 114
Epoch 114 | Loss: 0.047556 | Val: 0.142916  |  cls_loss: 0.018235
--- Saved model to checkpoints/classifier_guided_diffusion/state.pt ---
Epoch 115
Epoch 115 | Loss: 0.042956 | Val: 0.141750  |  cls_loss: 0.017174
--- Saved model to checkpoints/classifier_guided_diffusion/state.pt ---
Epoch 116
Epoch 116 | Loss: 0.040918 | Val: 0.142162  |  cls_loss: 0.016161
--- Saved model to checkpoints/classifier_guided_diffusion/state.pt ---
Epoch 117
Epoch 117 | Loss: 0.049557 | Val: 0.143376  |  cls_loss: 0.017002
--- Saved model to checkpoints/classifier_guided_diffusion/state.pt ---
Epoch 118
Epoch 118 | Loss: 0.047586 | Val: 0.142310  |  cls_loss: 0.016681
--- Saved model to checkpoints/classifier_guided_diffusion/state.pt ---
Epoch 119
Epoch 119 | Loss: 0.050655 | Val: 0.142337  |  cls_loss: 0.019734
--- Saved model to checkpoints/classifier_guided_diffusion/state.pt ---
Epoch 120
Epoch 120 | Loss: 0.046498 | Val: 0.142516  |  cls_loss: 0.018307
FITS files saved to results/classifier_guided_diffusion/20260717_100835_untagged_278841/generated_fits
Computing FID/KID/PDF at epoch 120...
  FID: 349.1280 | KID: 0.292792
  Pixel PDF W-dist: 0.0359
--- Saved model to checkpoints/classifier_guided_diffusion/state.pt ---
Epoch 121
Epoch 121 | Loss: 0.049748 | Val: 0.141780  |  cls_loss: 0.017657
--- Saved model to checkpoints/classifier_guided_diffusion/state.pt ---
Epoch 122
Epoch 122 | Loss: 0.043477 | Val: 0.141215  |  cls_loss: 0.014681
--- Saved model to checkpoints/classifier_guided_diffusion/state.pt ---
Epoch 123
Epoch 123 | Loss: 0.048622 | Val: 0.141978  |  cls_loss: 0.019325
--- Saved model to checkpoints/classifier_guided_diffusion/state.pt ---
Epoch 124
Epoch 124 | Loss: 0.054393 | Val: 0.142740  |  cls_loss: 0.022334
--- Saved model to checkpoints/classifier_guided_diffusion/state.pt ---
Epoch 125
Epoch 125 | Loss: 0.048054 | Val: 0.142196  |  cls_loss: 0.016103
--- Saved model to checkpoints/classifier_guided_diffusion/state.pt ---
Epoch 126
Epoch 126 | Loss: 0.044393 | Val: 0.142754  |  cls_loss: 0.017695
--- Saved model to checkpoints/classifier_guided_diffusion/state.pt ---
Epoch 127
Epoch 127 | Loss: 0.053222 | Val: 0.142212  |  cls_loss: 0.019185
--- Saved model to checkpoints/classifier_guided_diffusion/state.pt ---
Epoch 128
Epoch 128 | Loss: 0.055483 | Val: 0.141803  |  cls_loss: 0.020549
--- Saved model to checkpoints/classifier_guided_diffusion/state.pt ---
Epoch 129
Epoch 129 | Loss: 0.053814 | Val: 0.141543  |  cls_loss: 0.016796
--- Saved model to checkpoints/classifier_guided_diffusion/state.pt ---
Epoch 130
Epoch 130 | Loss: 0.052088 | Val: 0.142164  |  cls_loss: 0.019281
FITS files saved to results/classifier_guided_diffusion/20260717_100835_untagged_278841/generated_fits
Computing FID/KID/PDF at epoch 130...
  FID: 400.2534 | KID: 0.375327
  Pixel PDF W-dist: 0.0335
--- Saved model to checkpoints/classifier_guided_diffusion/state.pt ---
Epoch 131
Epoch 131 | Loss: 0.047266 | Val: 0.142430  |  cls_loss: 0.019796
--- Saved model to checkpoints/classifier_guided_diffusion/state.pt ---
Epoch 132
Epoch 132 | Loss: 0.047591 | Val: 0.141658  |  cls_loss: 0.018245
--- Saved model to checkpoints/classifier_guided_diffusion/state.pt ---
Epoch 133
Epoch 133 | Loss: 0.049603 | Val: 0.142309  |  cls_loss: 0.019623
--- Saved model to checkpoints/classifier_guided_diffusion/state.pt ---
Epoch 134
Epoch 134 | Loss: 0.044399 | Val: 0.141262  |  cls_loss: 0.017643
--- Saved model to checkpoints/classifier_guided_diffusion/state.pt ---
Epoch 135
Epoch 135 | Loss: 0.055306 | Val: 0.141848  |  cls_loss: 0.021238
--- Saved model to checkpoints/classifier_guided_diffusion/state.pt ---
Epoch 136
Epoch 136 | Loss: 0.046272 | Val: 0.141585  |  cls_loss: 0.018158
--- Saved model to checkpoints/classifier_guided_diffusion/state.pt ---
Epoch 137
Epoch 137 | Loss: 0.047675 | Val: 0.141753  |  cls_loss: 0.018968
--- Saved model to checkpoints/classifier_guided_diffusion/state.pt ---
Epoch 138
Epoch 138 | Loss: 0.045777 | Val: 0.141844  |  cls_loss: 0.017349
--- Saved model to checkpoints/classifier_guided_diffusion/state.pt ---
Epoch 139
Epoch 139 | Loss: 0.044811 | Val: 0.141610  |  cls_loss: 0.017367
--- Saved model to checkpoints/classifier_guided_diffusion/state.pt ---
Epoch 140
Epoch 140 | Loss: 0.043791 | Val: 0.141872  |  cls_loss: 0.019824
FITS files saved to results/classifier_guided_diffusion/20260717_100835_untagged_278841/generated_fits
Computing FID/KID/PDF at epoch 140...
  FID: 436.1809 | KID: 0.385261
  Pixel PDF W-dist: 0.0351
--- Saved model to checkpoints/classifier_guided_diffusion/state.pt ---
Epoch 141
Epoch 141 | Loss: 0.045758 | Val: 0.142821  |  cls_loss: 0.016365
--- Saved model to checkpoints/classifier_guided_diffusion/state.pt ---
Epoch 142
Epoch 142 | Loss: 0.043780 | Val: 0.141638  |  cls_loss: 0.018201
--- Saved model to checkpoints/classifier_guided_diffusion/state.pt ---
Epoch 143
Epoch 143 | Loss: 0.055375 | Val: 0.142139  |  cls_loss: 0.022142
--- Saved model to checkpoints/classifier_guided_diffusion/state.pt ---
Epoch 144
Epoch 144 | Loss: 0.039876 | Val: 0.142825  |  cls_loss: 0.016592
--- Saved model to checkpoints/classifier_guided_diffusion/state.pt ---
Epoch 145
Epoch 145 | Loss: 0.048837 | Val: 0.142084  |  cls_loss: 0.019707
--- Saved model to checkpoints/classifier_guided_diffusion/state.pt ---
Epoch 146
Epoch 146 | Loss: 0.046511 | Val: 0.141845  |  cls_loss: 0.018445
--- Saved model to checkpoints/classifier_guided_diffusion/state.pt ---
Epoch 147
Epoch 147 | Loss: 0.051584 | Val: 0.141634  |  cls_loss: 0.019964
--- Saved model to checkpoints/classifier_guided_diffusion/state.pt ---
Epoch 148
Epoch 148 | Loss: 0.052986 | Val: 0.140075  |  cls_loss: 0.020792
--- Saved model to checkpoints/classifier_guided_diffusion/state.pt ---
Epoch 149
Epoch 149 | Loss: 0.041963 | Val: 0.141878  |  cls_loss: 0.016067
--- Saved model to checkpoints/classifier_guided_diffusion/state.pt ---
Epoch 150
Epoch 150 | Loss: 0.038497 | Val: 0.142554  |  cls_loss: 0.015540
FITS files saved to results/classifier_guided_diffusion/20260717_100835_untagged_278841/generated_fits
Computing FID/KID/PDF at epoch 150...
  FID: 313.4941 | KID: 0.225592
  Pixel PDF W-dist: 0.0491
--- Saved model to checkpoints/classifier_guided_diffusion/state.pt ---
Epoch 151
Epoch 151 | Loss: 0.043376 | Val: 0.141740  |  cls_loss: 0.016107
--- Saved model to checkpoints/classifier_guided_diffusion/state.pt ---
Epoch 152
Epoch 152 | Loss: 0.048886 | Val: 0.142242  |  cls_loss: 0.021251
--- Saved model to checkpoints/classifier_guided_diffusion/state.pt ---
Epoch 153
Epoch 153 | Loss: 0.050548 | Val: 0.143707  |  cls_loss: 0.024016
--- Saved model to checkpoints/classifier_guided_diffusion/state.pt ---
Epoch 154
Epoch 154 | Loss: 0.045075 | Val: 0.142247  |  cls_loss: 0.018233
--- Saved model to checkpoints/classifier_guided_diffusion/state.pt ---
Epoch 155
Epoch 155 | Loss: 0.048958 | Val: 0.142255  |  cls_loss: 0.019709
--- Saved model to checkpoints/classifier_guided_diffusion/state.pt ---
Epoch 156
Epoch 156 | Loss: 0.045907 | Val: 0.141660  |  cls_loss: 0.018546
--- Saved model to checkpoints/classifier_guided_diffusion/state.pt ---
Epoch 157
Epoch 157 | Loss: 0.043475 | Val: 0.142481  |  cls_loss: 0.018386
--- Saved model to checkpoints/classifier_guided_diffusion/state.pt ---
Epoch 158
Epoch 158 | Loss: 0.043338 | Val: 0.141667  |  cls_loss: 0.017301
--- Saved model to checkpoints/classifier_guided_diffusion/state.pt ---
Epoch 159
Epoch 159 | Loss: 0.044135 | Val: 0.140583  |  cls_loss: 0.018135
--- Saved model to checkpoints/classifier_guided_diffusion/state.pt ---
Epoch 160
Epoch 160 | Loss: 0.048522 | Val: 0.142571  |  cls_loss: 0.017041
FITS files saved to results/classifier_guided_diffusion/20260717_100835_untagged_278841/generated_fits
Computing FID/KID/PDF at epoch 160...
  FID: 322.9519 | KID: 0.272345
  Pixel PDF W-dist: 0.0270
--- Saved model to checkpoints/classifier_guided_diffusion/state.pt ---
Epoch 161
Epoch 161 | Loss: 0.042125 | Val: 0.141506  |  cls_loss: 0.016821
--- Saved model to checkpoints/classifier_guided_diffusion/state.pt ---
Epoch 162
Epoch 162 | Loss: 0.048142 | Val: 0.141598  |  cls_loss: 0.019810
--- Saved model to checkpoints/classifier_guided_diffusion/state.pt ---
Epoch 163
Epoch 163 | Loss: 0.048144 | Val: 0.141654  |  cls_loss: 0.019362
--- Saved model to checkpoints/classifier_guided_diffusion/state.pt ---
Epoch 164
Epoch 164 | Loss: 0.049169 | Val: 0.143034  |  cls_loss: 0.017663
--- Saved model to checkpoints/classifier_guided_diffusion/state.pt ---
Epoch 165
Epoch 165 | Loss: 0.047933 | Val: 0.142418  |  cls_loss: 0.017593
--- Saved model to checkpoints/classifier_guided_diffusion/state.pt ---
Epoch 166
Epoch 166 | Loss: 0.048024 | Val: 0.142616  |  cls_loss: 0.019511
--- Saved model to checkpoints/classifier_guided_diffusion/state.pt ---
Epoch 167
Epoch 167 | Loss: 0.052112 | Val: 0.142664  |  cls_loss: 0.021012
--- Saved model to checkpoints/classifier_guided_diffusion/state.pt ---
Epoch 168
Epoch 168 | Loss: 0.043654 | Val: 0.142574  |  cls_loss: 0.019447
--- Saved model to checkpoints/classifier_guided_diffusion/state.pt ---
Epoch 169
Epoch 169 | Loss: 0.051985 | Val: 0.141953  |  cls_loss: 0.020898
--- Saved model to checkpoints/classifier_guided_diffusion/state.pt ---
Epoch 170
Epoch 170 | Loss: 0.047097 | Val: 0.141875  |  cls_loss: 0.014893
FITS files saved to results/classifier_guided_diffusion/20260717_100835_untagged_278841/generated_fits
Computing FID/KID/PDF at epoch 170...
  FID: 390.3806 | KID: 0.346225
  Pixel PDF W-dist: 0.0389
--- Saved model to checkpoints/classifier_guided_diffusion/state.pt ---
Epoch 171
Epoch 171 | Loss: 0.043342 | Val: 0.142354  |  cls_loss: 0.018878
--- Saved model to checkpoints/classifier_guided_diffusion/state.pt ---
Epoch 172
Epoch 172 | Loss: 0.049570 | Val: 0.142116  |  cls_loss: 0.017991
--- Saved model to checkpoints/classifier_guided_diffusion/state.pt ---
Epoch 173
Epoch 173 | Loss: 0.048922 | Val: 0.142220  |  cls_loss: 0.019406
--- Saved model to checkpoints/classifier_guided_diffusion/state.pt ---
Epoch 174
Epoch 174 | Loss: 0.040578 | Val: 0.142370  |  cls_loss: 0.015838
--- Saved model to checkpoints/classifier_guided_diffusion/state.pt ---
Epoch 175
Epoch 175 | Loss: 0.045164 | Val: 0.142415  |  cls_loss: 0.017961
--- Saved model to checkpoints/classifier_guided_diffusion/state.pt ---
Epoch 176
Epoch 176 | Loss: 0.047075 | Val: 0.143156  |  cls_loss: 0.018596
--- Saved model to checkpoints/classifier_guided_diffusion/state.pt ---
Epoch 177
Epoch 177 | Loss: 0.041427 | Val: 0.141615  |  cls_loss: 0.014386
--- Saved model to checkpoints/classifier_guided_diffusion/state.pt ---
Epoch 178
Epoch 178 | Loss: 0.041258 | Val: 0.141155  |  cls_loss: 0.014493
--- Saved model to checkpoints/classifier_guided_diffusion/state.pt ---
Epoch 179
Epoch 179 | Loss: 0.051174 | Val: 0.140757  |  cls_loss: 0.021828
--- Saved model to checkpoints/classifier_guided_diffusion/state.pt ---
Epoch 180
Epoch 180 | Loss: 0.048696 | Val: 0.141334  |  cls_loss: 0.019407
FITS files saved to results/classifier_guided_diffusion/20260717_100835_untagged_278841/generated_fits
Computing FID/KID/PDF at epoch 180...
  FID: 394.7392 | KID: 0.332113
  Pixel PDF W-dist: 0.0461
--- Saved model to checkpoints/classifier_guided_diffusion/state.pt ---
Epoch 181
Epoch 181 | Loss: 0.043538 | Val: 0.143017  |  cls_loss: 0.014873
--- Saved model to checkpoints/classifier_guided_diffusion/state.pt ---
Epoch 182
Epoch 182 | Loss: 0.047344 | Val: 0.141964  |  cls_loss: 0.018663
--- Saved model to checkpoints/classifier_guided_diffusion/state.pt ---
Epoch 183
Epoch 183 | Loss: 0.044278 | Val: 0.142225  |  cls_loss: 0.017264
--- Saved model to checkpoints/classifier_guided_diffusion/state.pt ---
Epoch 184
Epoch 184 | Loss: 0.044340 | Val: 0.142705  |  cls_loss: 0.016276
--- Saved model to checkpoints/classifier_guided_diffusion/state.pt ---
Epoch 185
Epoch 185 | Loss: 0.051459 | Val: 0.143195  |  cls_loss: 0.019781
--- Saved model to checkpoints/classifier_guided_diffusion/state.pt ---
Epoch 186
Epoch 186 | Loss: 0.052433 | Val: 0.140550  |  cls_loss: 0.020582
--- Saved model to checkpoints/classifier_guided_diffusion/state.pt ---
Epoch 187
Epoch 187 | Loss: 0.055060 | Val: 0.141580  |  cls_loss: 0.024163
--- Saved model to checkpoints/classifier_guided_diffusion/state.pt ---
Epoch 188
Epoch 188 | Loss: 0.048938 | Val: 0.141460  |  cls_loss: 0.020241
--- Saved model to checkpoints/classifier_guided_diffusion/state.pt ---
Epoch 189
Epoch 189 | Loss: 0.047835 | Val: 0.142050  |  cls_loss: 0.018138
--- Saved model to checkpoints/classifier_guided_diffusion/state.pt ---
Epoch 190
Epoch 190 | Loss: 0.053913 | Val: 0.141342  |  cls_loss: 0.023085
FITS files saved to results/classifier_guided_diffusion/20260717_100835_untagged_278841/generated_fits
Computing FID/KID/PDF at epoch 190...
  FID: 427.8109 | KID: 0.352318
  Pixel PDF W-dist: 0.0279
--- Saved model to checkpoints/classifier_guided_diffusion/state.pt ---
Epoch 191
Epoch 191 | Loss: 0.052012 | Val: 0.141317  |  cls_loss: 0.018439
--- Saved model to checkpoints/classifier_guided_diffusion/state.pt ---
Epoch 192
Epoch 192 | Loss: 0.045062 | Val: 0.141850  |  cls_loss: 0.017479
--- Saved model to checkpoints/classifier_guided_diffusion/state.pt ---
Epoch 193
Epoch 193 | Loss: 0.044086 | Val: 0.141853  |  cls_loss: 0.016020
--- Saved model to checkpoints/classifier_guided_diffusion/state.pt ---
Epoch 194
Epoch 194 | Loss: 0.038617 | Val: 0.141831  |  cls_loss: 0.016054
--- Saved model to checkpoints/classifier_guided_diffusion/state.pt ---
Epoch 195
Epoch 195 | Loss: 0.050480 | Val: 0.140623  |  cls_loss: 0.017300
--- Saved model to checkpoints/classifier_guided_diffusion/state.pt ---
Epoch 196
Epoch 196 | Loss: 0.043591 | Val: 0.142503  |  cls_loss: 0.016866
--- Saved model to checkpoints/classifier_guided_diffusion/state.pt ---
Epoch 197
Epoch 197 | Loss: 0.047622 | Val: 0.142794  |  cls_loss: 0.017947
--- Saved model to checkpoints/classifier_guided_diffusion/state.pt ---
Epoch 198
Epoch 198 | Loss: 0.047569 | Val: 0.142831  |  cls_loss: 0.018797
--- Saved model to checkpoints/classifier_guided_diffusion/state.pt ---
Epoch 199
Epoch 199 | Loss: 0.057512 | Val: 0.141568  |  cls_loss: 0.022318
--- Saved model to checkpoints/classifier_guided_diffusion/state.pt ---
FITS files saved to results/classifier_guided_diffusion/20260717_100835_untagged_278841/generated_fits
Generated images saved.
Loss graph saved to results/classifier_guided_diffusion/20260717_100835_untagged_278841/training_metrics.png
Generative metrics plot saved to results/classifier_guided_diffusion/20260717_100835_untagged_278841/generative_metrics.png
Pixel PDF history plot saved to results/classifier_guided_diffusion/20260717_100835_untagged_278841/pixel_pdf_history.png
Testing model
Generated test images saved to results/classifier_guided_diffusion/20260717_100835_untagged_278841/
