CUDA Memory Cleared. Current VRAM Usage: 0.00 MB
On device cuda
Getting data loader crumb
Corrected 163/300 CRUMB test labels using train-derived (parent, code) -> label mapping
Total unique classes found: 2
Label IDs: [0, 1]
Total images in dataset: 2002
Total batches: 86 (at batch size 16)

============================================================
Run 1/1  |  seed=42  |  tag=crumb_scratch  |  results -> results/classification/run_20260713_191456_seed42
============================================================

Training classification for 100 epochs
Epoch 0
Epoch 0, Training Loss: 0.7080, Validation Loss: 0.6888 (best)
--- Saved model to checkpoints/classification/crumb_scratch/state.pt ---
Epoch 1
Epoch 1, Training Loss: 0.7037, Validation Loss: 0.6886 (best)
--- Saved model to checkpoints/classification/crumb_scratch/state.pt ---
Epoch 2
Epoch 2, Training Loss: 0.6970, Validation Loss: 0.6882 (best)
--- Saved model to checkpoints/classification/crumb_scratch/state.pt ---
Epoch 3
Epoch 3, Training Loss: 0.6974, Validation Loss: 0.6890
--- Saved model to checkpoints/classification/crumb_scratch/state.pt ---
Epoch 4
Epoch 4, Training Loss: 0.6895, Validation Loss: 0.6831 (best)
--- Saved model to checkpoints/classification/crumb_scratch/state.pt ---
Epoch 5
Epoch 5, Training Loss: 0.6866, Validation Loss: 0.6911
--- Saved model to checkpoints/classification/crumb_scratch/state.pt ---
Epoch 6
Epoch 6, Training Loss: 0.6847, Validation Loss: 0.6820 (best)
--- Saved model to checkpoints/classification/crumb_scratch/state.pt ---
Epoch 7
Epoch 7, Training Loss: 0.6889, Validation Loss: 0.6789 (best)
--- Saved model to checkpoints/classification/crumb_scratch/state.pt ---
Epoch 8
Epoch 8, Training Loss: 0.6893, Validation Loss: 0.6922
--- Saved model to checkpoints/classification/crumb_scratch/state.pt ---
Epoch 9
Epoch 9, Training Loss: 0.6832, Validation Loss: 0.6819
--- Saved model to checkpoints/classification/crumb_scratch/state.pt ---
Epoch 10
Epoch 10, Training Loss: 0.6916, Validation Loss: 0.6995
--- Saved model to checkpoints/classification/crumb_scratch/state.pt ---
Epoch 11
Epoch 11, Training Loss: 0.6841, Validation Loss: 0.6759 (best)
--- Saved model to checkpoints/classification/crumb_scratch/state.pt ---
Epoch 12
Epoch 12, Training Loss: 0.6843, Validation Loss: 0.6813
--- Saved model to checkpoints/classification/crumb_scratch/state.pt ---
Epoch 13
Epoch 13, Training Loss: 0.6840, Validation Loss: 0.6741 (best)
--- Saved model to checkpoints/classification/crumb_scratch/state.pt ---
Epoch 14
Epoch 14, Training Loss: 0.6805, Validation Loss: 0.9349
--- Saved model to checkpoints/classification/crumb_scratch/state.pt ---
Epoch 15
Epoch 15, Training Loss: 0.6852, Validation Loss: 0.6736 (best)
--- Saved model to checkpoints/classification/crumb_scratch/state.pt ---
Epoch 16
Epoch 16, Training Loss: 0.6813, Validation Loss: 0.6781
--- Saved model to checkpoints/classification/crumb_scratch/state.pt ---
Epoch 17
Epoch 17, Training Loss: 0.6794, Validation Loss: 0.7398
--- Saved model to checkpoints/classification/crumb_scratch/state.pt ---
Epoch 18
Epoch 18, Training Loss: 0.6755, Validation Loss: 0.7332
--- Saved model to checkpoints/classification/crumb_scratch/state.pt ---
Epoch 19
Epoch 19, Training Loss: 0.6748, Validation Loss: 0.6732 (best)
--- Saved model to checkpoints/classification/crumb_scratch/state.pt ---
Epoch 20
Epoch 20, Training Loss: 0.6831, Validation Loss: 0.7436
--- Saved model to checkpoints/classification/crumb_scratch/state.pt ---
Epoch 21
Epoch 21, Training Loss: 0.6808, Validation Loss: 0.6724 (best)
--- Saved model to checkpoints/classification/crumb_scratch/state.pt ---
Epoch 22
Epoch 22, Training Loss: 0.6733, Validation Loss: 0.8111
--- Saved model to checkpoints/classification/crumb_scratch/state.pt ---
Epoch 23
Epoch 23, Training Loss: 0.6796, Validation Loss: 0.6691 (best)
--- Saved model to checkpoints/classification/crumb_scratch/state.pt ---
Epoch 24
Epoch 24, Training Loss: 0.6766, Validation Loss: 0.6689 (best)
--- Saved model to checkpoints/classification/crumb_scratch/state.pt ---
Epoch 25
Epoch 25, Training Loss: 0.6859, Validation Loss: 0.6686 (best)
--- Saved model to checkpoints/classification/crumb_scratch/state.pt ---
Epoch 26
Epoch 26, Training Loss: 0.6846, Validation Loss: 0.8391
--- Saved model to checkpoints/classification/crumb_scratch/state.pt ---
Epoch 27
Epoch 27, Training Loss: 0.6808, Validation Loss: 0.6694
--- Saved model to checkpoints/classification/crumb_scratch/state.pt ---
Epoch 28
Epoch 28, Training Loss: 0.6817, Validation Loss: 0.6685 (best)
--- Saved model to checkpoints/classification/crumb_scratch/state.pt ---
Epoch 29
Epoch 29, Training Loss: 0.6750, Validation Loss: 0.9008
--- Saved model to checkpoints/classification/crumb_scratch/state.pt ---
Epoch 30
Epoch 30, Training Loss: 0.6802, Validation Loss: 0.6693
--- Saved model to checkpoints/classification/crumb_scratch/state.pt ---
Epoch 31
Epoch 31, Training Loss: 0.6745, Validation Loss: 0.6700
--- Saved model to checkpoints/classification/crumb_scratch/state.pt ---
Epoch 32
Epoch 32, Training Loss: 0.6793, Validation Loss: 0.6687
--- Saved model to checkpoints/classification/crumb_scratch/state.pt ---
Epoch 33
Epoch 33, Training Loss: 0.6748, Validation Loss: 0.7950
--- Saved model to checkpoints/classification/crumb_scratch/state.pt ---
Epoch 34
Epoch 34, Training Loss: 0.6709, Validation Loss: 0.7546
--- Saved model to checkpoints/classification/crumb_scratch/state.pt ---
Epoch 35
Epoch 35, Training Loss: 0.6769, Validation Loss: 0.6694
--- Saved model to checkpoints/classification/crumb_scratch/state.pt ---
Epoch 36
Epoch 36, Training Loss: 0.6722, Validation Loss: 0.7208
--- Saved model to checkpoints/classification/crumb_scratch/state.pt ---
Epoch 37
Epoch 37, Training Loss: 0.6731, Validation Loss: 0.7148
--- Saved model to checkpoints/classification/crumb_scratch/state.pt ---
Epoch 38
Epoch 38, Training Loss: 0.6746, Validation Loss: 0.7227
--- Saved model to checkpoints/classification/crumb_scratch/state.pt ---
Epoch 39
Epoch 39, Training Loss: 0.6713, Validation Loss: 0.7310
--- Saved model to checkpoints/classification/crumb_scratch/state.pt ---
Epoch 40
Epoch 40, Training Loss: 0.6796, Validation Loss: 0.7880
--- Saved model to checkpoints/classification/crumb_scratch/state.pt ---
Epoch 41
Epoch 41, Training Loss: 0.6750, Validation Loss: 0.7284
--- Saved model to checkpoints/classification/crumb_scratch/state.pt ---
Epoch 42
Epoch 42, Training Loss: 0.6715, Validation Loss: 0.6699
--- Saved model to checkpoints/classification/crumb_scratch/state.pt ---
Epoch 43
Epoch 43, Training Loss: 0.6778, Validation Loss: 0.6747
--- Saved model to checkpoints/classification/crumb_scratch/state.pt ---
Epoch 44
Epoch 44, Training Loss: 0.6726, Validation Loss: 0.6668 (best)
--- Saved model to checkpoints/classification/crumb_scratch/state.pt ---
Epoch 45
Epoch 45, Training Loss: 0.6699, Validation Loss: 0.8148
--- Saved model to checkpoints/classification/crumb_scratch/state.pt ---
Epoch 46
Epoch 46, Training Loss: 0.6723, Validation Loss: 0.6652 (best)
--- Saved model to checkpoints/classification/crumb_scratch/state.pt ---
Epoch 47
Epoch 47, Training Loss: 0.6714, Validation Loss: 0.6665
--- Saved model to checkpoints/classification/crumb_scratch/state.pt ---
Epoch 48
Epoch 48, Training Loss: 0.6749, Validation Loss: 0.6663
--- Saved model to checkpoints/classification/crumb_scratch/state.pt ---
Epoch 49
Epoch 49, Training Loss: 0.6816, Validation Loss: 0.6657
--- Saved model to checkpoints/classification/crumb_scratch/state.pt ---
Epoch 50
Epoch 50, Training Loss: 0.6755, Validation Loss: 0.9211
--- Saved model to checkpoints/classification/crumb_scratch/state.pt ---
Epoch 51
Epoch 51, Training Loss: 0.6709, Validation Loss: 0.6648 (best)
--- Saved model to checkpoints/classification/crumb_scratch/state.pt ---
Epoch 52
Epoch 52, Training Loss: 0.6700, Validation Loss: 0.6662
--- Saved model to checkpoints/classification/crumb_scratch/state.pt ---
Epoch 53
Epoch 53, Training Loss: 0.6808, Validation Loss: 0.6715
--- Saved model to checkpoints/classification/crumb_scratch/state.pt ---
Epoch 54
Epoch 54, Training Loss: 0.6726, Validation Loss: 0.6653
--- Saved model to checkpoints/classification/crumb_scratch/state.pt ---
Epoch 55
Epoch 55, Training Loss: 0.6776, Validation Loss: 0.6658
--- Saved model to checkpoints/classification/crumb_scratch/state.pt ---
Epoch 56
Epoch 56, Training Loss: 0.6741, Validation Loss: 1.0936
--- Saved model to checkpoints/classification/crumb_scratch/state.pt ---
Epoch 57
Epoch 57, Training Loss: 0.6726, Validation Loss: 0.6694
--- Saved model to checkpoints/classification/crumb_scratch/state.pt ---
Epoch 58
Epoch 58, Training Loss: 0.6761, Validation Loss: 0.9041
--- Saved model to checkpoints/classification/crumb_scratch/state.pt ---
Epoch 59
Epoch 59, Training Loss: 0.6768, Validation Loss: 0.6641 (best)
--- Saved model to checkpoints/classification/crumb_scratch/state.pt ---
Epoch 60
Epoch 60, Training Loss: 0.6689, Validation Loss: 0.7591
--- Saved model to checkpoints/classification/crumb_scratch/state.pt ---
Epoch 61
Epoch 61, Training Loss: 0.6772, Validation Loss: 0.6651
--- Saved model to checkpoints/classification/crumb_scratch/state.pt ---
Epoch 62
Epoch 62, Training Loss: 0.6682, Validation Loss: 0.6643
--- Saved model to checkpoints/classification/crumb_scratch/state.pt ---
Epoch 63
Epoch 63, Training Loss: 0.6761, Validation Loss: 0.9994
--- Saved model to checkpoints/classification/crumb_scratch/state.pt ---
Epoch 64
Epoch 64, Training Loss: 0.6732, Validation Loss: 0.7049
--- Saved model to checkpoints/classification/crumb_scratch/state.pt ---
Epoch 65
Epoch 65, Training Loss: 0.6732, Validation Loss: 0.6802
--- Saved model to checkpoints/classification/crumb_scratch/state.pt ---
Epoch 66
Epoch 66, Training Loss: 0.6759, Validation Loss: 0.8043
--- Saved model to checkpoints/classification/crumb_scratch/state.pt ---
Epoch 67
Epoch 67, Training Loss: 0.6722, Validation Loss: 0.6645
--- Saved model to checkpoints/classification/crumb_scratch/state.pt ---
Epoch 68
Epoch 68, Training Loss: 0.6766, Validation Loss: 0.6724
--- Saved model to checkpoints/classification/crumb_scratch/state.pt ---
Epoch 69
Epoch 69, Training Loss: 0.6737, Validation Loss: 0.6650
--- Saved model to checkpoints/classification/crumb_scratch/state.pt ---
Epoch 70
Epoch 70, Training Loss: 0.6714, Validation Loss: 0.8995
--- Saved model to checkpoints/classification/crumb_scratch/state.pt ---
Epoch 71
Epoch 71, Training Loss: 0.6682, Validation Loss: 0.6668
--- Saved model to checkpoints/classification/crumb_scratch/state.pt ---
Epoch 72
Epoch 72, Training Loss: 0.6772, Validation Loss: 0.6667
--- Saved model to checkpoints/classification/crumb_scratch/state.pt ---
Epoch 73
Epoch 73, Training Loss: 0.6674, Validation Loss: 0.6698
--- Saved model to checkpoints/classification/crumb_scratch/state.pt ---
Epoch 74
Epoch 74, Training Loss: 0.6698, Validation Loss: 0.6640 (best)
--- Saved model to checkpoints/classification/crumb_scratch/state.pt ---
Epoch 75
Epoch 75, Training Loss: 0.6720, Validation Loss: 0.6813
--- Saved model to checkpoints/classification/crumb_scratch/state.pt ---
Epoch 76
Epoch 76, Training Loss: 0.6729, Validation Loss: 0.6669
--- Saved model to checkpoints/classification/crumb_scratch/state.pt ---
Epoch 77
Epoch 77, Training Loss: 0.6731, Validation Loss: 0.6636 (best)
--- Saved model to checkpoints/classification/crumb_scratch/state.pt ---
Epoch 78
Epoch 78, Training Loss: 0.6720, Validation Loss: 0.6677
--- Saved model to checkpoints/classification/crumb_scratch/state.pt ---
Epoch 79
Epoch 79, Training Loss: 0.6646, Validation Loss: 0.6628 (best)
--- Saved model to checkpoints/classification/crumb_scratch/state.pt ---
Epoch 80
Epoch 80, Training Loss: 0.6642, Validation Loss: 0.6977
--- Saved model to checkpoints/classification/crumb_scratch/state.pt ---
Epoch 81
Epoch 81, Training Loss: 0.6734, Validation Loss: 0.7065
--- Saved model to checkpoints/classification/crumb_scratch/state.pt ---
Epoch 82
Epoch 82, Training Loss: 0.6650, Validation Loss: 0.6627 (best)
--- Saved model to checkpoints/classification/crumb_scratch/state.pt ---
Epoch 83
Epoch 83, Training Loss: 0.6747, Validation Loss: 0.6690
--- Saved model to checkpoints/classification/crumb_scratch/state.pt ---
Epoch 84
Epoch 84, Training Loss: 0.6696, Validation Loss: 0.6668
--- Saved model to checkpoints/classification/crumb_scratch/state.pt ---
Epoch 85
Epoch 85, Training Loss: 0.6723, Validation Loss: 0.6687
--- Saved model to checkpoints/classification/crumb_scratch/state.pt ---
Epoch 86
Epoch 86, Training Loss: 0.6668, Validation Loss: 0.6678
--- Saved model to checkpoints/classification/crumb_scratch/state.pt ---
Epoch 87
Epoch 87, Training Loss: 0.6724, Validation Loss: 0.6640
--- Saved model to checkpoints/classification/crumb_scratch/state.pt ---
Epoch 88
Epoch 88, Training Loss: 0.6651, Validation Loss: 0.7139
--- Saved model to checkpoints/classification/crumb_scratch/state.pt ---
Epoch 89
Epoch 89, Training Loss: 0.6717, Validation Loss: 0.6857
--- Saved model to checkpoints/classification/crumb_scratch/state.pt ---
Epoch 90
Epoch 90, Training Loss: 0.6693, Validation Loss: 0.7572
--- Saved model to checkpoints/classification/crumb_scratch/state.pt ---
Epoch 91
Epoch 91, Training Loss: 0.6761, Validation Loss: 0.7539
--- Saved model to checkpoints/classification/crumb_scratch/state.pt ---
Epoch 92
Epoch 92, Training Loss: 0.6683, Validation Loss: 0.6639
--- Saved model to checkpoints/classification/crumb_scratch/state.pt ---
Epoch 93
Epoch 93, Training Loss: 0.6690, Validation Loss: 0.6621 (best)
--- Saved model to checkpoints/classification/crumb_scratch/state.pt ---
Epoch 94
Epoch 94, Training Loss: 0.6698, Validation Loss: 0.6666
--- Saved model to checkpoints/classification/crumb_scratch/state.pt ---
Epoch 95
Epoch 95, Training Loss: 0.6686, Validation Loss: 0.9474
--- Saved model to checkpoints/classification/crumb_scratch/state.pt ---
Epoch 96
Epoch 96, Training Loss: 0.6739, Validation Loss: 0.6795
--- Saved model to checkpoints/classification/crumb_scratch/state.pt ---
Epoch 97
Epoch 97, Training Loss: 0.6702, Validation Loss: 0.6684
--- Saved model to checkpoints/classification/crumb_scratch/state.pt ---
Epoch 98
Epoch 98, Training Loss: 0.6681, Validation Loss: 0.6641
--- Saved model to checkpoints/classification/crumb_scratch/state.pt ---
Epoch 99
Epoch 99, Training Loss: 0.6678, Validation Loss: 0.6614 (best)
--- Saved model to checkpoints/classification/crumb_scratch/state.pt ---
Restored best model (val loss 0.6614)
--- Saved model to checkpoints/classification/crumb_scratch/state.pt ---
Testing model
Accuracy: 70.53%
