On device cuda
Dataset: mirabest
Getting data loader mirabest
Files already downloaded and verified
Files already downloaded and verified
Files already downloaded and verified
Clipping input data to the valid range for imshow with RGB data ([0..1] for floats or [0..255] for integers). Got range [-0.558952..1.82].
/idia/users/bevan/pid-radast/classifier-guided-physics-informed-diffusion/.venv/lib/python3.11/site-packages/torchvision/models/_utils.py:208: UserWarning: The parameter 'pretrained' is deprecated since 0.13 and may be removed in the future, please use 'weights' instead.
  warnings.warn(
/idia/users/bevan/pid-radast/classifier-guided-physics-informed-diffusion/.venv/lib/python3.11/site-packages/torchvision/models/_utils.py:223: UserWarning: Arguments other than a weight enum or `None` for 'weights' are deprecated since 0.13 and may be removed in the future. The current behavior is equivalent to passing `weights=None`.
  warnings.warn(msg)
Channels (3 for RGB, 1 for Gray): 3
Height: 150 pixels
Width: 150 pixels
[0] test_idx=1  true=FR-I  pred=FR-I  confidence=99.8%  CORRECT  -> results/sanity_check/sample_00_idx1_true-FR-I_pred-FR-I.png
[1] test_idx=75  true=FR-II  pred=FR-II  confidence=78.6%  CORRECT  -> results/sanity_check/sample_01_idx75_true-FR-II_pred-FR-II.png
[2] test_idx=62  true=FR-II  pred=FR-II  confidence=89.6%  CORRECT  -> results/sanity_check/sample_02_idx62_true-FR-II_pred-FR-II.png
[3] test_idx=33  true=FR-I  pred=FR-I  confidence=99.4%  CORRECT  -> results/sanity_check/sample_03_idx33_true-FR-I_pred-FR-I.png
[4] test_idx=66  true=FR-II  pred=FR-II  confidence=73.8%  CORRECT  -> results/sanity_check/sample_04_idx66_true-FR-II_pred-FR-II.png
[5] test_idx=34  true=FR-II  pred=FR-I  confidence=81.7%  WRONG  -> results/sanity_check/sample_05_idx34_true-FR-II_pred-FR-I.png
[6] test_idx=31  true=FR-I  pred=FR-I  confidence=80.5%  CORRECT  -> results/sanity_check/sample_06_idx31_true-FR-I_pred-FR-I.png
[7] test_idx=45  true=FR-II  pred=FR-I  confidence=51.4%  WRONG  -> results/sanity_check/sample_07_idx45_true-FR-II_pred-FR-I.png
[8] test_idx=47  true=FR-II  pred=FR-II  confidence=82.2%  CORRECT  -> results/sanity_check/sample_08_idx47_true-FR-II_pred-FR-II.png
[9] test_idx=63  true=FR-II  pred=FR-I  confidence=85.4%  WRONG  -> results/sanity_check/sample_09_idx63_true-FR-II_pred-FR-I.png

7/10 correct on this random sample.
