CUDA Memory Cleared. Current VRAM Usage: 0.00 MB
On device cuda
Getting data loader crumb
Corrected 163/300 CRUMB test labels using train-derived (parent, code) -> label mapping
Total unique classes found: 2
Label IDs: [0, 1]
Total images in dataset: 2002
Total batches: 86 (at batch size 16)

============================================================
Run 1/1  |  seed=42  |  tag=crumb_scratch_lr  |  results -> results/classification/run_20260713_193822_seed42
============================================================

Training classification for 100 epochs
Epoch 0
Epoch 0, Training Loss: 0.7080, Validation Loss: 0.6887 (best)
--- Saved model to checkpoints/classification/crumb_scratch_lr/state.pt ---
Epoch 1
Epoch 1, Training Loss: 0.7037, Validation Loss: 0.6886 (best)
--- Saved model to checkpoints/classification/crumb_scratch_lr/state.pt ---
Epoch 2
Epoch 2, Training Loss: 0.6970, Validation Loss: 0.6881 (best)
--- Saved model to checkpoints/classification/crumb_scratch_lr/state.pt ---
Epoch 3
Epoch 3, Training Loss: 0.6974, Validation Loss: 0.6886
--- Saved model to checkpoints/classification/crumb_scratch_lr/state.pt ---
Epoch 4
Epoch 4, Training Loss: 0.6895, Validation Loss: 0.6832 (best)
--- Saved model to checkpoints/classification/crumb_scratch_lr/state.pt ---
Epoch 5
Epoch 5, Training Loss: 0.6867, Validation Loss: 0.6830 (best)
--- Saved model to checkpoints/classification/crumb_scratch_lr/state.pt ---
Epoch 6
Epoch 6, Training Loss: 0.6848, Validation Loss: 0.6809 (best)
--- Saved model to checkpoints/classification/crumb_scratch_lr/state.pt ---
Epoch 7
Epoch 7, Training Loss: 0.6891, Validation Loss: 0.6790 (best)
--- Saved model to checkpoints/classification/crumb_scratch_lr/state.pt ---
Epoch 8
Epoch 8, Training Loss: 0.6891, Validation Loss: 0.7015
--- Saved model to checkpoints/classification/crumb_scratch_lr/state.pt ---
Epoch 9
Epoch 9, Training Loss: 0.6833, Validation Loss: 0.6832
--- Saved model to checkpoints/classification/crumb_scratch_lr/state.pt ---
Epoch 10
Epoch 10, Training Loss: 0.6914, Validation Loss: 0.7145
--- Saved model to checkpoints/classification/crumb_scratch_lr/state.pt ---
Epoch 11
Epoch 11, Training Loss: 0.6842, Validation Loss: 0.6759 (best)
--- Saved model to checkpoints/classification/crumb_scratch_lr/state.pt ---
Epoch 12
Epoch 12, Training Loss: 0.6842, Validation Loss: 0.6805
--- Saved model to checkpoints/classification/crumb_scratch_lr/state.pt ---
Epoch 13
Epoch 13, Training Loss: 0.6840, Validation Loss: 0.6744 (best)
--- Saved model to checkpoints/classification/crumb_scratch_lr/state.pt ---
Epoch 14
Epoch 14, Training Loss: 0.6805, Validation Loss: 0.9171
--- Saved model to checkpoints/classification/crumb_scratch_lr/state.pt ---
Epoch 15
Epoch 15, Training Loss: 0.6851, Validation Loss: 0.6730 (best)
--- Saved model to checkpoints/classification/crumb_scratch_lr/state.pt ---
Epoch 16
Epoch 16, Training Loss: 0.6812, Validation Loss: 0.6719 (best)
--- Saved model to checkpoints/classification/crumb_scratch_lr/state.pt ---
Epoch 17
Epoch 17, Training Loss: 0.6793, Validation Loss: 0.7128
--- Saved model to checkpoints/classification/crumb_scratch_lr/state.pt ---
Epoch 18
Epoch 18, Training Loss: 0.6756, Validation Loss: 0.7130
--- Saved model to checkpoints/classification/crumb_scratch_lr/state.pt ---
Epoch 19
Epoch 19, Training Loss: 0.6748, Validation Loss: 0.6732
--- Saved model to checkpoints/classification/crumb_scratch_lr/state.pt ---
Epoch 20
Epoch 20, Training Loss: 0.6829, Validation Loss: 0.7137
--- Saved model to checkpoints/classification/crumb_scratch_lr/state.pt ---
Epoch 21
Epoch 21, Training Loss: 0.6811, Validation Loss: 0.6732
--- Saved model to checkpoints/classification/crumb_scratch_lr/state.pt ---
Epoch 22
Epoch 22, Training Loss: 0.6732, Validation Loss: 0.9005
--- Saved model to checkpoints/classification/crumb_scratch_lr/state.pt ---
Epoch 23
Epoch 23, Training Loss: 0.6795, Validation Loss: 0.6691 (best)
--- Saved model to checkpoints/classification/crumb_scratch_lr/state.pt ---
Epoch 24
Epoch 24, Training Loss: 0.6766, Validation Loss: 0.6688 (best)
--- Saved model to checkpoints/classification/crumb_scratch_lr/state.pt ---
Epoch 25
Epoch 25, Training Loss: 0.6857, Validation Loss: 0.6694
--- Saved model to checkpoints/classification/crumb_scratch_lr/state.pt ---
Epoch 26
Epoch 26, Training Loss: 0.6845, Validation Loss: 0.8649
--- Saved model to checkpoints/classification/crumb_scratch_lr/state.pt ---
Epoch 27
Epoch 27, Training Loss: 0.6809, Validation Loss: 0.6695
--- Saved model to checkpoints/classification/crumb_scratch_lr/state.pt ---
Epoch 28
Epoch 28, Training Loss: 0.6817, Validation Loss: 0.6732
--- Saved model to checkpoints/classification/crumb_scratch_lr/state.pt ---
Epoch 29
Epoch 29, Training Loss: 0.6750, Validation Loss: 0.8736
--- Saved model to checkpoints/classification/crumb_scratch_lr/state.pt ---
Epoch 30
Epoch 30, Training Loss: 0.6798, Validation Loss: 0.6691
--- Saved model to checkpoints/classification/crumb_scratch_lr/state.pt ---
Epoch 31
Epoch 31, Training Loss: 0.6744, Validation Loss: 0.6699
--- Saved model to checkpoints/classification/crumb_scratch_lr/state.pt ---
Epoch 32
Epoch 32, Training Loss: 0.6793, Validation Loss: 0.6685 (best)
--- Saved model to checkpoints/classification/crumb_scratch_lr/state.pt ---
Epoch 33
Epoch 33, Training Loss: 0.6749, Validation Loss: 0.8376
--- Saved model to checkpoints/classification/crumb_scratch_lr/state.pt ---
Epoch 34
Epoch 34, Training Loss: 0.6711, Validation Loss: 0.7415
--- Saved model to checkpoints/classification/crumb_scratch_lr/state.pt ---
Epoch 35
Epoch 35, Training Loss: 0.6769, Validation Loss: 0.6688
--- Saved model to checkpoints/classification/crumb_scratch_lr/state.pt ---
Epoch 36
Epoch 36, Training Loss: 0.6721, Validation Loss: 0.7432
--- Saved model to checkpoints/classification/crumb_scratch_lr/state.pt ---
Epoch 37
Epoch 37, Training Loss: 0.6730, Validation Loss: 0.7090
--- Saved model to checkpoints/classification/crumb_scratch_lr/state.pt ---
Epoch 38
Epoch 38, Training Loss: 0.6747, Validation Loss: 0.7529
--- Saved model to checkpoints/classification/crumb_scratch_lr/state.pt ---
Epoch 39
Epoch 39, Training Loss: 0.6711, Validation Loss: 0.6891
--- Saved model to checkpoints/classification/crumb_scratch_lr/state.pt ---
Epoch 40
Epoch 40, Training Loss: 0.6795, Validation Loss: 0.8069
--- Saved model to checkpoints/classification/crumb_scratch_lr/state.pt ---
Epoch 41
Epoch 41, Training Loss: 0.6752, Validation Loss: 0.7150
--- Saved model to checkpoints/classification/crumb_scratch_lr/state.pt ---
Epoch 42
Epoch 42, Training Loss: 0.6715, Validation Loss: 0.6685 (best)
--- Saved model to checkpoints/classification/crumb_scratch_lr/state.pt ---
Epoch 43
Epoch 43, Training Loss: 0.6779, Validation Loss: 0.6944
--- Saved model to checkpoints/classification/crumb_scratch_lr/state.pt ---
Epoch 44
Epoch 44, Training Loss: 0.6725, Validation Loss: 0.6673 (best)
--- Saved model to checkpoints/classification/crumb_scratch_lr/state.pt ---
Epoch 45
Epoch 45, Training Loss: 0.6699, Validation Loss: 0.8172
--- Saved model to checkpoints/classification/crumb_scratch_lr/state.pt ---
Epoch 46
Epoch 46, Training Loss: 0.6723, Validation Loss: 0.6652 (best)
--- Saved model to checkpoints/classification/crumb_scratch_lr/state.pt ---
Epoch 47
Epoch 47, Training Loss: 0.6714, Validation Loss: 0.6711
--- Saved model to checkpoints/classification/crumb_scratch_lr/state.pt ---
Epoch 48
Epoch 48, Training Loss: 0.6750, Validation Loss: 0.6663
--- Saved model to checkpoints/classification/crumb_scratch_lr/state.pt ---
Epoch 49
Epoch 49, Training Loss: 0.6817, Validation Loss: 0.6649 (best)
--- Saved model to checkpoints/classification/crumb_scratch_lr/state.pt ---
Epoch 50
Epoch 50, Training Loss: 0.6756, Validation Loss: 0.9672
--- Saved model to checkpoints/classification/crumb_scratch_lr/state.pt ---
Epoch 51
Epoch 51, Training Loss: 0.6709, Validation Loss: 0.6647 (best)
--- Saved model to checkpoints/classification/crumb_scratch_lr/state.pt ---
Epoch 52
Epoch 52, Training Loss: 0.6700, Validation Loss: 0.6662
--- Saved model to checkpoints/classification/crumb_scratch_lr/state.pt ---
Epoch 53
Epoch 53, Training Loss: 0.6806, Validation Loss: 0.6720
--- Saved model to checkpoints/classification/crumb_scratch_lr/state.pt ---
Epoch 54
Epoch 54, Training Loss: 0.6725, Validation Loss: 0.6655
--- Saved model to checkpoints/classification/crumb_scratch_lr/state.pt ---
Epoch 55
Epoch 55, Training Loss: 0.6776, Validation Loss: 0.6649
--- Saved model to checkpoints/classification/crumb_scratch_lr/state.pt ---
Epoch 56
Epoch 56, Training Loss: 0.6741, Validation Loss: 1.0949
--- Saved model to checkpoints/classification/crumb_scratch_lr/state.pt ---
Epoch 57
Epoch 57, Training Loss: 0.6728, Validation Loss: 0.6720
--- Saved model to checkpoints/classification/crumb_scratch_lr/state.pt ---
Epoch 58
Epoch 58, Training Loss: 0.6759, Validation Loss: 0.9414
--- Saved model to checkpoints/classification/crumb_scratch_lr/state.pt ---
Epoch 59
Epoch 59, Training Loss: 0.6768, Validation Loss: 0.6642 (best)
--- Saved model to checkpoints/classification/crumb_scratch_lr/state.pt ---
Epoch 60
Epoch 60, Training Loss: 0.6689, Validation Loss: 0.7543
--- Saved model to checkpoints/classification/crumb_scratch_lr/state.pt ---
Epoch 61
Epoch 61, Training Loss: 0.6770, Validation Loss: 0.6643
--- Saved model to checkpoints/classification/crumb_scratch_lr/state.pt ---
Epoch 62
Epoch 62, Training Loss: 0.6684, Validation Loss: 0.6640 (best)
--- Saved model to checkpoints/classification/crumb_scratch_lr/state.pt ---
Epoch 63
Epoch 63, Training Loss: 0.6763, Validation Loss: 1.0008
--- Saved model to checkpoints/classification/crumb_scratch_lr/state.pt ---
Epoch 64
Epoch 64, Training Loss: 0.6729, Validation Loss: 0.6948
--- Saved model to checkpoints/classification/crumb_scratch_lr/state.pt ---
Epoch 65
Epoch 65, Training Loss: 0.6735, Validation Loss: 0.6735
--- Saved model to checkpoints/classification/crumb_scratch_lr/state.pt ---
Epoch 66
Epoch 66, Training Loss: 0.6760, Validation Loss: 0.8581
--- Saved model to checkpoints/classification/crumb_scratch_lr/state.pt ---
Epoch 67
Epoch 67, Training Loss: 0.6723, Validation Loss: 0.6645
--- Saved model to checkpoints/classification/crumb_scratch_lr/state.pt ---
Epoch 68
Epoch 68, Training Loss: 0.6766, Validation Loss: 0.6717
--- Saved model to checkpoints/classification/crumb_scratch_lr/state.pt ---
Epoch 69
Epoch 69, Training Loss: 0.6739, Validation Loss: 0.6646
--- Saved model to checkpoints/classification/crumb_scratch_lr/state.pt ---
Epoch 70
Epoch 70, Training Loss: 0.6715, Validation Loss: 0.9852
--- Saved model to checkpoints/classification/crumb_scratch_lr/state.pt ---
Epoch 71
Epoch 71, Training Loss: 0.6682, Validation Loss: 0.6672
--- Saved model to checkpoints/classification/crumb_scratch_lr/state.pt ---
Epoch 72
Epoch 72, Training Loss: 0.6773, Validation Loss: 0.6664
--- Saved model to checkpoints/classification/crumb_scratch_lr/state.pt ---
Epoch 73
Epoch 73, Training Loss: 0.6679, Validation Loss: 0.6711
--- Saved model to checkpoints/classification/crumb_scratch_lr/state.pt ---
Epoch 74
Epoch 74, Training Loss: 0.6698, Validation Loss: 0.6639 (best)
--- Saved model to checkpoints/classification/crumb_scratch_lr/state.pt ---
Epoch 75
Epoch 75, Training Loss: 0.6721, Validation Loss: 0.6664
--- Saved model to checkpoints/classification/crumb_scratch_lr/state.pt ---
Epoch 76
Epoch 76, Training Loss: 0.6731, Validation Loss: 0.6683
--- Saved model to checkpoints/classification/crumb_scratch_lr/state.pt ---
Epoch 77
Epoch 77, Training Loss: 0.6729, Validation Loss: 0.6642
--- Saved model to checkpoints/classification/crumb_scratch_lr/state.pt ---
Epoch 78
Epoch 78, Training Loss: 0.6719, Validation Loss: 0.6679
--- Saved model to checkpoints/classification/crumb_scratch_lr/state.pt ---
Epoch 79
Epoch 79, Training Loss: 0.6647, Validation Loss: 0.6649
--- Saved model to checkpoints/classification/crumb_scratch_lr/state.pt ---
Epoch 80
Epoch 80, Training Loss: 0.6642, Validation Loss: 0.6742
--- Saved model to checkpoints/classification/crumb_scratch_lr/state.pt ---
Epoch 81
Epoch 81, Training Loss: 0.6734, Validation Loss: 0.7386
--- Saved model to checkpoints/classification/crumb_scratch_lr/state.pt ---
Epoch 82
Epoch 82, Training Loss: 0.6650, Validation Loss: 0.6822
--- Saved model to checkpoints/classification/crumb_scratch_lr/state.pt ---
Epoch 83
Epoch 83, Training Loss: 0.6747, Validation Loss: 0.6656
--- Saved model to checkpoints/classification/crumb_scratch_lr/state.pt ---
Epoch 84
Epoch 84, Training Loss: 0.6695, Validation Loss: 0.6663
--- Saved model to checkpoints/classification/crumb_scratch_lr/state.pt ---
Epoch 85
Epoch 85, Training Loss: 0.6724, Validation Loss: 0.6725
--- Saved model to checkpoints/classification/crumb_scratch_lr/state.pt ---
Epoch 86
Epoch 86, Training Loss: 0.6671, Validation Loss: 0.6693
--- Saved model to checkpoints/classification/crumb_scratch_lr/state.pt ---
Epoch 87
Epoch 87, Training Loss: 0.6723, Validation Loss: 0.6620 (best)
--- Saved model to checkpoints/classification/crumb_scratch_lr/state.pt ---
Epoch 88
Epoch 88, Training Loss: 0.6652, Validation Loss: 0.7095
--- Saved model to checkpoints/classification/crumb_scratch_lr/state.pt ---
Epoch 89
Epoch 89, Training Loss: 0.6712, Validation Loss: 0.6789
--- Saved model to checkpoints/classification/crumb_scratch_lr/state.pt ---
Epoch 90
Epoch 90, Training Loss: 0.6692, Validation Loss: 0.7859
--- Saved model to checkpoints/classification/crumb_scratch_lr/state.pt ---
Epoch 91
Epoch 91, Training Loss: 0.6761, Validation Loss: 0.7576
--- Saved model to checkpoints/classification/crumb_scratch_lr/state.pt ---
Epoch 92
Epoch 92, Training Loss: 0.6683, Validation Loss: 0.6796
--- Saved model to checkpoints/classification/crumb_scratch_lr/state.pt ---
Epoch 93
Epoch 93, Training Loss: 0.6687, Validation Loss: 0.6637
--- Saved model to checkpoints/classification/crumb_scratch_lr/state.pt ---
Epoch 94
Epoch 94, Training Loss: 0.6697, Validation Loss: 0.6674
--- Saved model to checkpoints/classification/crumb_scratch_lr/state.pt ---
Epoch 95
Epoch 95, Training Loss: 0.6684, Validation Loss: 0.8178
--- Saved model to checkpoints/classification/crumb_scratch_lr/state.pt ---
Epoch 96
Epoch 96, Training Loss: 0.6734, Validation Loss: 0.7096
--- Saved model to checkpoints/classification/crumb_scratch_lr/state.pt ---
Epoch 97
Epoch 97, Training Loss: 0.6701, Validation Loss: 0.6682
--- Saved model to checkpoints/classification/crumb_scratch_lr/state.pt ---
Epoch 98
Epoch 98, Training Loss: 0.6678, Validation Loss: 0.6637
--- Saved model to checkpoints/classification/crumb_scratch_lr/state.pt ---
Epoch 99
Epoch 99, Training Loss: 0.6676, Validation Loss: 0.6618 (best)
--- Saved model to checkpoints/classification/crumb_scratch_lr/state.pt ---
Restored best model (val loss 0.6618)
--- Saved model to checkpoints/classification/crumb_scratch_lr/state.pt ---
Testing model
Accuracy: 68.77%
