CUDA Memory Cleared. Current VRAM Usage: 0.00 MB
On device cuda
Getting data loader crumb
Corrected 163/300 CRUMB test labels using train-derived (parent, code) -> label mapping
Total unique classes found: 2
Label IDs: [0, 1]
Total images in dataset: 2002
Total batches: 86 (at batch size 16)

============================================================
Run 1/1  |  seed=42  |  tag=scratch_cnn_3_layers  |  results -> results/classification/run_20260713_201323_seed42
============================================================

Training classification for 100 epochs
Epoch 0
Epoch 0, Training Loss: 0.7055, Validation Loss: 0.6775 (best)
--- Saved model to checkpoints/classification/scratch_cnn_3_layers/state.pt ---
Epoch 1
Epoch 1, Training Loss: 0.6743, Validation Loss: 0.6661 (best)
--- Saved model to checkpoints/classification/scratch_cnn_3_layers/state.pt ---
Epoch 2
Epoch 2, Training Loss: 0.6658, Validation Loss: 2.6748
--- Saved model to checkpoints/classification/scratch_cnn_3_layers/state.pt ---
Epoch 3
Epoch 3, Training Loss: 0.6585, Validation Loss: 0.6904
--- Saved model to checkpoints/classification/scratch_cnn_3_layers/state.pt ---
Epoch 4
Epoch 4, Training Loss: 0.6503, Validation Loss: 4.9625
--- Saved model to checkpoints/classification/scratch_cnn_3_layers/state.pt ---
Epoch 5
Epoch 5, Training Loss: 0.6590, Validation Loss: 1.1720
--- Saved model to checkpoints/classification/scratch_cnn_3_layers/state.pt ---
Epoch 6
Epoch 6, Training Loss: 0.6466, Validation Loss: 1.0453
--- Saved model to checkpoints/classification/scratch_cnn_3_layers/state.pt ---
Epoch 7
Epoch 7, Training Loss: 0.6549, Validation Loss: 5.4550
--- Saved model to checkpoints/classification/scratch_cnn_3_layers/state.pt ---
Epoch 8
Epoch 8, Training Loss: 0.6419, Validation Loss: 1.7628
--- Saved model to checkpoints/classification/scratch_cnn_3_layers/state.pt ---
Epoch 9
Epoch 9, Training Loss: 0.6448, Validation Loss: 0.9432
--- Saved model to checkpoints/classification/scratch_cnn_3_layers/state.pt ---
Epoch 10
Epoch 10, Training Loss: 0.6452, Validation Loss: 1.9955
--- Saved model to checkpoints/classification/scratch_cnn_3_layers/state.pt ---
Epoch 11
Epoch 11, Training Loss: 0.6340, Validation Loss: 3.2896
--- Saved model to checkpoints/classification/scratch_cnn_3_layers/state.pt ---
Epoch 12
Epoch 12, Training Loss: 0.6391, Validation Loss: 3.8934
--- Saved model to checkpoints/classification/scratch_cnn_3_layers/state.pt ---
Epoch 13
Epoch 13, Training Loss: 0.6362, Validation Loss: 6.6182
--- Saved model to checkpoints/classification/scratch_cnn_3_layers/state.pt ---
Epoch 14
Epoch 14, Training Loss: 0.6384, Validation Loss: 1.0547
--- Saved model to checkpoints/classification/scratch_cnn_3_layers/state.pt ---
Epoch 15
Epoch 15, Training Loss: 0.6318, Validation Loss: 1.9314
--- Saved model to checkpoints/classification/scratch_cnn_3_layers/state.pt ---
Epoch 16
Epoch 16, Training Loss: 0.6303, Validation Loss: 7.3350
--- Saved model to checkpoints/classification/scratch_cnn_3_layers/state.pt ---
Epoch 17
Epoch 17, Training Loss: 0.6265, Validation Loss: 4.7027
--- Saved model to checkpoints/classification/scratch_cnn_3_layers/state.pt ---
Epoch 18
Epoch 18, Training Loss: 0.6321, Validation Loss: 5.1316
--- Saved model to checkpoints/classification/scratch_cnn_3_layers/state.pt ---
Epoch 19
Epoch 19, Training Loss: 0.6318, Validation Loss: 7.8224
--- Saved model to checkpoints/classification/scratch_cnn_3_layers/state.pt ---
Epoch 20
Epoch 20, Training Loss: 0.6301, Validation Loss: 2.3459
--- Saved model to checkpoints/classification/scratch_cnn_3_layers/state.pt ---
Epoch 21
Epoch 21, Training Loss: 0.6217, Validation Loss: 3.2943
--- Saved model to checkpoints/classification/scratch_cnn_3_layers/state.pt ---
Epoch 22
Epoch 22, Training Loss: 0.6303, Validation Loss: 5.1922
--- Saved model to checkpoints/classification/scratch_cnn_3_layers/state.pt ---
Epoch 23
Epoch 23, Training Loss: 0.6190, Validation Loss: 6.8352
--- Saved model to checkpoints/classification/scratch_cnn_3_layers/state.pt ---
Epoch 24
Epoch 24, Training Loss: 0.6317, Validation Loss: 4.8919
--- Saved model to checkpoints/classification/scratch_cnn_3_layers/state.pt ---
Epoch 25
Epoch 25, Training Loss: 0.6228, Validation Loss: 4.7221
--- Saved model to checkpoints/classification/scratch_cnn_3_layers/state.pt ---
Epoch 26
Epoch 26, Training Loss: 0.6285, Validation Loss: 4.1837
--- Saved model to checkpoints/classification/scratch_cnn_3_layers/state.pt ---
Epoch 27
Epoch 27, Training Loss: 0.6252, Validation Loss: 5.9233
--- Saved model to checkpoints/classification/scratch_cnn_3_layers/state.pt ---
Epoch 28
Epoch 28, Training Loss: 0.6195, Validation Loss: 5.4079
--- Saved model to checkpoints/classification/scratch_cnn_3_layers/state.pt ---
Epoch 29
Epoch 29, Training Loss: 0.6286, Validation Loss: 4.2448
--- Saved model to checkpoints/classification/scratch_cnn_3_layers/state.pt ---
Epoch 30
Epoch 30, Training Loss: 0.6260, Validation Loss: 2.3261
--- Saved model to checkpoints/classification/scratch_cnn_3_layers/state.pt ---
Epoch 31
Epoch 31, Training Loss: 0.6233, Validation Loss: 2.7353
--- Saved model to checkpoints/classification/scratch_cnn_3_layers/state.pt ---
Epoch 32
Epoch 32, Training Loss: 0.6196, Validation Loss: 5.8213
--- Saved model to checkpoints/classification/scratch_cnn_3_layers/state.pt ---
Epoch 33
Epoch 33, Training Loss: 0.6274, Validation Loss: 0.7824
--- Saved model to checkpoints/classification/scratch_cnn_3_layers/state.pt ---
Epoch 34
Epoch 34, Training Loss: 0.6064, Validation Loss: 3.7676
--- Saved model to checkpoints/classification/scratch_cnn_3_layers/state.pt ---
Epoch 35
Epoch 35, Training Loss: 0.6153, Validation Loss: 1.1695
--- Saved model to checkpoints/classification/scratch_cnn_3_layers/state.pt ---
Epoch 36
Epoch 36, Training Loss: 0.6188, Validation Loss: 3.4696
--- Saved model to checkpoints/classification/scratch_cnn_3_layers/state.pt ---
Epoch 37
Epoch 37, Training Loss: 0.6128, Validation Loss: 3.8019
--- Saved model to checkpoints/classification/scratch_cnn_3_layers/state.pt ---
Epoch 38
Epoch 38, Training Loss: 0.6099, Validation Loss: 4.8681
--- Saved model to checkpoints/classification/scratch_cnn_3_layers/state.pt ---
Epoch 39
Epoch 39, Training Loss: 0.6084, Validation Loss: 12.7823
--- Saved model to checkpoints/classification/scratch_cnn_3_layers/state.pt ---
Epoch 40
Epoch 40, Training Loss: 0.6049, Validation Loss: 5.7021
--- Saved model to checkpoints/classification/scratch_cnn_3_layers/state.pt ---
Epoch 41
Epoch 41, Training Loss: 0.6034, Validation Loss: 6.2334
--- Saved model to checkpoints/classification/scratch_cnn_3_layers/state.pt ---
Epoch 42
Epoch 42, Training Loss: 0.6045, Validation Loss: 0.8544
--- Saved model to checkpoints/classification/scratch_cnn_3_layers/state.pt ---
Epoch 43
Epoch 43, Training Loss: 0.6042, Validation Loss: 0.6480 (best)
--- Saved model to checkpoints/classification/scratch_cnn_3_layers/state.pt ---
Epoch 44
Epoch 44, Training Loss: 0.5981, Validation Loss: 0.6525
--- Saved model to checkpoints/classification/scratch_cnn_3_layers/state.pt ---
Epoch 45
Epoch 45, Training Loss: 0.5984, Validation Loss: 0.9167
--- Saved model to checkpoints/classification/scratch_cnn_3_layers/state.pt ---
Epoch 46
Epoch 46, Training Loss: 0.5996, Validation Loss: 5.2631
--- Saved model to checkpoints/classification/scratch_cnn_3_layers/state.pt ---
Epoch 47
Epoch 47, Training Loss: 0.5921, Validation Loss: 0.6136 (best)
--- Saved model to checkpoints/classification/scratch_cnn_3_layers/state.pt ---
Epoch 48
Epoch 48, Training Loss: 0.5922, Validation Loss: 2.8039
--- Saved model to checkpoints/classification/scratch_cnn_3_layers/state.pt ---
Epoch 49
Epoch 49, Training Loss: 0.5974, Validation Loss: 5.7327
--- Saved model to checkpoints/classification/scratch_cnn_3_layers/state.pt ---
Epoch 50
Epoch 50, Training Loss: 0.5786, Validation Loss: 4.3814
--- Saved model to checkpoints/classification/scratch_cnn_3_layers/state.pt ---
Epoch 51
Epoch 51, Training Loss: 0.5909, Validation Loss: 3.4691
--- Saved model to checkpoints/classification/scratch_cnn_3_layers/state.pt ---
Epoch 52
Epoch 52, Training Loss: 0.5992, Validation Loss: 7.8858
--- Saved model to checkpoints/classification/scratch_cnn_3_layers/state.pt ---
Epoch 53
Epoch 53, Training Loss: 0.5781, Validation Loss: 9.6921
--- Saved model to checkpoints/classification/scratch_cnn_3_layers/state.pt ---
Epoch 54
Epoch 54, Training Loss: 0.5937, Validation Loss: 1.5570
--- Saved model to checkpoints/classification/scratch_cnn_3_layers/state.pt ---
Epoch 55
Epoch 55, Training Loss: 0.5953, Validation Loss: 9.7095
--- Saved model to checkpoints/classification/scratch_cnn_3_layers/state.pt ---
Epoch 56
Epoch 56, Training Loss: 0.5976, Validation Loss: 4.5816
--- Saved model to checkpoints/classification/scratch_cnn_3_layers/state.pt ---
Epoch 57
Epoch 57, Training Loss: 0.5868, Validation Loss: 12.4932
--- Saved model to checkpoints/classification/scratch_cnn_3_layers/state.pt ---
Epoch 58
Epoch 58, Training Loss: 0.5783, Validation Loss: 0.6231
--- Saved model to checkpoints/classification/scratch_cnn_3_layers/state.pt ---
Epoch 59
Epoch 59, Training Loss: 0.5769, Validation Loss: 1.9542
--- Saved model to checkpoints/classification/scratch_cnn_3_layers/state.pt ---
Epoch 60
Epoch 60, Training Loss: 0.5763, Validation Loss: 5.2741
--- Saved model to checkpoints/classification/scratch_cnn_3_layers/state.pt ---
Epoch 61
Epoch 61, Training Loss: 0.5828, Validation Loss: 2.5712
--- Saved model to checkpoints/classification/scratch_cnn_3_layers/state.pt ---
Epoch 62
Epoch 62, Training Loss: 0.5828, Validation Loss: 11.9911
--- Saved model to checkpoints/classification/scratch_cnn_3_layers/state.pt ---
Epoch 63
Epoch 63, Training Loss: 0.5770, Validation Loss: 10.8515
--- Saved model to checkpoints/classification/scratch_cnn_3_layers/state.pt ---
Epoch 64
Epoch 64, Training Loss: 0.5737, Validation Loss: 16.1513
--- Saved model to checkpoints/classification/scratch_cnn_3_layers/state.pt ---
Epoch 65
Epoch 65, Training Loss: 0.5835, Validation Loss: 4.7545
--- Saved model to checkpoints/classification/scratch_cnn_3_layers/state.pt ---
Epoch 66
Epoch 66, Training Loss: 0.5731, Validation Loss: 12.3491
--- Saved model to checkpoints/classification/scratch_cnn_3_layers/state.pt ---
Epoch 67
Epoch 67, Training Loss: 0.5615, Validation Loss: 8.7125
--- Saved model to checkpoints/classification/scratch_cnn_3_layers/state.pt ---
Epoch 68
Epoch 68, Training Loss: 0.5819, Validation Loss: 2.0092
--- Saved model to checkpoints/classification/scratch_cnn_3_layers/state.pt ---
Epoch 69
Epoch 69, Training Loss: 0.5718, Validation Loss: 5.2708
--- Saved model to checkpoints/classification/scratch_cnn_3_layers/state.pt ---
Epoch 70
Epoch 70, Training Loss: 0.5813, Validation Loss: 11.8215
--- Saved model to checkpoints/classification/scratch_cnn_3_layers/state.pt ---
Epoch 71
Epoch 71, Training Loss: 0.5541, Validation Loss: 2.7566
--- Saved model to checkpoints/classification/scratch_cnn_3_layers/state.pt ---
Epoch 72
Epoch 72, Training Loss: 0.5713, Validation Loss: 1.1953
--- Saved model to checkpoints/classification/scratch_cnn_3_layers/state.pt ---
Epoch 73
Epoch 73, Training Loss: 0.5645, Validation Loss: 3.0877
--- Saved model to checkpoints/classification/scratch_cnn_3_layers/state.pt ---
Epoch 74
Epoch 74, Training Loss: 0.5686, Validation Loss: 8.8570
--- Saved model to checkpoints/classification/scratch_cnn_3_layers/state.pt ---
Epoch 75
Epoch 75, Training Loss: 0.5730, Validation Loss: 5.3988
--- Saved model to checkpoints/classification/scratch_cnn_3_layers/state.pt ---
Epoch 76
Epoch 76, Training Loss: 0.5604, Validation Loss: 3.9538
--- Saved model to checkpoints/classification/scratch_cnn_3_layers/state.pt ---
Epoch 77
Epoch 77, Training Loss: 0.5598, Validation Loss: 1.3694
--- Saved model to checkpoints/classification/scratch_cnn_3_layers/state.pt ---
Epoch 78
Epoch 78, Training Loss: 0.5567, Validation Loss: 1.8717
--- Saved model to checkpoints/classification/scratch_cnn_3_layers/state.pt ---
Epoch 79
Epoch 79, Training Loss: 0.5648, Validation Loss: 0.5853 (best)
--- Saved model to checkpoints/classification/scratch_cnn_3_layers/state.pt ---
Epoch 80
Epoch 80, Training Loss: 0.5609, Validation Loss: 8.8060
--- Saved model to checkpoints/classification/scratch_cnn_3_layers/state.pt ---
Epoch 81
Epoch 81, Training Loss: 0.5640, Validation Loss: 6.2505
--- Saved model to checkpoints/classification/scratch_cnn_3_layers/state.pt ---
Epoch 82
Epoch 82, Training Loss: 0.5637, Validation Loss: 10.4604
--- Saved model to checkpoints/classification/scratch_cnn_3_layers/state.pt ---
Epoch 83
Epoch 83, Training Loss: 0.5447, Validation Loss: 6.7970
--- Saved model to checkpoints/classification/scratch_cnn_3_layers/state.pt ---
Epoch 84
Epoch 84, Training Loss: 0.5620, Validation Loss: 4.9794
--- Saved model to checkpoints/classification/scratch_cnn_3_layers/state.pt ---
Epoch 85
Epoch 85, Training Loss: 0.5527, Validation Loss: 7.3524
--- Saved model to checkpoints/classification/scratch_cnn_3_layers/state.pt ---
Epoch 86
Epoch 86, Training Loss: 0.5485, Validation Loss: 0.8215
--- Saved model to checkpoints/classification/scratch_cnn_3_layers/state.pt ---
Epoch 87
Epoch 87, Training Loss: 0.5533, Validation Loss: 0.6017
--- Saved model to checkpoints/classification/scratch_cnn_3_layers/state.pt ---
Epoch 88
Epoch 88, Training Loss: 0.5454, Validation Loss: 7.0965
--- Saved model to checkpoints/classification/scratch_cnn_3_layers/state.pt ---
Epoch 89
Epoch 89, Training Loss: 0.5644, Validation Loss: 5.8084
--- Saved model to checkpoints/classification/scratch_cnn_3_layers/state.pt ---
Epoch 90
Epoch 90, Training Loss: 0.5493, Validation Loss: 2.5947
--- Saved model to checkpoints/classification/scratch_cnn_3_layers/state.pt ---
Epoch 91
Epoch 91, Training Loss: 0.5570, Validation Loss: 6.4250
--- Saved model to checkpoints/classification/scratch_cnn_3_layers/state.pt ---
Epoch 92
Epoch 92, Training Loss: 0.5598, Validation Loss: 1.1365
--- Saved model to checkpoints/classification/scratch_cnn_3_layers/state.pt ---
Epoch 93
Epoch 93, Training Loss: 0.5461, Validation Loss: 13.4861
--- Saved model to checkpoints/classification/scratch_cnn_3_layers/state.pt ---
Epoch 94
Epoch 94, Training Loss: 0.5582, Validation Loss: 7.5418
--- Saved model to checkpoints/classification/scratch_cnn_3_layers/state.pt ---
Epoch 95
Epoch 95, Training Loss: 0.5579, Validation Loss: 2.1924
--- Saved model to checkpoints/classification/scratch_cnn_3_layers/state.pt ---
Epoch 96
Epoch 96, Training Loss: 0.5440, Validation Loss: 6.1964
--- Saved model to checkpoints/classification/scratch_cnn_3_layers/state.pt ---
Epoch 97
Epoch 97, Training Loss: 0.5571, Validation Loss: 5.7941
--- Saved model to checkpoints/classification/scratch_cnn_3_layers/state.pt ---
Epoch 98
Epoch 98, Training Loss: 0.5544, Validation Loss: 2.8614
--- Saved model to checkpoints/classification/scratch_cnn_3_layers/state.pt ---
Epoch 99
Epoch 99, Training Loss: 0.5467, Validation Loss: 0.5809 (best)
--- Saved model to checkpoints/classification/scratch_cnn_3_layers/state.pt ---
Restored best model (val loss 0.5809)
--- Saved model to checkpoints/classification/scratch_cnn_3_layers/state.pt ---
Testing model
Accuracy: 72.98%
