CUDA Memory Cleared. Current VRAM Usage: 0.00 MB
On device cuda
Getting data loader crumb_fits
Loaded FITS stats: noise_rms=0.000324, peak_log=4.066700
Loaded FITS stats: noise_rms=0.000324, peak_log=4.066700
Total unique classes found: 2
Label IDs: [0, 1]
Total images in dataset: 1789
Total batches: 157 (at batch size 8)

============================================================
Run 1/1  |  seed=44  |  tag=cls_guided_diffusion_crumb_fits_seed44  |  results -> results/classifier_guided_diffusion/20260925_010751_cls_guided_diffusion_crumb_fits_seed44_921095
============================================================

Training classifier_guided_diffusion for 400 epochs
Loaded guidance classifier (classification) from checkpoints/classification/scratch
No pre-trained checkpoint at checkpoints/diffusion_crumb_fits, training from scratch
Epoch 0
/idia/users/bevan/pid-radast/classifier-guided-physics-informed-diffusion/.venv/lib/python3.11/site-packages/diffusers/configuration_utils.py:139: FutureWarning: Accessing config attribute `num_train_timesteps` directly via 'DDPMScheduler' object attribute is deprecated. Please access 'num_train_timesteps' over 'DDPMScheduler's config object instead, e.g. 'scheduler.config.num_train_timesteps'.
  deprecate("direct config name access", "1.0.0", deprecation_message, standard_warn=False)
/idia/users/bevan/pid-radast/classifier-guided-physics-informed-diffusion/.venv/lib/python3.11/site-packages/diffusers/models/attention_processor.py:1259: UserWarning: Memory Efficient attention is a non-deterministic algorithm. To explicitly disable Memory Efficient attention call torch.use_deterministic_algorithms(True, warn_only=False). (Triggered internally at ../aten/src/ATen/native/transformers/cuda/sdp_utils.h:419.)
  hidden_states = F.scaled_dot_product_attention(
/idia/users/bevan/pid-radast/classifier-guided-physics-informed-diffusion/.venv/lib/python3.11/site-packages/torchmetrics/utilities/prints.py:43: UserWarning: Metric `Kernel Inception Distance` will save all extracted features in buffer. For large datasets this may lead to large memory footprint.
  warnings.warn(*args, **kwargs)
Epoch 0 | Loss: 0.081762 | Val: 0.150925
FITS files saved to results/classifier_guided_diffusion/20260925_010751_cls_guided_diffusion_crumb_fits_seed44_921095/generated_fits
Computing FID/KID/PDF at epoch 0...
  FID: 186.8385 | KID: 0.211868
  Pixel PDF W-dist: 0.0477
--- Saved model to checkpoints/classifier_guided_diffusion/cls_guided_diffusion_crumb_fits_seed44/state.pt ---
Epoch 1
Epoch 1 | Loss: 0.030151 | Val: 0.141804
--- Saved model to checkpoints/classifier_guided_diffusion/cls_guided_diffusion_crumb_fits_seed44/state.pt ---
Epoch 2
Epoch 2 | Loss: 0.027616 | Val: 0.140955
--- Saved model to checkpoints/classifier_guided_diffusion/cls_guided_diffusion_crumb_fits_seed44/state.pt ---
Epoch 3
Epoch 3 | Loss: 0.027572 | Val: 0.139431
--- Saved model to checkpoints/classifier_guided_diffusion/cls_guided_diffusion_crumb_fits_seed44/state.pt ---
Epoch 4
Epoch 4 | Loss: 0.030020 | Val: 0.139596
--- Saved model to checkpoints/classifier_guided_diffusion/cls_guided_diffusion_crumb_fits_seed44/state.pt ---
Epoch 5
Epoch 5 | Loss: 0.021619 | Val: 0.136932
--- Saved model to checkpoints/classifier_guided_diffusion/cls_guided_diffusion_crumb_fits_seed44/state.pt ---
Epoch 6
Epoch 6 | Loss: 0.023155 | Val: 0.136280
--- Saved model to checkpoints/classifier_guided_diffusion/cls_guided_diffusion_crumb_fits_seed44/state.pt ---
Epoch 7
Epoch 7 | Loss: 0.025966 | Val: 0.135612
--- Saved model to checkpoints/classifier_guided_diffusion/cls_guided_diffusion_crumb_fits_seed44/state.pt ---
Epoch 8
Epoch 8 | Loss: 0.024848 | Val: 0.136428
--- Saved model to checkpoints/classifier_guided_diffusion/cls_guided_diffusion_crumb_fits_seed44/state.pt ---
Epoch 9
Epoch 9 | Loss: 0.028836 | Val: 0.134977
--- Saved model to checkpoints/classifier_guided_diffusion/cls_guided_diffusion_crumb_fits_seed44/state.pt ---
Epoch 10
Epoch 10 | Loss: 0.025886 | Val: 0.135148
FITS files saved to results/classifier_guided_diffusion/20260925_010751_cls_guided_diffusion_crumb_fits_seed44_921095/generated_fits
Computing FID/KID/PDF at epoch 10...
  FID: 165.0147 | KID: 0.147906
  Pixel PDF W-dist: 0.2408
--- Saved model to checkpoints/classifier_guided_diffusion/cls_guided_diffusion_crumb_fits_seed44/state.pt ---
Epoch 11
Epoch 11 | Loss: 0.025352 | Val: 0.134259
--- Saved model to checkpoints/classifier_guided_diffusion/cls_guided_diffusion_crumb_fits_seed44/state.pt ---
Epoch 12
Epoch 12 | Loss: 0.025438 | Val: 0.134899
--- Saved model to checkpoints/classifier_guided_diffusion/cls_guided_diffusion_crumb_fits_seed44/state.pt ---
Epoch 13
Epoch 13 | Loss: 0.024714 | Val: 0.134307
--- Saved model to checkpoints/classifier_guided_diffusion/cls_guided_diffusion_crumb_fits_seed44/state.pt ---
Epoch 14
Epoch 14 | Loss: 0.024457 | Val: 0.133308
--- Saved model to checkpoints/classifier_guided_diffusion/cls_guided_diffusion_crumb_fits_seed44/state.pt ---
Epoch 15
Epoch 15 | Loss: 0.023419 | Val: 0.133862
--- Saved model to checkpoints/classifier_guided_diffusion/cls_guided_diffusion_crumb_fits_seed44/state.pt ---
Epoch 16
Epoch 16 | Loss: 0.024710 | Val: 0.135225
--- Saved model to checkpoints/classifier_guided_diffusion/cls_guided_diffusion_crumb_fits_seed44/state.pt ---
Epoch 17
Epoch 17 | Loss: 0.024591 | Val: 0.133729
--- Saved model to checkpoints/classifier_guided_diffusion/cls_guided_diffusion_crumb_fits_seed44/state.pt ---
Epoch 18
Epoch 18 | Loss: 0.029746 | Val: 0.133878
--- Saved model to checkpoints/classifier_guided_diffusion/cls_guided_diffusion_crumb_fits_seed44/state.pt ---
Epoch 19
Epoch 19 | Loss: 0.029233 | Val: 0.133542
--- Saved model to checkpoints/classifier_guided_diffusion/cls_guided_diffusion_crumb_fits_seed44/state.pt ---
Epoch 20
Epoch 20 | Loss: 0.022044 | Val: 0.133742
FITS files saved to results/classifier_guided_diffusion/20260925_010751_cls_guided_diffusion_crumb_fits_seed44_921095/generated_fits
Computing FID/KID/PDF at epoch 20...
  FID: 154.9245 | KID: 0.152037
  Pixel PDF W-dist: 0.2979
--- Saved model to checkpoints/classifier_guided_diffusion/cls_guided_diffusion_crumb_fits_seed44/state.pt ---
Epoch 21
Epoch 21 | Loss: 0.028762 | Val: 0.134681
--- Saved model to checkpoints/classifier_guided_diffusion/cls_guided_diffusion_crumb_fits_seed44/state.pt ---
Epoch 22
Epoch 22 | Loss: 0.026721 | Val: 0.133426
--- Saved model to checkpoints/classifier_guided_diffusion/cls_guided_diffusion_crumb_fits_seed44/state.pt ---
Epoch 23
Epoch 23 | Loss: 0.028266 | Val: 0.133511
--- Saved model to checkpoints/classifier_guided_diffusion/cls_guided_diffusion_crumb_fits_seed44/state.pt ---
Epoch 24
Epoch 24 | Loss: 0.029243 | Val: 0.135232
--- Saved model to checkpoints/classifier_guided_diffusion/cls_guided_diffusion_crumb_fits_seed44/state.pt ---
Epoch 25
Epoch 25 | Loss: 0.024994 | Val: 0.133024
--- Saved model to checkpoints/classifier_guided_diffusion/cls_guided_diffusion_crumb_fits_seed44/state.pt ---
Epoch 26
Epoch 26 | Loss: 0.024317 | Val: 0.133359
--- Saved model to checkpoints/classifier_guided_diffusion/cls_guided_diffusion_crumb_fits_seed44/state.pt ---
Epoch 27
Epoch 27 | Loss: 0.021185 | Val: 0.134626
--- Saved model to checkpoints/classifier_guided_diffusion/cls_guided_diffusion_crumb_fits_seed44/state.pt ---
Epoch 28
Epoch 28 | Loss: 0.026118 | Val: 0.134877
--- Saved model to checkpoints/classifier_guided_diffusion/cls_guided_diffusion_crumb_fits_seed44/state.pt ---
Epoch 29
Epoch 29 | Loss: 0.022132 | Val: 0.134248
--- Saved model to checkpoints/classifier_guided_diffusion/cls_guided_diffusion_crumb_fits_seed44/state.pt ---
Epoch 30
Epoch 30 | Loss: 0.028451 | Val: 0.133575
FITS files saved to results/classifier_guided_diffusion/20260925_010751_cls_guided_diffusion_crumb_fits_seed44_921095/generated_fits
Computing FID/KID/PDF at epoch 30...
  FID: 150.3925 | KID: 0.128441
  Pixel PDF W-dist: 0.1396
--- Saved model to checkpoints/classifier_guided_diffusion/cls_guided_diffusion_crumb_fits_seed44/state.pt ---
Epoch 31
Epoch 31 | Loss: 0.024858 | Val: 0.133885
--- Saved model to checkpoints/classifier_guided_diffusion/cls_guided_diffusion_crumb_fits_seed44/state.pt ---
Epoch 32
Epoch 32 | Loss: 0.021647 | Val: 0.134666
--- Saved model to checkpoints/classifier_guided_diffusion/cls_guided_diffusion_crumb_fits_seed44/state.pt ---
Epoch 33
Epoch 33 | Loss: 0.022529 | Val: 0.133418
--- Saved model to checkpoints/classifier_guided_diffusion/cls_guided_diffusion_crumb_fits_seed44/state.pt ---
Epoch 34
Epoch 34 | Loss: 0.027793 | Val: 0.133278
--- Saved model to checkpoints/classifier_guided_diffusion/cls_guided_diffusion_crumb_fits_seed44/state.pt ---
Epoch 35
Epoch 35 | Loss: 0.024479 | Val: 0.132512
--- Saved model to checkpoints/classifier_guided_diffusion/cls_guided_diffusion_crumb_fits_seed44/state.pt ---
Epoch 36
Epoch 36 | Loss: 0.023813 | Val: 0.132564
--- Saved model to checkpoints/classifier_guided_diffusion/cls_guided_diffusion_crumb_fits_seed44/state.pt ---
Epoch 37
Epoch 37 | Loss: 0.024026 | Val: 0.131872
--- Saved model to checkpoints/classifier_guided_diffusion/cls_guided_diffusion_crumb_fits_seed44/state.pt ---
Epoch 38
Epoch 38 | Loss: 0.022510 | Val: 0.131583
--- Saved model to checkpoints/classifier_guided_diffusion/cls_guided_diffusion_crumb_fits_seed44/state.pt ---
Epoch 39
Epoch 39 | Loss: 0.026736 | Val: 0.132771
--- Saved model to checkpoints/classifier_guided_diffusion/cls_guided_diffusion_crumb_fits_seed44/state.pt ---
Epoch 40
Epoch 40 | Loss: 0.022734 | Val: 0.133029
FITS files saved to results/classifier_guided_diffusion/20260925_010751_cls_guided_diffusion_crumb_fits_seed44_921095/generated_fits
Computing FID/KID/PDF at epoch 40...
  FID: 145.3368 | KID: 0.135542
  Pixel PDF W-dist: 0.1143
--- Saved model to checkpoints/classifier_guided_diffusion/cls_guided_diffusion_crumb_fits_seed44/state.pt ---
Epoch 41
Epoch 41 | Loss: 0.028622 | Val: 0.132375
--- Saved model to checkpoints/classifier_guided_diffusion/cls_guided_diffusion_crumb_fits_seed44/state.pt ---
Epoch 42
Epoch 42 | Loss: 0.024243 | Val: 0.133067
--- Saved model to checkpoints/classifier_guided_diffusion/cls_guided_diffusion_crumb_fits_seed44/state.pt ---
Epoch 43
Epoch 43 | Loss: 0.021183 | Val: 0.132587
--- Saved model to checkpoints/classifier_guided_diffusion/cls_guided_diffusion_crumb_fits_seed44/state.pt ---
Epoch 44
Epoch 44 | Loss: 0.019578 | Val: 0.131839
--- Saved model to checkpoints/classifier_guided_diffusion/cls_guided_diffusion_crumb_fits_seed44/state.pt ---
Epoch 45
Epoch 45 | Loss: 0.024536 | Val: 0.133040
--- Saved model to checkpoints/classifier_guided_diffusion/cls_guided_diffusion_crumb_fits_seed44/state.pt ---
Epoch 46
Epoch 46 | Loss: 0.021536 | Val: 0.132763
--- Saved model to checkpoints/classifier_guided_diffusion/cls_guided_diffusion_crumb_fits_seed44/state.pt ---
Epoch 47
Epoch 47 | Loss: 0.024429 | Val: 0.132907
--- Saved model to checkpoints/classifier_guided_diffusion/cls_guided_diffusion_crumb_fits_seed44/state.pt ---
Epoch 48
Epoch 48 | Loss: 0.022948 | Val: 0.132804
--- Saved model to checkpoints/classifier_guided_diffusion/cls_guided_diffusion_crumb_fits_seed44/state.pt ---
Epoch 49
Epoch 49 | Loss: 0.021262 | Val: 0.132617
--- Saved model to checkpoints/classifier_guided_diffusion/cls_guided_diffusion_crumb_fits_seed44/state.pt ---
Epoch 50
Epoch 50 | Loss: 0.026435 | Val: 0.132237
FITS files saved to results/classifier_guided_diffusion/20260925_010751_cls_guided_diffusion_crumb_fits_seed44_921095/generated_fits
Computing FID/KID/PDF at epoch 50...
  FID: 161.2916 | KID: 0.132557
  Pixel PDF W-dist: 0.2193
--- Saved model to checkpoints/classifier_guided_diffusion/cls_guided_diffusion_crumb_fits_seed44/state.pt ---
Epoch 51
Epoch 51 | Loss: 0.021885 | Val: 0.132216
--- Saved model to checkpoints/classifier_guided_diffusion/cls_guided_diffusion_crumb_fits_seed44/state.pt ---
Epoch 52
Epoch 52 | Loss: 0.022050 | Val: 0.132327
--- Saved model to checkpoints/classifier_guided_diffusion/cls_guided_diffusion_crumb_fits_seed44/state.pt ---
Epoch 53
Epoch 53 | Loss: 0.021557 | Val: 0.132928
--- Saved model to checkpoints/classifier_guided_diffusion/cls_guided_diffusion_crumb_fits_seed44/state.pt ---
Epoch 54
Epoch 54 | Loss: 0.020522 | Val: 0.132845
--- Saved model to checkpoints/classifier_guided_diffusion/cls_guided_diffusion_crumb_fits_seed44/state.pt ---
Epoch 55
Epoch 55 | Loss: 0.020864 | Val: 0.132658
--- Saved model to checkpoints/classifier_guided_diffusion/cls_guided_diffusion_crumb_fits_seed44/state.pt ---
Epoch 56
Epoch 56 | Loss: 0.022594 | Val: 0.133323
--- Saved model to checkpoints/classifier_guided_diffusion/cls_guided_diffusion_crumb_fits_seed44/state.pt ---
Epoch 57
Epoch 57 | Loss: 0.023381 | Val: 0.132187
--- Saved model to checkpoints/classifier_guided_diffusion/cls_guided_diffusion_crumb_fits_seed44/state.pt ---
Epoch 58
Epoch 58 | Loss: 0.024106 | Val: 0.131697
--- Saved model to checkpoints/classifier_guided_diffusion/cls_guided_diffusion_crumb_fits_seed44/state.pt ---
Epoch 59
Epoch 59 | Loss: 0.024908 | Val: 0.132378
--- Saved model to checkpoints/classifier_guided_diffusion/cls_guided_diffusion_crumb_fits_seed44/state.pt ---
Epoch 60
Epoch 60 | Loss: 0.028807 | Val: 0.132413
FITS files saved to results/classifier_guided_diffusion/20260925_010751_cls_guided_diffusion_crumb_fits_seed44_921095/generated_fits
Computing FID/KID/PDF at epoch 60...
  FID: 168.4472 | KID: 0.153605
  Pixel PDF W-dist: 0.1509
--- Saved model to checkpoints/classifier_guided_diffusion/cls_guided_diffusion_crumb_fits_seed44/state.pt ---
Epoch 61
Epoch 61 | Loss: 0.019480 | Val: 0.132341
--- Saved model to checkpoints/classifier_guided_diffusion/cls_guided_diffusion_crumb_fits_seed44/state.pt ---
Epoch 62
Epoch 62 | Loss: 0.023270 | Val: 0.133136
--- Saved model to checkpoints/classifier_guided_diffusion/cls_guided_diffusion_crumb_fits_seed44/state.pt ---
Epoch 63
Epoch 63 | Loss: 0.025840 | Val: 0.132518
--- Saved model to checkpoints/classifier_guided_diffusion/cls_guided_diffusion_crumb_fits_seed44/state.pt ---
Epoch 64
Epoch 64 | Loss: 0.025458 | Val: 0.131649
--- Saved model to checkpoints/classifier_guided_diffusion/cls_guided_diffusion_crumb_fits_seed44/state.pt ---
Epoch 65
Epoch 65 | Loss: 0.026494 | Val: 0.132923
--- Saved model to checkpoints/classifier_guided_diffusion/cls_guided_diffusion_crumb_fits_seed44/state.pt ---
Epoch 66
Epoch 66 | Loss: 0.023392 | Val: 0.131374
--- Saved model to checkpoints/classifier_guided_diffusion/cls_guided_diffusion_crumb_fits_seed44/state.pt ---
Epoch 67
Epoch 67 | Loss: 0.023711 | Val: 0.131749
--- Saved model to checkpoints/classifier_guided_diffusion/cls_guided_diffusion_crumb_fits_seed44/state.pt ---
Epoch 68
Epoch 68 | Loss: 0.022574 | Val: 0.132117
--- Saved model to checkpoints/classifier_guided_diffusion/cls_guided_diffusion_crumb_fits_seed44/state.pt ---
Epoch 69
Epoch 69 | Loss: 0.021743 | Val: 0.130859
--- Saved model to checkpoints/classifier_guided_diffusion/cls_guided_diffusion_crumb_fits_seed44/state.pt ---
Epoch 70
Epoch 70 | Loss: 0.021293 | Val: 0.131481
FITS files saved to results/classifier_guided_diffusion/20260925_010751_cls_guided_diffusion_crumb_fits_seed44_921095/generated_fits
Computing FID/KID/PDF at epoch 70...
  FID: 156.1141 | KID: 0.149852
  Pixel PDF W-dist: 0.2170
--- Saved model to checkpoints/classifier_guided_diffusion/cls_guided_diffusion_crumb_fits_seed44/state.pt ---
Epoch 71
Epoch 71 | Loss: 0.020000 | Val: 0.131598
--- Saved model to checkpoints/classifier_guided_diffusion/cls_guided_diffusion_crumb_fits_seed44/state.pt ---
Epoch 72
Epoch 72 | Loss: 0.021228 | Val: 0.130245
--- Saved model to checkpoints/classifier_guided_diffusion/cls_guided_diffusion_crumb_fits_seed44/state.pt ---
Epoch 73
Epoch 73 | Loss: 0.022314 | Val: 0.132086
--- Saved model to checkpoints/classifier_guided_diffusion/cls_guided_diffusion_crumb_fits_seed44/state.pt ---
Epoch 74
Epoch 74 | Loss: 0.027311 | Val: 0.131460
--- Saved model to checkpoints/classifier_guided_diffusion/cls_guided_diffusion_crumb_fits_seed44/state.pt ---
Epoch 75
Epoch 75 | Loss: 0.025224 | Val: 0.132401
--- Saved model to checkpoints/classifier_guided_diffusion/cls_guided_diffusion_crumb_fits_seed44/state.pt ---
Epoch 76
Epoch 76 | Loss: 0.024021 | Val: 0.132880
--- Saved model to checkpoints/classifier_guided_diffusion/cls_guided_diffusion_crumb_fits_seed44/state.pt ---
Epoch 77
Epoch 77 | Loss: 0.020073 | Val: 0.132622
--- Saved model to checkpoints/classifier_guided_diffusion/cls_guided_diffusion_crumb_fits_seed44/state.pt ---
Epoch 78
Epoch 78 | Loss: 0.022834 | Val: 0.131399
--- Saved model to checkpoints/classifier_guided_diffusion/cls_guided_diffusion_crumb_fits_seed44/state.pt ---
Epoch 79
Epoch 79 | Loss: 0.021291 | Val: 0.132649
--- Saved model to checkpoints/classifier_guided_diffusion/cls_guided_diffusion_crumb_fits_seed44/state.pt ---
Epoch 80
Epoch 80 | Loss: 0.020137 | Val: 0.131954
FITS files saved to results/classifier_guided_diffusion/20260925_010751_cls_guided_diffusion_crumb_fits_seed44_921095/generated_fits
Computing FID/KID/PDF at epoch 80...
  FID: 175.7528 | KID: 0.179007
  Pixel PDF W-dist: 0.1799
--- Saved model to checkpoints/classifier_guided_diffusion/cls_guided_diffusion_crumb_fits_seed44/state.pt ---
Epoch 81
Epoch 81 | Loss: 0.023145 | Val: 0.131306
--- Saved model to checkpoints/classifier_guided_diffusion/cls_guided_diffusion_crumb_fits_seed44/state.pt ---
Epoch 82
Epoch 82 | Loss: 0.024076 | Val: 0.134393
--- Saved model to checkpoints/classifier_guided_diffusion/cls_guided_diffusion_crumb_fits_seed44/state.pt ---
Epoch 83
Epoch 83 | Loss: 0.023158 | Val: 0.131823
--- Saved model to checkpoints/classifier_guided_diffusion/cls_guided_diffusion_crumb_fits_seed44/state.pt ---
Epoch 84
Epoch 84 | Loss: 0.023242 | Val: 0.132743
--- Saved model to checkpoints/classifier_guided_diffusion/cls_guided_diffusion_crumb_fits_seed44/state.pt ---
Epoch 85
Epoch 85 | Loss: 0.030517 | Val: 0.131542
--- Saved model to checkpoints/classifier_guided_diffusion/cls_guided_diffusion_crumb_fits_seed44/state.pt ---
Epoch 86
Epoch 86 | Loss: 0.024767 | Val: 0.132080
--- Saved model to checkpoints/classifier_guided_diffusion/cls_guided_diffusion_crumb_fits_seed44/state.pt ---
Epoch 87
Epoch 87 | Loss: 0.025198 | Val: 0.132256
--- Saved model to checkpoints/classifier_guided_diffusion/cls_guided_diffusion_crumb_fits_seed44/state.pt ---
Epoch 88
Epoch 88 | Loss: 0.024848 | Val: 0.131204
--- Saved model to checkpoints/classifier_guided_diffusion/cls_guided_diffusion_crumb_fits_seed44/state.pt ---
Epoch 89
Epoch 89 | Loss: 0.023564 | Val: 0.131882
--- Saved model to checkpoints/classifier_guided_diffusion/cls_guided_diffusion_crumb_fits_seed44/state.pt ---
Epoch 90
Epoch 90 | Loss: 0.025856 | Val: 0.131003
FITS files saved to results/classifier_guided_diffusion/20260925_010751_cls_guided_diffusion_crumb_fits_seed44_921095/generated_fits
Computing FID/KID/PDF at epoch 90...
  FID: 174.5211 | KID: 0.134367
  Pixel PDF W-dist: 0.1987
--- Saved model to checkpoints/classifier_guided_diffusion/cls_guided_diffusion_crumb_fits_seed44/state.pt ---
Epoch 91
Epoch 91 | Loss: 0.024698 | Val: 0.132831
--- Saved model to checkpoints/classifier_guided_diffusion/cls_guided_diffusion_crumb_fits_seed44/state.pt ---
Epoch 92
Epoch 92 | Loss: 0.025352 | Val: 0.132098
--- Saved model to checkpoints/classifier_guided_diffusion/cls_guided_diffusion_crumb_fits_seed44/state.pt ---
Epoch 93
Epoch 93 | Loss: 0.024091 | Val: 0.132197
--- Saved model to checkpoints/classifier_guided_diffusion/cls_guided_diffusion_crumb_fits_seed44/state.pt ---
Epoch 94
Epoch 94 | Loss: 0.028178 | Val: 0.131060
--- Saved model to checkpoints/classifier_guided_diffusion/cls_guided_diffusion_crumb_fits_seed44/state.pt ---
Epoch 95
Epoch 95 | Loss: 0.022519 | Val: 0.131494
--- Saved model to checkpoints/classifier_guided_diffusion/cls_guided_diffusion_crumb_fits_seed44/state.pt ---
Epoch 96
Epoch 96 | Loss: 0.023383 | Val: 0.131303
--- Saved model to checkpoints/classifier_guided_diffusion/cls_guided_diffusion_crumb_fits_seed44/state.pt ---
Epoch 97
Epoch 97 | Loss: 0.025276 | Val: 0.130902
--- Saved model to checkpoints/classifier_guided_diffusion/cls_guided_diffusion_crumb_fits_seed44/state.pt ---
Epoch 98
Epoch 98 | Loss: 0.025951 | Val: 0.131143
--- Saved model to checkpoints/classifier_guided_diffusion/cls_guided_diffusion_crumb_fits_seed44/state.pt ---
Epoch 99
Epoch 99 | Loss: 0.028642 | Val: 0.130483
--- Saved model to checkpoints/classifier_guided_diffusion/cls_guided_diffusion_crumb_fits_seed44/state.pt ---
Epoch 100
Epoch 100 | Loss: 0.021580 | Val: 0.134123
FITS files saved to results/classifier_guided_diffusion/20260925_010751_cls_guided_diffusion_crumb_fits_seed44_921095/generated_fits
Computing FID/KID/PDF at epoch 100...
  FID: 175.1577 | KID: 0.178668
  Pixel PDF W-dist: 0.1099
--- Saved model to checkpoints/classifier_guided_diffusion/cls_guided_diffusion_crumb_fits_seed44/state.pt ---
Epoch 101
Epoch 101 | Loss: 0.026129 | Val: 0.131893
--- Saved model to checkpoints/classifier_guided_diffusion/cls_guided_diffusion_crumb_fits_seed44/state.pt ---
Epoch 102
Epoch 102 | Loss: 0.027251 | Val: 0.131461
--- Saved model to checkpoints/classifier_guided_diffusion/cls_guided_diffusion_crumb_fits_seed44/state.pt ---
Epoch 103
Epoch 103 | Loss: 0.016211 | Val: 0.131495
--- Saved model to checkpoints/classifier_guided_diffusion/cls_guided_diffusion_crumb_fits_seed44/state.pt ---
Epoch 104
Epoch 104 | Loss: 0.020349 | Val: 0.130385
--- Saved model to checkpoints/classifier_guided_diffusion/cls_guided_diffusion_crumb_fits_seed44/state.pt ---
Epoch 105
Epoch 105 | Loss: 0.026527 | Val: 0.130799
--- Saved model to checkpoints/classifier_guided_diffusion/cls_guided_diffusion_crumb_fits_seed44/state.pt ---
Epoch 106
Epoch 106 | Loss: 0.022377 | Val: 0.132239
--- Saved model to checkpoints/classifier_guided_diffusion/cls_guided_diffusion_crumb_fits_seed44/state.pt ---
Epoch 107
Epoch 107 | Loss: 0.024224 | Val: 0.130672
--- Saved model to checkpoints/classifier_guided_diffusion/cls_guided_diffusion_crumb_fits_seed44/state.pt ---
Epoch 108
Epoch 108 | Loss: 0.025754 | Val: 0.130292
--- Saved model to checkpoints/classifier_guided_diffusion/cls_guided_diffusion_crumb_fits_seed44/state.pt ---
Epoch 109
Epoch 109 | Loss: 0.025853 | Val: 0.131880
--- Saved model to checkpoints/classifier_guided_diffusion/cls_guided_diffusion_crumb_fits_seed44/state.pt ---
Epoch 110
Epoch 110 | Loss: 0.020676 | Val: 0.130785
FITS files saved to results/classifier_guided_diffusion/20260925_010751_cls_guided_diffusion_crumb_fits_seed44_921095/generated_fits
Computing FID/KID/PDF at epoch 110...
  FID: 189.4554 | KID: 0.127144
  Pixel PDF W-dist: 0.2130
--- Saved model to checkpoints/classifier_guided_diffusion/cls_guided_diffusion_crumb_fits_seed44/state.pt ---
Epoch 111
Epoch 111 | Loss: 0.019591 | Val: 0.130904
--- Saved model to checkpoints/classifier_guided_diffusion/cls_guided_diffusion_crumb_fits_seed44/state.pt ---
Epoch 112
Epoch 112 | Loss: 0.021054 | Val: 0.134970
--- Saved model to checkpoints/classifier_guided_diffusion/cls_guided_diffusion_crumb_fits_seed44/state.pt ---
Epoch 113
Epoch 113 | Loss: 0.026636 | Val: 0.131867
--- Saved model to checkpoints/classifier_guided_diffusion/cls_guided_diffusion_crumb_fits_seed44/state.pt ---
Epoch 114
Epoch 114 | Loss: 0.025841 | Val: 0.130152
--- Saved model to checkpoints/classifier_guided_diffusion/cls_guided_diffusion_crumb_fits_seed44/state.pt ---
Epoch 115
Epoch 115 | Loss: 0.028243 | Val: 0.130123
--- Saved model to checkpoints/classifier_guided_diffusion/cls_guided_diffusion_crumb_fits_seed44/state.pt ---
Epoch 116
Epoch 116 | Loss: 0.021336 | Val: 0.129787
--- Saved model to checkpoints/classifier_guided_diffusion/cls_guided_diffusion_crumb_fits_seed44/state.pt ---
Epoch 117
Epoch 117 | Loss: 0.020743 | Val: 0.129176
--- Saved model to checkpoints/classifier_guided_diffusion/cls_guided_diffusion_crumb_fits_seed44/state.pt ---
Epoch 118
Epoch 118 | Loss: 0.021845 | Val: 0.130020
--- Saved model to checkpoints/classifier_guided_diffusion/cls_guided_diffusion_crumb_fits_seed44/state.pt ---
Epoch 119
Epoch 119 | Loss: 0.022295 | Val: 0.130543
--- Saved model to checkpoints/classifier_guided_diffusion/cls_guided_diffusion_crumb_fits_seed44/state.pt ---
Epoch 120
Epoch 120 | Loss: 0.021999 | Val: 0.130217
FITS files saved to results/classifier_guided_diffusion/20260925_010751_cls_guided_diffusion_crumb_fits_seed44_921095/generated_fits
Computing FID/KID/PDF at epoch 120...
  FID: 124.0974 | KID: 0.085990
  Pixel PDF W-dist: 0.0880
--- Saved model to checkpoints/classifier_guided_diffusion/cls_guided_diffusion_crumb_fits_seed44/state.pt ---
Epoch 121
Epoch 121 | Loss: 0.018402 | Val: 0.131177
--- Saved model to checkpoints/classifier_guided_diffusion/cls_guided_diffusion_crumb_fits_seed44/state.pt ---
Epoch 122
Epoch 122 | Loss: 0.027532 | Val: 0.130633
--- Saved model to checkpoints/classifier_guided_diffusion/cls_guided_diffusion_crumb_fits_seed44/state.pt ---
Epoch 123
Epoch 123 | Loss: 0.021812 | Val: 0.131645
--- Saved model to checkpoints/classifier_guided_diffusion/cls_guided_diffusion_crumb_fits_seed44/state.pt ---
Epoch 124
Epoch 124 | Loss: 0.023736 | Val: 0.131289
--- Saved model to checkpoints/classifier_guided_diffusion/cls_guided_diffusion_crumb_fits_seed44/state.pt ---
Epoch 125
Epoch 125 | Loss: 0.032326 | Val: 0.131259
--- Saved model to checkpoints/classifier_guided_diffusion/cls_guided_diffusion_crumb_fits_seed44/state.pt ---
Epoch 126
Epoch 126 | Loss: 0.020324 | Val: 0.130173
--- Saved model to checkpoints/classifier_guided_diffusion/cls_guided_diffusion_crumb_fits_seed44/state.pt ---
Epoch 127
Epoch 127 | Loss: 0.023723 | Val: 0.130144
--- Saved model to checkpoints/classifier_guided_diffusion/cls_guided_diffusion_crumb_fits_seed44/state.pt ---
Epoch 128
Epoch 128 | Loss: 0.026551 | Val: 0.130262
--- Saved model to checkpoints/classifier_guided_diffusion/cls_guided_diffusion_crumb_fits_seed44/state.pt ---
Epoch 129
Epoch 129 | Loss: 0.020337 | Val: 0.131104
--- Saved model to checkpoints/classifier_guided_diffusion/cls_guided_diffusion_crumb_fits_seed44/state.pt ---
Epoch 130
Epoch 130 | Loss: 0.021542 | Val: 0.128845
FITS files saved to results/classifier_guided_diffusion/20260925_010751_cls_guided_diffusion_crumb_fits_seed44_921095/generated_fits
Computing FID/KID/PDF at epoch 130...
  FID: 110.2563 | KID: 0.079629
  Pixel PDF W-dist: 0.2711
--- Saved model to checkpoints/classifier_guided_diffusion/cls_guided_diffusion_crumb_fits_seed44/state.pt ---
Epoch 131
Epoch 131 | Loss: 0.027813 | Val: 0.129188
--- Saved model to checkpoints/classifier_guided_diffusion/cls_guided_diffusion_crumb_fits_seed44/state.pt ---
Epoch 132
Epoch 132 | Loss: 0.020333 | Val: 0.130842
--- Saved model to checkpoints/classifier_guided_diffusion/cls_guided_diffusion_crumb_fits_seed44/state.pt ---
Epoch 133
Epoch 133 | Loss: 0.024041 | Val: 0.130032
--- Saved model to checkpoints/classifier_guided_diffusion/cls_guided_diffusion_crumb_fits_seed44/state.pt ---
Epoch 134
Epoch 134 | Loss: 0.022845 | Val: 0.130145
--- Saved model to checkpoints/classifier_guided_diffusion/cls_guided_diffusion_crumb_fits_seed44/state.pt ---
Epoch 135
Epoch 135 | Loss: 0.027380 | Val: 0.129566
--- Saved model to checkpoints/classifier_guided_diffusion/cls_guided_diffusion_crumb_fits_seed44/state.pt ---
Epoch 136
Epoch 136 | Loss: 0.022325 | Val: 0.130117
--- Saved model to checkpoints/classifier_guided_diffusion/cls_guided_diffusion_crumb_fits_seed44/state.pt ---
Epoch 137
Epoch 137 | Loss: 0.023649 | Val: 0.133217
--- Saved model to checkpoints/classifier_guided_diffusion/cls_guided_diffusion_crumb_fits_seed44/state.pt ---
Epoch 138
Epoch 138 | Loss: 0.022757 | Val: 0.129546
--- Saved model to checkpoints/classifier_guided_diffusion/cls_guided_diffusion_crumb_fits_seed44/state.pt ---
Epoch 139
Epoch 139 | Loss: 0.018915 | Val: 0.130295
--- Saved model to checkpoints/classifier_guided_diffusion/cls_guided_diffusion_crumb_fits_seed44/state.pt ---
Epoch 140
Epoch 140 | Loss: 0.022106 | Val: 0.128895
FITS files saved to results/classifier_guided_diffusion/20260925_010751_cls_guided_diffusion_crumb_fits_seed44_921095/generated_fits
Computing FID/KID/PDF at epoch 140...
  FID: 123.2585 | KID: 0.078595
  Pixel PDF W-dist: 0.0769
--- Saved model to checkpoints/classifier_guided_diffusion/cls_guided_diffusion_crumb_fits_seed44/state.pt ---
Epoch 141
Epoch 141 | Loss: 0.027686 | Val: 0.129296
--- Saved model to checkpoints/classifier_guided_diffusion/cls_guided_diffusion_crumb_fits_seed44/state.pt ---
Epoch 142
Epoch 142 | Loss: 0.021211 | Val: 0.129559
--- Saved model to checkpoints/classifier_guided_diffusion/cls_guided_diffusion_crumb_fits_seed44/state.pt ---
Epoch 143
Epoch 143 | Loss: 0.024012 | Val: 0.129529
--- Saved model to checkpoints/classifier_guided_diffusion/cls_guided_diffusion_crumb_fits_seed44/state.pt ---
Epoch 144
Epoch 144 | Loss: 0.022650 | Val: 0.130628
--- Saved model to checkpoints/classifier_guided_diffusion/cls_guided_diffusion_crumb_fits_seed44/state.pt ---
Epoch 145
Epoch 145 | Loss: 0.024732 | Val: 0.129493
--- Saved model to checkpoints/classifier_guided_diffusion/cls_guided_diffusion_crumb_fits_seed44/state.pt ---
Epoch 146
Epoch 146 | Loss: 0.025681 | Val: 0.130144
--- Saved model to checkpoints/classifier_guided_diffusion/cls_guided_diffusion_crumb_fits_seed44/state.pt ---
Epoch 147
Epoch 147 | Loss: 0.025129 | Val: 0.129123
--- Saved model to checkpoints/classifier_guided_diffusion/cls_guided_diffusion_crumb_fits_seed44/state.pt ---
Epoch 148
Epoch 148 | Loss: 0.023027 | Val: 0.129971
--- Saved model to checkpoints/classifier_guided_diffusion/cls_guided_diffusion_crumb_fits_seed44/state.pt ---
Epoch 149
Epoch 149 | Loss: 0.020822 | Val: 0.130480
--- Saved model to checkpoints/classifier_guided_diffusion/cls_guided_diffusion_crumb_fits_seed44/state.pt ---
Epoch 150
Epoch 150 | Loss: 0.022641 | Val: 0.129847
FITS files saved to results/classifier_guided_diffusion/20260925_010751_cls_guided_diffusion_crumb_fits_seed44_921095/generated_fits
Computing FID/KID/PDF at epoch 150...
  FID: 89.1129 | KID: 0.037485
  Pixel PDF W-dist: 0.1006
--- Saved model to checkpoints/classifier_guided_diffusion/cls_guided_diffusion_crumb_fits_seed44/state.pt ---
Epoch 151
Epoch 151 | Loss: 0.025590 | Val: 0.130813
--- Saved model to checkpoints/classifier_guided_diffusion/cls_guided_diffusion_crumb_fits_seed44/state.pt ---
Epoch 152
Epoch 152 | Loss: 0.021284 | Val: 0.129110
--- Saved model to checkpoints/classifier_guided_diffusion/cls_guided_diffusion_crumb_fits_seed44/state.pt ---
Epoch 153
Epoch 153 | Loss: 0.027291 | Val: 0.129302
--- Saved model to checkpoints/classifier_guided_diffusion/cls_guided_diffusion_crumb_fits_seed44/state.pt ---
Epoch 154
Epoch 154 | Loss: 0.018343 | Val: 0.129212
--- Saved model to checkpoints/classifier_guided_diffusion/cls_guided_diffusion_crumb_fits_seed44/state.pt ---
Epoch 155
Epoch 155 | Loss: 0.022335 | Val: 0.130232
--- Saved model to checkpoints/classifier_guided_diffusion/cls_guided_diffusion_crumb_fits_seed44/state.pt ---
Epoch 156
Epoch 156 | Loss: 0.021376 | Val: 0.129681
--- Saved model to checkpoints/classifier_guided_diffusion/cls_guided_diffusion_crumb_fits_seed44/state.pt ---
Epoch 157
Epoch 157 | Loss: 0.022667 | Val: 0.129528
--- Saved model to checkpoints/classifier_guided_diffusion/cls_guided_diffusion_crumb_fits_seed44/state.pt ---
Epoch 158
Epoch 158 | Loss: 0.020440 | Val: 0.130427
--- Saved model to checkpoints/classifier_guided_diffusion/cls_guided_diffusion_crumb_fits_seed44/state.pt ---
Epoch 159
Epoch 159 | Loss: 0.019762 | Val: 0.129489
--- Saved model to checkpoints/classifier_guided_diffusion/cls_guided_diffusion_crumb_fits_seed44/state.pt ---
Epoch 160
Epoch 160 | Loss: 0.021661 | Val: 0.129470
FITS files saved to results/classifier_guided_diffusion/20260925_010751_cls_guided_diffusion_crumb_fits_seed44_921095/generated_fits
Computing FID/KID/PDF at epoch 160...
  FID: 112.0620 | KID: 0.074004
  Pixel PDF W-dist: 0.0608
--- Saved model to checkpoints/classifier_guided_diffusion/cls_guided_diffusion_crumb_fits_seed44/state.pt ---
Epoch 161
Epoch 161 | Loss: 0.022769 | Val: 0.132752
--- Saved model to checkpoints/classifier_guided_diffusion/cls_guided_diffusion_crumb_fits_seed44/state.pt ---
Epoch 162
Epoch 162 | Loss: 0.022446 | Val: 0.129806
--- Saved model to checkpoints/classifier_guided_diffusion/cls_guided_diffusion_crumb_fits_seed44/state.pt ---
Epoch 163
Epoch 163 | Loss: 0.026306 | Val: 0.131082
--- Saved model to checkpoints/classifier_guided_diffusion/cls_guided_diffusion_crumb_fits_seed44/state.pt ---
Epoch 164
Epoch 164 | Loss: 0.023401 | Val: 0.129768
--- Saved model to checkpoints/classifier_guided_diffusion/cls_guided_diffusion_crumb_fits_seed44/state.pt ---
Epoch 165
Epoch 165 | Loss: 0.023037 | Val: 0.129246
--- Saved model to checkpoints/classifier_guided_diffusion/cls_guided_diffusion_crumb_fits_seed44/state.pt ---
Epoch 166
Epoch 166 | Loss: 0.019622 | Val: 0.129492
--- Saved model to checkpoints/classifier_guided_diffusion/cls_guided_diffusion_crumb_fits_seed44/state.pt ---
Epoch 167
Epoch 167 | Loss: 0.022329 | Val: 0.129709
--- Saved model to checkpoints/classifier_guided_diffusion/cls_guided_diffusion_crumb_fits_seed44/state.pt ---
Epoch 168
Epoch 168 | Loss: 0.025388 | Val: 0.129796
--- Saved model to checkpoints/classifier_guided_diffusion/cls_guided_diffusion_crumb_fits_seed44/state.pt ---
Epoch 169
Epoch 169 | Loss: 0.022531 | Val: 0.129428
--- Saved model to checkpoints/classifier_guided_diffusion/cls_guided_diffusion_crumb_fits_seed44/state.pt ---
Epoch 170
Epoch 170 | Loss: 0.022992 | Val: 0.130613
FITS files saved to results/classifier_guided_diffusion/20260925_010751_cls_guided_diffusion_crumb_fits_seed44_921095/generated_fits
Computing FID/KID/PDF at epoch 170...
  FID: 101.7427 | KID: 0.061899
  Pixel PDF W-dist: 0.1551
--- Saved model to checkpoints/classifier_guided_diffusion/cls_guided_diffusion_crumb_fits_seed44/state.pt ---
Epoch 171
Epoch 171 | Loss: 0.023385 | Val: 0.129811
--- Saved model to checkpoints/classifier_guided_diffusion/cls_guided_diffusion_crumb_fits_seed44/state.pt ---
Epoch 172
Epoch 172 | Loss: 0.023985 | Val: 0.129449
--- Saved model to checkpoints/classifier_guided_diffusion/cls_guided_diffusion_crumb_fits_seed44/state.pt ---
Epoch 173
Epoch 173 | Loss: 0.022195 | Val: 0.128658
--- Saved model to checkpoints/classifier_guided_diffusion/cls_guided_diffusion_crumb_fits_seed44/state.pt ---
Epoch 174
Epoch 174 | Loss: 0.020325 | Val: 0.129187
--- Saved model to checkpoints/classifier_guided_diffusion/cls_guided_diffusion_crumb_fits_seed44/state.pt ---
Epoch 175
Epoch 175 | Loss: 0.022401 | Val: 0.128625
--- Saved model to checkpoints/classifier_guided_diffusion/cls_guided_diffusion_crumb_fits_seed44/state.pt ---
Epoch 176
Epoch 176 | Loss: 0.028919 | Val: 0.131258
--- Saved model to checkpoints/classifier_guided_diffusion/cls_guided_diffusion_crumb_fits_seed44/state.pt ---
Epoch 177
Epoch 177 | Loss: 0.024548 | Val: 0.129617
--- Saved model to checkpoints/classifier_guided_diffusion/cls_guided_diffusion_crumb_fits_seed44/state.pt ---
Epoch 178
Epoch 178 | Loss: 0.024101 | Val: 0.129017
--- Saved model to checkpoints/classifier_guided_diffusion/cls_guided_diffusion_crumb_fits_seed44/state.pt ---
Epoch 179
Epoch 179 | Loss: 0.024396 | Val: 0.129436
--- Saved model to checkpoints/classifier_guided_diffusion/cls_guided_diffusion_crumb_fits_seed44/state.pt ---
Epoch 180
Epoch 180 | Loss: 0.025906 | Val: 0.129014
FITS files saved to results/classifier_guided_diffusion/20260925_010751_cls_guided_diffusion_crumb_fits_seed44_921095/generated_fits
Computing FID/KID/PDF at epoch 180...
  FID: 127.2146 | KID: 0.059984
  Pixel PDF W-dist: 0.1019
--- Saved model to checkpoints/classifier_guided_diffusion/cls_guided_diffusion_crumb_fits_seed44/state.pt ---
Epoch 181
Epoch 181 | Loss: 0.024026 | Val: 0.129002
--- Saved model to checkpoints/classifier_guided_diffusion/cls_guided_diffusion_crumb_fits_seed44/state.pt ---
Epoch 182
Epoch 182 | Loss: 0.025159 | Val: 0.129113
--- Saved model to checkpoints/classifier_guided_diffusion/cls_guided_diffusion_crumb_fits_seed44/state.pt ---
Epoch 183
Epoch 183 | Loss: 0.021757 | Val: 0.129624
--- Saved model to checkpoints/classifier_guided_diffusion/cls_guided_diffusion_crumb_fits_seed44/state.pt ---
Epoch 184
Epoch 184 | Loss: 0.018131 | Val: 0.131330
--- Saved model to checkpoints/classifier_guided_diffusion/cls_guided_diffusion_crumb_fits_seed44/state.pt ---
Epoch 185
Epoch 185 | Loss: 0.029909 | Val: 0.129662
--- Saved model to checkpoints/classifier_guided_diffusion/cls_guided_diffusion_crumb_fits_seed44/state.pt ---
Epoch 186
Epoch 186 | Loss: 0.020897 | Val: 0.130281
--- Saved model to checkpoints/classifier_guided_diffusion/cls_guided_diffusion_crumb_fits_seed44/state.pt ---
Epoch 187
Epoch 187 | Loss: 0.024650 | Val: 0.129799
--- Saved model to checkpoints/classifier_guided_diffusion/cls_guided_diffusion_crumb_fits_seed44/state.pt ---
Epoch 188
Epoch 188 | Loss: 0.021084 | Val: 0.130393
--- Saved model to checkpoints/classifier_guided_diffusion/cls_guided_diffusion_crumb_fits_seed44/state.pt ---
Epoch 189
Epoch 189 | Loss: 0.023833 | Val: 0.129687
--- Saved model to checkpoints/classifier_guided_diffusion/cls_guided_diffusion_crumb_fits_seed44/state.pt ---
Epoch 190
Epoch 190 | Loss: 0.023881 | Val: 0.129243
FITS files saved to results/classifier_guided_diffusion/20260925_010751_cls_guided_diffusion_crumb_fits_seed44_921095/generated_fits
Computing FID/KID/PDF at epoch 190...
  FID: 134.8551 | KID: 0.052460
  Pixel PDF W-dist: 0.0593
--- Saved model to checkpoints/classifier_guided_diffusion/cls_guided_diffusion_crumb_fits_seed44/state.pt ---
Epoch 191
Epoch 191 | Loss: 0.022583 | Val: 0.128986
--- Saved model to checkpoints/classifier_guided_diffusion/cls_guided_diffusion_crumb_fits_seed44/state.pt ---
Epoch 192
Epoch 192 | Loss: 0.023657 | Val: 0.129098
--- Saved model to checkpoints/classifier_guided_diffusion/cls_guided_diffusion_crumb_fits_seed44/state.pt ---
Epoch 193
Epoch 193 | Loss: 0.020948 | Val: 0.128687
--- Saved model to checkpoints/classifier_guided_diffusion/cls_guided_diffusion_crumb_fits_seed44/state.pt ---
Epoch 194
Epoch 194 | Loss: 0.018892 | Val: 0.131145
--- Saved model to checkpoints/classifier_guided_diffusion/cls_guided_diffusion_crumb_fits_seed44/state.pt ---
Epoch 195
Epoch 195 | Loss: 0.020090 | Val: 0.129436
--- Saved model to checkpoints/classifier_guided_diffusion/cls_guided_diffusion_crumb_fits_seed44/state.pt ---
Epoch 196
Epoch 196 | Loss: 0.025713 | Val: 0.129105
--- Saved model to checkpoints/classifier_guided_diffusion/cls_guided_diffusion_crumb_fits_seed44/state.pt ---
Epoch 197
Epoch 197 | Loss: 0.023849 | Val: 0.129042
--- Saved model to checkpoints/classifier_guided_diffusion/cls_guided_diffusion_crumb_fits_seed44/state.pt ---
Epoch 198
Epoch 198 | Loss: 0.022919 | Val: 0.130054
--- Saved model to checkpoints/classifier_guided_diffusion/cls_guided_diffusion_crumb_fits_seed44/state.pt ---
Epoch 199
Epoch 199 | Loss: 0.020254 | Val: 0.128692
--- Saved model to checkpoints/classifier_guided_diffusion/cls_guided_diffusion_crumb_fits_seed44/state.pt ---
Epoch 200
Epoch 200 | Loss: 0.021933 | Val: 0.130989
FITS files saved to results/classifier_guided_diffusion/20260925_010751_cls_guided_diffusion_crumb_fits_seed44_921095/generated_fits
Computing FID/KID/PDF at epoch 200...
  FID: 95.8783 | KID: 0.058455
  Pixel PDF W-dist: 0.0356
--- Saved model to checkpoints/classifier_guided_diffusion/cls_guided_diffusion_crumb_fits_seed44/state.pt ---
Epoch 201
Epoch 201 | Loss: 0.020693 | Val: 0.129474
--- Saved model to checkpoints/classifier_guided_diffusion/cls_guided_diffusion_crumb_fits_seed44/state.pt ---
Epoch 202
Epoch 202 | Loss: 0.022662 | Val: 0.130143
--- Saved model to checkpoints/classifier_guided_diffusion/cls_guided_diffusion_crumb_fits_seed44/state.pt ---
Epoch 203
Epoch 203 | Loss: 0.025114 | Val: 0.129693
--- Saved model to checkpoints/classifier_guided_diffusion/cls_guided_diffusion_crumb_fits_seed44/state.pt ---
Epoch 204
Epoch 204 | Loss: 0.026277 | Val: 0.129521
--- Saved model to checkpoints/classifier_guided_diffusion/cls_guided_diffusion_crumb_fits_seed44/state.pt ---
Epoch 205
Epoch 205 | Loss: 0.021513 | Val: 0.129691
--- Saved model to checkpoints/classifier_guided_diffusion/cls_guided_diffusion_crumb_fits_seed44/state.pt ---
Epoch 206
Epoch 206 | Loss: 0.020361 | Val: 0.130217
--- Saved model to checkpoints/classifier_guided_diffusion/cls_guided_diffusion_crumb_fits_seed44/state.pt ---
Epoch 207
Epoch 207 | Loss: 0.025257 | Val: 0.129995
--- Saved model to checkpoints/classifier_guided_diffusion/cls_guided_diffusion_crumb_fits_seed44/state.pt ---
Epoch 208
Epoch 208 | Loss: 0.023810 | Val: 0.130189
--- Saved model to checkpoints/classifier_guided_diffusion/cls_guided_diffusion_crumb_fits_seed44/state.pt ---
Epoch 209
Epoch 209 | Loss: 0.025742 | Val: 0.129473
--- Saved model to checkpoints/classifier_guided_diffusion/cls_guided_diffusion_crumb_fits_seed44/state.pt ---
Epoch 210
Epoch 210 | Loss: 0.021702 | Val: 0.129498
FITS files saved to results/classifier_guided_diffusion/20260925_010751_cls_guided_diffusion_crumb_fits_seed44_921095/generated_fits
Computing FID/KID/PDF at epoch 210...
  FID: 135.9007 | KID: 0.088100
  Pixel PDF W-dist: 0.0764
--- Saved model to checkpoints/classifier_guided_diffusion/cls_guided_diffusion_crumb_fits_seed44/state.pt ---
Epoch 211
Epoch 211 | Loss: 0.021563 | Val: 0.129937
--- Saved model to checkpoints/classifier_guided_diffusion/cls_guided_diffusion_crumb_fits_seed44/state.pt ---
Epoch 212
Epoch 212 | Loss: 0.022839 | Val: 0.129783
--- Saved model to checkpoints/classifier_guided_diffusion/cls_guided_diffusion_crumb_fits_seed44/state.pt ---
Epoch 213
Epoch 213 | Loss: 0.022306 | Val: 0.129985
--- Saved model to checkpoints/classifier_guided_diffusion/cls_guided_diffusion_crumb_fits_seed44/state.pt ---
Epoch 214
Epoch 214 | Loss: 0.026235 | Val: 0.129542
--- Saved model to checkpoints/classifier_guided_diffusion/cls_guided_diffusion_crumb_fits_seed44/state.pt ---
Epoch 215
Epoch 215 | Loss: 0.022556 | Val: 0.129987
--- Saved model to checkpoints/classifier_guided_diffusion/cls_guided_diffusion_crumb_fits_seed44/state.pt ---
Epoch 216
Epoch 216 | Loss: 0.022436 | Val: 0.130920
--- Saved model to checkpoints/classifier_guided_diffusion/cls_guided_diffusion_crumb_fits_seed44/state.pt ---
Epoch 217
Epoch 217 | Loss: 0.024741 | Val: 0.129632
--- Saved model to checkpoints/classifier_guided_diffusion/cls_guided_diffusion_crumb_fits_seed44/state.pt ---
Epoch 218
Epoch 218 | Loss: 0.026223 | Val: 0.129530
--- Saved model to checkpoints/classifier_guided_diffusion/cls_guided_diffusion_crumb_fits_seed44/state.pt ---
Epoch 219
Epoch 219 | Loss: 0.022612 | Val: 0.129273
--- Saved model to checkpoints/classifier_guided_diffusion/cls_guided_diffusion_crumb_fits_seed44/state.pt ---
Epoch 220
Epoch 220 | Loss: 0.022076 | Val: 0.129471
FITS files saved to results/classifier_guided_diffusion/20260925_010751_cls_guided_diffusion_crumb_fits_seed44_921095/generated_fits
Computing FID/KID/PDF at epoch 220...
  FID: 89.4232 | KID: 0.046278
  Pixel PDF W-dist: 0.0158
--- Saved model to checkpoints/classifier_guided_diffusion/cls_guided_diffusion_crumb_fits_seed44/state.pt ---
Epoch 221
Epoch 221 | Loss: 0.022696 | Val: 0.129804
--- Saved model to checkpoints/classifier_guided_diffusion/cls_guided_diffusion_crumb_fits_seed44/state.pt ---
Epoch 222
Epoch 222 | Loss: 0.026628 | Val: 0.128983
--- Saved model to checkpoints/classifier_guided_diffusion/cls_guided_diffusion_crumb_fits_seed44/state.pt ---
Epoch 223
Epoch 223 | Loss: 0.026277 | Val: 0.129672
--- Saved model to checkpoints/classifier_guided_diffusion/cls_guided_diffusion_crumb_fits_seed44/state.pt ---
Epoch 224
Epoch 224 | Loss: 0.022053 | Val: 0.129272
--- Saved model to checkpoints/classifier_guided_diffusion/cls_guided_diffusion_crumb_fits_seed44/state.pt ---
Epoch 225
Epoch 225 | Loss: 0.022413 | Val: 0.129994
--- Saved model to checkpoints/classifier_guided_diffusion/cls_guided_diffusion_crumb_fits_seed44/state.pt ---
Epoch 226
Epoch 226 | Loss: 0.022569 | Val: 0.128993
--- Saved model to checkpoints/classifier_guided_diffusion/cls_guided_diffusion_crumb_fits_seed44/state.pt ---
Epoch 227
Epoch 227 | Loss: 0.017309 | Val: 0.129757
--- Saved model to checkpoints/classifier_guided_diffusion/cls_guided_diffusion_crumb_fits_seed44/state.pt ---
Epoch 228
Epoch 228 | Loss: 0.021179 | Val: 0.129035
--- Saved model to checkpoints/classifier_guided_diffusion/cls_guided_diffusion_crumb_fits_seed44/state.pt ---
Epoch 229
Epoch 229 | Loss: 0.023301 | Val: 0.130844
--- Saved model to checkpoints/classifier_guided_diffusion/cls_guided_diffusion_crumb_fits_seed44/state.pt ---
Epoch 230
Epoch 230 | Loss: 0.022039 | Val: 0.130687
FITS files saved to results/classifier_guided_diffusion/20260925_010751_cls_guided_diffusion_crumb_fits_seed44_921095/generated_fits
Computing FID/KID/PDF at epoch 230...
  FID: 120.1095 | KID: 0.086225
  Pixel PDF W-dist: 0.0459
--- Saved model to checkpoints/classifier_guided_diffusion/cls_guided_diffusion_crumb_fits_seed44/state.pt ---
Epoch 231
Epoch 231 | Loss: 0.023395 | Val: 0.130221
--- Saved model to checkpoints/classifier_guided_diffusion/cls_guided_diffusion_crumb_fits_seed44/state.pt ---
Epoch 232
Epoch 232 | Loss: 0.028167 | Val: 0.129486
--- Saved model to checkpoints/classifier_guided_diffusion/cls_guided_diffusion_crumb_fits_seed44/state.pt ---
Epoch 233
Epoch 233 | Loss: 0.022891 | Val: 0.130150
--- Saved model to checkpoints/classifier_guided_diffusion/cls_guided_diffusion_crumb_fits_seed44/state.pt ---
Epoch 234
Epoch 234 | Loss: 0.024966 | Val: 0.129934
--- Saved model to checkpoints/classifier_guided_diffusion/cls_guided_diffusion_crumb_fits_seed44/state.pt ---
Epoch 235
Epoch 235 | Loss: 0.024818 | Val: 0.129220
--- Saved model to checkpoints/classifier_guided_diffusion/cls_guided_diffusion_crumb_fits_seed44/state.pt ---
Epoch 236
Epoch 236 | Loss: 0.022692 | Val: 0.129685
--- Saved model to checkpoints/classifier_guided_diffusion/cls_guided_diffusion_crumb_fits_seed44/state.pt ---
Epoch 237
Epoch 237 | Loss: 0.021931 | Val: 0.129165
--- Saved model to checkpoints/classifier_guided_diffusion/cls_guided_diffusion_crumb_fits_seed44/state.pt ---
Epoch 238
Epoch 238 | Loss: 0.021063 | Val: 0.129713
--- Saved model to checkpoints/classifier_guided_diffusion/cls_guided_diffusion_crumb_fits_seed44/state.pt ---
Epoch 239
Epoch 239 | Loss: 0.022643 | Val: 0.129045
--- Saved model to checkpoints/classifier_guided_diffusion/cls_guided_diffusion_crumb_fits_seed44/state.pt ---
Epoch 240
Epoch 240 | Loss: 0.019607 | Val: 0.130403
FITS files saved to results/classifier_guided_diffusion/20260925_010751_cls_guided_diffusion_crumb_fits_seed44_921095/generated_fits
Computing FID/KID/PDF at epoch 240...
  FID: 92.5874 | KID: 0.041705
  Pixel PDF W-dist: 0.0331
--- Saved model to checkpoints/classifier_guided_diffusion/cls_guided_diffusion_crumb_fits_seed44/state.pt ---
Epoch 241
Epoch 241 | Loss: 0.026335 | Val: 0.130299
--- Saved model to checkpoints/classifier_guided_diffusion/cls_guided_diffusion_crumb_fits_seed44/state.pt ---
Epoch 242
Epoch 242 | Loss: 0.020365 | Val: 0.130487
--- Saved model to checkpoints/classifier_guided_diffusion/cls_guided_diffusion_crumb_fits_seed44/state.pt ---
Epoch 243
Epoch 243 | Loss: 0.020507 | Val: 0.130036
--- Saved model to checkpoints/classifier_guided_diffusion/cls_guided_diffusion_crumb_fits_seed44/state.pt ---
Epoch 244
Epoch 244 | Loss: 0.026193 | Val: 0.130241
--- Saved model to checkpoints/classifier_guided_diffusion/cls_guided_diffusion_crumb_fits_seed44/state.pt ---
Epoch 245
Epoch 245 | Loss: 0.021912 | Val: 0.129519
--- Saved model to checkpoints/classifier_guided_diffusion/cls_guided_diffusion_crumb_fits_seed44/state.pt ---
Epoch 246
Epoch 246 | Loss: 0.024489 | Val: 0.130675
--- Saved model to checkpoints/classifier_guided_diffusion/cls_guided_diffusion_crumb_fits_seed44/state.pt ---
Epoch 247
Epoch 247 | Loss: 0.023767 | Val: 0.130276
--- Saved model to checkpoints/classifier_guided_diffusion/cls_guided_diffusion_crumb_fits_seed44/state.pt ---
Epoch 248
Epoch 248 | Loss: 0.023075 | Val: 0.129806
--- Saved model to checkpoints/classifier_guided_diffusion/cls_guided_diffusion_crumb_fits_seed44/state.pt ---
Epoch 249
Epoch 249 | Loss: 0.024346 | Val: 0.130184
--- Saved model to checkpoints/classifier_guided_diffusion/cls_guided_diffusion_crumb_fits_seed44/state.pt ---
Epoch 250
Epoch 250 | Loss: 0.023756 | Val: 0.129460
FITS files saved to results/classifier_guided_diffusion/20260925_010751_cls_guided_diffusion_crumb_fits_seed44_921095/generated_fits
Computing FID/KID/PDF at epoch 250...
  FID: 117.1822 | KID: 0.072558
  Pixel PDF W-dist: 0.0130
--- Saved model to checkpoints/classifier_guided_diffusion/cls_guided_diffusion_crumb_fits_seed44/state.pt ---
Epoch 251
Epoch 251 | Loss: 0.022637 | Val: 0.130598
--- Saved model to checkpoints/classifier_guided_diffusion/cls_guided_diffusion_crumb_fits_seed44/state.pt ---
Epoch 252
Epoch 252 | Loss: 0.020548 | Val: 0.131284
--- Saved model to checkpoints/classifier_guided_diffusion/cls_guided_diffusion_crumb_fits_seed44/state.pt ---
Epoch 253
Epoch 253 | Loss: 0.021359 | Val: 0.129403
--- Saved model to checkpoints/classifier_guided_diffusion/cls_guided_diffusion_crumb_fits_seed44/state.pt ---
Epoch 254
Epoch 254 | Loss: 0.020626 | Val: 0.128102
--- Saved model to checkpoints/classifier_guided_diffusion/cls_guided_diffusion_crumb_fits_seed44/state.pt ---
Epoch 255
Epoch 255 | Loss: 0.020877 | Val: 0.129810
--- Saved model to checkpoints/classifier_guided_diffusion/cls_guided_diffusion_crumb_fits_seed44/state.pt ---
Epoch 256
Epoch 256 | Loss: 0.022550 | Val: 0.129927
--- Saved model to checkpoints/classifier_guided_diffusion/cls_guided_diffusion_crumb_fits_seed44/state.pt ---
Epoch 257
Epoch 257 | Loss: 0.022314 | Val: 0.129857
--- Saved model to checkpoints/classifier_guided_diffusion/cls_guided_diffusion_crumb_fits_seed44/state.pt ---
Epoch 258
Epoch 258 | Loss: 0.027666 | Val: 0.133472
--- Saved model to checkpoints/classifier_guided_diffusion/cls_guided_diffusion_crumb_fits_seed44/state.pt ---
Epoch 259
Epoch 259 | Loss: 0.020561 | Val: 0.129132
--- Saved model to checkpoints/classifier_guided_diffusion/cls_guided_diffusion_crumb_fits_seed44/state.pt ---
Epoch 260
[2026-09-25T13:06:05.079] error: *** JOB 921095 ON gpu-004 CANCELLED AT 2026-09-25T13:06:05 DUE TO TIME LIMIT ***
