/idia/users/bevan/pid-radast/classifier-guided-physics-informed-diffusion/.venv/lib/python3.11/site-packages/torchvision/models/_utils.py:208: UserWarning: The parameter 'pretrained' is deprecated since 0.13 and may be removed in the future, please use 'weights' instead.
  warnings.warn(
/idia/users/bevan/pid-radast/classifier-guided-physics-informed-diffusion/.venv/lib/python3.11/site-packages/torchvision/models/_utils.py:223: UserWarning: Arguments other than a weight enum or `None` for 'weights' are deprecated since 0.13 and may be removed in the future. The current behavior is equivalent to passing `weights=None`.
  warnings.warn(msg)
On device cuda
Dataset: crumb
Getting data loader crumb
Corrected 163/300 CRUMB test labels using train-derived (parent, code) -> label mapping
[0] test_idx=23  true=FR-I  pred=FR-I  confidence=98.6%  CORRECT  -> results/sanity_check/sample_00_idx23_true-FR-I_pred-FR-I.png
[1] test_idx=261  true=FR-II  pred=FR-I  confidence=74.4%  WRONG  -> results/sanity_check/sample_01_idx261_true-FR-II_pred-FR-I.png
[2] test_idx=12  true=FR-II  pred=FR-I  confidence=78.9%  WRONG  -> results/sanity_check/sample_02_idx12_true-FR-II_pred-FR-I.png
[3] test_idx=234  true=FR-I  pred=FR-I  confidence=58.7%  CORRECT  -> results/sanity_check/sample_03_idx234_true-FR-I_pred-FR-I.png
[4] test_idx=164  true=FR-II  pred=FR-II  confidence=75.1%  CORRECT  -> results/sanity_check/sample_04_idx164_true-FR-II_pred-FR-II.png
[5] test_idx=172  true=FR-II  pred=FR-II  confidence=71.7%  CORRECT  -> results/sanity_check/sample_05_idx172_true-FR-II_pred-FR-II.png
[6] test_idx=127  true=FR-II  pred=FR-II  confidence=65.5%  CORRECT  -> results/sanity_check/sample_06_idx127_true-FR-II_pred-FR-II.png
[7] test_idx=141  true=FR-II  pred=FR-II  confidence=64.5%  CORRECT  -> results/sanity_check/sample_07_idx141_true-FR-II_pred-FR-II.png
[8] test_idx=202  true=FR-I  pred=FR-I  confidence=54.3%  CORRECT  -> results/sanity_check/sample_08_idx202_true-FR-I_pred-FR-I.png
[9] test_idx=139  true=FR-I  pred=FR-I  confidence=86.2%  CORRECT  -> results/sanity_check/sample_09_idx139_true-FR-I_pred-FR-I.png
[10] test_idx=259  true=FR-II  pred=FR-II  confidence=82.7%  CORRECT  -> results/sanity_check/sample_10_idx259_true-FR-II_pred-FR-II.png
[11] test_idx=220  true=FR-II  pred=FR-II  confidence=77.2%  CORRECT  -> results/sanity_check/sample_11_idx220_true-FR-II_pred-FR-II.png
[12] test_idx=69  true=FR-I  pred=FR-I  confidence=87.1%  CORRECT  -> results/sanity_check/sample_12_idx69_true-FR-I_pred-FR-I.png
[13] test_idx=236  true=FR-I  pred=FR-II  confidence=54.7%  WRONG  -> results/sanity_check/sample_13_idx236_true-FR-I_pred-FR-II.png
[14] test_idx=95  true=FR-I  pred=FR-I  confidence=63.7%  CORRECT  -> results/sanity_check/sample_14_idx95_true-FR-I_pred-FR-I.png
[15] test_idx=92  true=FR-II  pred=FR-I  confidence=64.8%  WRONG  -> results/sanity_check/sample_15_idx92_true-FR-II_pred-FR-I.png
[16] test_idx=110  true=FR-I  pred=FR-I  confidence=91.2%  CORRECT  -> results/sanity_check/sample_16_idx110_true-FR-I_pred-FR-I.png
[17] test_idx=280  true=FR-I  pred=FR-II  confidence=53.7%  WRONG  -> results/sanity_check/sample_17_idx280_true-FR-I_pred-FR-II.png
[18] test_idx=250  true=FR-II  pred=FR-I  confidence=70.0%  WRONG  -> results/sanity_check/sample_18_idx250_true-FR-II_pred-FR-I.png
[19] test_idx=211  true=FR-I  pred=FR-I  confidence=65.8%  CORRECT  -> results/sanity_check/sample_19_idx211_true-FR-I_pred-FR-I.png
[20] test_idx=53  true=FR-I  pred=FR-I  confidence=62.7%  CORRECT  -> results/sanity_check/sample_20_idx53_true-FR-I_pred-FR-I.png
[21] test_idx=202  true=FR-I  pred=FR-I  confidence=54.3%  CORRECT  -> results/sanity_check/sample_21_idx202_true-FR-I_pred-FR-I.png
[22] test_idx=278  true=FR-I  pred=FR-I  confidence=78.1%  CORRECT  -> results/sanity_check/sample_22_idx278_true-FR-I_pred-FR-I.png
[23] test_idx=41  true=FR-I  pred=FR-I  confidence=63.6%  CORRECT  -> results/sanity_check/sample_23_idx41_true-FR-I_pred-FR-I.png
[24] test_idx=252  true=FR-II  pred=FR-II  confidence=76.8%  CORRECT  -> results/sanity_check/sample_24_idx252_true-FR-II_pred-FR-II.png
[25] test_idx=240  true=FR-I  pred=FR-I  confidence=91.8%  CORRECT  -> results/sanity_check/sample_25_idx240_true-FR-I_pred-FR-I.png
[26] test_idx=207  true=FR-I  pred=FR-I  confidence=55.2%  CORRECT  -> results/sanity_check/sample_26_idx207_true-FR-I_pred-FR-I.png
[27] test_idx=64  true=FR-II  pred=FR-II  confidence=54.3%  CORRECT  -> results/sanity_check/sample_27_idx64_true-FR-II_pred-FR-II.png
[28] test_idx=169  true=FR-II  pred=FR-I  confidence=74.3%  WRONG  -> results/sanity_check/sample_28_idx169_true-FR-II_pred-FR-I.png
[29] test_idx=187  true=FR-II  pred=FR-I  confidence=76.7%  WRONG  -> results/sanity_check/sample_29_idx187_true-FR-II_pred-FR-I.png
[30] test_idx=166  true=FR-II  pred=FR-I  confidence=51.2%  WRONG  -> results/sanity_check/sample_30_idx166_true-FR-II_pred-FR-I.png
[31] test_idx=245  true=FR-II  pred=FR-II  confidence=80.3%  CORRECT  -> results/sanity_check/sample_31_idx245_true-FR-II_pred-FR-II.png
[32] test_idx=85  true=FR-I  pred=FR-I  confidence=82.4%  CORRECT  -> results/sanity_check/sample_32_idx85_true-FR-I_pred-FR-I.png
[33] test_idx=73  true=FR-II  pred=FR-I  confidence=73.5%  WRONG  -> results/sanity_check/sample_33_idx73_true-FR-II_pred-FR-I.png
[34] test_idx=116  true=FR-II  pred=FR-I  confidence=55.0%  WRONG  -> results/sanity_check/sample_34_idx116_true-FR-II_pred-FR-I.png
[35] test_idx=57  true=FR-II  pred=FR-II  confidence=57.5%  CORRECT  -> results/sanity_check/sample_35_idx57_true-FR-II_pred-FR-II.png
[36] test_idx=149  true=FR-I  pred=FR-I  confidence=90.1%  CORRECT  -> results/sanity_check/sample_36_idx149_true-FR-I_pred-FR-I.png
[37] test_idx=53  true=FR-I  pred=FR-I  confidence=62.7%  CORRECT  -> results/sanity_check/sample_37_idx53_true-FR-I_pred-FR-I.png
[38] test_idx=132  true=FR-I  pred=FR-I  confidence=82.8%  CORRECT  -> results/sanity_check/sample_38_idx132_true-FR-I_pred-FR-I.png
[39] test_idx=280  true=FR-I  pred=FR-II  confidence=53.7%  WRONG  -> results/sanity_check/sample_39_idx280_true-FR-I_pred-FR-II.png
[40] test_idx=262  true=FR-I  pred=FR-I  confidence=65.2%  CORRECT  -> results/sanity_check/sample_40_idx262_true-FR-I_pred-FR-I.png
[41] test_idx=42  true=FR-II  pred=FR-I  confidence=62.7%  WRONG  -> results/sanity_check/sample_41_idx42_true-FR-II_pred-FR-I.png
[42] test_idx=145  true=FR-I  pred=FR-I  confidence=88.7%  CORRECT  -> results/sanity_check/sample_42_idx145_true-FR-I_pred-FR-I.png
[43] test_idx=160  true=FR-I  pred=FR-I  confidence=59.9%  CORRECT  -> results/sanity_check/sample_43_idx160_true-FR-I_pred-FR-I.png
[44] test_idx=66  true=FR-II  pred=FR-II  confidence=77.9%  CORRECT  -> results/sanity_check/sample_44_idx66_true-FR-II_pred-FR-II.png
[45] test_idx=229  true=FR-I  pred=FR-I  confidence=95.8%  CORRECT  -> results/sanity_check/sample_45_idx229_true-FR-I_pred-FR-I.png
[46] test_idx=40  true=FR-I  pred=FR-I  confidence=78.1%  CORRECT  -> results/sanity_check/sample_46_idx40_true-FR-I_pred-FR-I.png
[47] test_idx=142  true=FR-I  pred=FR-I  confidence=95.9%  CORRECT  -> results/sanity_check/sample_47_idx142_true-FR-I_pred-FR-I.png
[48] test_idx=57  true=FR-II  pred=FR-II  confidence=57.5%  CORRECT  -> results/sanity_check/sample_48_idx57_true-FR-II_pred-FR-II.png
[49] test_idx=147  true=FR-I  pred=FR-I  confidence=95.7%  CORRECT  -> results/sanity_check/sample_49_idx147_true-FR-I_pred-FR-I.png
[50] test_idx=194  true=FR-II  pred=FR-II  confidence=72.1%  CORRECT  -> results/sanity_check/sample_50_idx194_true-FR-II_pred-FR-II.png
[51] test_idx=220  true=FR-II  pred=FR-II  confidence=77.2%  CORRECT  -> results/sanity_check/sample_51_idx220_true-FR-II_pred-FR-II.png
[52] test_idx=90  true=FR-II  pred=FR-I  confidence=74.4%  WRONG  -> results/sanity_check/sample_52_idx90_true-FR-II_pred-FR-I.png
[53] test_idx=89  true=FR-I  pred=FR-I  confidence=80.5%  CORRECT  -> results/sanity_check/sample_53_idx89_true-FR-I_pred-FR-I.png
[54] test_idx=109  true=FR-II  pred=FR-II  confidence=74.5%  CORRECT  -> results/sanity_check/sample_54_idx109_true-FR-II_pred-FR-II.png
[55] test_idx=168  true=FR-II  pred=FR-II  confidence=71.5%  CORRECT  -> results/sanity_check/sample_55_idx168_true-FR-II_pred-FR-II.png
[56] test_idx=271  true=FR-II  pred=FR-I  confidence=50.3%  WRONG  -> results/sanity_check/sample_56_idx271_true-FR-II_pred-FR-I.png
[57] test_idx=184  true=FR-I  pred=FR-I  confidence=91.7%  CORRECT  -> results/sanity_check/sample_57_idx184_true-FR-I_pred-FR-I.png
[58] test_idx=35  true=FR-II  pred=FR-I  confidence=86.6%  WRONG  -> results/sanity_check/sample_58_idx35_true-FR-II_pred-FR-I.png
[59] test_idx=127  true=FR-II  pred=FR-II  confidence=65.5%  CORRECT  -> results/sanity_check/sample_59_idx127_true-FR-II_pred-FR-II.png
[60] test_idx=209  true=FR-II  pred=FR-II  confidence=53.3%  CORRECT  -> results/sanity_check/sample_60_idx209_true-FR-II_pred-FR-II.png
[61] test_idx=191  true=FR-I  pred=FR-II  confidence=75.3%  WRONG  -> results/sanity_check/sample_61_idx191_true-FR-I_pred-FR-II.png
[62] test_idx=14  true=FR-I  pred=FR-I  confidence=75.7%  CORRECT  -> results/sanity_check/sample_62_idx14_true-FR-I_pred-FR-I.png
[63] test_idx=231  true=FR-I  pred=FR-I  confidence=78.1%  CORRECT  -> results/sanity_check/sample_63_idx231_true-FR-I_pred-FR-I.png
[64] test_idx=6  true=FR-II  pred=FR-II  confidence=63.1%  CORRECT  -> results/sanity_check/sample_64_idx6_true-FR-II_pred-FR-II.png
[65] test_idx=269  true=FR-II  pred=FR-II  confidence=63.2%  CORRECT  -> results/sanity_check/sample_65_idx269_true-FR-II_pred-FR-II.png
[66] test_idx=63  true=FR-I  pred=FR-I  confidence=95.4%  CORRECT  -> results/sanity_check/sample_66_idx63_true-FR-I_pred-FR-I.png
[67] test_idx=126  true=FR-II  pred=FR-I  confidence=71.4%  WRONG  -> results/sanity_check/sample_67_idx126_true-FR-II_pred-FR-I.png
[68] test_idx=235  true=FR-I  pred=FR-I  confidence=78.9%  CORRECT  -> results/sanity_check/sample_68_idx235_true-FR-I_pred-FR-I.png
[69] test_idx=98  true=FR-I  pred=FR-I  confidence=64.2%  CORRECT  -> results/sanity_check/sample_69_idx98_true-FR-I_pred-FR-I.png
[70] test_idx=58  true=FR-I  pred=FR-I  confidence=91.7%  CORRECT  -> results/sanity_check/sample_70_idx58_true-FR-I_pred-FR-I.png
[71] test_idx=237  true=FR-II  pred=FR-I  confidence=73.4%  WRONG  -> results/sanity_check/sample_71_idx237_true-FR-II_pred-FR-I.png
[72] test_idx=38  true=FR-I  pred=FR-I  confidence=66.2%  CORRECT  -> results/sanity_check/sample_72_idx38_true-FR-I_pred-FR-I.png
[73] test_idx=35  true=FR-II  pred=FR-I  confidence=86.6%  WRONG  -> results/sanity_check/sample_73_idx35_true-FR-II_pred-FR-I.png
[74] test_idx=79  true=FR-II  pred=FR-I  confidence=80.3%  WRONG  -> results/sanity_check/sample_74_idx79_true-FR-II_pred-FR-I.png
[75] test_idx=170  true=FR-II  pred=FR-II  confidence=84.6%  CORRECT  -> results/sanity_check/sample_75_idx170_true-FR-II_pred-FR-II.png
[76] test_idx=54  true=FR-I  pred=FR-I  confidence=65.8%  CORRECT  -> results/sanity_check/sample_76_idx54_true-FR-I_pred-FR-I.png
[77] test_idx=74  true=FR-I  pred=FR-II  confidence=58.9%  WRONG  -> results/sanity_check/sample_77_idx74_true-FR-I_pred-FR-II.png
[78] test_idx=84  true=FR-I  pred=FR-I  confidence=78.5%  CORRECT  -> results/sanity_check/sample_78_idx84_true-FR-I_pred-FR-I.png
[79] test_idx=168  true=FR-II  pred=FR-II  confidence=71.5%  CORRECT  -> results/sanity_check/sample_79_idx168_true-FR-II_pred-FR-II.png
[80] test_idx=144  true=FR-I  pred=FR-I  confidence=61.1%  CORRECT  -> results/sanity_check/sample_80_idx144_true-FR-I_pred-FR-I.png
[81] test_idx=222  true=FR-I  pred=FR-I  confidence=56.3%  CORRECT  -> results/sanity_check/sample_81_idx222_true-FR-I_pred-FR-I.png
[82] test_idx=151  true=FR-II  pred=FR-I  confidence=77.7%  WRONG  -> results/sanity_check/sample_82_idx151_true-FR-II_pred-FR-I.png
[83] test_idx=47  true=FR-I  pred=FR-I  confidence=81.2%  CORRECT  -> results/sanity_check/sample_83_idx47_true-FR-I_pred-FR-I.png
[84] test_idx=68  true=FR-I  pred=FR-I  confidence=73.3%  CORRECT  -> results/sanity_check/sample_84_idx68_true-FR-I_pred-FR-I.png
[85] test_idx=181  true=FR-I  pred=FR-I  confidence=75.0%  CORRECT  -> results/sanity_check/sample_85_idx181_true-FR-I_pred-FR-I.png
[86] test_idx=131  true=FR-II  pred=FR-I  confidence=87.6%  WRONG  -> results/sanity_check/sample_86_idx131_true-FR-II_pred-FR-I.png
[87] test_idx=247  true=FR-I  pred=FR-I  confidence=84.4%  CORRECT  -> results/sanity_check/sample_87_idx247_true-FR-I_pred-FR-I.png
[88] test_idx=134  true=FR-I  pred=FR-I  confidence=76.7%  CORRECT  -> results/sanity_check/sample_88_idx134_true-FR-I_pred-FR-I.png
[89] test_idx=182  true=FR-I  pred=FR-I  confidence=82.8%  CORRECT  -> results/sanity_check/sample_89_idx182_true-FR-I_pred-FR-I.png
[90] test_idx=126  true=FR-II  pred=FR-I  confidence=71.4%  WRONG  -> results/sanity_check/sample_90_idx126_true-FR-II_pred-FR-I.png
[91] test_idx=279  true=FR-II  pred=FR-II  confidence=77.3%  CORRECT  -> results/sanity_check/sample_91_idx279_true-FR-II_pred-FR-II.png
[92] test_idx=236  true=FR-I  pred=FR-II  confidence=54.7%  WRONG  -> results/sanity_check/sample_92_idx236_true-FR-I_pred-FR-II.png
[93] test_idx=168  true=FR-II  pred=FR-II  confidence=71.5%  CORRECT  -> results/sanity_check/sample_93_idx168_true-FR-II_pred-FR-II.png
[94] test_idx=174  true=FR-I  pred=FR-I  confidence=77.4%  CORRECT  -> results/sanity_check/sample_94_idx174_true-FR-I_pred-FR-I.png
[95] test_idx=36  true=FR-II  pred=FR-I  confidence=64.1%  WRONG  -> results/sanity_check/sample_95_idx36_true-FR-II_pred-FR-I.png
[96] test_idx=235  true=FR-I  pred=FR-I  confidence=78.9%  CORRECT  -> results/sanity_check/sample_96_idx235_true-FR-I_pred-FR-I.png
[97] test_idx=228  true=FR-I  pred=FR-I  confidence=93.6%  CORRECT  -> results/sanity_check/sample_97_idx228_true-FR-I_pred-FR-I.png
[98] test_idx=123  true=FR-II  pred=FR-I  confidence=60.9%  WRONG  -> results/sanity_check/sample_98_idx123_true-FR-II_pred-FR-I.png
[99] test_idx=77  true=FR-I  pred=FR-I  confidence=77.6%  CORRECT  -> results/sanity_check/sample_99_idx77_true-FR-I_pred-FR-I.png

72/100 correct on this random sample.
