CUDA Memory Cleared. Current VRAM Usage: 0.00 MB
On device cuda
Getting data loader crumb_fits
Loaded FITS stats: noise_rms=0.000324, peak_log=4.066700
Loaded FITS stats: noise_rms=0.000324, peak_log=4.066700
Total unique classes found: 2
Label IDs: [0, 1]
Total images in dataset: 1789
Total batches: 157 (at batch size 8)

============================================================
Run 1/1  |  seed=42  |  tag=cgd_crumb_fits  |  results -> results/classifier_guided_diffusion/20260720_202301_cgd_crumb_fits_315338
============================================================

Training classifier_guided_diffusion for 200 epochs
Loaded guidance classifier (classification) from checkpoints/classification/scratch
Loaded pre-trained diffusion weights from checkpoints/diffusion
Epoch 0
/idia/users/bevan/pid-radast/classifier-guided-physics-informed-diffusion/.venv/lib/python3.11/site-packages/diffusers/configuration_utils.py:139: FutureWarning: Accessing config attribute `num_train_timesteps` directly via 'DDPMScheduler' object attribute is deprecated. Please access 'num_train_timesteps' over 'DDPMScheduler's config object instead, e.g. 'scheduler.config.num_train_timesteps'.
  deprecate("direct config name access", "1.0.0", deprecation_message, standard_warn=False)
Epoch 0 | Loss: 0.021511 | Val: 0.129696
Traceback (most recent call last):
  File "/idia/users/bevan/pid-radast/classifier-guided-physics-informed-diffusion/main.py", line 210, in <module>
    main()
  File "/idia/users/bevan/pid-radast/classifier-guided-physics-informed-diffusion/main.py", line 199, in main
    model = train_model(args.model, cfg, trainloader, valloader, testloader, device, result_directory, resume=args.resume, checkpoint=args.checkpoint, dataset=fits_dataset, tag=run_tag)
            ^^^^^^^^^^^^^^^^^^^^^^^^^^^^^^^^^^^^^^^^^^^^^^^^^^^^^^^^^^^^^^^^^^^^^^^^^^^^^^^^^^^^^^^^^^^^^^^^^^^^^^^^^^^^^^^^^^^^^^^^^^^^^^^^^^^^^^^^^^^^^^^^^^^^^^^^^^^^^^^^^^^^^^^^^^^^^
  File "/idia/users/bevan/pid-radast/classifier-guided-physics-informed-diffusion/src/pipelines/train_pipeline.py", line 883, in train_model
    return train_classifier_guided_diffusion(config, trainloader, valloader, testloader, device,
           ^^^^^^^^^^^^^^^^^^^^^^^^^^^^^^^^^^^^^^^^^^^^^^^^^^^^^^^^^^^^^^^^^^^^^^^^^^^^^^^^^^^^^
  File "/idia/users/bevan/pid-radast/classifier-guided-physics-informed-diffusion/src/pipelines/train_pipeline.py", line 852, in train_classifier_guided_diffusion
    return _train_guided_diffusion(ckpt_dir, config, trainloader, valloader, testloader, device,
           ^^^^^^^^^^^^^^^^^^^^^^^^^^^^^^^^^^^^^^^^^^^^^^^^^^^^^^^^^^^^^^^^^^^^^^^^^^^^^^^^^^^^^
  File "/idia/users/bevan/pid-radast/classifier-guided-physics-informed-diffusion/src/pipelines/train_pipeline.py", line 833, in _train_guided_diffusion
    unet, scheduler, class_emb, hist = _train_diffusion_loop(
                                       ^^^^^^^^^^^^^^^^^^^^^^
  File "/idia/users/bevan/pid-radast/classifier-guided-physics-informed-diffusion/src/pipelines/train_pipeline.py", line 595, in _train_diffusion_loop
    gen_0, gen_1 = sample_fn(
                   ^^^^^^^^^^
TypeError: generate_class_samples_guided() got multiple values for argument 'classifier'
