CUDA Memory Cleared. Current VRAM Usage: 0.00 MB
On device cuda
Getting data loader crumb_fits
Loaded FITS stats: noise_rms=0.000324, peak_log=4.066700
Loaded FITS stats: noise_rms=0.000324, peak_log=4.066700
Total unique classes found: 2
Label IDs: [0, 1]
Total images in dataset: 1789
Total batches: 157 (at batch size 8)

============================================================
Run 1/1  |  seed=45  |  tag=my_run_tag_seed45  |  results -> results/edm_baseline/20260922_003517_my_run_tag_seed45_921088
============================================================

Training edm_baseline for 400 epochs
Epoch 0
/idia/users/bevan/pid-radast/classifier-guided-physics-informed-diffusion/.venv/lib/python3.11/site-packages/diffusers/models/attention_processor.py:1259: UserWarning: Memory Efficient attention is a non-deterministic algorithm. To explicitly disable Memory Efficient attention call torch.use_deterministic_algorithms(True, warn_only=False). (Triggered internally at ../aten/src/ATen/native/transformers/cuda/sdp_utils.h:419.)
  hidden_states = F.scaled_dot_product_attention(
/idia/users/bevan/pid-radast/classifier-guided-physics-informed-diffusion/.venv/lib/python3.11/site-packages/torchmetrics/utilities/prints.py:43: UserWarning: Metric `Kernel Inception Distance` will save all extracted features in buffer. For large datasets this may lead to large memory footprint.
  warnings.warn(*args, **kwargs)
Epoch 0 | Loss: 0.475589 | Val: 0.423686
FITS files saved to results/edm_baseline/20260922_003517_my_run_tag_seed45_921088/generated_fits
Computing FID/KID/PDF at epoch 0...
  FID: 202.1390 | KID: 0.212764
  Pixel PDF W-dist: 0.3694
--- Saved model to checkpoints/edm_baseline/my_run_tag_seed45/state.pt ---
Epoch 1
Epoch 1 | Loss: 0.477107 | Val: 0.401088
--- Saved model to checkpoints/edm_baseline/my_run_tag_seed45/state.pt ---
Epoch 2
Epoch 2 | Loss: 0.424792 | Val: 0.430940
--- Saved model to checkpoints/edm_baseline/my_run_tag_seed45/state.pt ---
Epoch 3
Epoch 3 | Loss: 0.422194 | Val: 0.412835
--- Saved model to checkpoints/edm_baseline/my_run_tag_seed45/state.pt ---
Epoch 4
Epoch 4 | Loss: 0.431070 | Val: 0.374417
--- Saved model to checkpoints/edm_baseline/my_run_tag_seed45/state.pt ---
Epoch 5
Epoch 5 | Loss: 0.442512 | Val: 0.360081
--- Saved model to checkpoints/edm_baseline/my_run_tag_seed45/state.pt ---
Epoch 6
Epoch 6 | Loss: 0.417719 | Val: 0.363500
--- Saved model to checkpoints/edm_baseline/my_run_tag_seed45/state.pt ---
Epoch 7
Epoch 7 | Loss: 0.416761 | Val: 0.376058
--- Saved model to checkpoints/edm_baseline/my_run_tag_seed45/state.pt ---
Epoch 8
Epoch 8 | Loss: 0.409231 | Val: 0.372440
--- Saved model to checkpoints/edm_baseline/my_run_tag_seed45/state.pt ---
Epoch 9
Epoch 9 | Loss: 0.409915 | Val: 0.414828
--- Saved model to checkpoints/edm_baseline/my_run_tag_seed45/state.pt ---
Epoch 10
Epoch 10 | Loss: 0.413011 | Val: 0.387614
FITS files saved to results/edm_baseline/20260922_003517_my_run_tag_seed45_921088/generated_fits
Computing FID/KID/PDF at epoch 10...
  FID: 198.6007 | KID: 0.209934
  Pixel PDF W-dist: 0.3175
--- Saved model to checkpoints/edm_baseline/my_run_tag_seed45/state.pt ---
Epoch 11
Epoch 11 | Loss: 0.408051 | Val: 0.363131
--- Saved model to checkpoints/edm_baseline/my_run_tag_seed45/state.pt ---
Epoch 12
Epoch 12 | Loss: 0.387970 | Val: 0.377796
--- Saved model to checkpoints/edm_baseline/my_run_tag_seed45/state.pt ---
Epoch 13
Epoch 13 | Loss: 0.399577 | Val: 0.385929
--- Saved model to checkpoints/edm_baseline/my_run_tag_seed45/state.pt ---
Epoch 14
Epoch 14 | Loss: 0.410081 | Val: 0.352302
--- Saved model to checkpoints/edm_baseline/my_run_tag_seed45/state.pt ---
Epoch 15
Epoch 15 | Loss: 0.405979 | Val: 0.405769
--- Saved model to checkpoints/edm_baseline/my_run_tag_seed45/state.pt ---
Epoch 16
Epoch 16 | Loss: 0.394835 | Val: 0.344478
--- Saved model to checkpoints/edm_baseline/my_run_tag_seed45/state.pt ---
Epoch 17
Epoch 17 | Loss: 0.419890 | Val: 0.407105
--- Saved model to checkpoints/edm_baseline/my_run_tag_seed45/state.pt ---
Epoch 18
Epoch 18 | Loss: 0.400118 | Val: 0.365087
--- Saved model to checkpoints/edm_baseline/my_run_tag_seed45/state.pt ---
Epoch 19
Epoch 19 | Loss: 0.410898 | Val: 0.364781
--- Saved model to checkpoints/edm_baseline/my_run_tag_seed45/state.pt ---
Epoch 20
Epoch 20 | Loss: 0.392648 | Val: 0.403752
FITS files saved to results/edm_baseline/20260922_003517_my_run_tag_seed45_921088/generated_fits
Computing FID/KID/PDF at epoch 20...
  FID: 196.9962 | KID: 0.207563
  Pixel PDF W-dist: 0.2326
--- Saved model to checkpoints/edm_baseline/my_run_tag_seed45/state.pt ---
Epoch 21
Epoch 21 | Loss: 0.408504 | Val: 0.415106
--- Saved model to checkpoints/edm_baseline/my_run_tag_seed45/state.pt ---
Epoch 22
Epoch 22 | Loss: 0.420820 | Val: 0.373360
--- Saved model to checkpoints/edm_baseline/my_run_tag_seed45/state.pt ---
Epoch 23
Epoch 23 | Loss: 0.386863 | Val: 0.386749
--- Saved model to checkpoints/edm_baseline/my_run_tag_seed45/state.pt ---
Epoch 24
Epoch 24 | Loss: 0.416209 | Val: 0.385609
--- Saved model to checkpoints/edm_baseline/my_run_tag_seed45/state.pt ---
Epoch 25
Epoch 25 | Loss: 0.406854 | Val: 0.407025
--- Saved model to checkpoints/edm_baseline/my_run_tag_seed45/state.pt ---
Epoch 26
Epoch 26 | Loss: 0.401916 | Val: 0.334719
--- Saved model to checkpoints/edm_baseline/my_run_tag_seed45/state.pt ---
Epoch 27
Epoch 27 | Loss: 0.405811 | Val: 0.399628
--- Saved model to checkpoints/edm_baseline/my_run_tag_seed45/state.pt ---
Epoch 28
Epoch 28 | Loss: 0.404497 | Val: 0.361579
--- Saved model to checkpoints/edm_baseline/my_run_tag_seed45/state.pt ---
Epoch 29
Epoch 29 | Loss: 0.411454 | Val: 0.360193
--- Saved model to checkpoints/edm_baseline/my_run_tag_seed45/state.pt ---
Epoch 30
Epoch 30 | Loss: 0.392504 | Val: 0.360234
FITS files saved to results/edm_baseline/20260922_003517_my_run_tag_seed45_921088/generated_fits
Computing FID/KID/PDF at epoch 30...
  FID: 168.3607 | KID: 0.167810
  Pixel PDF W-dist: 0.1323
--- Saved model to checkpoints/edm_baseline/my_run_tag_seed45/state.pt ---
Epoch 31
Epoch 31 | Loss: 0.402199 | Val: 0.377592
--- Saved model to checkpoints/edm_baseline/my_run_tag_seed45/state.pt ---
Epoch 32
Epoch 32 | Loss: 0.400254 | Val: 0.402811
--- Saved model to checkpoints/edm_baseline/my_run_tag_seed45/state.pt ---
Epoch 33
Epoch 33 | Loss: 0.393280 | Val: 0.306227
--- Saved model to checkpoints/edm_baseline/my_run_tag_seed45/state.pt ---
Epoch 34
Epoch 34 | Loss: 0.407904 | Val: 0.416666
--- Saved model to checkpoints/edm_baseline/my_run_tag_seed45/state.pt ---
Epoch 35
Epoch 35 | Loss: 0.386691 | Val: 0.361565
--- Saved model to checkpoints/edm_baseline/my_run_tag_seed45/state.pt ---
Epoch 36
Epoch 36 | Loss: 0.408665 | Val: 0.378900
--- Saved model to checkpoints/edm_baseline/my_run_tag_seed45/state.pt ---
Epoch 37
Epoch 37 | Loss: 0.416702 | Val: 0.413255
--- Saved model to checkpoints/edm_baseline/my_run_tag_seed45/state.pt ---
Epoch 38
Epoch 38 | Loss: 0.385646 | Val: 0.407873
--- Saved model to checkpoints/edm_baseline/my_run_tag_seed45/state.pt ---
Epoch 39
Epoch 39 | Loss: 0.402008 | Val: 0.380959
--- Saved model to checkpoints/edm_baseline/my_run_tag_seed45/state.pt ---
Epoch 40
Epoch 40 | Loss: 0.395345 | Val: 0.374737
FITS files saved to results/edm_baseline/20260922_003517_my_run_tag_seed45_921088/generated_fits
Computing FID/KID/PDF at epoch 40...
  FID: 169.5293 | KID: 0.169105
  Pixel PDF W-dist: 0.0564
--- Saved model to checkpoints/edm_baseline/my_run_tag_seed45/state.pt ---
Epoch 41
Epoch 41 | Loss: 0.398437 | Val: 0.303415
--- Saved model to checkpoints/edm_baseline/my_run_tag_seed45/state.pt ---
Epoch 42
Epoch 42 | Loss: 0.399266 | Val: 0.347747
--- Saved model to checkpoints/edm_baseline/my_run_tag_seed45/state.pt ---
Epoch 43
Epoch 43 | Loss: 0.403333 | Val: 0.374416
--- Saved model to checkpoints/edm_baseline/my_run_tag_seed45/state.pt ---
Epoch 44
Epoch 44 | Loss: 0.398121 | Val: 0.373090
--- Saved model to checkpoints/edm_baseline/my_run_tag_seed45/state.pt ---
Epoch 45
Epoch 45 | Loss: 0.411034 | Val: 0.381088
--- Saved model to checkpoints/edm_baseline/my_run_tag_seed45/state.pt ---
Epoch 46
Epoch 46 | Loss: 0.398284 | Val: 0.397821
--- Saved model to checkpoints/edm_baseline/my_run_tag_seed45/state.pt ---
Epoch 47
Epoch 47 | Loss: 0.404120 | Val: 0.357976
--- Saved model to checkpoints/edm_baseline/my_run_tag_seed45/state.pt ---
Epoch 48
Epoch 48 | Loss: 0.392513 | Val: 0.382829
--- Saved model to checkpoints/edm_baseline/my_run_tag_seed45/state.pt ---
Epoch 49
Epoch 49 | Loss: 0.394166 | Val: 0.318662
--- Saved model to checkpoints/edm_baseline/my_run_tag_seed45/state.pt ---
Epoch 50
Epoch 50 | Loss: 0.410578 | Val: 0.380448
FITS files saved to results/edm_baseline/20260922_003517_my_run_tag_seed45_921088/generated_fits
Computing FID/KID/PDF at epoch 50...
  FID: 183.7866 | KID: 0.175338
  Pixel PDF W-dist: 0.0220
--- Saved model to checkpoints/edm_baseline/my_run_tag_seed45/state.pt ---
Epoch 51
Epoch 51 | Loss: 0.382596 | Val: 0.411438
--- Saved model to checkpoints/edm_baseline/my_run_tag_seed45/state.pt ---
Epoch 52
Epoch 52 | Loss: 0.391252 | Val: 0.331212
--- Saved model to checkpoints/edm_baseline/my_run_tag_seed45/state.pt ---
Epoch 53
Epoch 53 | Loss: 0.405828 | Val: 0.309248
--- Saved model to checkpoints/edm_baseline/my_run_tag_seed45/state.pt ---
Epoch 54
Epoch 54 | Loss: 0.405929 | Val: 0.408911
--- Saved model to checkpoints/edm_baseline/my_run_tag_seed45/state.pt ---
Epoch 55
Epoch 55 | Loss: 0.408716 | Val: 0.334723
--- Saved model to checkpoints/edm_baseline/my_run_tag_seed45/state.pt ---
Epoch 56
Epoch 56 | Loss: 0.404398 | Val: 0.326023
--- Saved model to checkpoints/edm_baseline/my_run_tag_seed45/state.pt ---
Epoch 57
Epoch 57 | Loss: 0.399490 | Val: 0.377889
--- Saved model to checkpoints/edm_baseline/my_run_tag_seed45/state.pt ---
Epoch 58
Epoch 58 | Loss: 0.390366 | Val: 0.359526
--- Saved model to checkpoints/edm_baseline/my_run_tag_seed45/state.pt ---
Epoch 59
Epoch 59 | Loss: 0.400004 | Val: 0.340175
--- Saved model to checkpoints/edm_baseline/my_run_tag_seed45/state.pt ---
Epoch 60
Epoch 60 | Loss: 0.393180 | Val: 0.389874
FITS files saved to results/edm_baseline/20260922_003517_my_run_tag_seed45_921088/generated_fits
Computing FID/KID/PDF at epoch 60...
  FID: 183.0317 | KID: 0.178255
  Pixel PDF W-dist: 0.0161
--- Saved model to checkpoints/edm_baseline/my_run_tag_seed45/state.pt ---
Epoch 61
Epoch 61 | Loss: 0.400551 | Val: 0.375918
--- Saved model to checkpoints/edm_baseline/my_run_tag_seed45/state.pt ---
Epoch 62
Epoch 62 | Loss: 0.414983 | Val: 0.364346
--- Saved model to checkpoints/edm_baseline/my_run_tag_seed45/state.pt ---
Epoch 63
Epoch 63 | Loss: 0.400552 | Val: 0.353989
--- Saved model to checkpoints/edm_baseline/my_run_tag_seed45/state.pt ---
Epoch 64
Epoch 64 | Loss: 0.397900 | Val: 0.392733
--- Saved model to checkpoints/edm_baseline/my_run_tag_seed45/state.pt ---
Epoch 65
Epoch 65 | Loss: 0.406844 | Val: 0.423841
--- Saved model to checkpoints/edm_baseline/my_run_tag_seed45/state.pt ---
Epoch 66
Epoch 66 | Loss: 0.395024 | Val: 0.363506
--- Saved model to checkpoints/edm_baseline/my_run_tag_seed45/state.pt ---
Epoch 67
Epoch 67 | Loss: 0.404474 | Val: 0.383618
--- Saved model to checkpoints/edm_baseline/my_run_tag_seed45/state.pt ---
Epoch 68
Epoch 68 | Loss: 0.399005 | Val: 0.421584
--- Saved model to checkpoints/edm_baseline/my_run_tag_seed45/state.pt ---
Epoch 69
Epoch 69 | Loss: 0.402834 | Val: 0.419566
--- Saved model to checkpoints/edm_baseline/my_run_tag_seed45/state.pt ---
Epoch 70
Epoch 70 | Loss: 0.404594 | Val: 0.347081
FITS files saved to results/edm_baseline/20260922_003517_my_run_tag_seed45_921088/generated_fits
Computing FID/KID/PDF at epoch 70...
  FID: 179.2731 | KID: 0.177611
  Pixel PDF W-dist: 0.0133
--- Saved model to checkpoints/edm_baseline/my_run_tag_seed45/state.pt ---
Epoch 71
Epoch 71 | Loss: 0.394760 | Val: 0.350070
--- Saved model to checkpoints/edm_baseline/my_run_tag_seed45/state.pt ---
Epoch 72
Epoch 72 | Loss: 0.400266 | Val: 0.366322
--- Saved model to checkpoints/edm_baseline/my_run_tag_seed45/state.pt ---
Epoch 73
Epoch 73 | Loss: 0.400133 | Val: 0.382267
--- Saved model to checkpoints/edm_baseline/my_run_tag_seed45/state.pt ---
Epoch 74
Epoch 74 | Loss: 0.403554 | Val: 0.398865
--- Saved model to checkpoints/edm_baseline/my_run_tag_seed45/state.pt ---
Epoch 75
Epoch 75 | Loss: 0.406533 | Val: 0.359923
--- Saved model to checkpoints/edm_baseline/my_run_tag_seed45/state.pt ---
Epoch 76
Epoch 76 | Loss: 0.392377 | Val: 0.424345
--- Saved model to checkpoints/edm_baseline/my_run_tag_seed45/state.pt ---
Epoch 77
Epoch 77 | Loss: 0.393903 | Val: 0.372556
--- Saved model to checkpoints/edm_baseline/my_run_tag_seed45/state.pt ---
Epoch 78
Epoch 78 | Loss: 0.380696 | Val: 0.375442
--- Saved model to checkpoints/edm_baseline/my_run_tag_seed45/state.pt ---
Epoch 79
Epoch 79 | Loss: 0.374083 | Val: 0.363576
--- Saved model to checkpoints/edm_baseline/my_run_tag_seed45/state.pt ---
Epoch 80
Epoch 80 | Loss: 0.400970 | Val: 0.379075
FITS files saved to results/edm_baseline/20260922_003517_my_run_tag_seed45_921088/generated_fits
Computing FID/KID/PDF at epoch 80...
  FID: 158.5465 | KID: 0.140505
  Pixel PDF W-dist: 0.0184
--- Saved model to checkpoints/edm_baseline/my_run_tag_seed45/state.pt ---
Epoch 81
Epoch 81 | Loss: 0.401476 | Val: 0.389565
--- Saved model to checkpoints/edm_baseline/my_run_tag_seed45/state.pt ---
Epoch 82
Epoch 82 | Loss: 0.396799 | Val: 0.412132
--- Saved model to checkpoints/edm_baseline/my_run_tag_seed45/state.pt ---
Epoch 83
Epoch 83 | Loss: 0.400138 | Val: 0.374640
--- Saved model to checkpoints/edm_baseline/my_run_tag_seed45/state.pt ---
Epoch 84
Epoch 84 | Loss: 0.386509 | Val: 0.367430
--- Saved model to checkpoints/edm_baseline/my_run_tag_seed45/state.pt ---
Epoch 85
Epoch 85 | Loss: 0.393184 | Val: 0.383794
--- Saved model to checkpoints/edm_baseline/my_run_tag_seed45/state.pt ---
Epoch 86
Epoch 86 | Loss: 0.397628 | Val: 0.344324
--- Saved model to checkpoints/edm_baseline/my_run_tag_seed45/state.pt ---
Epoch 87
Epoch 87 | Loss: 0.386796 | Val: 0.336507
--- Saved model to checkpoints/edm_baseline/my_run_tag_seed45/state.pt ---
Epoch 88
Epoch 88 | Loss: 0.388644 | Val: 0.323948
--- Saved model to checkpoints/edm_baseline/my_run_tag_seed45/state.pt ---
Epoch 89
Epoch 89 | Loss: 0.377615 | Val: 0.365098
--- Saved model to checkpoints/edm_baseline/my_run_tag_seed45/state.pt ---
Epoch 90
Epoch 90 | Loss: 0.392910 | Val: 0.350235
FITS files saved to results/edm_baseline/20260922_003517_my_run_tag_seed45_921088/generated_fits
Computing FID/KID/PDF at epoch 90...
  FID: 157.8000 | KID: 0.144712
  Pixel PDF W-dist: 0.0238
--- Saved model to checkpoints/edm_baseline/my_run_tag_seed45/state.pt ---
Epoch 91
Epoch 91 | Loss: 0.402632 | Val: 0.336295
--- Saved model to checkpoints/edm_baseline/my_run_tag_seed45/state.pt ---
Epoch 92
Epoch 92 | Loss: 0.390464 | Val: 0.371241
--- Saved model to checkpoints/edm_baseline/my_run_tag_seed45/state.pt ---
Epoch 93
Epoch 93 | Loss: 0.389463 | Val: 0.384189
--- Saved model to checkpoints/edm_baseline/my_run_tag_seed45/state.pt ---
Epoch 94
Epoch 94 | Loss: 0.403042 | Val: 0.374089
--- Saved model to checkpoints/edm_baseline/my_run_tag_seed45/state.pt ---
Epoch 95
Epoch 95 | Loss: 0.397689 | Val: 0.403347
--- Saved model to checkpoints/edm_baseline/my_run_tag_seed45/state.pt ---
Epoch 96
Epoch 96 | Loss: 0.402454 | Val: 0.375809
--- Saved model to checkpoints/edm_baseline/my_run_tag_seed45/state.pt ---
Epoch 97
Epoch 97 | Loss: 0.397568 | Val: 0.370935
--- Saved model to checkpoints/edm_baseline/my_run_tag_seed45/state.pt ---
Epoch 98
Epoch 98 | Loss: 0.380521 | Val: 0.363055
--- Saved model to checkpoints/edm_baseline/my_run_tag_seed45/state.pt ---
Epoch 99
Epoch 99 | Loss: 0.389307 | Val: 0.345087
--- Saved model to checkpoints/edm_baseline/my_run_tag_seed45/state.pt ---
Epoch 100
Epoch 100 | Loss: 0.391609 | Val: 0.378095
FITS files saved to results/edm_baseline/20260922_003517_my_run_tag_seed45_921088/generated_fits
Computing FID/KID/PDF at epoch 100...
  FID: 153.8566 | KID: 0.144560
  Pixel PDF W-dist: 0.0281
--- Saved model to checkpoints/edm_baseline/my_run_tag_seed45/state.pt ---
Epoch 101
Epoch 101 | Loss: 0.406417 | Val: 0.380005
--- Saved model to checkpoints/edm_baseline/my_run_tag_seed45/state.pt ---
Epoch 102
Epoch 102 | Loss: 0.387386 | Val: 0.352547
--- Saved model to checkpoints/edm_baseline/my_run_tag_seed45/state.pt ---
Epoch 103
Epoch 103 | Loss: 0.387895 | Val: 0.360797
--- Saved model to checkpoints/edm_baseline/my_run_tag_seed45/state.pt ---
Epoch 104
Epoch 104 | Loss: 0.391796 | Val: 0.396074
--- Saved model to checkpoints/edm_baseline/my_run_tag_seed45/state.pt ---
Epoch 105
Epoch 105 | Loss: 0.393896 | Val: 0.422430
--- Saved model to checkpoints/edm_baseline/my_run_tag_seed45/state.pt ---
Epoch 106
Epoch 106 | Loss: 0.392448 | Val: 0.383759
--- Saved model to checkpoints/edm_baseline/my_run_tag_seed45/state.pt ---
Epoch 107
Epoch 107 | Loss: 0.372041 | Val: 0.398879
--- Saved model to checkpoints/edm_baseline/my_run_tag_seed45/state.pt ---
Epoch 108
Epoch 108 | Loss: 0.404113 | Val: 0.353141
--- Saved model to checkpoints/edm_baseline/my_run_tag_seed45/state.pt ---
Epoch 109
Epoch 109 | Loss: 0.388595 | Val: 0.373708
--- Saved model to checkpoints/edm_baseline/my_run_tag_seed45/state.pt ---
Epoch 110
Epoch 110 | Loss: 0.400699 | Val: 0.382531
FITS files saved to results/edm_baseline/20260922_003517_my_run_tag_seed45_921088/generated_fits
Computing FID/KID/PDF at epoch 110...
  FID: 151.8520 | KID: 0.148453
  Pixel PDF W-dist: 0.0295
--- Saved model to checkpoints/edm_baseline/my_run_tag_seed45/state.pt ---
Epoch 111
Epoch 111 | Loss: 0.399478 | Val: 0.355916
--- Saved model to checkpoints/edm_baseline/my_run_tag_seed45/state.pt ---
Epoch 112
Epoch 112 | Loss: 0.387620 | Val: 0.317913
--- Saved model to checkpoints/edm_baseline/my_run_tag_seed45/state.pt ---
Epoch 113
Epoch 113 | Loss: 0.376963 | Val: 0.339310
--- Saved model to checkpoints/edm_baseline/my_run_tag_seed45/state.pt ---
Epoch 114
Epoch 114 | Loss: 0.388399 | Val: 0.410310
--- Saved model to checkpoints/edm_baseline/my_run_tag_seed45/state.pt ---
Epoch 115
Epoch 115 | Loss: 0.384714 | Val: 0.430209
--- Saved model to checkpoints/edm_baseline/my_run_tag_seed45/state.pt ---
Epoch 116
Epoch 116 | Loss: 0.398359 | Val: 0.359586
--- Saved model to checkpoints/edm_baseline/my_run_tag_seed45/state.pt ---
Epoch 117
Epoch 117 | Loss: 0.398663 | Val: 0.353075
--- Saved model to checkpoints/edm_baseline/my_run_tag_seed45/state.pt ---
Epoch 118
Epoch 118 | Loss: 0.389551 | Val: 0.386617
--- Saved model to checkpoints/edm_baseline/my_run_tag_seed45/state.pt ---
Epoch 119
Epoch 119 | Loss: 0.397829 | Val: 0.366050
--- Saved model to checkpoints/edm_baseline/my_run_tag_seed45/state.pt ---
Epoch 120
Epoch 120 | Loss: 0.404996 | Val: 0.396513
FITS files saved to results/edm_baseline/20260922_003517_my_run_tag_seed45_921088/generated_fits
Computing FID/KID/PDF at epoch 120...
  FID: 155.9996 | KID: 0.150439
  Pixel PDF W-dist: 0.0290
--- Saved model to checkpoints/edm_baseline/my_run_tag_seed45/state.pt ---
Epoch 121
Epoch 121 | Loss: 0.399914 | Val: 0.355669
--- Saved model to checkpoints/edm_baseline/my_run_tag_seed45/state.pt ---
Epoch 122
Epoch 122 | Loss: 0.390099 | Val: 0.355388
--- Saved model to checkpoints/edm_baseline/my_run_tag_seed45/state.pt ---
Epoch 123
Epoch 123 | Loss: 0.389034 | Val: 0.288362
--- Saved model to checkpoints/edm_baseline/my_run_tag_seed45/state.pt ---
Epoch 124
Epoch 124 | Loss: 0.386462 | Val: 0.332265
--- Saved model to checkpoints/edm_baseline/my_run_tag_seed45/state.pt ---
Epoch 125
Epoch 125 | Loss: 0.387296 | Val: 0.392813
--- Saved model to checkpoints/edm_baseline/my_run_tag_seed45/state.pt ---
Epoch 126
Epoch 126 | Loss: 0.401843 | Val: 0.375494
--- Saved model to checkpoints/edm_baseline/my_run_tag_seed45/state.pt ---
Epoch 127
Epoch 127 | Loss: 0.371080 | Val: 0.364657
--- Saved model to checkpoints/edm_baseline/my_run_tag_seed45/state.pt ---
Epoch 128
Epoch 128 | Loss: 0.395589 | Val: 0.309285
--- Saved model to checkpoints/edm_baseline/my_run_tag_seed45/state.pt ---
Epoch 129
Epoch 129 | Loss: 0.390950 | Val: 0.377168
--- Saved model to checkpoints/edm_baseline/my_run_tag_seed45/state.pt ---
Epoch 130
Epoch 130 | Loss: 0.398105 | Val: 0.404859
FITS files saved to results/edm_baseline/20260922_003517_my_run_tag_seed45_921088/generated_fits
Computing FID/KID/PDF at epoch 130...
  FID: 146.8218 | KID: 0.147685
  Pixel PDF W-dist: 0.0292
--- Saved model to checkpoints/edm_baseline/my_run_tag_seed45/state.pt ---
Epoch 131
Epoch 131 | Loss: 0.387880 | Val: 0.354160
--- Saved model to checkpoints/edm_baseline/my_run_tag_seed45/state.pt ---
Epoch 132
Epoch 132 | Loss: 0.396304 | Val: 0.379730
--- Saved model to checkpoints/edm_baseline/my_run_tag_seed45/state.pt ---
Epoch 133
Epoch 133 | Loss: 0.384235 | Val: 0.395727
--- Saved model to checkpoints/edm_baseline/my_run_tag_seed45/state.pt ---
Epoch 134
Epoch 134 | Loss: 0.380155 | Val: 0.378644
--- Saved model to checkpoints/edm_baseline/my_run_tag_seed45/state.pt ---
Epoch 135
Epoch 135 | Loss: 0.400635 | Val: 0.368158
--- Saved model to checkpoints/edm_baseline/my_run_tag_seed45/state.pt ---
Epoch 136
Epoch 136 | Loss: 0.386237 | Val: 0.375482
--- Saved model to checkpoints/edm_baseline/my_run_tag_seed45/state.pt ---
Epoch 137
Epoch 137 | Loss: 0.375943 | Val: 0.355197
--- Saved model to checkpoints/edm_baseline/my_run_tag_seed45/state.pt ---
Epoch 138
Epoch 138 | Loss: 0.386235 | Val: 0.377687
--- Saved model to checkpoints/edm_baseline/my_run_tag_seed45/state.pt ---
Epoch 139
Epoch 139 | Loss: 0.403745 | Val: 0.371227
--- Saved model to checkpoints/edm_baseline/my_run_tag_seed45/state.pt ---
Epoch 140
Epoch 140 | Loss: 0.388026 | Val: 0.410157
FITS files saved to results/edm_baseline/20260922_003517_my_run_tag_seed45_921088/generated_fits
Computing FID/KID/PDF at epoch 140...
  FID: 149.0141 | KID: 0.149381
  Pixel PDF W-dist: 0.0268
--- Saved model to checkpoints/edm_baseline/my_run_tag_seed45/state.pt ---
Epoch 141
Epoch 141 | Loss: 0.369788 | Val: 0.340885
--- Saved model to checkpoints/edm_baseline/my_run_tag_seed45/state.pt ---
Epoch 142
Epoch 142 | Loss: 0.408919 | Val: 0.336398
--- Saved model to checkpoints/edm_baseline/my_run_tag_seed45/state.pt ---
Epoch 143
Epoch 143 | Loss: 0.383334 | Val: 0.336672
--- Saved model to checkpoints/edm_baseline/my_run_tag_seed45/state.pt ---
Epoch 144
Epoch 144 | Loss: 0.379933 | Val: 0.380515
--- Saved model to checkpoints/edm_baseline/my_run_tag_seed45/state.pt ---
Epoch 145
Epoch 145 | Loss: 0.387135 | Val: 0.356503
--- Saved model to checkpoints/edm_baseline/my_run_tag_seed45/state.pt ---
Epoch 146
Epoch 146 | Loss: 0.380587 | Val: 0.369805
--- Saved model to checkpoints/edm_baseline/my_run_tag_seed45/state.pt ---
Epoch 147
Epoch 147 | Loss: 0.393142 | Val: 0.394396
--- Saved model to checkpoints/edm_baseline/my_run_tag_seed45/state.pt ---
Epoch 148
Epoch 148 | Loss: 0.374586 | Val: 0.363335
--- Saved model to checkpoints/edm_baseline/my_run_tag_seed45/state.pt ---
Epoch 149
Epoch 149 | Loss: 0.402757 | Val: 0.355409
--- Saved model to checkpoints/edm_baseline/my_run_tag_seed45/state.pt ---
Epoch 150
Epoch 150 | Loss: 0.384269 | Val: 0.365421
FITS files saved to results/edm_baseline/20260922_003517_my_run_tag_seed45_921088/generated_fits
Computing FID/KID/PDF at epoch 150...
  FID: 148.8266 | KID: 0.149925
  Pixel PDF W-dist: 0.0250
--- Saved model to checkpoints/edm_baseline/my_run_tag_seed45/state.pt ---
Epoch 151
Epoch 151 | Loss: 0.378263 | Val: 0.390577
--- Saved model to checkpoints/edm_baseline/my_run_tag_seed45/state.pt ---
Epoch 152
Epoch 152 | Loss: 0.388537 | Val: 0.387900
--- Saved model to checkpoints/edm_baseline/my_run_tag_seed45/state.pt ---
Epoch 153
Epoch 153 | Loss: 0.371614 | Val: 0.364302
--- Saved model to checkpoints/edm_baseline/my_run_tag_seed45/state.pt ---
Epoch 154
Epoch 154 | Loss: 0.385501 | Val: 0.390128
--- Saved model to checkpoints/edm_baseline/my_run_tag_seed45/state.pt ---
Epoch 155
Epoch 155 | Loss: 0.392676 | Val: 0.404058
--- Saved model to checkpoints/edm_baseline/my_run_tag_seed45/state.pt ---
Epoch 156
Epoch 156 | Loss: 0.386916 | Val: 0.374111
--- Saved model to checkpoints/edm_baseline/my_run_tag_seed45/state.pt ---
Epoch 157
Epoch 157 | Loss: 0.381432 | Val: 0.426261
--- Saved model to checkpoints/edm_baseline/my_run_tag_seed45/state.pt ---
Epoch 158
Epoch 158 | Loss: 0.385106 | Val: 0.373773
--- Saved model to checkpoints/edm_baseline/my_run_tag_seed45/state.pt ---
Epoch 159
Epoch 159 | Loss: 0.390980 | Val: 0.374483
--- Saved model to checkpoints/edm_baseline/my_run_tag_seed45/state.pt ---
Epoch 160
Epoch 160 | Loss: 0.379541 | Val: 0.314081
FITS files saved to results/edm_baseline/20260922_003517_my_run_tag_seed45_921088/generated_fits
Computing FID/KID/PDF at epoch 160...
  FID: 120.4638 | KID: 0.102999
  Pixel PDF W-dist: 0.0221
--- Saved model to checkpoints/edm_baseline/my_run_tag_seed45/state.pt ---
Epoch 161
Epoch 161 | Loss: 0.398118 | Val: 0.390129
--- Saved model to checkpoints/edm_baseline/my_run_tag_seed45/state.pt ---
Epoch 162
Epoch 162 | Loss: 0.381137 | Val: 0.330991
--- Saved model to checkpoints/edm_baseline/my_run_tag_seed45/state.pt ---
Epoch 163
Epoch 163 | Loss: 0.385554 | Val: 0.356829
--- Saved model to checkpoints/edm_baseline/my_run_tag_seed45/state.pt ---
Epoch 164
Epoch 164 | Loss: 0.379777 | Val: 0.416618
--- Saved model to checkpoints/edm_baseline/my_run_tag_seed45/state.pt ---
Epoch 165
Epoch 165 | Loss: 0.386644 | Val: 0.311000
--- Saved model to checkpoints/edm_baseline/my_run_tag_seed45/state.pt ---
Epoch 166
Epoch 166 | Loss: 0.383733 | Val: 0.413894
--- Saved model to checkpoints/edm_baseline/my_run_tag_seed45/state.pt ---
Epoch 167
Epoch 167 | Loss: 0.392500 | Val: 0.349861
--- Saved model to checkpoints/edm_baseline/my_run_tag_seed45/state.pt ---
Epoch 168
Epoch 168 | Loss: 0.381625 | Val: 0.368616
--- Saved model to checkpoints/edm_baseline/my_run_tag_seed45/state.pt ---
Epoch 169
Epoch 169 | Loss: 0.379113 | Val: 0.340848
--- Saved model to checkpoints/edm_baseline/my_run_tag_seed45/state.pt ---
Epoch 170
Epoch 170 | Loss: 0.381685 | Val: 0.350910
FITS files saved to results/edm_baseline/20260922_003517_my_run_tag_seed45_921088/generated_fits
Computing FID/KID/PDF at epoch 170...
  FID: 138.2236 | KID: 0.133529
  Pixel PDF W-dist: 0.0198
--- Saved model to checkpoints/edm_baseline/my_run_tag_seed45/state.pt ---
Epoch 171
Epoch 171 | Loss: 0.365132 | Val: 0.353008
--- Saved model to checkpoints/edm_baseline/my_run_tag_seed45/state.pt ---
Epoch 172
Epoch 172 | Loss: 0.379157 | Val: 0.340899
--- Saved model to checkpoints/edm_baseline/my_run_tag_seed45/state.pt ---
Epoch 173
Epoch 173 | Loss: 0.394861 | Val: 0.349856
--- Saved model to checkpoints/edm_baseline/my_run_tag_seed45/state.pt ---
Epoch 174
Epoch 174 | Loss: 0.378007 | Val: 0.409665
--- Saved model to checkpoints/edm_baseline/my_run_tag_seed45/state.pt ---
Epoch 175
Epoch 175 | Loss: 0.389837 | Val: 0.370515
--- Saved model to checkpoints/edm_baseline/my_run_tag_seed45/state.pt ---
Epoch 176
Epoch 176 | Loss: 0.379731 | Val: 0.349105
--- Saved model to checkpoints/edm_baseline/my_run_tag_seed45/state.pt ---
Epoch 177
Epoch 177 | Loss: 0.372102 | Val: 0.372162
--- Saved model to checkpoints/edm_baseline/my_run_tag_seed45/state.pt ---
Epoch 178
Epoch 178 | Loss: 0.391394 | Val: 0.357452
--- Saved model to checkpoints/edm_baseline/my_run_tag_seed45/state.pt ---
Epoch 179
Epoch 179 | Loss: 0.377587 | Val: 0.369511
--- Saved model to checkpoints/edm_baseline/my_run_tag_seed45/state.pt ---
Epoch 180
Epoch 180 | Loss: 0.389623 | Val: 0.361909
FITS files saved to results/edm_baseline/20260922_003517_my_run_tag_seed45_921088/generated_fits
Computing FID/KID/PDF at epoch 180...
  FID: 129.6739 | KID: 0.124524
  Pixel PDF W-dist: 0.0164
--- Saved model to checkpoints/edm_baseline/my_run_tag_seed45/state.pt ---
Epoch 181
Epoch 181 | Loss: 0.375137 | Val: 0.322838
--- Saved model to checkpoints/edm_baseline/my_run_tag_seed45/state.pt ---
Epoch 182
Epoch 182 | Loss: 0.366864 | Val: 0.394577
--- Saved model to checkpoints/edm_baseline/my_run_tag_seed45/state.pt ---
Epoch 183
Epoch 183 | Loss: 0.398186 | Val: 0.329537
--- Saved model to checkpoints/edm_baseline/my_run_tag_seed45/state.pt ---
Epoch 184
Epoch 184 | Loss: 0.395024 | Val: 0.364837
--- Saved model to checkpoints/edm_baseline/my_run_tag_seed45/state.pt ---
Epoch 185
Epoch 185 | Loss: 0.365621 | Val: 0.443059
--- Saved model to checkpoints/edm_baseline/my_run_tag_seed45/state.pt ---
Epoch 186
Epoch 186 | Loss: 0.394136 | Val: 0.400730
--- Saved model to checkpoints/edm_baseline/my_run_tag_seed45/state.pt ---
Epoch 187
Epoch 187 | Loss: 0.386537 | Val: 0.353941
--- Saved model to checkpoints/edm_baseline/my_run_tag_seed45/state.pt ---
Epoch 188
Epoch 188 | Loss: 0.367992 | Val: 0.364175
--- Saved model to checkpoints/edm_baseline/my_run_tag_seed45/state.pt ---
Epoch 189
Epoch 189 | Loss: 0.387940 | Val: 0.346320
--- Saved model to checkpoints/edm_baseline/my_run_tag_seed45/state.pt ---
Epoch 190
Epoch 190 | Loss: 0.372256 | Val: 0.356697
FITS files saved to results/edm_baseline/20260922_003517_my_run_tag_seed45_921088/generated_fits
Computing FID/KID/PDF at epoch 190...
  FID: 145.0722 | KID: 0.152114
  Pixel PDF W-dist: 0.0165
--- Saved model to checkpoints/edm_baseline/my_run_tag_seed45/state.pt ---
Epoch 191
Epoch 191 | Loss: 0.375854 | Val: 0.410636
--- Saved model to checkpoints/edm_baseline/my_run_tag_seed45/state.pt ---
Epoch 192
Epoch 192 | Loss: 0.394822 | Val: 0.348411
--- Saved model to checkpoints/edm_baseline/my_run_tag_seed45/state.pt ---
Epoch 193
Epoch 193 | Loss: 0.383241 | Val: 0.345543
--- Saved model to checkpoints/edm_baseline/my_run_tag_seed45/state.pt ---
Epoch 194
Epoch 194 | Loss: 0.380514 | Val: 0.310162
--- Saved model to checkpoints/edm_baseline/my_run_tag_seed45/state.pt ---
Epoch 195
Epoch 195 | Loss: 0.392930 | Val: 0.349944
--- Saved model to checkpoints/edm_baseline/my_run_tag_seed45/state.pt ---
Epoch 196
Epoch 196 | Loss: 0.392705 | Val: 0.388618
--- Saved model to checkpoints/edm_baseline/my_run_tag_seed45/state.pt ---
Epoch 197
Epoch 197 | Loss: 0.374585 | Val: 0.358956
--- Saved model to checkpoints/edm_baseline/my_run_tag_seed45/state.pt ---
Epoch 198
Epoch 198 | Loss: 0.376557 | Val: 0.357452
--- Saved model to checkpoints/edm_baseline/my_run_tag_seed45/state.pt ---
Epoch 199
Epoch 199 | Loss: 0.376688 | Val: 0.351881
--- Saved model to checkpoints/edm_baseline/my_run_tag_seed45/state.pt ---
Epoch 200
Epoch 200 | Loss: 0.379480 | Val: 0.380541
FITS files saved to results/edm_baseline/20260922_003517_my_run_tag_seed45_921088/generated_fits
Computing FID/KID/PDF at epoch 200...
  FID: 121.1943 | KID: 0.108527
  Pixel PDF W-dist: 0.0129
--- Saved model to checkpoints/edm_baseline/my_run_tag_seed45/state.pt ---
Epoch 201
Epoch 201 | Loss: 0.374662 | Val: 0.432895
--- Saved model to checkpoints/edm_baseline/my_run_tag_seed45/state.pt ---
Epoch 202
Epoch 202 | Loss: 0.388454 | Val: 0.361286
--- Saved model to checkpoints/edm_baseline/my_run_tag_seed45/state.pt ---
Epoch 203
Epoch 203 | Loss: 0.383816 | Val: 0.325674
--- Saved model to checkpoints/edm_baseline/my_run_tag_seed45/state.pt ---
Epoch 204
Epoch 204 | Loss: 0.379165 | Val: 0.335456
--- Saved model to checkpoints/edm_baseline/my_run_tag_seed45/state.pt ---
Epoch 205
Epoch 205 | Loss: 0.384008 | Val: 0.355049
--- Saved model to checkpoints/edm_baseline/my_run_tag_seed45/state.pt ---
Epoch 206
Epoch 206 | Loss: 0.390337 | Val: 0.377854
--- Saved model to checkpoints/edm_baseline/my_run_tag_seed45/state.pt ---
Epoch 207
Epoch 207 | Loss: 0.372558 | Val: 0.350154
--- Saved model to checkpoints/edm_baseline/my_run_tag_seed45/state.pt ---
Epoch 208
Epoch 208 | Loss: 0.371551 | Val: 0.384770
--- Saved model to checkpoints/edm_baseline/my_run_tag_seed45/state.pt ---
Epoch 209
Epoch 209 | Loss: 0.387639 | Val: 0.362184
--- Saved model to checkpoints/edm_baseline/my_run_tag_seed45/state.pt ---
Epoch 210
Epoch 210 | Loss: 0.385848 | Val: 0.373012
FITS files saved to results/edm_baseline/20260922_003517_my_run_tag_seed45_921088/generated_fits
Computing FID/KID/PDF at epoch 210...
  FID: 131.3894 | KID: 0.121767
  Pixel PDF W-dist: 0.0104
--- Saved model to checkpoints/edm_baseline/my_run_tag_seed45/state.pt ---
Epoch 211
Epoch 211 | Loss: 0.386446 | Val: 0.344417
--- Saved model to checkpoints/edm_baseline/my_run_tag_seed45/state.pt ---
Epoch 212
Epoch 212 | Loss: 0.376843 | Val: 0.350162
--- Saved model to checkpoints/edm_baseline/my_run_tag_seed45/state.pt ---
Epoch 213
Epoch 213 | Loss: 0.391550 | Val: 0.436147
--- Saved model to checkpoints/edm_baseline/my_run_tag_seed45/state.pt ---
Epoch 214
Epoch 214 | Loss: 0.387418 | Val: 0.373477
--- Saved model to checkpoints/edm_baseline/my_run_tag_seed45/state.pt ---
Epoch 215
Epoch 215 | Loss: 0.387576 | Val: 0.375079
--- Saved model to checkpoints/edm_baseline/my_run_tag_seed45/state.pt ---
Epoch 216
Epoch 216 | Loss: 0.388329 | Val: 0.359857
--- Saved model to checkpoints/edm_baseline/my_run_tag_seed45/state.pt ---
Epoch 217
Epoch 217 | Loss: 0.380924 | Val: 0.411704
--- Saved model to checkpoints/edm_baseline/my_run_tag_seed45/state.pt ---
Epoch 218
Epoch 218 | Loss: 0.372324 | Val: 0.363884
--- Saved model to checkpoints/edm_baseline/my_run_tag_seed45/state.pt ---
Epoch 219
Epoch 219 | Loss: 0.381075 | Val: 0.356934
--- Saved model to checkpoints/edm_baseline/my_run_tag_seed45/state.pt ---
Epoch 220
Epoch 220 | Loss: 0.381299 | Val: 0.358946
FITS files saved to results/edm_baseline/20260922_003517_my_run_tag_seed45_921088/generated_fits
Computing FID/KID/PDF at epoch 220...
  FID: 114.6189 | KID: 0.097853
  Pixel PDF W-dist: 0.0092
--- Saved model to checkpoints/edm_baseline/my_run_tag_seed45/state.pt ---
Epoch 221
Epoch 221 | Loss: 0.390105 | Val: 0.350684
--- Saved model to checkpoints/edm_baseline/my_run_tag_seed45/state.pt ---
Epoch 222
Epoch 222 | Loss: 0.368380 | Val: 0.354088
--- Saved model to checkpoints/edm_baseline/my_run_tag_seed45/state.pt ---
Epoch 223
Epoch 223 | Loss: 0.353692 | Val: 0.413737
--- Saved model to checkpoints/edm_baseline/my_run_tag_seed45/state.pt ---
Epoch 224
Epoch 224 | Loss: 0.379928 | Val: 0.402477
--- Saved model to checkpoints/edm_baseline/my_run_tag_seed45/state.pt ---
Epoch 225
Epoch 225 | Loss: 0.382128 | Val: 0.385153
--- Saved model to checkpoints/edm_baseline/my_run_tag_seed45/state.pt ---
Epoch 226
Epoch 226 | Loss: 0.381718 | Val: 0.423909
--- Saved model to checkpoints/edm_baseline/my_run_tag_seed45/state.pt ---
Epoch 227
Epoch 227 | Loss: 0.369726 | Val: 0.400618
--- Saved model to checkpoints/edm_baseline/my_run_tag_seed45/state.pt ---
Epoch 228
Epoch 228 | Loss: 0.375185 | Val: 0.403916
--- Saved model to checkpoints/edm_baseline/my_run_tag_seed45/state.pt ---
Epoch 229
Epoch 229 | Loss: 0.373523 | Val: 0.380428
--- Saved model to checkpoints/edm_baseline/my_run_tag_seed45/state.pt ---
Epoch 230
Epoch 230 | Loss: 0.382718 | Val: 0.373003
FITS files saved to results/edm_baseline/20260922_003517_my_run_tag_seed45_921088/generated_fits
Computing FID/KID/PDF at epoch 230...
  FID: 108.2355 | KID: 0.088295
  Pixel PDF W-dist: 0.0082
--- Saved model to checkpoints/edm_baseline/my_run_tag_seed45/state.pt ---
Epoch 231
Epoch 231 | Loss: 0.375255 | Val: 0.363756
--- Saved model to checkpoints/edm_baseline/my_run_tag_seed45/state.pt ---
Epoch 232
Epoch 232 | Loss: 0.375024 | Val: 0.383686
--- Saved model to checkpoints/edm_baseline/my_run_tag_seed45/state.pt ---
Epoch 233
Epoch 233 | Loss: 0.399347 | Val: 0.415988
--- Saved model to checkpoints/edm_baseline/my_run_tag_seed45/state.pt ---
Epoch 234
Epoch 234 | Loss: 0.355896 | Val: 0.419423
--- Saved model to checkpoints/edm_baseline/my_run_tag_seed45/state.pt ---
Epoch 235
Epoch 235 | Loss: 0.384475 | Val: 0.359471
--- Saved model to checkpoints/edm_baseline/my_run_tag_seed45/state.pt ---
Epoch 236
Epoch 236 | Loss: 0.371715 | Val: 0.346803
--- Saved model to checkpoints/edm_baseline/my_run_tag_seed45/state.pt ---
Epoch 237
Epoch 237 | Loss: 0.373129 | Val: 0.334607
--- Saved model to checkpoints/edm_baseline/my_run_tag_seed45/state.pt ---
Epoch 238
Epoch 238 | Loss: 0.365204 | Val: 0.350966
--- Saved model to checkpoints/edm_baseline/my_run_tag_seed45/state.pt ---
Epoch 239
Epoch 239 | Loss: 0.370183 | Val: 0.368971
--- Saved model to checkpoints/edm_baseline/my_run_tag_seed45/state.pt ---
Epoch 240
Epoch 240 | Loss: 0.371128 | Val: 0.370383
FITS files saved to results/edm_baseline/20260922_003517_my_run_tag_seed45_921088/generated_fits
Computing FID/KID/PDF at epoch 240...
  FID: 104.4873 | KID: 0.074802
  Pixel PDF W-dist: 0.0073
--- Saved model to checkpoints/edm_baseline/my_run_tag_seed45/state.pt ---
Epoch 241
Epoch 241 | Loss: 0.393128 | Val: 0.370226
--- Saved model to checkpoints/edm_baseline/my_run_tag_seed45/state.pt ---
Epoch 242
Epoch 242 | Loss: 0.384980 | Val: 0.360377
--- Saved model to checkpoints/edm_baseline/my_run_tag_seed45/state.pt ---
Epoch 243
Epoch 243 | Loss: 0.371548 | Val: 0.335945
--- Saved model to checkpoints/edm_baseline/my_run_tag_seed45/state.pt ---
Epoch 244
Epoch 244 | Loss: 0.378269 | Val: 0.344274
--- Saved model to checkpoints/edm_baseline/my_run_tag_seed45/state.pt ---
Epoch 245
Epoch 245 | Loss: 0.384501 | Val: 0.341929
--- Saved model to checkpoints/edm_baseline/my_run_tag_seed45/state.pt ---
Epoch 246
Epoch 246 | Loss: 0.385081 | Val: 0.329971
--- Saved model to checkpoints/edm_baseline/my_run_tag_seed45/state.pt ---
Epoch 247
Epoch 247 | Loss: 0.377099 | Val: 0.447531
--- Saved model to checkpoints/edm_baseline/my_run_tag_seed45/state.pt ---
Epoch 248
Epoch 248 | Loss: 0.378221 | Val: 0.355671
--- Saved model to checkpoints/edm_baseline/my_run_tag_seed45/state.pt ---
Epoch 249
Epoch 249 | Loss: 0.374496 | Val: 0.381346
--- Saved model to checkpoints/edm_baseline/my_run_tag_seed45/state.pt ---
Epoch 250
Epoch 250 | Loss: 0.360673 | Val: 0.402868
FITS files saved to results/edm_baseline/20260922_003517_my_run_tag_seed45_921088/generated_fits
Computing FID/KID/PDF at epoch 250...
  FID: 107.7251 | KID: 0.082018
  Pixel PDF W-dist: 0.0067
--- Saved model to checkpoints/edm_baseline/my_run_tag_seed45/state.pt ---
Epoch 251
Epoch 251 | Loss: 0.375326 | Val: 0.405379
--- Saved model to checkpoints/edm_baseline/my_run_tag_seed45/state.pt ---
Epoch 252
Epoch 252 | Loss: 0.381939 | Val: 0.350037
--- Saved model to checkpoints/edm_baseline/my_run_tag_seed45/state.pt ---
Epoch 253
Epoch 253 | Loss: 0.368946 | Val: 0.377979
--- Saved model to checkpoints/edm_baseline/my_run_tag_seed45/state.pt ---
Epoch 254
Epoch 254 | Loss: 0.371118 | Val: 0.367928
--- Saved model to checkpoints/edm_baseline/my_run_tag_seed45/state.pt ---
Epoch 255
Epoch 255 | Loss: 0.376747 | Val: 0.370302
--- Saved model to checkpoints/edm_baseline/my_run_tag_seed45/state.pt ---
Epoch 256
Epoch 256 | Loss: 0.377552 | Val: 0.419122
--- Saved model to checkpoints/edm_baseline/my_run_tag_seed45/state.pt ---
Epoch 257
Epoch 257 | Loss: 0.364628 | Val: 0.372805
--- Saved model to checkpoints/edm_baseline/my_run_tag_seed45/state.pt ---
Epoch 258
Epoch 258 | Loss: 0.389922 | Val: 0.341732
--- Saved model to checkpoints/edm_baseline/my_run_tag_seed45/state.pt ---
Epoch 259
Epoch 259 | Loss: 0.378765 | Val: 0.373500
--- Saved model to checkpoints/edm_baseline/my_run_tag_seed45/state.pt ---
Epoch 260
Epoch 260 | Loss: 0.360533 | Val: 0.397820
FITS files saved to results/edm_baseline/20260922_003517_my_run_tag_seed45_921088/generated_fits
Computing FID/KID/PDF at epoch 260...
  FID: 109.4062 | KID: 0.080109
  Pixel PDF W-dist: 0.0052
--- Saved model to checkpoints/edm_baseline/my_run_tag_seed45/state.pt ---
Epoch 261
Epoch 261 | Loss: 0.382921 | Val: 0.386653
--- Saved model to checkpoints/edm_baseline/my_run_tag_seed45/state.pt ---
Epoch 262
Epoch 262 | Loss: 0.373927 | Val: 0.374381
--- Saved model to checkpoints/edm_baseline/my_run_tag_seed45/state.pt ---
Epoch 263
Epoch 263 | Loss: 0.389816 | Val: 0.374225
--- Saved model to checkpoints/edm_baseline/my_run_tag_seed45/state.pt ---
Epoch 264
Epoch 264 | Loss: 0.366871 | Val: 0.415384
--- Saved model to checkpoints/edm_baseline/my_run_tag_seed45/state.pt ---
Epoch 265
Epoch 265 | Loss: 0.390229 | Val: 0.360740
--- Saved model to checkpoints/edm_baseline/my_run_tag_seed45/state.pt ---
Epoch 266
Epoch 266 | Loss: 0.372718 | Val: 0.348727
--- Saved model to checkpoints/edm_baseline/my_run_tag_seed45/state.pt ---
Epoch 267
Epoch 267 | Loss: 0.378706 | Val: 0.361555
--- Saved model to checkpoints/edm_baseline/my_run_tag_seed45/state.pt ---
Epoch 268
Epoch 268 | Loss: 0.371308 | Val: 0.407988
--- Saved model to checkpoints/edm_baseline/my_run_tag_seed45/state.pt ---
Epoch 269
Epoch 269 | Loss: 0.361743 | Val: 0.347695
--- Saved model to checkpoints/edm_baseline/my_run_tag_seed45/state.pt ---
Epoch 270
Epoch 270 | Loss: 0.392869 | Val: 0.373086
FITS files saved to results/edm_baseline/20260922_003517_my_run_tag_seed45_921088/generated_fits
Computing FID/KID/PDF at epoch 270...
  FID: 97.0734 | KID: 0.064824
  Pixel PDF W-dist: 0.0048
--- Saved model to checkpoints/edm_baseline/my_run_tag_seed45/state.pt ---
Epoch 271
Epoch 271 | Loss: 0.377408 | Val: 0.348006
--- Saved model to checkpoints/edm_baseline/my_run_tag_seed45/state.pt ---
Epoch 272
Epoch 272 | Loss: 0.373268 | Val: 0.361102
--- Saved model to checkpoints/edm_baseline/my_run_tag_seed45/state.pt ---
Epoch 273
Epoch 273 | Loss: 0.370586 | Val: 0.340466
--- Saved model to checkpoints/edm_baseline/my_run_tag_seed45/state.pt ---
Epoch 274
Epoch 274 | Loss: 0.370286 | Val: 0.378216
--- Saved model to checkpoints/edm_baseline/my_run_tag_seed45/state.pt ---
Epoch 275
Epoch 275 | Loss: 0.367812 | Val: 0.394721
--- Saved model to checkpoints/edm_baseline/my_run_tag_seed45/state.pt ---
Epoch 276
Epoch 276 | Loss: 0.388257 | Val: 0.415748
--- Saved model to checkpoints/edm_baseline/my_run_tag_seed45/state.pt ---
Epoch 277
Epoch 277 | Loss: 0.364559 | Val: 0.354977
--- Saved model to checkpoints/edm_baseline/my_run_tag_seed45/state.pt ---
Epoch 278
Epoch 278 | Loss: 0.360386 | Val: 0.380508
--- Saved model to checkpoints/edm_baseline/my_run_tag_seed45/state.pt ---
Epoch 279
Epoch 279 | Loss: 0.366747 | Val: 0.355011
--- Saved model to checkpoints/edm_baseline/my_run_tag_seed45/state.pt ---
Epoch 280
Epoch 280 | Loss: 0.378108 | Val: 0.381167
FITS files saved to results/edm_baseline/20260922_003517_my_run_tag_seed45_921088/generated_fits
Computing FID/KID/PDF at epoch 280...
  FID: 102.4852 | KID: 0.080505
  Pixel PDF W-dist: 0.0054
--- Saved model to checkpoints/edm_baseline/my_run_tag_seed45/state.pt ---
Epoch 281
Epoch 281 | Loss: 0.376035 | Val: 0.385318
--- Saved model to checkpoints/edm_baseline/my_run_tag_seed45/state.pt ---
Epoch 282
Epoch 282 | Loss: 0.370557 | Val: 0.375474
--- Saved model to checkpoints/edm_baseline/my_run_tag_seed45/state.pt ---
Epoch 283
Epoch 283 | Loss: 0.361271 | Val: 0.324939
--- Saved model to checkpoints/edm_baseline/my_run_tag_seed45/state.pt ---
Epoch 284
Epoch 284 | Loss: 0.380374 | Val: 0.364285
--- Saved model to checkpoints/edm_baseline/my_run_tag_seed45/state.pt ---
Epoch 285
Epoch 285 | Loss: 0.367565 | Val: 0.373640
--- Saved model to checkpoints/edm_baseline/my_run_tag_seed45/state.pt ---
Epoch 286
Epoch 286 | Loss: 0.365007 | Val: 0.378929
--- Saved model to checkpoints/edm_baseline/my_run_tag_seed45/state.pt ---
Epoch 287
Epoch 287 | Loss: 0.377699 | Val: 0.388368
--- Saved model to checkpoints/edm_baseline/my_run_tag_seed45/state.pt ---
Epoch 288
Epoch 288 | Loss: 0.368109 | Val: 0.370060
--- Saved model to checkpoints/edm_baseline/my_run_tag_seed45/state.pt ---
Epoch 289
Epoch 289 | Loss: 0.363832 | Val: 0.364986
--- Saved model to checkpoints/edm_baseline/my_run_tag_seed45/state.pt ---
Epoch 290
Epoch 290 | Loss: 0.366485 | Val: 0.321028
FITS files saved to results/edm_baseline/20260922_003517_my_run_tag_seed45_921088/generated_fits
Computing FID/KID/PDF at epoch 290...
  FID: 106.8451 | KID: 0.071991
  Pixel PDF W-dist: 0.0062
--- Saved model to checkpoints/edm_baseline/my_run_tag_seed45/state.pt ---
Epoch 291
Epoch 291 | Loss: 0.360802 | Val: 0.360644
--- Saved model to checkpoints/edm_baseline/my_run_tag_seed45/state.pt ---
Epoch 292
Epoch 292 | Loss: 0.382853 | Val: 0.392327
--- Saved model to checkpoints/edm_baseline/my_run_tag_seed45/state.pt ---
Epoch 293
Epoch 293 | Loss: 0.368274 | Val: 0.371189
--- Saved model to checkpoints/edm_baseline/my_run_tag_seed45/state.pt ---
Epoch 294
Epoch 294 | Loss: 0.371906 | Val: 0.371740
--- Saved model to checkpoints/edm_baseline/my_run_tag_seed45/state.pt ---
Epoch 295
Epoch 295 | Loss: 0.381514 | Val: 0.380694
--- Saved model to checkpoints/edm_baseline/my_run_tag_seed45/state.pt ---
Epoch 296
Epoch 296 | Loss: 0.369545 | Val: 0.313062
--- Saved model to checkpoints/edm_baseline/my_run_tag_seed45/state.pt ---
Epoch 297
Epoch 297 | Loss: 0.355829 | Val: 0.400991
--- Saved model to checkpoints/edm_baseline/my_run_tag_seed45/state.pt ---
Epoch 298
Epoch 298 | Loss: 0.379879 | Val: 0.337949
--- Saved model to checkpoints/edm_baseline/my_run_tag_seed45/state.pt ---
Epoch 299
Epoch 299 | Loss: 0.361162 | Val: 0.333363
--- Saved model to checkpoints/edm_baseline/my_run_tag_seed45/state.pt ---
Epoch 300
Epoch 300 | Loss: 0.376850 | Val: 0.346331
FITS files saved to results/edm_baseline/20260922_003517_my_run_tag_seed45_921088/generated_fits
Computing FID/KID/PDF at epoch 300...
  FID: 99.8365 | KID: 0.066765
  Pixel PDF W-dist: 0.0052
--- Saved model to checkpoints/edm_baseline/my_run_tag_seed45/state.pt ---
Epoch 301
Epoch 301 | Loss: 0.368421 | Val: 0.369463
--- Saved model to checkpoints/edm_baseline/my_run_tag_seed45/state.pt ---
Epoch 302
Epoch 302 | Loss: 0.364020 | Val: 0.383236
--- Saved model to checkpoints/edm_baseline/my_run_tag_seed45/state.pt ---
Epoch 303
Epoch 303 | Loss: 0.366288 | Val: 0.323670
--- Saved model to checkpoints/edm_baseline/my_run_tag_seed45/state.pt ---
Epoch 304
Epoch 304 | Loss: 0.372297 | Val: 0.354125
--- Saved model to checkpoints/edm_baseline/my_run_tag_seed45/state.pt ---
Epoch 305
Epoch 305 | Loss: 0.381483 | Val: 0.348404
--- Saved model to checkpoints/edm_baseline/my_run_tag_seed45/state.pt ---
Epoch 306
Epoch 306 | Loss: 0.359933 | Val: 0.367304
--- Saved model to checkpoints/edm_baseline/my_run_tag_seed45/state.pt ---
Epoch 307
Epoch 307 | Loss: 0.364641 | Val: 0.372734
--- Saved model to checkpoints/edm_baseline/my_run_tag_seed45/state.pt ---
Epoch 308
Epoch 308 | Loss: 0.386335 | Val: 0.379219
--- Saved model to checkpoints/edm_baseline/my_run_tag_seed45/state.pt ---
Epoch 309
Epoch 309 | Loss: 0.371191 | Val: 0.399805
--- Saved model to checkpoints/edm_baseline/my_run_tag_seed45/state.pt ---
Epoch 310
Epoch 310 | Loss: 0.371637 | Val: 0.396294
FITS files saved to results/edm_baseline/20260922_003517_my_run_tag_seed45_921088/generated_fits
Computing FID/KID/PDF at epoch 310...
  FID: 93.4653 | KID: 0.061958
  Pixel PDF W-dist: 0.0071
--- Saved model to checkpoints/edm_baseline/my_run_tag_seed45/state.pt ---
Epoch 311
Epoch 311 | Loss: 0.361444 | Val: 0.397860
--- Saved model to checkpoints/edm_baseline/my_run_tag_seed45/state.pt ---
Epoch 312
Epoch 312 | Loss: 0.361632 | Val: 0.397572
--- Saved model to checkpoints/edm_baseline/my_run_tag_seed45/state.pt ---
Epoch 313
Epoch 313 | Loss: 0.369272 | Val: 0.399587
--- Saved model to checkpoints/edm_baseline/my_run_tag_seed45/state.pt ---
Epoch 314
Epoch 314 | Loss: 0.366278 | Val: 0.356316
--- Saved model to checkpoints/edm_baseline/my_run_tag_seed45/state.pt ---
Epoch 315
Epoch 315 | Loss: 0.365091 | Val: 0.366648
--- Saved model to checkpoints/edm_baseline/my_run_tag_seed45/state.pt ---
Epoch 316
Epoch 316 | Loss: 0.368741 | Val: 0.420267
--- Saved model to checkpoints/edm_baseline/my_run_tag_seed45/state.pt ---
Epoch 317
Epoch 317 | Loss: 0.363541 | Val: 0.411575
--- Saved model to checkpoints/edm_baseline/my_run_tag_seed45/state.pt ---
Epoch 318
Epoch 318 | Loss: 0.386674 | Val: 0.350330
--- Saved model to checkpoints/edm_baseline/my_run_tag_seed45/state.pt ---
Epoch 319
Epoch 319 | Loss: 0.362964 | Val: 0.373225
--- Saved model to checkpoints/edm_baseline/my_run_tag_seed45/state.pt ---
Epoch 320
Epoch 320 | Loss: 0.356673 | Val: 0.365647
FITS files saved to results/edm_baseline/20260922_003517_my_run_tag_seed45_921088/generated_fits
Computing FID/KID/PDF at epoch 320...
  FID: 106.1005 | KID: 0.074822
  Pixel PDF W-dist: 0.0070
--- Saved model to checkpoints/edm_baseline/my_run_tag_seed45/state.pt ---
Epoch 321
Epoch 321 | Loss: 0.357830 | Val: 0.379075
--- Saved model to checkpoints/edm_baseline/my_run_tag_seed45/state.pt ---
Epoch 322
Epoch 322 | Loss: 0.354449 | Val: 0.379423
--- Saved model to checkpoints/edm_baseline/my_run_tag_seed45/state.pt ---
Epoch 323
Epoch 323 | Loss: 0.359882 | Val: 0.347247
--- Saved model to checkpoints/edm_baseline/my_run_tag_seed45/state.pt ---
Epoch 324
Epoch 324 | Loss: 0.377676 | Val: 0.358408
--- Saved model to checkpoints/edm_baseline/my_run_tag_seed45/state.pt ---
Epoch 325
Epoch 325 | Loss: 0.379773 | Val: 0.370590
--- Saved model to checkpoints/edm_baseline/my_run_tag_seed45/state.pt ---
Epoch 326
Epoch 326 | Loss: 0.373327 | Val: 0.355650
--- Saved model to checkpoints/edm_baseline/my_run_tag_seed45/state.pt ---
Epoch 327
Epoch 327 | Loss: 0.370589 | Val: 0.416918
--- Saved model to checkpoints/edm_baseline/my_run_tag_seed45/state.pt ---
Epoch 328
Epoch 328 | Loss: 0.371503 | Val: 0.338455
--- Saved model to checkpoints/edm_baseline/my_run_tag_seed45/state.pt ---
Epoch 329
Epoch 329 | Loss: 0.366908 | Val: 0.406706
--- Saved model to checkpoints/edm_baseline/my_run_tag_seed45/state.pt ---
Epoch 330
Epoch 330 | Loss: 0.368725 | Val: 0.367946
FITS files saved to results/edm_baseline/20260922_003517_my_run_tag_seed45_921088/generated_fits
Computing FID/KID/PDF at epoch 330...
  FID: 93.7383 | KID: 0.051453
  Pixel PDF W-dist: 0.0104
--- Saved model to checkpoints/edm_baseline/my_run_tag_seed45/state.pt ---
Epoch 331
Epoch 331 | Loss: 0.365680 | Val: 0.419613
--- Saved model to checkpoints/edm_baseline/my_run_tag_seed45/state.pt ---
Epoch 332
Epoch 332 | Loss: 0.356930 | Val: 0.377039
--- Saved model to checkpoints/edm_baseline/my_run_tag_seed45/state.pt ---
Epoch 333
Epoch 333 | Loss: 0.384500 | Val: 0.367308
--- Saved model to checkpoints/edm_baseline/my_run_tag_seed45/state.pt ---
Epoch 334
Epoch 334 | Loss: 0.350297 | Val: 0.315191
--- Saved model to checkpoints/edm_baseline/my_run_tag_seed45/state.pt ---
Epoch 335
Epoch 335 | Loss: 0.356947 | Val: 0.391311
--- Saved model to checkpoints/edm_baseline/my_run_tag_seed45/state.pt ---
Epoch 336
Epoch 336 | Loss: 0.376418 | Val: 0.385938
--- Saved model to checkpoints/edm_baseline/my_run_tag_seed45/state.pt ---
Epoch 337
Epoch 337 | Loss: 0.357927 | Val: 0.393337
--- Saved model to checkpoints/edm_baseline/my_run_tag_seed45/state.pt ---
Epoch 338
Epoch 338 | Loss: 0.376298 | Val: 0.389093
--- Saved model to checkpoints/edm_baseline/my_run_tag_seed45/state.pt ---
Epoch 339
Epoch 339 | Loss: 0.373723 | Val: 0.395952
--- Saved model to checkpoints/edm_baseline/my_run_tag_seed45/state.pt ---
Epoch 340
Epoch 340 | Loss: 0.355772 | Val: 0.317673
FITS files saved to results/edm_baseline/20260922_003517_my_run_tag_seed45_921088/generated_fits
Computing FID/KID/PDF at epoch 340...
  FID: 96.1972 | KID: 0.060685
  Pixel PDF W-dist: 0.0076
--- Saved model to checkpoints/edm_baseline/my_run_tag_seed45/state.pt ---
Epoch 341
Epoch 341 | Loss: 0.360317 | Val: 0.365968
--- Saved model to checkpoints/edm_baseline/my_run_tag_seed45/state.pt ---
Epoch 342
Epoch 342 | Loss: 0.370530 | Val: 0.348862
--- Saved model to checkpoints/edm_baseline/my_run_tag_seed45/state.pt ---
Epoch 343
Epoch 343 | Loss: 0.356746 | Val: 0.380739
--- Saved model to checkpoints/edm_baseline/my_run_tag_seed45/state.pt ---
Epoch 344
Epoch 344 | Loss: 0.367054 | Val: 0.376261
--- Saved model to checkpoints/edm_baseline/my_run_tag_seed45/state.pt ---
Epoch 345
Epoch 345 | Loss: 0.371623 | Val: 0.355616
--- Saved model to checkpoints/edm_baseline/my_run_tag_seed45/state.pt ---
Epoch 346
Epoch 346 | Loss: 0.357200 | Val: 0.302984
--- Saved model to checkpoints/edm_baseline/my_run_tag_seed45/state.pt ---
Epoch 347
Epoch 347 | Loss: 0.354335 | Val: 0.361995
--- Saved model to checkpoints/edm_baseline/my_run_tag_seed45/state.pt ---
Epoch 348
Epoch 348 | Loss: 0.376640 | Val: 0.373654
--- Saved model to checkpoints/edm_baseline/my_run_tag_seed45/state.pt ---
Epoch 349
Epoch 349 | Loss: 0.352456 | Val: 0.345540
--- Saved model to checkpoints/edm_baseline/my_run_tag_seed45/state.pt ---
Epoch 350
Epoch 350 | Loss: 0.360321 | Val: 0.365333
FITS files saved to results/edm_baseline/20260922_003517_my_run_tag_seed45_921088/generated_fits
Computing FID/KID/PDF at epoch 350...
  FID: 94.1661 | KID: 0.054129
  Pixel PDF W-dist: 0.0085
--- Saved model to checkpoints/edm_baseline/my_run_tag_seed45/state.pt ---
Epoch 351
Epoch 351 | Loss: 0.378620 | Val: 0.420175
--- Saved model to checkpoints/edm_baseline/my_run_tag_seed45/state.pt ---
Epoch 352
Epoch 352 | Loss: 0.360749 | Val: 0.407323
--- Saved model to checkpoints/edm_baseline/my_run_tag_seed45/state.pt ---
Epoch 353
Epoch 353 | Loss: 0.377851 | Val: 0.368120
--- Saved model to checkpoints/edm_baseline/my_run_tag_seed45/state.pt ---
Epoch 354
Epoch 354 | Loss: 0.349485 | Val: 0.415483
--- Saved model to checkpoints/edm_baseline/my_run_tag_seed45/state.pt ---
Epoch 355
Epoch 355 | Loss: 0.369818 | Val: 0.345529
--- Saved model to checkpoints/edm_baseline/my_run_tag_seed45/state.pt ---
Epoch 356
Epoch 356 | Loss: 0.370709 | Val: 0.379018
--- Saved model to checkpoints/edm_baseline/my_run_tag_seed45/state.pt ---
Epoch 357
Epoch 357 | Loss: 0.378134 | Val: 0.376974
--- Saved model to checkpoints/edm_baseline/my_run_tag_seed45/state.pt ---
Epoch 358
Epoch 358 | Loss: 0.384213 | Val: 0.351957
--- Saved model to checkpoints/edm_baseline/my_run_tag_seed45/state.pt ---
Epoch 359
Epoch 359 | Loss: 0.371788 | Val: 0.362291
--- Saved model to checkpoints/edm_baseline/my_run_tag_seed45/state.pt ---
Epoch 360
Epoch 360 | Loss: 0.362384 | Val: 0.411859
FITS files saved to results/edm_baseline/20260922_003517_my_run_tag_seed45_921088/generated_fits
Computing FID/KID/PDF at epoch 360...
  FID: 91.5591 | KID: 0.055033
  Pixel PDF W-dist: 0.0094
--- Saved model to checkpoints/edm_baseline/my_run_tag_seed45/state.pt ---
Epoch 361
Epoch 361 | Loss: 0.373942 | Val: 0.418604
--- Saved model to checkpoints/edm_baseline/my_run_tag_seed45/state.pt ---
Epoch 362
Epoch 362 | Loss: 0.365554 | Val: 0.338992
--- Saved model to checkpoints/edm_baseline/my_run_tag_seed45/state.pt ---
Epoch 363
Epoch 363 | Loss: 0.379492 | Val: 0.372847
--- Saved model to checkpoints/edm_baseline/my_run_tag_seed45/state.pt ---
Epoch 364
Epoch 364 | Loss: 0.376303 | Val: 0.377682
--- Saved model to checkpoints/edm_baseline/my_run_tag_seed45/state.pt ---
Epoch 365
Epoch 365 | Loss: 0.359211 | Val: 0.338903
--- Saved model to checkpoints/edm_baseline/my_run_tag_seed45/state.pt ---
Epoch 366
Epoch 366 | Loss: 0.359402 | Val: 0.420902
--- Saved model to checkpoints/edm_baseline/my_run_tag_seed45/state.pt ---
Epoch 367
Epoch 367 | Loss: 0.368956 | Val: 0.359975
--- Saved model to checkpoints/edm_baseline/my_run_tag_seed45/state.pt ---
Epoch 368
Epoch 368 | Loss: 0.341764 | Val: 0.378157
--- Saved model to checkpoints/edm_baseline/my_run_tag_seed45/state.pt ---
Epoch 369
Epoch 369 | Loss: 0.374942 | Val: 0.372303
--- Saved model to checkpoints/edm_baseline/my_run_tag_seed45/state.pt ---
Epoch 370
Epoch 370 | Loss: 0.358815 | Val: 0.330460
FITS files saved to results/edm_baseline/20260922_003517_my_run_tag_seed45_921088/generated_fits
Computing FID/KID/PDF at epoch 370...
  FID: 101.0582 | KID: 0.064625
  Pixel PDF W-dist: 0.0082
--- Saved model to checkpoints/edm_baseline/my_run_tag_seed45/state.pt ---
Epoch 371
Epoch 371 | Loss: 0.364932 | Val: 0.414848
--- Saved model to checkpoints/edm_baseline/my_run_tag_seed45/state.pt ---
Epoch 372
Epoch 372 | Loss: 0.349864 | Val: 0.403654
--- Saved model to checkpoints/edm_baseline/my_run_tag_seed45/state.pt ---
Epoch 373
Epoch 373 | Loss: 0.348799 | Val: 0.383681
--- Saved model to checkpoints/edm_baseline/my_run_tag_seed45/state.pt ---
Epoch 374
Epoch 374 | Loss: 0.370961 | Val: 0.370810
--- Saved model to checkpoints/edm_baseline/my_run_tag_seed45/state.pt ---
Epoch 375
Epoch 375 | Loss: 0.371942 | Val: 0.390151
--- Saved model to checkpoints/edm_baseline/my_run_tag_seed45/state.pt ---
Epoch 376
Epoch 376 | Loss: 0.373241 | Val: 0.339629
--- Saved model to checkpoints/edm_baseline/my_run_tag_seed45/state.pt ---
Epoch 377
Epoch 377 | Loss: 0.368353 | Val: 0.327453
--- Saved model to checkpoints/edm_baseline/my_run_tag_seed45/state.pt ---
Epoch 378
Epoch 378 | Loss: 0.349586 | Val: 0.385502
--- Saved model to checkpoints/edm_baseline/my_run_tag_seed45/state.pt ---
Epoch 379
Epoch 379 | Loss: 0.373766 | Val: 0.365829
--- Saved model to checkpoints/edm_baseline/my_run_tag_seed45/state.pt ---
Epoch 380
Epoch 380 | Loss: 0.374385 | Val: 0.415004
FITS files saved to results/edm_baseline/20260922_003517_my_run_tag_seed45_921088/generated_fits
Computing FID/KID/PDF at epoch 380...
  FID: 94.9488 | KID: 0.060790
  Pixel PDF W-dist: 0.0081
--- Saved model to checkpoints/edm_baseline/my_run_tag_seed45/state.pt ---
Epoch 381
Epoch 381 | Loss: 0.362132 | Val: 0.361130
--- Saved model to checkpoints/edm_baseline/my_run_tag_seed45/state.pt ---
Epoch 382
Epoch 382 | Loss: 0.359526 | Val: 0.372789
--- Saved model to checkpoints/edm_baseline/my_run_tag_seed45/state.pt ---
Epoch 383
Epoch 383 | Loss: 0.365145 | Val: 0.382114
--- Saved model to checkpoints/edm_baseline/my_run_tag_seed45/state.pt ---
Epoch 384
Epoch 384 | Loss: 0.363370 | Val: 0.394676
--- Saved model to checkpoints/edm_baseline/my_run_tag_seed45/state.pt ---
Epoch 385
Epoch 385 | Loss: 0.363861 | Val: 0.402061
--- Saved model to checkpoints/edm_baseline/my_run_tag_seed45/state.pt ---
Epoch 386
Epoch 386 | Loss: 0.352497 | Val: 0.329784
--- Saved model to checkpoints/edm_baseline/my_run_tag_seed45/state.pt ---
Epoch 387
Epoch 387 | Loss: 0.358038 | Val: 0.372398
--- Saved model to checkpoints/edm_baseline/my_run_tag_seed45/state.pt ---
Epoch 388
Epoch 388 | Loss: 0.367131 | Val: 0.380777
--- Saved model to checkpoints/edm_baseline/my_run_tag_seed45/state.pt ---
Epoch 389
Epoch 389 | Loss: 0.364215 | Val: 0.402448
--- Saved model to checkpoints/edm_baseline/my_run_tag_seed45/state.pt ---
Epoch 390
Epoch 390 | Loss: 0.359471 | Val: 0.363805
FITS files saved to results/edm_baseline/20260922_003517_my_run_tag_seed45_921088/generated_fits
Computing FID/KID/PDF at epoch 390...
  FID: 97.8740 | KID: 0.060236
  Pixel PDF W-dist: 0.0105
--- Saved model to checkpoints/edm_baseline/my_run_tag_seed45/state.pt ---
Epoch 391
Epoch 391 | Loss: 0.343575 | Val: 0.425142
--- Saved model to checkpoints/edm_baseline/my_run_tag_seed45/state.pt ---
Epoch 392
Epoch 392 | Loss: 0.369183 | Val: 0.358749
--- Saved model to checkpoints/edm_baseline/my_run_tag_seed45/state.pt ---
Epoch 393
Epoch 393 | Loss: 0.350147 | Val: 0.382221
--- Saved model to checkpoints/edm_baseline/my_run_tag_seed45/state.pt ---
Epoch 394
Epoch 394 | Loss: 0.336624 | Val: 0.314321
--- Saved model to checkpoints/edm_baseline/my_run_tag_seed45/state.pt ---
Epoch 395
Epoch 395 | Loss: 0.361143 | Val: 0.370650
--- Saved model to checkpoints/edm_baseline/my_run_tag_seed45/state.pt ---
Epoch 396
Epoch 396 | Loss: 0.372011 | Val: 0.383474
--- Saved model to checkpoints/edm_baseline/my_run_tag_seed45/state.pt ---
Epoch 397
Epoch 397 | Loss: 0.359061 | Val: 0.351734
--- Saved model to checkpoints/edm_baseline/my_run_tag_seed45/state.pt ---
Epoch 398
Epoch 398 | Loss: 0.352651 | Val: 0.373340
--- Saved model to checkpoints/edm_baseline/my_run_tag_seed45/state.pt ---
Epoch 399
Epoch 399 | Loss: 0.362261 | Val: 0.339578
--- Saved model to checkpoints/edm_baseline/my_run_tag_seed45/state.pt ---
FITS files saved to results/edm_baseline/20260922_003517_my_run_tag_seed45_921088/generated_fits
Loss graph saved to results/edm_baseline/20260922_003517_my_run_tag_seed45_921088/training_metrics.png
Generative metrics plot saved to results/edm_baseline/20260922_003517_my_run_tag_seed45_921088/generative_metrics.png
Pixel PDF history plot saved to results/edm_baseline/20260922_003517_my_run_tag_seed45_921088/pixel_pdf_history.png
Testing model
Generated test images saved to results/edm_baseline/20260922_003517_my_run_tag_seed45_921088/
