CUDA Memory Cleared. Current VRAM Usage: 0.00 MB
On device cuda
Getting data loader crumb_fits
Loaded FITS stats: noise_rms=0.000324, peak_log=4.066700
Loaded FITS stats: noise_rms=0.000324, peak_log=4.066700
Total unique classes found: 2
Label IDs: [0, 1]
Total images in dataset: 1789
Total batches: 157 (at batch size 8)

============================================================
Run 1/1  |  seed=44  |  tag=exp_seed44  |  results -> results/diffusion/20260827_012453_exp_seed44_834236
============================================================

Training diffusion for 200 epochs
Epoch 0
/idia/users/bevan/pid-radast/classifier-guided-physics-informed-diffusion/.venv/lib/python3.11/site-packages/diffusers/configuration_utils.py:139: FutureWarning: Accessing config attribute `num_train_timesteps` directly via 'DDPMScheduler' object attribute is deprecated. Please access 'num_train_timesteps' over 'DDPMScheduler's config object instead, e.g. 'scheduler.config.num_train_timesteps'.
  deprecate("direct config name access", "1.0.0", deprecation_message, standard_warn=False)
/idia/users/bevan/pid-radast/classifier-guided-physics-informed-diffusion/.venv/lib/python3.11/site-packages/diffusers/models/attention_processor.py:1259: UserWarning: Memory Efficient attention is a non-deterministic algorithm. To explicitly disable Memory Efficient attention call torch.use_deterministic_algorithms(True, warn_only=False). (Triggered internally at ../aten/src/ATen/native/transformers/cuda/sdp_utils.h:419.)
  hidden_states = F.scaled_dot_product_attention(
/idia/users/bevan/pid-radast/classifier-guided-physics-informed-diffusion/.venv/lib/python3.11/site-packages/torchmetrics/utilities/prints.py:43: UserWarning: Metric `Kernel Inception Distance` will save all extracted features in buffer. For large datasets this may lead to large memory footprint.
  warnings.warn(*args, **kwargs)
Epoch 0 | Loss: 0.071877 | Val: 0.148721
FITS files saved to results/diffusion/20260827_012453_exp_seed44_834236/generated_fits
Computing FID/KID/PDF at epoch 0...
  FID: 186.4706 | KID: 0.215242
  Pixel PDF W-dist: 0.1124
--- Saved model to checkpoints/diffusion/exp_seed44/state.pt ---
Epoch 1
Epoch 1 | Loss: 0.028005 | Val: 0.139575
--- Saved model to checkpoints/diffusion/exp_seed44/state.pt ---
Epoch 2
Epoch 2 | Loss: 0.025026 | Val: 0.138096
--- Saved model to checkpoints/diffusion/exp_seed44/state.pt ---
Epoch 3
Epoch 3 | Loss: 0.027025 | Val: 0.138442
--- Saved model to checkpoints/diffusion/exp_seed44/state.pt ---
Epoch 4
Epoch 4 | Loss: 0.029562 | Val: 0.137657
--- Saved model to checkpoints/diffusion/exp_seed44/state.pt ---
Epoch 5
Epoch 5 | Loss: 0.021698 | Val: 0.134739
--- Saved model to checkpoints/diffusion/exp_seed44/state.pt ---
Epoch 6
Epoch 6 | Loss: 0.021677 | Val: 0.135169
--- Saved model to checkpoints/diffusion/exp_seed44/state.pt ---
Epoch 7
Epoch 7 | Loss: 0.025476 | Val: 0.133854
--- Saved model to checkpoints/diffusion/exp_seed44/state.pt ---
Epoch 8
Epoch 8 | Loss: 0.025963 | Val: 0.134069
--- Saved model to checkpoints/diffusion/exp_seed44/state.pt ---
Epoch 9
Epoch 9 | Loss: 0.028511 | Val: 0.133496
--- Saved model to checkpoints/diffusion/exp_seed44/state.pt ---
Epoch 10
Epoch 10 | Loss: 0.026585 | Val: 0.134556
FITS files saved to results/diffusion/20260827_012453_exp_seed44_834236/generated_fits
Computing FID/KID/PDF at epoch 10...
  FID: 165.9796 | KID: 0.159651
  Pixel PDF W-dist: 0.2860
--- Saved model to checkpoints/diffusion/exp_seed44/state.pt ---
Epoch 11
Epoch 11 | Loss: 0.025429 | Val: 0.133654
--- Saved model to checkpoints/diffusion/exp_seed44/state.pt ---
Epoch 12
Epoch 12 | Loss: 0.025458 | Val: 0.133826
--- Saved model to checkpoints/diffusion/exp_seed44/state.pt ---
Epoch 13
Epoch 13 | Loss: 0.023828 | Val: 0.132740
--- Saved model to checkpoints/diffusion/exp_seed44/state.pt ---
Epoch 14
Epoch 14 | Loss: 0.024782 | Val: 0.133283
--- Saved model to checkpoints/diffusion/exp_seed44/state.pt ---
Epoch 15
Epoch 15 | Loss: 0.023829 | Val: 0.133220
--- Saved model to checkpoints/diffusion/exp_seed44/state.pt ---
Epoch 16
Epoch 16 | Loss: 0.024261 | Val: 0.134636
--- Saved model to checkpoints/diffusion/exp_seed44/state.pt ---
Epoch 17
Epoch 17 | Loss: 0.024134 | Val: 0.133922
--- Saved model to checkpoints/diffusion/exp_seed44/state.pt ---
Epoch 18
Epoch 18 | Loss: 0.029519 | Val: 0.133807
--- Saved model to checkpoints/diffusion/exp_seed44/state.pt ---
Epoch 19
Epoch 19 | Loss: 0.028725 | Val: 0.132655
--- Saved model to checkpoints/diffusion/exp_seed44/state.pt ---
Epoch 20
Epoch 20 | Loss: 0.022085 | Val: 0.134983
FITS files saved to results/diffusion/20260827_012453_exp_seed44_834236/generated_fits
Computing FID/KID/PDF at epoch 20...
  FID: 174.9596 | KID: 0.174432
  Pixel PDF W-dist: 0.2243
--- Saved model to checkpoints/diffusion/exp_seed44/state.pt ---
Epoch 21
Epoch 21 | Loss: 0.029702 | Val: 0.132928
--- Saved model to checkpoints/diffusion/exp_seed44/state.pt ---
Epoch 22
Epoch 22 | Loss: 0.025657 | Val: 0.133917
--- Saved model to checkpoints/diffusion/exp_seed44/state.pt ---
Epoch 23
Epoch 23 | Loss: 0.027616 | Val: 0.133983
--- Saved model to checkpoints/diffusion/exp_seed44/state.pt ---
Epoch 24
Epoch 24 | Loss: 0.027198 | Val: 0.132910
--- Saved model to checkpoints/diffusion/exp_seed44/state.pt ---
Epoch 25
Epoch 25 | Loss: 0.023932 | Val: 0.133056
--- Saved model to checkpoints/diffusion/exp_seed44/state.pt ---
Epoch 26
Epoch 26 | Loss: 0.024649 | Val: 0.132905
--- Saved model to checkpoints/diffusion/exp_seed44/state.pt ---
Epoch 27
Epoch 27 | Loss: 0.021318 | Val: 0.133102
--- Saved model to checkpoints/diffusion/exp_seed44/state.pt ---
Epoch 28
Epoch 28 | Loss: 0.026033 | Val: 0.133663
--- Saved model to checkpoints/diffusion/exp_seed44/state.pt ---
Epoch 29
Epoch 29 | Loss: 0.022335 | Val: 0.132812
--- Saved model to checkpoints/diffusion/exp_seed44/state.pt ---
Epoch 30
Epoch 30 | Loss: 0.026866 | Val: 0.133356
FITS files saved to results/diffusion/20260827_012453_exp_seed44_834236/generated_fits
Computing FID/KID/PDF at epoch 30...
  FID: 167.1376 | KID: 0.167073
  Pixel PDF W-dist: 0.0935
--- Saved model to checkpoints/diffusion/exp_seed44/state.pt ---
Epoch 31
Epoch 31 | Loss: 0.024472 | Val: 0.135712
--- Saved model to checkpoints/diffusion/exp_seed44/state.pt ---
Epoch 32
Epoch 32 | Loss: 0.021442 | Val: 0.133984
--- Saved model to checkpoints/diffusion/exp_seed44/state.pt ---
Epoch 33
Epoch 33 | Loss: 0.022561 | Val: 0.131958
--- Saved model to checkpoints/diffusion/exp_seed44/state.pt ---
Epoch 34
Epoch 34 | Loss: 0.026302 | Val: 0.132697
--- Saved model to checkpoints/diffusion/exp_seed44/state.pt ---
Epoch 35
Epoch 35 | Loss: 0.026186 | Val: 0.132935
--- Saved model to checkpoints/diffusion/exp_seed44/state.pt ---
Epoch 36
Epoch 36 | Loss: 0.023117 | Val: 0.132122
--- Saved model to checkpoints/diffusion/exp_seed44/state.pt ---
Epoch 37
Epoch 37 | Loss: 0.024328 | Val: 0.132164
--- Saved model to checkpoints/diffusion/exp_seed44/state.pt ---
Epoch 38
Epoch 38 | Loss: 0.022501 | Val: 0.132770
--- Saved model to checkpoints/diffusion/exp_seed44/state.pt ---
Epoch 39
Epoch 39 | Loss: 0.027646 | Val: 0.133942
--- Saved model to checkpoints/diffusion/exp_seed44/state.pt ---
Epoch 40
Epoch 40 | Loss: 0.022222 | Val: 0.132816
FITS files saved to results/diffusion/20260827_012453_exp_seed44_834236/generated_fits
Computing FID/KID/PDF at epoch 40...
  FID: 149.2684 | KID: 0.137431
  Pixel PDF W-dist: 0.0835
--- Saved model to checkpoints/diffusion/exp_seed44/state.pt ---
Epoch 41
Epoch 41 | Loss: 0.028915 | Val: 0.132543
--- Saved model to checkpoints/diffusion/exp_seed44/state.pt ---
Epoch 42
Epoch 42 | Loss: 0.024838 | Val: 0.132285
--- Saved model to checkpoints/diffusion/exp_seed44/state.pt ---
Epoch 43
Epoch 43 | Loss: 0.020877 | Val: 0.131975
--- Saved model to checkpoints/diffusion/exp_seed44/state.pt ---
Epoch 44
Epoch 44 | Loss: 0.019071 | Val: 0.131284
--- Saved model to checkpoints/diffusion/exp_seed44/state.pt ---
Epoch 45
Epoch 45 | Loss: 0.025508 | Val: 0.133690
--- Saved model to checkpoints/diffusion/exp_seed44/state.pt ---
Epoch 46
Epoch 46 | Loss: 0.021822 | Val: 0.133610
--- Saved model to checkpoints/diffusion/exp_seed44/state.pt ---
Epoch 47
Epoch 47 | Loss: 0.024840 | Val: 0.132318
--- Saved model to checkpoints/diffusion/exp_seed44/state.pt ---
Epoch 48
Epoch 48 | Loss: 0.022953 | Val: 0.130832
--- Saved model to checkpoints/diffusion/exp_seed44/state.pt ---
Epoch 49
Epoch 49 | Loss: 0.021278 | Val: 0.132376
--- Saved model to checkpoints/diffusion/exp_seed44/state.pt ---
Epoch 50
Epoch 50 | Loss: 0.026133 | Val: 0.131451
FITS files saved to results/diffusion/20260827_012453_exp_seed44_834236/generated_fits
Computing FID/KID/PDF at epoch 50...
  FID: 169.6236 | KID: 0.141401
  Pixel PDF W-dist: 0.1156
--- Saved model to checkpoints/diffusion/exp_seed44/state.pt ---
Epoch 51
Epoch 51 | Loss: 0.022203 | Val: 0.131809
--- Saved model to checkpoints/diffusion/exp_seed44/state.pt ---
Epoch 52
Epoch 52 | Loss: 0.021189 | Val: 0.131694
--- Saved model to checkpoints/diffusion/exp_seed44/state.pt ---
Epoch 53
Epoch 53 | Loss: 0.021852 | Val: 0.131339
--- Saved model to checkpoints/diffusion/exp_seed44/state.pt ---
Epoch 54
Epoch 54 | Loss: 0.020638 | Val: 0.132860
--- Saved model to checkpoints/diffusion/exp_seed44/state.pt ---
Epoch 55
Epoch 55 | Loss: 0.021064 | Val: 0.132377
--- Saved model to checkpoints/diffusion/exp_seed44/state.pt ---
Epoch 56
Epoch 56 | Loss: 0.022821 | Val: 0.131144
--- Saved model to checkpoints/diffusion/exp_seed44/state.pt ---
Epoch 57
Epoch 57 | Loss: 0.022258 | Val: 0.132152
--- Saved model to checkpoints/diffusion/exp_seed44/state.pt ---
Epoch 58
Epoch 58 | Loss: 0.023235 | Val: 0.129943
--- Saved model to checkpoints/diffusion/exp_seed44/state.pt ---
Epoch 59
Epoch 59 | Loss: 0.024446 | Val: 0.131080
--- Saved model to checkpoints/diffusion/exp_seed44/state.pt ---
Epoch 60
Epoch 60 | Loss: 0.029060 | Val: 0.131748
FITS files saved to results/diffusion/20260827_012453_exp_seed44_834236/generated_fits
Computing FID/KID/PDF at epoch 60...
  FID: 154.2467 | KID: 0.141149
  Pixel PDF W-dist: 0.0869
--- Saved model to checkpoints/diffusion/exp_seed44/state.pt ---
Epoch 61
Epoch 61 | Loss: 0.018769 | Val: 0.131039
--- Saved model to checkpoints/diffusion/exp_seed44/state.pt ---
Epoch 62
Epoch 62 | Loss: 0.023810 | Val: 0.132024
--- Saved model to checkpoints/diffusion/exp_seed44/state.pt ---
Epoch 63
Epoch 63 | Loss: 0.025704 | Val: 0.130145
--- Saved model to checkpoints/diffusion/exp_seed44/state.pt ---
Epoch 64
Epoch 64 | Loss: 0.024245 | Val: 0.132258
--- Saved model to checkpoints/diffusion/exp_seed44/state.pt ---
Epoch 65
Epoch 65 | Loss: 0.026428 | Val: 0.130134
--- Saved model to checkpoints/diffusion/exp_seed44/state.pt ---
Epoch 66
Epoch 66 | Loss: 0.023146 | Val: 0.132484
--- Saved model to checkpoints/diffusion/exp_seed44/state.pt ---
Epoch 67
Epoch 67 | Loss: 0.024444 | Val: 0.130008
--- Saved model to checkpoints/diffusion/exp_seed44/state.pt ---
Epoch 68
Epoch 68 | Loss: 0.023233 | Val: 0.130548
--- Saved model to checkpoints/diffusion/exp_seed44/state.pt ---
Epoch 69
Epoch 69 | Loss: 0.021801 | Val: 0.130365
--- Saved model to checkpoints/diffusion/exp_seed44/state.pt ---
Epoch 70
Epoch 70 | Loss: 0.022417 | Val: 0.129791
FITS files saved to results/diffusion/20260827_012453_exp_seed44_834236/generated_fits
Computing FID/KID/PDF at epoch 70...
  FID: 163.7985 | KID: 0.153200
  Pixel PDF W-dist: 0.1379
--- Saved model to checkpoints/diffusion/exp_seed44/state.pt ---
Epoch 71
Epoch 71 | Loss: 0.020621 | Val: 0.129628
--- Saved model to checkpoints/diffusion/exp_seed44/state.pt ---
Epoch 72
Epoch 72 | Loss: 0.020910 | Val: 0.130281
--- Saved model to checkpoints/diffusion/exp_seed44/state.pt ---
Epoch 73
Epoch 73 | Loss: 0.022110 | Val: 0.130153
--- Saved model to checkpoints/diffusion/exp_seed44/state.pt ---
Epoch 74
Epoch 74 | Loss: 0.027822 | Val: 0.130053
--- Saved model to checkpoints/diffusion/exp_seed44/state.pt ---
Epoch 75
Epoch 75 | Loss: 0.024713 | Val: 0.131127
--- Saved model to checkpoints/diffusion/exp_seed44/state.pt ---
Epoch 76
Epoch 76 | Loss: 0.024026 | Val: 0.130658
--- Saved model to checkpoints/diffusion/exp_seed44/state.pt ---
Epoch 77
Epoch 77 | Loss: 0.020296 | Val: 0.130938
--- Saved model to checkpoints/diffusion/exp_seed44/state.pt ---
Epoch 78
Epoch 78 | Loss: 0.023660 | Val: 0.129812
--- Saved model to checkpoints/diffusion/exp_seed44/state.pt ---
Epoch 79
Epoch 79 | Loss: 0.021624 | Val: 0.130747
--- Saved model to checkpoints/diffusion/exp_seed44/state.pt ---
Epoch 80
Epoch 80 | Loss: 0.019835 | Val: 0.130342
FITS files saved to results/diffusion/20260827_012453_exp_seed44_834236/generated_fits
Computing FID/KID/PDF at epoch 80...
  FID: 174.0076 | KID: 0.165356
  Pixel PDF W-dist: 0.0780
--- Saved model to checkpoints/diffusion/exp_seed44/state.pt ---
Epoch 81
Epoch 81 | Loss: 0.023844 | Val: 0.129414
--- Saved model to checkpoints/diffusion/exp_seed44/state.pt ---
Epoch 82
Epoch 82 | Loss: 0.024801 | Val: 0.130243
--- Saved model to checkpoints/diffusion/exp_seed44/state.pt ---
Epoch 83
Epoch 83 | Loss: 0.022588 | Val: 0.130907
--- Saved model to checkpoints/diffusion/exp_seed44/state.pt ---
Epoch 84
Epoch 84 | Loss: 0.023399 | Val: 0.129909
--- Saved model to checkpoints/diffusion/exp_seed44/state.pt ---
Epoch 85
Epoch 85 | Loss: 0.029439 | Val: 0.131539
--- Saved model to checkpoints/diffusion/exp_seed44/state.pt ---
Epoch 86
Epoch 86 | Loss: 0.024104 | Val: 0.130543
--- Saved model to checkpoints/diffusion/exp_seed44/state.pt ---
Epoch 87
Epoch 87 | Loss: 0.024374 | Val: 0.130779
--- Saved model to checkpoints/diffusion/exp_seed44/state.pt ---
Epoch 88
Epoch 88 | Loss: 0.023620 | Val: 0.130584
--- Saved model to checkpoints/diffusion/exp_seed44/state.pt ---
Epoch 89
Epoch 89 | Loss: 0.022833 | Val: 0.130836
--- Saved model to checkpoints/diffusion/exp_seed44/state.pt ---
Epoch 90
Epoch 90 | Loss: 0.025825 | Val: 0.130733
FITS files saved to results/diffusion/20260827_012453_exp_seed44_834236/generated_fits
Computing FID/KID/PDF at epoch 90...
  FID: 146.8801 | KID: 0.121275
  Pixel PDF W-dist: 0.0533
--- Saved model to checkpoints/diffusion/exp_seed44/state.pt ---
Epoch 91
Epoch 91 | Loss: 0.024233 | Val: 0.129876
--- Saved model to checkpoints/diffusion/exp_seed44/state.pt ---
Epoch 92
Epoch 92 | Loss: 0.025094 | Val: 0.129877
--- Saved model to checkpoints/diffusion/exp_seed44/state.pt ---
Epoch 93
Epoch 93 | Loss: 0.024791 | Val: 0.129828
--- Saved model to checkpoints/diffusion/exp_seed44/state.pt ---
Epoch 94
Epoch 94 | Loss: 0.028317 | Val: 0.130003
--- Saved model to checkpoints/diffusion/exp_seed44/state.pt ---
Epoch 95
Epoch 95 | Loss: 0.022246 | Val: 0.129556
--- Saved model to checkpoints/diffusion/exp_seed44/state.pt ---
Epoch 96
Epoch 96 | Loss: 0.022901 | Val: 0.129803
--- Saved model to checkpoints/diffusion/exp_seed44/state.pt ---
Epoch 97
Epoch 97 | Loss: 0.024440 | Val: 0.128766
--- Saved model to checkpoints/diffusion/exp_seed44/state.pt ---
Epoch 98
Epoch 98 | Loss: 0.025790 | Val: 0.129474
--- Saved model to checkpoints/diffusion/exp_seed44/state.pt ---
Epoch 99
Epoch 99 | Loss: 0.028737 | Val: 0.130892
--- Saved model to checkpoints/diffusion/exp_seed44/state.pt ---
Epoch 100
Epoch 100 | Loss: 0.021678 | Val: 0.129104
FITS files saved to results/diffusion/20260827_012453_exp_seed44_834236/generated_fits
Computing FID/KID/PDF at epoch 100...
  FID: 156.9681 | KID: 0.129446
  Pixel PDF W-dist: 0.0625
--- Saved model to checkpoints/diffusion/exp_seed44/state.pt ---
Epoch 101
Epoch 101 | Loss: 0.026328 | Val: 0.130756
--- Saved model to checkpoints/diffusion/exp_seed44/state.pt ---
Epoch 102
Epoch 102 | Loss: 0.028115 | Val: 0.129772
--- Saved model to checkpoints/diffusion/exp_seed44/state.pt ---
Epoch 103
Epoch 103 | Loss: 0.015826 | Val: 0.130101
--- Saved model to checkpoints/diffusion/exp_seed44/state.pt ---
Epoch 104
Epoch 104 | Loss: 0.021567 | Val: 0.129504
--- Saved model to checkpoints/diffusion/exp_seed44/state.pt ---
Epoch 105
Epoch 105 | Loss: 0.025708 | Val: 0.130449
--- Saved model to checkpoints/diffusion/exp_seed44/state.pt ---
Epoch 106
Epoch 106 | Loss: 0.022164 | Val: 0.130850
--- Saved model to checkpoints/diffusion/exp_seed44/state.pt ---
Epoch 107
Epoch 107 | Loss: 0.024105 | Val: 0.131483
--- Saved model to checkpoints/diffusion/exp_seed44/state.pt ---
Epoch 108
Epoch 108 | Loss: 0.026179 | Val: 0.129754
--- Saved model to checkpoints/diffusion/exp_seed44/state.pt ---
Epoch 109
Epoch 109 | Loss: 0.025711 | Val: 0.131057
--- Saved model to checkpoints/diffusion/exp_seed44/state.pt ---
Epoch 110
Epoch 110 | Loss: 0.020979 | Val: 0.129775
FITS files saved to results/diffusion/20260827_012453_exp_seed44_834236/generated_fits
Computing FID/KID/PDF at epoch 110...
  FID: 181.6116 | KID: 0.158615
  Pixel PDF W-dist: 0.0484
--- Saved model to checkpoints/diffusion/exp_seed44/state.pt ---
Epoch 111
Epoch 111 | Loss: 0.020060 | Val: 0.129670
--- Saved model to checkpoints/diffusion/exp_seed44/state.pt ---
Epoch 112
Epoch 112 | Loss: 0.021212 | Val: 0.130012
--- Saved model to checkpoints/diffusion/exp_seed44/state.pt ---
Epoch 113
Epoch 113 | Loss: 0.027335 | Val: 0.130431
--- Saved model to checkpoints/diffusion/exp_seed44/state.pt ---
Epoch 114
Epoch 114 | Loss: 0.024273 | Val: 0.129606
--- Saved model to checkpoints/diffusion/exp_seed44/state.pt ---
Epoch 115
Epoch 115 | Loss: 0.028726 | Val: 0.130155
--- Saved model to checkpoints/diffusion/exp_seed44/state.pt ---
Epoch 116
Epoch 116 | Loss: 0.021398 | Val: 0.129196
--- Saved model to checkpoints/diffusion/exp_seed44/state.pt ---
Epoch 117
Epoch 117 | Loss: 0.022214 | Val: 0.128575
--- Saved model to checkpoints/diffusion/exp_seed44/state.pt ---
Epoch 118
Epoch 118 | Loss: 0.022031 | Val: 0.129415
--- Saved model to checkpoints/diffusion/exp_seed44/state.pt ---
Epoch 119
Epoch 119 | Loss: 0.023057 | Val: 0.129096
--- Saved model to checkpoints/diffusion/exp_seed44/state.pt ---
Epoch 120
Epoch 120 | Loss: 0.022847 | Val: 0.128640
FITS files saved to results/diffusion/20260827_012453_exp_seed44_834236/generated_fits
Computing FID/KID/PDF at epoch 120...
  FID: 136.6542 | KID: 0.109181
  Pixel PDF W-dist: 0.0444
--- Saved model to checkpoints/diffusion/exp_seed44/state.pt ---
Epoch 121
Epoch 121 | Loss: 0.018057 | Val: 0.129008
--- Saved model to checkpoints/diffusion/exp_seed44/state.pt ---
Epoch 122
Epoch 122 | Loss: 0.027938 | Val: 0.130378
--- Saved model to checkpoints/diffusion/exp_seed44/state.pt ---
Epoch 123
Epoch 123 | Loss: 0.022272 | Val: 0.129004
--- Saved model to checkpoints/diffusion/exp_seed44/state.pt ---
Epoch 124
Epoch 124 | Loss: 0.023513 | Val: 0.129432
--- Saved model to checkpoints/diffusion/exp_seed44/state.pt ---
Epoch 125
Epoch 125 | Loss: 0.032237 | Val: 0.129629
--- Saved model to checkpoints/diffusion/exp_seed44/state.pt ---
Epoch 126
Epoch 126 | Loss: 0.020427 | Val: 0.130082
--- Saved model to checkpoints/diffusion/exp_seed44/state.pt ---
Epoch 127
Epoch 127 | Loss: 0.023769 | Val: 0.129235
--- Saved model to checkpoints/diffusion/exp_seed44/state.pt ---
Epoch 128
Epoch 128 | Loss: 0.027195 | Val: 0.128679
--- Saved model to checkpoints/diffusion/exp_seed44/state.pt ---
Epoch 129
Epoch 129 | Loss: 0.020667 | Val: 0.129369
--- Saved model to checkpoints/diffusion/exp_seed44/state.pt ---
Epoch 130
Epoch 130 | Loss: 0.022032 | Val: 0.128921
FITS files saved to results/diffusion/20260827_012453_exp_seed44_834236/generated_fits
Computing FID/KID/PDF at epoch 130...
  FID: 98.7277 | KID: 0.059604
  Pixel PDF W-dist: 0.0452
--- Saved model to checkpoints/diffusion/exp_seed44/state.pt ---
Epoch 131
Epoch 131 | Loss: 0.027782 | Val: 0.129085
--- Saved model to checkpoints/diffusion/exp_seed44/state.pt ---
Epoch 132
Epoch 132 | Loss: 0.020683 | Val: 0.129924
--- Saved model to checkpoints/diffusion/exp_seed44/state.pt ---
Epoch 133
Epoch 133 | Loss: 0.024926 | Val: 0.128799
--- Saved model to checkpoints/diffusion/exp_seed44/state.pt ---
Epoch 134
Epoch 134 | Loss: 0.022979 | Val: 0.128357
--- Saved model to checkpoints/diffusion/exp_seed44/state.pt ---
Epoch 135
Epoch 135 | Loss: 0.026888 | Val: 0.128460
--- Saved model to checkpoints/diffusion/exp_seed44/state.pt ---
Epoch 136
Epoch 136 | Loss: 0.022134 | Val: 0.129060
--- Saved model to checkpoints/diffusion/exp_seed44/state.pt ---
Epoch 137
Epoch 137 | Loss: 0.023601 | Val: 0.128490
--- Saved model to checkpoints/diffusion/exp_seed44/state.pt ---
Epoch 138
Epoch 138 | Loss: 0.023662 | Val: 0.129328
--- Saved model to checkpoints/diffusion/exp_seed44/state.pt ---
Epoch 139
Epoch 139 | Loss: 0.019342 | Val: 0.129635
--- Saved model to checkpoints/diffusion/exp_seed44/state.pt ---
Epoch 140
Epoch 140 | Loss: 0.022250 | Val: 0.128431
FITS files saved to results/diffusion/20260827_012453_exp_seed44_834236/generated_fits
Computing FID/KID/PDF at epoch 140...
  FID: 125.4412 | KID: 0.089162
  Pixel PDF W-dist: 0.0179
--- Saved model to checkpoints/diffusion/exp_seed44/state.pt ---
Epoch 141
Epoch 141 | Loss: 0.026329 | Val: 0.129132
--- Saved model to checkpoints/diffusion/exp_seed44/state.pt ---
Epoch 142
Epoch 142 | Loss: 0.021168 | Val: 0.129147
--- Saved model to checkpoints/diffusion/exp_seed44/state.pt ---
Epoch 143
Epoch 143 | Loss: 0.024917 | Val: 0.129157
--- Saved model to checkpoints/diffusion/exp_seed44/state.pt ---
Epoch 144
Epoch 144 | Loss: 0.022790 | Val: 0.129583
--- Saved model to checkpoints/diffusion/exp_seed44/state.pt ---
Epoch 145
Epoch 145 | Loss: 0.025023 | Val: 0.128422
--- Saved model to checkpoints/diffusion/exp_seed44/state.pt ---
Epoch 146
Epoch 146 | Loss: 0.025449 | Val: 0.129186
--- Saved model to checkpoints/diffusion/exp_seed44/state.pt ---
Epoch 147
Epoch 147 | Loss: 0.024975 | Val: 0.128566
--- Saved model to checkpoints/diffusion/exp_seed44/state.pt ---
Epoch 148
Epoch 148 | Loss: 0.022908 | Val: 0.129371
--- Saved model to checkpoints/diffusion/exp_seed44/state.pt ---
Epoch 149
Epoch 149 | Loss: 0.021268 | Val: 0.130250
--- Saved model to checkpoints/diffusion/exp_seed44/state.pt ---
Epoch 150
Epoch 150 | Loss: 0.023021 | Val: 0.129323
FITS files saved to results/diffusion/20260827_012453_exp_seed44_834236/generated_fits
Computing FID/KID/PDF at epoch 150...
  FID: 123.4500 | KID: 0.088003
  Pixel PDF W-dist: 0.0186
--- Saved model to checkpoints/diffusion/exp_seed44/state.pt ---
Epoch 151
Epoch 151 | Loss: 0.026712 | Val: 0.128960
--- Saved model to checkpoints/diffusion/exp_seed44/state.pt ---
Epoch 152
Epoch 152 | Loss: 0.021787 | Val: 0.128947
--- Saved model to checkpoints/diffusion/exp_seed44/state.pt ---
Epoch 153
Epoch 153 | Loss: 0.028255 | Val: 0.128557
--- Saved model to checkpoints/diffusion/exp_seed44/state.pt ---
Epoch 154
Epoch 154 | Loss: 0.018517 | Val: 0.128772
--- Saved model to checkpoints/diffusion/exp_seed44/state.pt ---
Epoch 155
Epoch 155 | Loss: 0.022004 | Val: 0.130017
--- Saved model to checkpoints/diffusion/exp_seed44/state.pt ---
Epoch 156
Epoch 156 | Loss: 0.020290 | Val: 0.129260
--- Saved model to checkpoints/diffusion/exp_seed44/state.pt ---
Epoch 157
Epoch 157 | Loss: 0.022751 | Val: 0.129062
--- Saved model to checkpoints/diffusion/exp_seed44/state.pt ---
Epoch 158
Epoch 158 | Loss: 0.019937 | Val: 0.128870
--- Saved model to checkpoints/diffusion/exp_seed44/state.pt ---
Epoch 159
Epoch 159 | Loss: 0.019087 | Val: 0.128128
--- Saved model to checkpoints/diffusion/exp_seed44/state.pt ---
Epoch 160
Epoch 160 | Loss: 0.021099 | Val: 0.129325
FITS files saved to results/diffusion/20260827_012453_exp_seed44_834236/generated_fits
Computing FID/KID/PDF at epoch 160...
  FID: 101.9489 | KID: 0.053504
  Pixel PDF W-dist: 0.0203
--- Saved model to checkpoints/diffusion/exp_seed44/state.pt ---
Epoch 161
Epoch 161 | Loss: 0.023652 | Val: 0.129253
--- Saved model to checkpoints/diffusion/exp_seed44/state.pt ---
Epoch 162
Epoch 162 | Loss: 0.022868 | Val: 0.129574
--- Saved model to checkpoints/diffusion/exp_seed44/state.pt ---
Epoch 163
Epoch 163 | Loss: 0.026260 | Val: 0.130335
--- Saved model to checkpoints/diffusion/exp_seed44/state.pt ---
Epoch 164
Epoch 164 | Loss: 0.022941 | Val: 0.128414
--- Saved model to checkpoints/diffusion/exp_seed44/state.pt ---
Epoch 165
Epoch 165 | Loss: 0.023245 | Val: 0.128313
--- Saved model to checkpoints/diffusion/exp_seed44/state.pt ---
Epoch 166
Epoch 166 | Loss: 0.020048 | Val: 0.128786
--- Saved model to checkpoints/diffusion/exp_seed44/state.pt ---
Epoch 167
Epoch 167 | Loss: 0.021686 | Val: 0.129387
--- Saved model to checkpoints/diffusion/exp_seed44/state.pt ---
Epoch 168
Epoch 168 | Loss: 0.026938 | Val: 0.130339
--- Saved model to checkpoints/diffusion/exp_seed44/state.pt ---
Epoch 169
Epoch 169 | Loss: 0.022637 | Val: 0.128715
--- Saved model to checkpoints/diffusion/exp_seed44/state.pt ---
Epoch 170
Epoch 170 | Loss: 0.022248 | Val: 0.129112
FITS files saved to results/diffusion/20260827_012453_exp_seed44_834236/generated_fits
Computing FID/KID/PDF at epoch 170...
  FID: 110.4841 | KID: 0.067318
  Pixel PDF W-dist: 0.0163
--- Saved model to checkpoints/diffusion/exp_seed44/state.pt ---
Epoch 171
Epoch 171 | Loss: 0.023753 | Val: 0.129683
--- Saved model to checkpoints/diffusion/exp_seed44/state.pt ---
Epoch 172
Epoch 172 | Loss: 0.023367 | Val: 0.128713
--- Saved model to checkpoints/diffusion/exp_seed44/state.pt ---
Epoch 173
Epoch 173 | Loss: 0.022254 | Val: 0.129419
--- Saved model to checkpoints/diffusion/exp_seed44/state.pt ---
Epoch 174
Epoch 174 | Loss: 0.020734 | Val: 0.128834
--- Saved model to checkpoints/diffusion/exp_seed44/state.pt ---
Epoch 175
Epoch 175 | Loss: 0.022550 | Val: 0.128262
--- Saved model to checkpoints/diffusion/exp_seed44/state.pt ---
Epoch 176
Epoch 176 | Loss: 0.028131 | Val: 0.129250
--- Saved model to checkpoints/diffusion/exp_seed44/state.pt ---
Epoch 177
Epoch 177 | Loss: 0.024207 | Val: 0.128930
--- Saved model to checkpoints/diffusion/exp_seed44/state.pt ---
Epoch 178
Epoch 178 | Loss: 0.023765 | Val: 0.128890
--- Saved model to checkpoints/diffusion/exp_seed44/state.pt ---
Epoch 179
Epoch 179 | Loss: 0.024708 | Val: 0.129037
--- Saved model to checkpoints/diffusion/exp_seed44/state.pt ---
Epoch 180
Epoch 180 | Loss: 0.026553 | Val: 0.128986
FITS files saved to results/diffusion/20260827_012453_exp_seed44_834236/generated_fits
Computing FID/KID/PDF at epoch 180...
  FID: 93.1653 | KID: 0.035130
  Pixel PDF W-dist: 0.0210
--- Saved model to checkpoints/diffusion/exp_seed44/state.pt ---
Epoch 181
Epoch 181 | Loss: 0.023858 | Val: 0.129506
--- Saved model to checkpoints/diffusion/exp_seed44/state.pt ---
Epoch 182
Epoch 182 | Loss: 0.024435 | Val: 0.130866
--- Saved model to checkpoints/diffusion/exp_seed44/state.pt ---
Epoch 183
Epoch 183 | Loss: 0.022992 | Val: 0.128767
--- Saved model to checkpoints/diffusion/exp_seed44/state.pt ---
Epoch 184
Epoch 184 | Loss: 0.017348 | Val: 0.130459
--- Saved model to checkpoints/diffusion/exp_seed44/state.pt ---
Epoch 185
Epoch 185 | Loss: 0.030059 | Val: 0.128612
--- Saved model to checkpoints/diffusion/exp_seed44/state.pt ---
Epoch 186
Epoch 186 | Loss: 0.020924 | Val: 0.128235
--- Saved model to checkpoints/diffusion/exp_seed44/state.pt ---
Epoch 187
Epoch 187 | Loss: 0.025478 | Val: 0.129057
--- Saved model to checkpoints/diffusion/exp_seed44/state.pt ---
Epoch 188
Epoch 188 | Loss: 0.021150 | Val: 0.130041
--- Saved model to checkpoints/diffusion/exp_seed44/state.pt ---
Epoch 189
Epoch 189 | Loss: 0.024573 | Val: 0.128871
--- Saved model to checkpoints/diffusion/exp_seed44/state.pt ---
Epoch 190
Epoch 190 | Loss: 0.023345 | Val: 0.129208
FITS files saved to results/diffusion/20260827_012453_exp_seed44_834236/generated_fits
Computing FID/KID/PDF at epoch 190...
  FID: 95.7914 | KID: 0.041584
  Pixel PDF W-dist: 0.0171
--- Saved model to checkpoints/diffusion/exp_seed44/state.pt ---
Epoch 191
Epoch 191 | Loss: 0.022177 | Val: 0.129332
--- Saved model to checkpoints/diffusion/exp_seed44/state.pt ---
Epoch 192
Epoch 192 | Loss: 0.023025 | Val: 0.129615
--- Saved model to checkpoints/diffusion/exp_seed44/state.pt ---
Epoch 193
Epoch 193 | Loss: 0.021921 | Val: 0.128069
--- Saved model to checkpoints/diffusion/exp_seed44/state.pt ---
Epoch 194
Epoch 194 | Loss: 0.019359 | Val: 0.128830
--- Saved model to checkpoints/diffusion/exp_seed44/state.pt ---
Epoch 195
Epoch 195 | Loss: 0.020242 | Val: 0.129404
--- Saved model to checkpoints/diffusion/exp_seed44/state.pt ---
Epoch 196
Epoch 196 | Loss: 0.026315 | Val: 0.129351
--- Saved model to checkpoints/diffusion/exp_seed44/state.pt ---
Epoch 197
Epoch 197 | Loss: 0.024405 | Val: 0.129415
--- Saved model to checkpoints/diffusion/exp_seed44/state.pt ---
Epoch 198
Epoch 198 | Loss: 0.022213 | Val: 0.128920
--- Saved model to checkpoints/diffusion/exp_seed44/state.pt ---
Epoch 199
Epoch 199 | Loss: 0.020007 | Val: 0.129822
--- Saved model to checkpoints/diffusion/exp_seed44/state.pt ---
FITS files saved to results/diffusion/20260827_012453_exp_seed44_834236/generated_fits
Generated images saved.
Loss graph saved to results/diffusion/20260827_012453_exp_seed44_834236/training_metrics.png
Generative metrics plot saved to results/diffusion/20260827_012453_exp_seed44_834236/generative_metrics.png
Pixel PDF history plot saved to results/diffusion/20260827_012453_exp_seed44_834236/pixel_pdf_history.png
Testing model
Generated test images saved to results/diffusion/20260827_012453_exp_seed44_834236/
