CUDA Memory Cleared. Current VRAM Usage: 0.00 MB
On device cuda
Getting data loader crumb_fits
Loaded FITS stats: noise_rms=0.000324, peak_log=4.066700
Loaded FITS stats: noise_rms=0.000324, peak_log=4.066700
Total unique classes found: 2
Label IDs: [0, 1]
Total images in dataset: 1789
Total batches: 157 (at batch size 8)

============================================================
Run 1/1  |  seed=42  |  tag=exp_seed42  |  results -> results/classifier_guided_diffusion/20260826_152457_exp_seed42_834231
============================================================

Training classifier_guided_diffusion for 300 epochs
Loaded guidance classifier (classification) from checkpoints/classification/scratch
No pre-trained checkpoint at checkpoints/diffusion_crumb_fits, training from scratch
Epoch 0
/idia/users/bevan/pid-radast/classifier-guided-physics-informed-diffusion/.venv/lib/python3.11/site-packages/diffusers/configuration_utils.py:139: FutureWarning: Accessing config attribute `num_train_timesteps` directly via 'DDPMScheduler' object attribute is deprecated. Please access 'num_train_timesteps' over 'DDPMScheduler's config object instead, e.g. 'scheduler.config.num_train_timesteps'.
  deprecate("direct config name access", "1.0.0", deprecation_message, standard_warn=False)
/idia/users/bevan/pid-radast/classifier-guided-physics-informed-diffusion/.venv/lib/python3.11/site-packages/diffusers/models/attention_processor.py:1259: UserWarning: Memory Efficient attention is a non-deterministic algorithm. To explicitly disable Memory Efficient attention call torch.use_deterministic_algorithms(True, warn_only=False). (Triggered internally at ../aten/src/ATen/native/transformers/cuda/sdp_utils.h:419.)
  hidden_states = F.scaled_dot_product_attention(
/idia/users/bevan/pid-radast/classifier-guided-physics-informed-diffusion/.venv/lib/python3.11/site-packages/torchmetrics/utilities/prints.py:43: UserWarning: Metric `Kernel Inception Distance` will save all extracted features in buffer. For large datasets this may lead to large memory footprint.
  warnings.warn(*args, **kwargs)
Epoch 0 | Loss: 0.087102 | Val: 0.155721
FITS files saved to results/classifier_guided_diffusion/20260826_152457_exp_seed42_834231/generated_fits
Computing FID/KID/PDF at epoch 0...
  FID: 182.0234 | KID: 0.205925
  Pixel PDF W-dist: 0.0184
--- Saved model to checkpoints/classifier_guided_diffusion/exp_seed42/state.pt ---
Epoch 1
Epoch 1 | Loss: 0.035339 | Val: 0.148720
--- Saved model to checkpoints/classifier_guided_diffusion/exp_seed42/state.pt ---
Epoch 2
Epoch 2 | Loss: 0.026291 | Val: 0.146012
--- Saved model to checkpoints/classifier_guided_diffusion/exp_seed42/state.pt ---
Epoch 3
Epoch 3 | Loss: 0.031460 | Val: 0.141718
--- Saved model to checkpoints/classifier_guided_diffusion/exp_seed42/state.pt ---
Epoch 4
Epoch 4 | Loss: 0.024891 | Val: 0.138974
--- Saved model to checkpoints/classifier_guided_diffusion/exp_seed42/state.pt ---
Epoch 5
Epoch 5 | Loss: 0.023891 | Val: 0.139945
--- Saved model to checkpoints/classifier_guided_diffusion/exp_seed42/state.pt ---
Epoch 6
Epoch 6 | Loss: 0.029566 | Val: 0.136013
--- Saved model to checkpoints/classifier_guided_diffusion/exp_seed42/state.pt ---
Epoch 7
Epoch 7 | Loss: 0.026042 | Val: 0.137639
--- Saved model to checkpoints/classifier_guided_diffusion/exp_seed42/state.pt ---
Epoch 8
Epoch 8 | Loss: 0.024165 | Val: 0.136871
--- Saved model to checkpoints/classifier_guided_diffusion/exp_seed42/state.pt ---
Epoch 9
Epoch 9 | Loss: 0.026589 | Val: 0.136735
--- Saved model to checkpoints/classifier_guided_diffusion/exp_seed42/state.pt ---
Epoch 10
Epoch 10 | Loss: 0.026398 | Val: 0.136867
FITS files saved to results/classifier_guided_diffusion/20260826_152457_exp_seed42_834231/generated_fits
Computing FID/KID/PDF at epoch 10...
  FID: 131.7950 | KID: 0.112153
  Pixel PDF W-dist: 0.2766
--- Saved model to checkpoints/classifier_guided_diffusion/exp_seed42/state.pt ---
Epoch 11
Epoch 11 | Loss: 0.026696 | Val: 0.135285
--- Saved model to checkpoints/classifier_guided_diffusion/exp_seed42/state.pt ---
Epoch 12
Epoch 12 | Loss: 0.025714 | Val: 0.133544
--- Saved model to checkpoints/classifier_guided_diffusion/exp_seed42/state.pt ---
Epoch 13
Epoch 13 | Loss: 0.024296 | Val: 0.134977
--- Saved model to checkpoints/classifier_guided_diffusion/exp_seed42/state.pt ---
Epoch 14
Epoch 14 | Loss: 0.021511 | Val: 0.134391
--- Saved model to checkpoints/classifier_guided_diffusion/exp_seed42/state.pt ---
Epoch 15
Epoch 15 | Loss: 0.025718 | Val: 0.137543
--- Saved model to checkpoints/classifier_guided_diffusion/exp_seed42/state.pt ---
Epoch 16
Epoch 16 | Loss: 0.026335 | Val: 0.134050
--- Saved model to checkpoints/classifier_guided_diffusion/exp_seed42/state.pt ---
Epoch 17
Epoch 17 | Loss: 0.025806 | Val: 0.134209
--- Saved model to checkpoints/classifier_guided_diffusion/exp_seed42/state.pt ---
Epoch 18
Epoch 18 | Loss: 0.025530 | Val: 0.135267
--- Saved model to checkpoints/classifier_guided_diffusion/exp_seed42/state.pt ---
Epoch 19
Epoch 19 | Loss: 0.021459 | Val: 0.135454
--- Saved model to checkpoints/classifier_guided_diffusion/exp_seed42/state.pt ---
Epoch 20
Epoch 20 | Loss: 0.025224 | Val: 0.135624
FITS files saved to results/classifier_guided_diffusion/20260826_152457_exp_seed42_834231/generated_fits
Computing FID/KID/PDF at epoch 20...
  FID: 149.4524 | KID: 0.142735
  Pixel PDF W-dist: 0.0780
--- Saved model to checkpoints/classifier_guided_diffusion/exp_seed42/state.pt ---
Epoch 21
Epoch 21 | Loss: 0.028975 | Val: 0.133676
--- Saved model to checkpoints/classifier_guided_diffusion/exp_seed42/state.pt ---
Epoch 22
Epoch 22 | Loss: 0.024649 | Val: 0.133729
--- Saved model to checkpoints/classifier_guided_diffusion/exp_seed42/state.pt ---
Epoch 23
Epoch 23 | Loss: 0.025292 | Val: 0.133806
--- Saved model to checkpoints/classifier_guided_diffusion/exp_seed42/state.pt ---
Epoch 24
Epoch 24 | Loss: 0.025414 | Val: 0.133549
--- Saved model to checkpoints/classifier_guided_diffusion/exp_seed42/state.pt ---
Epoch 25
Epoch 25 | Loss: 0.023276 | Val: 0.134169
--- Saved model to checkpoints/classifier_guided_diffusion/exp_seed42/state.pt ---
Epoch 26
Epoch 26 | Loss: 0.024645 | Val: 0.133488
--- Saved model to checkpoints/classifier_guided_diffusion/exp_seed42/state.pt ---
Epoch 27
Epoch 27 | Loss: 0.023368 | Val: 0.133549
--- Saved model to checkpoints/classifier_guided_diffusion/exp_seed42/state.pt ---
Epoch 28
Epoch 28 | Loss: 0.025202 | Val: 0.133244
--- Saved model to checkpoints/classifier_guided_diffusion/exp_seed42/state.pt ---
Epoch 29
Epoch 29 | Loss: 0.026446 | Val: 0.133267
--- Saved model to checkpoints/classifier_guided_diffusion/exp_seed42/state.pt ---
Epoch 30
Epoch 30 | Loss: 0.020759 | Val: 0.132323
FITS files saved to results/classifier_guided_diffusion/20260826_152457_exp_seed42_834231/generated_fits
Computing FID/KID/PDF at epoch 30...
  FID: 147.8787 | KID: 0.142348
  Pixel PDF W-dist: 0.2059
--- Saved model to checkpoints/classifier_guided_diffusion/exp_seed42/state.pt ---
Epoch 31
Epoch 31 | Loss: 0.026710 | Val: 0.133314
--- Saved model to checkpoints/classifier_guided_diffusion/exp_seed42/state.pt ---
Epoch 32
Epoch 32 | Loss: 0.027502 | Val: 0.132700
--- Saved model to checkpoints/classifier_guided_diffusion/exp_seed42/state.pt ---
Epoch 33
Epoch 33 | Loss: 0.021685 | Val: 0.132826
--- Saved model to checkpoints/classifier_guided_diffusion/exp_seed42/state.pt ---
Epoch 34
Epoch 34 | Loss: 0.024001 | Val: 0.132803
--- Saved model to checkpoints/classifier_guided_diffusion/exp_seed42/state.pt ---
Epoch 35
Epoch 35 | Loss: 0.022529 | Val: 0.133675
--- Saved model to checkpoints/classifier_guided_diffusion/exp_seed42/state.pt ---
Epoch 36
Epoch 36 | Loss: 0.025619 | Val: 0.134066
--- Saved model to checkpoints/classifier_guided_diffusion/exp_seed42/state.pt ---
Epoch 37
Epoch 37 | Loss: 0.026848 | Val: 0.132500
--- Saved model to checkpoints/classifier_guided_diffusion/exp_seed42/state.pt ---
Epoch 38
Epoch 38 | Loss: 0.022917 | Val: 0.133725
--- Saved model to checkpoints/classifier_guided_diffusion/exp_seed42/state.pt ---
Epoch 39
Epoch 39 | Loss: 0.022777 | Val: 0.132983
--- Saved model to checkpoints/classifier_guided_diffusion/exp_seed42/state.pt ---
Epoch 40
Epoch 40 | Loss: 0.025788 | Val: 0.133119
FITS files saved to results/classifier_guided_diffusion/20260826_152457_exp_seed42_834231/generated_fits
Computing FID/KID/PDF at epoch 40...
  FID: 150.3350 | KID: 0.151045
  Pixel PDF W-dist: 0.1913
--- Saved model to checkpoints/classifier_guided_diffusion/exp_seed42/state.pt ---
Epoch 41
Epoch 41 | Loss: 0.024300 | Val: 0.132447
--- Saved model to checkpoints/classifier_guided_diffusion/exp_seed42/state.pt ---
Epoch 42
Epoch 42 | Loss: 0.024552 | Val: 0.132313
--- Saved model to checkpoints/classifier_guided_diffusion/exp_seed42/state.pt ---
Epoch 43
Epoch 43 | Loss: 0.026364 | Val: 0.132049
--- Saved model to checkpoints/classifier_guided_diffusion/exp_seed42/state.pt ---
Epoch 44
Epoch 44 | Loss: 0.023867 | Val: 0.132953
--- Saved model to checkpoints/classifier_guided_diffusion/exp_seed42/state.pt ---
Epoch 45
Epoch 45 | Loss: 0.026186 | Val: 0.133237
--- Saved model to checkpoints/classifier_guided_diffusion/exp_seed42/state.pt ---
Epoch 46
Epoch 46 | Loss: 0.023074 | Val: 0.132635
--- Saved model to checkpoints/classifier_guided_diffusion/exp_seed42/state.pt ---
Epoch 47
Epoch 47 | Loss: 0.025905 | Val: 0.131851
--- Saved model to checkpoints/classifier_guided_diffusion/exp_seed42/state.pt ---
Epoch 48
Epoch 48 | Loss: 0.024631 | Val: 0.132991
--- Saved model to checkpoints/classifier_guided_diffusion/exp_seed42/state.pt ---
Epoch 49
Epoch 49 | Loss: 0.021303 | Val: 0.132773
--- Saved model to checkpoints/classifier_guided_diffusion/exp_seed42/state.pt ---
Epoch 50
Epoch 50 | Loss: 0.018288 | Val: 0.133275
FITS files saved to results/classifier_guided_diffusion/20260826_152457_exp_seed42_834231/generated_fits
Computing FID/KID/PDF at epoch 50...
  FID: 181.2732 | KID: 0.159188
  Pixel PDF W-dist: 0.1897
--- Saved model to checkpoints/classifier_guided_diffusion/exp_seed42/state.pt ---
Epoch 51
Epoch 51 | Loss: 0.023196 | Val: 0.132131
--- Saved model to checkpoints/classifier_guided_diffusion/exp_seed42/state.pt ---
Epoch 52
Epoch 52 | Loss: 0.024844 | Val: 0.132753
--- Saved model to checkpoints/classifier_guided_diffusion/exp_seed42/state.pt ---
Epoch 53
Epoch 53 | Loss: 0.021236 | Val: 0.131965
--- Saved model to checkpoints/classifier_guided_diffusion/exp_seed42/state.pt ---
Epoch 54
Epoch 54 | Loss: 0.023177 | Val: 0.133517
--- Saved model to checkpoints/classifier_guided_diffusion/exp_seed42/state.pt ---
Epoch 55
Epoch 55 | Loss: 0.025338 | Val: 0.132169
--- Saved model to checkpoints/classifier_guided_diffusion/exp_seed42/state.pt ---
Epoch 56
Epoch 56 | Loss: 0.022074 | Val: 0.133051
--- Saved model to checkpoints/classifier_guided_diffusion/exp_seed42/state.pt ---
Epoch 57
Epoch 57 | Loss: 0.024874 | Val: 0.133506
--- Saved model to checkpoints/classifier_guided_diffusion/exp_seed42/state.pt ---
Epoch 58
Epoch 58 | Loss: 0.025717 | Val: 0.133184
--- Saved model to checkpoints/classifier_guided_diffusion/exp_seed42/state.pt ---
Epoch 59
Epoch 59 | Loss: 0.020245 | Val: 0.134092
--- Saved model to checkpoints/classifier_guided_diffusion/exp_seed42/state.pt ---
Epoch 60
Epoch 60 | Loss: 0.026720 | Val: 0.132539
FITS files saved to results/classifier_guided_diffusion/20260826_152457_exp_seed42_834231/generated_fits
Computing FID/KID/PDF at epoch 60...
  FID: 174.4635 | KID: 0.175582
  Pixel PDF W-dist: 0.1069
--- Saved model to checkpoints/classifier_guided_diffusion/exp_seed42/state.pt ---
Epoch 61
Epoch 61 | Loss: 0.025160 | Val: 0.133066
--- Saved model to checkpoints/classifier_guided_diffusion/exp_seed42/state.pt ---
Epoch 62
Epoch 62 | Loss: 0.019770 | Val: 0.131863
--- Saved model to checkpoints/classifier_guided_diffusion/exp_seed42/state.pt ---
Epoch 63
Epoch 63 | Loss: 0.027146 | Val: 0.132164
--- Saved model to checkpoints/classifier_guided_diffusion/exp_seed42/state.pt ---
Epoch 64
Epoch 64 | Loss: 0.021747 | Val: 0.131532
--- Saved model to checkpoints/classifier_guided_diffusion/exp_seed42/state.pt ---
Epoch 65
Epoch 65 | Loss: 0.025076 | Val: 0.133528
--- Saved model to checkpoints/classifier_guided_diffusion/exp_seed42/state.pt ---
Epoch 66
Epoch 66 | Loss: 0.025933 | Val: 0.132340
--- Saved model to checkpoints/classifier_guided_diffusion/exp_seed42/state.pt ---
Epoch 67
Epoch 67 | Loss: 0.028305 | Val: 0.131846
--- Saved model to checkpoints/classifier_guided_diffusion/exp_seed42/state.pt ---
Epoch 68
Epoch 68 | Loss: 0.021727 | Val: 0.131048
--- Saved model to checkpoints/classifier_guided_diffusion/exp_seed42/state.pt ---
Epoch 69
Epoch 69 | Loss: 0.021446 | Val: 0.131399
--- Saved model to checkpoints/classifier_guided_diffusion/exp_seed42/state.pt ---
Epoch 70
Epoch 70 | Loss: 0.017871 | Val: 0.130747
FITS files saved to results/classifier_guided_diffusion/20260826_152457_exp_seed42_834231/generated_fits
Computing FID/KID/PDF at epoch 70...
  FID: 160.2217 | KID: 0.130714
  Pixel PDF W-dist: 0.0323
--- Saved model to checkpoints/classifier_guided_diffusion/exp_seed42/state.pt ---
Epoch 71
Epoch 71 | Loss: 0.030244 | Val: 0.131689
--- Saved model to checkpoints/classifier_guided_diffusion/exp_seed42/state.pt ---
Epoch 72
Epoch 72 | Loss: 0.024361 | Val: 0.131679
--- Saved model to checkpoints/classifier_guided_diffusion/exp_seed42/state.pt ---
Epoch 73
Epoch 73 | Loss: 0.016942 | Val: 0.132299
--- Saved model to checkpoints/classifier_guided_diffusion/exp_seed42/state.pt ---
Epoch 74
Epoch 74 | Loss: 0.027483 | Val: 0.131961
--- Saved model to checkpoints/classifier_guided_diffusion/exp_seed42/state.pt ---
Epoch 75
Epoch 75 | Loss: 0.021669 | Val: 0.130795
--- Saved model to checkpoints/classifier_guided_diffusion/exp_seed42/state.pt ---
Epoch 76
Epoch 76 | Loss: 0.021919 | Val: 0.131175
--- Saved model to checkpoints/classifier_guided_diffusion/exp_seed42/state.pt ---
Epoch 77
Epoch 77 | Loss: 0.023222 | Val: 0.132157
--- Saved model to checkpoints/classifier_guided_diffusion/exp_seed42/state.pt ---
Epoch 78
Epoch 78 | Loss: 0.025392 | Val: 0.132238
--- Saved model to checkpoints/classifier_guided_diffusion/exp_seed42/state.pt ---
Epoch 79
Epoch 79 | Loss: 0.021843 | Val: 0.133570
--- Saved model to checkpoints/classifier_guided_diffusion/exp_seed42/state.pt ---
Epoch 80
Epoch 80 | Loss: 0.029078 | Val: 0.133360
FITS files saved to results/classifier_guided_diffusion/20260826_152457_exp_seed42_834231/generated_fits
Computing FID/KID/PDF at epoch 80...
  FID: 198.2514 | KID: 0.167438
  Pixel PDF W-dist: 0.1078
--- Saved model to checkpoints/classifier_guided_diffusion/exp_seed42/state.pt ---
Epoch 81
Epoch 81 | Loss: 0.022612 | Val: 0.132328
--- Saved model to checkpoints/classifier_guided_diffusion/exp_seed42/state.pt ---
Epoch 82
Epoch 82 | Loss: 0.022971 | Val: 0.132306
--- Saved model to checkpoints/classifier_guided_diffusion/exp_seed42/state.pt ---
Epoch 83
Epoch 83 | Loss: 0.023385 | Val: 0.132941
--- Saved model to checkpoints/classifier_guided_diffusion/exp_seed42/state.pt ---
Epoch 84
Epoch 84 | Loss: 0.027255 | Val: 0.132588
--- Saved model to checkpoints/classifier_guided_diffusion/exp_seed42/state.pt ---
Epoch 85
Epoch 85 | Loss: 0.026039 | Val: 0.132121
--- Saved model to checkpoints/classifier_guided_diffusion/exp_seed42/state.pt ---
Epoch 86
Epoch 86 | Loss: 0.024411 | Val: 0.131537
--- Saved model to checkpoints/classifier_guided_diffusion/exp_seed42/state.pt ---
Epoch 87
Epoch 87 | Loss: 0.022566 | Val: 0.133876
--- Saved model to checkpoints/classifier_guided_diffusion/exp_seed42/state.pt ---
Epoch 88
Epoch 88 | Loss: 0.022852 | Val: 0.133549
--- Saved model to checkpoints/classifier_guided_diffusion/exp_seed42/state.pt ---
Epoch 89
Epoch 89 | Loss: 0.031197 | Val: 0.132075
--- Saved model to checkpoints/classifier_guided_diffusion/exp_seed42/state.pt ---
Epoch 90
Epoch 90 | Loss: 0.023551 | Val: 0.130879
FITS files saved to results/classifier_guided_diffusion/20260826_152457_exp_seed42_834231/generated_fits
Computing FID/KID/PDF at epoch 90...
  FID: 150.0657 | KID: 0.146945
  Pixel PDF W-dist: 0.0799
--- Saved model to checkpoints/classifier_guided_diffusion/exp_seed42/state.pt ---
Epoch 91
Epoch 91 | Loss: 0.024465 | Val: 0.130427
--- Saved model to checkpoints/classifier_guided_diffusion/exp_seed42/state.pt ---
Epoch 92
Epoch 92 | Loss: 0.022012 | Val: 0.131293
--- Saved model to checkpoints/classifier_guided_diffusion/exp_seed42/state.pt ---
Epoch 93
Epoch 93 | Loss: 0.024765 | Val: 0.131082
--- Saved model to checkpoints/classifier_guided_diffusion/exp_seed42/state.pt ---
Epoch 94
Epoch 94 | Loss: 0.023298 | Val: 0.131002
--- Saved model to checkpoints/classifier_guided_diffusion/exp_seed42/state.pt ---
Epoch 95
Epoch 95 | Loss: 0.020733 | Val: 0.130804
--- Saved model to checkpoints/classifier_guided_diffusion/exp_seed42/state.pt ---
Epoch 96
Epoch 96 | Loss: 0.021678 | Val: 0.132199
--- Saved model to checkpoints/classifier_guided_diffusion/exp_seed42/state.pt ---
Epoch 97
Epoch 97 | Loss: 0.025612 | Val: 0.131975
--- Saved model to checkpoints/classifier_guided_diffusion/exp_seed42/state.pt ---
Epoch 98
Epoch 98 | Loss: 0.026351 | Val: 0.130900
--- Saved model to checkpoints/classifier_guided_diffusion/exp_seed42/state.pt ---
Epoch 99
Epoch 99 | Loss: 0.025665 | Val: 0.130337
--- Saved model to checkpoints/classifier_guided_diffusion/exp_seed42/state.pt ---
Epoch 100
Epoch 100 | Loss: 0.024622 | Val: 0.131922
FITS files saved to results/classifier_guided_diffusion/20260826_152457_exp_seed42_834231/generated_fits
Computing FID/KID/PDF at epoch 100...
  FID: 149.1553 | KID: 0.130081
  Pixel PDF W-dist: 0.0358
--- Saved model to checkpoints/classifier_guided_diffusion/exp_seed42/state.pt ---
Epoch 101
Epoch 101 | Loss: 0.024794 | Val: 0.130117
--- Saved model to checkpoints/classifier_guided_diffusion/exp_seed42/state.pt ---
Epoch 102
Epoch 102 | Loss: 0.023516 | Val: 0.131711
--- Saved model to checkpoints/classifier_guided_diffusion/exp_seed42/state.pt ---
Epoch 103
Epoch 103 | Loss: 0.028426 | Val: 0.131770
--- Saved model to checkpoints/classifier_guided_diffusion/exp_seed42/state.pt ---
Epoch 104
Epoch 104 | Loss: 0.021643 | Val: 0.130105
--- Saved model to checkpoints/classifier_guided_diffusion/exp_seed42/state.pt ---
Epoch 105
Epoch 105 | Loss: 0.022050 | Val: 0.129953
--- Saved model to checkpoints/classifier_guided_diffusion/exp_seed42/state.pt ---
Epoch 106
Epoch 106 | Loss: 0.022901 | Val: 0.129560
--- Saved model to checkpoints/classifier_guided_diffusion/exp_seed42/state.pt ---
Epoch 107
Epoch 107 | Loss: 0.026979 | Val: 0.131246
--- Saved model to checkpoints/classifier_guided_diffusion/exp_seed42/state.pt ---
Epoch 108
Epoch 108 | Loss: 0.021925 | Val: 0.130770
--- Saved model to checkpoints/classifier_guided_diffusion/exp_seed42/state.pt ---
Epoch 109
Epoch 109 | Loss: 0.022529 | Val: 0.130536
--- Saved model to checkpoints/classifier_guided_diffusion/exp_seed42/state.pt ---
Epoch 110
Epoch 110 | Loss: 0.026327 | Val: 0.130885
FITS files saved to results/classifier_guided_diffusion/20260826_152457_exp_seed42_834231/generated_fits
Computing FID/KID/PDF at epoch 110...
  FID: 140.0898 | KID: 0.124539
  Pixel PDF W-dist: 0.0766
--- Saved model to checkpoints/classifier_guided_diffusion/exp_seed42/state.pt ---
Epoch 111
Epoch 111 | Loss: 0.024462 | Val: 0.130276
--- Saved model to checkpoints/classifier_guided_diffusion/exp_seed42/state.pt ---
Epoch 112
Epoch 112 | Loss: 0.022456 | Val: 0.130181
--- Saved model to checkpoints/classifier_guided_diffusion/exp_seed42/state.pt ---
Epoch 113
Epoch 113 | Loss: 0.025341 | Val: 0.130651
--- Saved model to checkpoints/classifier_guided_diffusion/exp_seed42/state.pt ---
Epoch 114
Epoch 114 | Loss: 0.027130 | Val: 0.129792
--- Saved model to checkpoints/classifier_guided_diffusion/exp_seed42/state.pt ---
Epoch 115
Epoch 115 | Loss: 0.022330 | Val: 0.129523
--- Saved model to checkpoints/classifier_guided_diffusion/exp_seed42/state.pt ---
Epoch 116
Epoch 116 | Loss: 0.024072 | Val: 0.130207
--- Saved model to checkpoints/classifier_guided_diffusion/exp_seed42/state.pt ---
Epoch 117
Epoch 117 | Loss: 0.024149 | Val: 0.129741
--- Saved model to checkpoints/classifier_guided_diffusion/exp_seed42/state.pt ---
Epoch 118
Epoch 118 | Loss: 0.022595 | Val: 0.130635
--- Saved model to checkpoints/classifier_guided_diffusion/exp_seed42/state.pt ---
Epoch 119
Epoch 119 | Loss: 0.023699 | Val: 0.129072
--- Saved model to checkpoints/classifier_guided_diffusion/exp_seed42/state.pt ---
Epoch 120
Epoch 120 | Loss: 0.019107 | Val: 0.131107
FITS files saved to results/classifier_guided_diffusion/20260826_152457_exp_seed42_834231/generated_fits
Computing FID/KID/PDF at epoch 120...
  FID: 119.3349 | KID: 0.085552
  Pixel PDF W-dist: 0.0236
--- Saved model to checkpoints/classifier_guided_diffusion/exp_seed42/state.pt ---
Epoch 121
Epoch 121 | Loss: 0.021317 | Val: 0.129272
--- Saved model to checkpoints/classifier_guided_diffusion/exp_seed42/state.pt ---
Epoch 122
Epoch 122 | Loss: 0.025123 | Val: 0.130680
--- Saved model to checkpoints/classifier_guided_diffusion/exp_seed42/state.pt ---
Epoch 123
Epoch 123 | Loss: 0.027254 | Val: 0.130249
--- Saved model to checkpoints/classifier_guided_diffusion/exp_seed42/state.pt ---
Epoch 124
Epoch 124 | Loss: 0.024791 | Val: 0.131011
--- Saved model to checkpoints/classifier_guided_diffusion/exp_seed42/state.pt ---
Epoch 125
Epoch 125 | Loss: 0.021027 | Val: 0.129483
--- Saved model to checkpoints/classifier_guided_diffusion/exp_seed42/state.pt ---
Epoch 126
Epoch 126 | Loss: 0.021790 | Val: 0.129844
--- Saved model to checkpoints/classifier_guided_diffusion/exp_seed42/state.pt ---
Epoch 127
Epoch 127 | Loss: 0.023945 | Val: 0.132884
--- Saved model to checkpoints/classifier_guided_diffusion/exp_seed42/state.pt ---
Epoch 128
Epoch 128 | Loss: 0.028415 | Val: 0.130061
--- Saved model to checkpoints/classifier_guided_diffusion/exp_seed42/state.pt ---
Epoch 129
Epoch 129 | Loss: 0.021387 | Val: 0.129816
--- Saved model to checkpoints/classifier_guided_diffusion/exp_seed42/state.pt ---
Epoch 130
Epoch 130 | Loss: 0.024405 | Val: 0.129195
FITS files saved to results/classifier_guided_diffusion/20260826_152457_exp_seed42_834231/generated_fits
Computing FID/KID/PDF at epoch 130...
  FID: 105.1412 | KID: 0.059741
  Pixel PDF W-dist: 0.0129
--- Saved model to checkpoints/classifier_guided_diffusion/exp_seed42/state.pt ---
Epoch 131
Epoch 131 | Loss: 0.023886 | Val: 0.129452
--- Saved model to checkpoints/classifier_guided_diffusion/exp_seed42/state.pt ---
Epoch 132
Epoch 132 | Loss: 0.021136 | Val: 0.128699
--- Saved model to checkpoints/classifier_guided_diffusion/exp_seed42/state.pt ---
Epoch 133
Epoch 133 | Loss: 0.022993 | Val: 0.128461
--- Saved model to checkpoints/classifier_guided_diffusion/exp_seed42/state.pt ---
Epoch 134
Epoch 134 | Loss: 0.020194 | Val: 0.129596
--- Saved model to checkpoints/classifier_guided_diffusion/exp_seed42/state.pt ---
Epoch 135
Epoch 135 | Loss: 0.023111 | Val: 0.129141
--- Saved model to checkpoints/classifier_guided_diffusion/exp_seed42/state.pt ---
Epoch 136
Epoch 136 | Loss: 0.024427 | Val: 0.129016
--- Saved model to checkpoints/classifier_guided_diffusion/exp_seed42/state.pt ---
Epoch 137
Epoch 137 | Loss: 0.028156 | Val: 0.129400
--- Saved model to checkpoints/classifier_guided_diffusion/exp_seed42/state.pt ---
Epoch 138
Epoch 138 | Loss: 0.020800 | Val: 0.129156
--- Saved model to checkpoints/classifier_guided_diffusion/exp_seed42/state.pt ---
Epoch 139
Epoch 139 | Loss: 0.021540 | Val: 0.128596
--- Saved model to checkpoints/classifier_guided_diffusion/exp_seed42/state.pt ---
Epoch 140
Epoch 140 | Loss: 0.022768 | Val: 0.128652
FITS files saved to results/classifier_guided_diffusion/20260826_152457_exp_seed42_834231/generated_fits
Computing FID/KID/PDF at epoch 140...
  FID: 120.5773 | KID: 0.085141
  Pixel PDF W-dist: 0.0697
--- Saved model to checkpoints/classifier_guided_diffusion/exp_seed42/state.pt ---
Epoch 141
Epoch 141 | Loss: 0.030079 | Val: 0.128706
--- Saved model to checkpoints/classifier_guided_diffusion/exp_seed42/state.pt ---
Epoch 142
Epoch 142 | Loss: 0.022881 | Val: 0.130009
--- Saved model to checkpoints/classifier_guided_diffusion/exp_seed42/state.pt ---
Epoch 143
Epoch 143 | Loss: 0.024407 | Val: 0.128896
--- Saved model to checkpoints/classifier_guided_diffusion/exp_seed42/state.pt ---
Epoch 144
Epoch 144 | Loss: 0.021649 | Val: 0.130541
--- Saved model to checkpoints/classifier_guided_diffusion/exp_seed42/state.pt ---
Epoch 145
Epoch 145 | Loss: 0.020755 | Val: 0.129318
--- Saved model to checkpoints/classifier_guided_diffusion/exp_seed42/state.pt ---
Epoch 146
Epoch 146 | Loss: 0.024077 | Val: 0.128861
--- Saved model to checkpoints/classifier_guided_diffusion/exp_seed42/state.pt ---
Epoch 147
Epoch 147 | Loss: 0.025171 | Val: 0.129090
--- Saved model to checkpoints/classifier_guided_diffusion/exp_seed42/state.pt ---
Epoch 148
Epoch 148 | Loss: 0.017302 | Val: 0.129238
--- Saved model to checkpoints/classifier_guided_diffusion/exp_seed42/state.pt ---
Epoch 149
Epoch 149 | Loss: 0.028464 | Val: 0.129031
--- Saved model to checkpoints/classifier_guided_diffusion/exp_seed42/state.pt ---
Epoch 150
Epoch 150 | Loss: 0.024584 | Val: 0.128594
FITS files saved to results/classifier_guided_diffusion/20260826_152457_exp_seed42_834231/generated_fits
Computing FID/KID/PDF at epoch 150...
  FID: 96.8098 | KID: 0.049680
  Pixel PDF W-dist: 0.0407
--- Saved model to checkpoints/classifier_guided_diffusion/exp_seed42/state.pt ---
Epoch 151
Epoch 151 | Loss: 0.022543 | Val: 0.130016
--- Saved model to checkpoints/classifier_guided_diffusion/exp_seed42/state.pt ---
Epoch 152
Epoch 152 | Loss: 0.024852 | Val: 0.129349
--- Saved model to checkpoints/classifier_guided_diffusion/exp_seed42/state.pt ---
Epoch 153
Epoch 153 | Loss: 0.023263 | Val: 0.129486
--- Saved model to checkpoints/classifier_guided_diffusion/exp_seed42/state.pt ---
Epoch 154
Epoch 154 | Loss: 0.020885 | Val: 0.128834
--- Saved model to checkpoints/classifier_guided_diffusion/exp_seed42/state.pt ---
Epoch 155
Epoch 155 | Loss: 0.026192 | Val: 0.128901
--- Saved model to checkpoints/classifier_guided_diffusion/exp_seed42/state.pt ---
Epoch 156
Epoch 156 | Loss: 0.018711 | Val: 0.128471
--- Saved model to checkpoints/classifier_guided_diffusion/exp_seed42/state.pt ---
Epoch 157
Epoch 157 | Loss: 0.023606 | Val: 0.128436
--- Saved model to checkpoints/classifier_guided_diffusion/exp_seed42/state.pt ---
Epoch 158
Epoch 158 | Loss: 0.022785 | Val: 0.128992
--- Saved model to checkpoints/classifier_guided_diffusion/exp_seed42/state.pt ---
Epoch 159
Epoch 159 | Loss: 0.024358 | Val: 0.129558
--- Saved model to checkpoints/classifier_guided_diffusion/exp_seed42/state.pt ---
Epoch 160
Epoch 160 | Loss: 0.019193 | Val: 0.129028
FITS files saved to results/classifier_guided_diffusion/20260826_152457_exp_seed42_834231/generated_fits
Computing FID/KID/PDF at epoch 160...
  FID: 101.1730 | KID: 0.053849
  Pixel PDF W-dist: 0.0160
--- Saved model to checkpoints/classifier_guided_diffusion/exp_seed42/state.pt ---
Epoch 161
Epoch 161 | Loss: 0.020860 | Val: 0.129687
--- Saved model to checkpoints/classifier_guided_diffusion/exp_seed42/state.pt ---
Epoch 162
Epoch 162 | Loss: 0.021113 | Val: 0.128944
--- Saved model to checkpoints/classifier_guided_diffusion/exp_seed42/state.pt ---
Epoch 163
Epoch 163 | Loss: 0.023019 | Val: 0.129604
--- Saved model to checkpoints/classifier_guided_diffusion/exp_seed42/state.pt ---
Epoch 164
Epoch 164 | Loss: 0.016228 | Val: 0.129548
--- Saved model to checkpoints/classifier_guided_diffusion/exp_seed42/state.pt ---
Epoch 165
Epoch 165 | Loss: 0.024434 | Val: 0.128711
--- Saved model to checkpoints/classifier_guided_diffusion/exp_seed42/state.pt ---
Epoch 166
Epoch 166 | Loss: 0.021116 | Val: 0.128450
--- Saved model to checkpoints/classifier_guided_diffusion/exp_seed42/state.pt ---
Epoch 167
Epoch 167 | Loss: 0.023695 | Val: 0.128818
--- Saved model to checkpoints/classifier_guided_diffusion/exp_seed42/state.pt ---
Epoch 168
Epoch 168 | Loss: 0.023011 | Val: 0.128952
--- Saved model to checkpoints/classifier_guided_diffusion/exp_seed42/state.pt ---
Epoch 169
Epoch 169 | Loss: 0.025392 | Val: 0.129176
--- Saved model to checkpoints/classifier_guided_diffusion/exp_seed42/state.pt ---
Epoch 170
Epoch 170 | Loss: 0.020913 | Val: 0.128934
FITS files saved to results/classifier_guided_diffusion/20260826_152457_exp_seed42_834231/generated_fits
Computing FID/KID/PDF at epoch 170...
  FID: 113.0928 | KID: 0.063143
  Pixel PDF W-dist: 0.0334
--- Saved model to checkpoints/classifier_guided_diffusion/exp_seed42/state.pt ---
Epoch 171
Epoch 171 | Loss: 0.023949 | Val: 0.128684
--- Saved model to checkpoints/classifier_guided_diffusion/exp_seed42/state.pt ---
Epoch 172
Epoch 172 | Loss: 0.020373 | Val: 0.129704
--- Saved model to checkpoints/classifier_guided_diffusion/exp_seed42/state.pt ---
Epoch 173
Epoch 173 | Loss: 0.023512 | Val: 0.128349
--- Saved model to checkpoints/classifier_guided_diffusion/exp_seed42/state.pt ---
Epoch 174
Epoch 174 | Loss: 0.020696 | Val: 0.130335
--- Saved model to checkpoints/classifier_guided_diffusion/exp_seed42/state.pt ---
Epoch 175
Epoch 175 | Loss: 0.023632 | Val: 0.128886
--- Saved model to checkpoints/classifier_guided_diffusion/exp_seed42/state.pt ---
Epoch 176
Epoch 176 | Loss: 0.022727 | Val: 0.128779
--- Saved model to checkpoints/classifier_guided_diffusion/exp_seed42/state.pt ---
Epoch 177
Epoch 177 | Loss: 0.021139 | Val: 0.128784
--- Saved model to checkpoints/classifier_guided_diffusion/exp_seed42/state.pt ---
Epoch 178
Epoch 178 | Loss: 0.025347 | Val: 0.128930
--- Saved model to checkpoints/classifier_guided_diffusion/exp_seed42/state.pt ---
Epoch 179
Epoch 179 | Loss: 0.020515 | Val: 0.129317
--- Saved model to checkpoints/classifier_guided_diffusion/exp_seed42/state.pt ---
Epoch 180
Epoch 180 | Loss: 0.022541 | Val: 0.129638
FITS files saved to results/classifier_guided_diffusion/20260826_152457_exp_seed42_834231/generated_fits
Computing FID/KID/PDF at epoch 180...
  FID: 111.6827 | KID: 0.061215
  Pixel PDF W-dist: 0.0069
--- Saved model to checkpoints/classifier_guided_diffusion/exp_seed42/state.pt ---
Epoch 181
Epoch 181 | Loss: 0.026785 | Val: 0.129003
--- Saved model to checkpoints/classifier_guided_diffusion/exp_seed42/state.pt ---
Epoch 182
Epoch 182 | Loss: 0.028738 | Val: 0.128843
--- Saved model to checkpoints/classifier_guided_diffusion/exp_seed42/state.pt ---
Epoch 183
Epoch 183 | Loss: 0.023797 | Val: 0.129774
--- Saved model to checkpoints/classifier_guided_diffusion/exp_seed42/state.pt ---
Epoch 184
Epoch 184 | Loss: 0.021397 | Val: 0.129399
--- Saved model to checkpoints/classifier_guided_diffusion/exp_seed42/state.pt ---
Epoch 185
Epoch 185 | Loss: 0.019777 | Val: 0.129462
--- Saved model to checkpoints/classifier_guided_diffusion/exp_seed42/state.pt ---
Epoch 186
Epoch 186 | Loss: 0.022023 | Val: 0.128306
--- Saved model to checkpoints/classifier_guided_diffusion/exp_seed42/state.pt ---
Epoch 187
Epoch 187 | Loss: 0.016235 | Val: 0.129557
--- Saved model to checkpoints/classifier_guided_diffusion/exp_seed42/state.pt ---
Epoch 188
Epoch 188 | Loss: 0.018534 | Val: 0.128766
--- Saved model to checkpoints/classifier_guided_diffusion/exp_seed42/state.pt ---
Epoch 189
Epoch 189 | Loss: 0.022737 | Val: 0.128519
--- Saved model to checkpoints/classifier_guided_diffusion/exp_seed42/state.pt ---
Epoch 190
Epoch 190 | Loss: 0.024552 | Val: 0.128330
FITS files saved to results/classifier_guided_diffusion/20260826_152457_exp_seed42_834231/generated_fits
Computing FID/KID/PDF at epoch 190...
  FID: 93.4406 | KID: 0.053926
  Pixel PDF W-dist: 0.0111
--- Saved model to checkpoints/classifier_guided_diffusion/exp_seed42/state.pt ---
Epoch 191
Epoch 191 | Loss: 0.021982 | Val: 0.132349
--- Saved model to checkpoints/classifier_guided_diffusion/exp_seed42/state.pt ---
Epoch 192
Epoch 192 | Loss: 0.021331 | Val: 0.129281
--- Saved model to checkpoints/classifier_guided_diffusion/exp_seed42/state.pt ---
Epoch 193
Epoch 193 | Loss: 0.023854 | Val: 0.131763
--- Saved model to checkpoints/classifier_guided_diffusion/exp_seed42/state.pt ---
Epoch 194
Epoch 194 | Loss: 0.027548 | Val: 0.128864
--- Saved model to checkpoints/classifier_guided_diffusion/exp_seed42/state.pt ---
Epoch 195
Epoch 195 | Loss: 0.021589 | Val: 0.128952
--- Saved model to checkpoints/classifier_guided_diffusion/exp_seed42/state.pt ---
Epoch 196
Epoch 196 | Loss: 0.018923 | Val: 0.129501
--- Saved model to checkpoints/classifier_guided_diffusion/exp_seed42/state.pt ---
Epoch 197
Epoch 197 | Loss: 0.024399 | Val: 0.128638
--- Saved model to checkpoints/classifier_guided_diffusion/exp_seed42/state.pt ---
Epoch 198
Epoch 198 | Loss: 0.022312 | Val: 0.129929
--- Saved model to checkpoints/classifier_guided_diffusion/exp_seed42/state.pt ---
Epoch 199
Epoch 199 | Loss: 0.024817 | Val: 0.128658
--- Saved model to checkpoints/classifier_guided_diffusion/exp_seed42/state.pt ---
Epoch 200
Epoch 200 | Loss: 0.018339 | Val: 0.128279
FITS files saved to results/classifier_guided_diffusion/20260826_152457_exp_seed42_834231/generated_fits
Computing FID/KID/PDF at epoch 200...
  FID: 79.5171 | KID: 0.030634
  Pixel PDF W-dist: 0.0151
--- Saved model to checkpoints/classifier_guided_diffusion/exp_seed42/state.pt ---
Epoch 201
Epoch 201 | Loss: 0.020083 | Val: 0.128338
--- Saved model to checkpoints/classifier_guided_diffusion/exp_seed42/state.pt ---
Epoch 202
Epoch 202 | Loss: 0.024685 | Val: 0.129702
--- Saved model to checkpoints/classifier_guided_diffusion/exp_seed42/state.pt ---
Epoch 203
Epoch 203 | Loss: 0.025599 | Val: 0.130060
--- Saved model to checkpoints/classifier_guided_diffusion/exp_seed42/state.pt ---
Epoch 204
Epoch 204 | Loss: 0.022866 | Val: 0.129804
--- Saved model to checkpoints/classifier_guided_diffusion/exp_seed42/state.pt ---
Epoch 205
Epoch 205 | Loss: 0.023141 | Val: 0.128709
--- Saved model to checkpoints/classifier_guided_diffusion/exp_seed42/state.pt ---
Epoch 206
Epoch 206 | Loss: 0.024312 | Val: 0.129256
--- Saved model to checkpoints/classifier_guided_diffusion/exp_seed42/state.pt ---
Epoch 207
Epoch 207 | Loss: 0.019713 | Val: 0.129631
--- Saved model to checkpoints/classifier_guided_diffusion/exp_seed42/state.pt ---
Epoch 208
Epoch 208 | Loss: 0.027728 | Val: 0.132402
--- Saved model to checkpoints/classifier_guided_diffusion/exp_seed42/state.pt ---
Epoch 209
Epoch 209 | Loss: 0.021778 | Val: 0.129498
--- Saved model to checkpoints/classifier_guided_diffusion/exp_seed42/state.pt ---
Epoch 210
Epoch 210 | Loss: 0.026706 | Val: 0.128660
FITS files saved to results/classifier_guided_diffusion/20260826_152457_exp_seed42_834231/generated_fits
Computing FID/KID/PDF at epoch 210...
  FID: 91.0975 | KID: 0.044762
  Pixel PDF W-dist: 0.0176
--- Saved model to checkpoints/classifier_guided_diffusion/exp_seed42/state.pt ---
Epoch 211
Epoch 211 | Loss: 0.024922 | Val: 0.128262
--- Saved model to checkpoints/classifier_guided_diffusion/exp_seed42/state.pt ---
Epoch 212
Epoch 212 | Loss: 0.027971 | Val: 0.129006
--- Saved model to checkpoints/classifier_guided_diffusion/exp_seed42/state.pt ---
Epoch 213
Epoch 213 | Loss: 0.023183 | Val: 0.128305
--- Saved model to checkpoints/classifier_guided_diffusion/exp_seed42/state.pt ---
Epoch 214
Epoch 214 | Loss: 0.019548 | Val: 0.129230
--- Saved model to checkpoints/classifier_guided_diffusion/exp_seed42/state.pt ---
Epoch 215
Epoch 215 | Loss: 0.025348 | Val: 0.128832
--- Saved model to checkpoints/classifier_guided_diffusion/exp_seed42/state.pt ---
Epoch 216
Epoch 216 | Loss: 0.026864 | Val: 0.128487
--- Saved model to checkpoints/classifier_guided_diffusion/exp_seed42/state.pt ---
Epoch 217
Epoch 217 | Loss: 0.023765 | Val: 0.128506
--- Saved model to checkpoints/classifier_guided_diffusion/exp_seed42/state.pt ---
Epoch 218
Epoch 218 | Loss: 0.027255 | Val: 0.128961
--- Saved model to checkpoints/classifier_guided_diffusion/exp_seed42/state.pt ---
Epoch 219
Epoch 219 | Loss: 0.029602 | Val: 0.128760
--- Saved model to checkpoints/classifier_guided_diffusion/exp_seed42/state.pt ---
Epoch 220
Epoch 220 | Loss: 0.022871 | Val: 0.129509
FITS files saved to results/classifier_guided_diffusion/20260826_152457_exp_seed42_834231/generated_fits
Computing FID/KID/PDF at epoch 220...
  FID: 93.9315 | KID: 0.053804
  Pixel PDF W-dist: 0.0143
--- Saved model to checkpoints/classifier_guided_diffusion/exp_seed42/state.pt ---
Epoch 221
Epoch 221 | Loss: 0.019598 | Val: 0.128581
--- Saved model to checkpoints/classifier_guided_diffusion/exp_seed42/state.pt ---
Epoch 222
Epoch 222 | Loss: 0.026485 | Val: 0.131532
--- Saved model to checkpoints/classifier_guided_diffusion/exp_seed42/state.pt ---
Epoch 223
Epoch 223 | Loss: 0.024334 | Val: 0.129917
--- Saved model to checkpoints/classifier_guided_diffusion/exp_seed42/state.pt ---
Epoch 224
Epoch 224 | Loss: 0.024452 | Val: 0.129143
--- Saved model to checkpoints/classifier_guided_diffusion/exp_seed42/state.pt ---
Epoch 225
Epoch 225 | Loss: 0.024325 | Val: 0.128980
--- Saved model to checkpoints/classifier_guided_diffusion/exp_seed42/state.pt ---
Epoch 226
Epoch 226 | Loss: 0.022532 | Val: 0.129789
--- Saved model to checkpoints/classifier_guided_diffusion/exp_seed42/state.pt ---
Epoch 227
Epoch 227 | Loss: 0.019306 | Val: 0.129071
--- Saved model to checkpoints/classifier_guided_diffusion/exp_seed42/state.pt ---
Epoch 228
Epoch 228 | Loss: 0.023420 | Val: 0.129056
--- Saved model to checkpoints/classifier_guided_diffusion/exp_seed42/state.pt ---
Epoch 229
Epoch 229 | Loss: 0.020073 | Val: 0.128764
--- Saved model to checkpoints/classifier_guided_diffusion/exp_seed42/state.pt ---
Epoch 230
Epoch 230 | Loss: 0.025344 | Val: 0.128913
FITS files saved to results/classifier_guided_diffusion/20260826_152457_exp_seed42_834231/generated_fits
Computing FID/KID/PDF at epoch 230...
  FID: 83.1109 | KID: 0.037289
  Pixel PDF W-dist: 0.0138
--- Saved model to checkpoints/classifier_guided_diffusion/exp_seed42/state.pt ---
Epoch 231
Epoch 231 | Loss: 0.026854 | Val: 0.130414
--- Saved model to checkpoints/classifier_guided_diffusion/exp_seed42/state.pt ---
Epoch 232
Epoch 232 | Loss: 0.018347 | Val: 0.129326
--- Saved model to checkpoints/classifier_guided_diffusion/exp_seed42/state.pt ---
Epoch 233
Epoch 233 | Loss: 0.027016 | Val: 0.131915
--- Saved model to checkpoints/classifier_guided_diffusion/exp_seed42/state.pt ---
Epoch 234
Epoch 234 | Loss: 0.023446 | Val: 0.129192
--- Saved model to checkpoints/classifier_guided_diffusion/exp_seed42/state.pt ---
Epoch 235
Epoch 235 | Loss: 0.020881 | Val: 0.128392
--- Saved model to checkpoints/classifier_guided_diffusion/exp_seed42/state.pt ---
Epoch 236
Epoch 236 | Loss: 0.018028 | Val: 0.128531
--- Saved model to checkpoints/classifier_guided_diffusion/exp_seed42/state.pt ---
Epoch 237
Epoch 237 | Loss: 0.023924 | Val: 0.128325
--- Saved model to checkpoints/classifier_guided_diffusion/exp_seed42/state.pt ---
Epoch 238
Epoch 238 | Loss: 0.021424 | Val: 0.129300
--- Saved model to checkpoints/classifier_guided_diffusion/exp_seed42/state.pt ---
Epoch 239
Epoch 239 | Loss: 0.023336 | Val: 0.129610
--- Saved model to checkpoints/classifier_guided_diffusion/exp_seed42/state.pt ---
Epoch 240
Epoch 240 | Loss: 0.022486 | Val: 0.129347
FITS files saved to results/classifier_guided_diffusion/20260826_152457_exp_seed42_834231/generated_fits
Computing FID/KID/PDF at epoch 240...
  FID: 97.2689 | KID: 0.056069
  Pixel PDF W-dist: 0.0116
--- Saved model to checkpoints/classifier_guided_diffusion/exp_seed42/state.pt ---
Epoch 241
Epoch 241 | Loss: 0.018392 | Val: 0.128171
--- Saved model to checkpoints/classifier_guided_diffusion/exp_seed42/state.pt ---
Epoch 242
Epoch 242 | Loss: 0.023686 | Val: 0.129045
--- Saved model to checkpoints/classifier_guided_diffusion/exp_seed42/state.pt ---
Epoch 243
[2026-08-27T03:21:35.058] error: *** JOB 834231 ON gpu-004 CANCELLED AT 2026-08-27T03:21:35 DUE TO TIME LIMIT ***
