CUDA Memory Cleared. Current VRAM Usage: 0.00 MB
On device cuda
Getting data loader crumb_fits
Loaded FITS stats: noise_rms=0.000324, peak_log=4.066700
Loaded FITS stats: noise_rms=0.000324, peak_log=4.066700
Total unique classes found: 2
Label IDs: [0, 1]
Total images in dataset: 1789
Total batches: 157 (at batch size 8)

============================================================
Run 1/1  |  seed=42  |  tag=exp_seed42  |  results -> results/edm_baseline/20260826_152457_exp_seed42_834232
============================================================

Training edm_baseline for 200 epochs
Epoch 0
/idia/users/bevan/pid-radast/classifier-guided-physics-informed-diffusion/.venv/lib/python3.11/site-packages/diffusers/models/attention_processor.py:1259: UserWarning: Memory Efficient attention is a non-deterministic algorithm. To explicitly disable Memory Efficient attention call torch.use_deterministic_algorithms(True, warn_only=False). (Triggered internally at ../aten/src/ATen/native/transformers/cuda/sdp_utils.h:419.)
  hidden_states = F.scaled_dot_product_attention(
/idia/users/bevan/pid-radast/classifier-guided-physics-informed-diffusion/.venv/lib/python3.11/site-packages/torchmetrics/utilities/prints.py:43: UserWarning: Metric `Kernel Inception Distance` will save all extracted features in buffer. For large datasets this may lead to large memory footprint.
  warnings.warn(*args, **kwargs)
Epoch 0 | Loss: 0.487739 | Val: 0.368113
Computing FID/KID/PDF at epoch 0...
  FID: 202.6425 | KID: 0.214611
  Pixel PDF W-dist: 0.4311
--- Saved model to checkpoints/edm_baseline/exp_seed42/state.pt ---
Epoch 1
Epoch 1 | Loss: 0.440416 | Val: 0.382293
--- Saved model to checkpoints/edm_baseline/exp_seed42/state.pt ---
Epoch 2
Epoch 2 | Loss: 0.437206 | Val: 0.379788
--- Saved model to checkpoints/edm_baseline/exp_seed42/state.pt ---
Epoch 3
Epoch 3 | Loss: 0.436466 | Val: 0.408219
--- Saved model to checkpoints/edm_baseline/exp_seed42/state.pt ---
Epoch 4
Epoch 4 | Loss: 0.445840 | Val: 0.396889
--- Saved model to checkpoints/edm_baseline/exp_seed42/state.pt ---
Epoch 5
Epoch 5 | Loss: 0.419935 | Val: 0.413200
--- Saved model to checkpoints/edm_baseline/exp_seed42/state.pt ---
Epoch 6
Epoch 6 | Loss: 0.418577 | Val: 0.371925
--- Saved model to checkpoints/edm_baseline/exp_seed42/state.pt ---
Epoch 7
Epoch 7 | Loss: 0.435602 | Val: 0.381711
--- Saved model to checkpoints/edm_baseline/exp_seed42/state.pt ---
Epoch 8
Epoch 8 | Loss: 0.429693 | Val: 0.339365
--- Saved model to checkpoints/edm_baseline/exp_seed42/state.pt ---
Epoch 9
Epoch 9 | Loss: 0.420701 | Val: 0.436457
--- Saved model to checkpoints/edm_baseline/exp_seed42/state.pt ---
Epoch 10
Epoch 10 | Loss: 0.429173 | Val: 0.383273
Computing FID/KID/PDF at epoch 10...
  FID: 203.3972 | KID: 0.222474
  Pixel PDF W-dist: 0.3760
--- Saved model to checkpoints/edm_baseline/exp_seed42/state.pt ---
Epoch 11
Epoch 11 | Loss: 0.400505 | Val: 0.374947
--- Saved model to checkpoints/edm_baseline/exp_seed42/state.pt ---
Epoch 12
Epoch 12 | Loss: 0.416938 | Val: 0.364506
--- Saved model to checkpoints/edm_baseline/exp_seed42/state.pt ---
Epoch 13
Epoch 13 | Loss: 0.404151 | Val: 0.370600
--- Saved model to checkpoints/edm_baseline/exp_seed42/state.pt ---
Epoch 14
Epoch 14 | Loss: 0.403127 | Val: 0.384623
--- Saved model to checkpoints/edm_baseline/exp_seed42/state.pt ---
Epoch 15
