CUDA Memory Cleared. Current VRAM Usage: 0.00 MB
On device cuda
Getting data loader crumb
Corrected 163/300 CRUMB test labels using train-derived (parent, code) -> label mapping
Total unique classes found: 2
Label IDs: [0, 1]
Total images in dataset: 2002
Total batches: 43 (at batch size 32)

============================================================
Run 1/5  |  seed=42  |  tag=scratch_seed42  |  results -> results/classification/run_20260713_205554_seed42
============================================================

Training classification for 300 epochs
Epoch 0
Epoch 0, Training Loss: 0.7359, Validation Loss: 0.6923 (best)
--- Saved model to checkpoints/classification/scratch_seed42/state.pt ---
Epoch 1
Epoch 1, Training Loss: 0.7045, Validation Loss: 0.6941
--- Saved model to checkpoints/classification/scratch_seed42/state.pt ---
Epoch 2
Epoch 2, Training Loss: 0.6993, Validation Loss: 0.6932
--- Saved model to checkpoints/classification/scratch_seed42/state.pt ---
Epoch 3
Epoch 3, Training Loss: 0.7000, Validation Loss: 0.6955
--- Saved model to checkpoints/classification/scratch_seed42/state.pt ---
Epoch 4
Epoch 4, Training Loss: 0.6955, Validation Loss: 0.6923 (best)
--- Saved model to checkpoints/classification/scratch_seed42/state.pt ---
Epoch 5
Epoch 5, Training Loss: 0.6948, Validation Loss: 0.6934
--- Saved model to checkpoints/classification/scratch_seed42/state.pt ---
Epoch 6
Epoch 6, Training Loss: 0.6946, Validation Loss: 0.6934
--- Saved model to checkpoints/classification/scratch_seed42/state.pt ---
Epoch 7
Epoch 7, Training Loss: 0.6948, Validation Loss: 0.6923 (best)
--- Saved model to checkpoints/classification/scratch_seed42/state.pt ---
Epoch 8
Epoch 8, Training Loss: 0.6934, Validation Loss: 0.6964
--- Saved model to checkpoints/classification/scratch_seed42/state.pt ---
Epoch 9
Epoch 9, Training Loss: 0.6946, Validation Loss: 0.6931
--- Saved model to checkpoints/classification/scratch_seed42/state.pt ---
Epoch 10
Epoch 10, Training Loss: 0.6918, Validation Loss: 0.6939
--- Saved model to checkpoints/classification/scratch_seed42/state.pt ---
Epoch 11
Epoch 11, Training Loss: 0.6970, Validation Loss: 0.6946
--- Saved model to checkpoints/classification/scratch_seed42/state.pt ---
Epoch 12
Epoch 12, Training Loss: 0.6941, Validation Loss: 0.6924
--- Saved model to checkpoints/classification/scratch_seed42/state.pt ---
Epoch 13
Epoch 13, Training Loss: 0.6937, Validation Loss: 0.6968
--- Saved model to checkpoints/classification/scratch_seed42/state.pt ---
Epoch 14
Epoch 14, Training Loss: 0.6946, Validation Loss: 0.6920 (best)
--- Saved model to checkpoints/classification/scratch_seed42/state.pt ---
Epoch 15
Epoch 15, Training Loss: 0.6965, Validation Loss: 0.6933
--- Saved model to checkpoints/classification/scratch_seed42/state.pt ---
Epoch 16
Epoch 16, Training Loss: 0.6946, Validation Loss: 0.6922
--- Saved model to checkpoints/classification/scratch_seed42/state.pt ---
Epoch 17
Epoch 17, Training Loss: 0.6941, Validation Loss: 0.6942
--- Saved model to checkpoints/classification/scratch_seed42/state.pt ---
Epoch 18
Epoch 18, Training Loss: 0.6944, Validation Loss: 0.6933
--- Saved model to checkpoints/classification/scratch_seed42/state.pt ---
Epoch 19
Epoch 19, Training Loss: 0.6950, Validation Loss: 0.6920 (best)
--- Saved model to checkpoints/classification/scratch_seed42/state.pt ---
Epoch 20
Epoch 20, Training Loss: 0.6940, Validation Loss: 0.6924
--- Saved model to checkpoints/classification/scratch_seed42/state.pt ---
Epoch 21
Epoch 21, Training Loss: 0.6944, Validation Loss: 0.6908 (best)
--- Saved model to checkpoints/classification/scratch_seed42/state.pt ---
Epoch 22
Epoch 22, Training Loss: 0.6931, Validation Loss: 0.6914
--- Saved model to checkpoints/classification/scratch_seed42/state.pt ---
Epoch 23
Epoch 23, Training Loss: 0.6955, Validation Loss: 0.6911
--- Saved model to checkpoints/classification/scratch_seed42/state.pt ---
Epoch 24
Epoch 24, Training Loss: 0.6954, Validation Loss: 0.6914
--- Saved model to checkpoints/classification/scratch_seed42/state.pt ---
Epoch 25
Epoch 25, Training Loss: 0.6953, Validation Loss: 0.6959
--- Saved model to checkpoints/classification/scratch_seed42/state.pt ---
Epoch 26
Epoch 26, Training Loss: 0.6926, Validation Loss: 0.6927
--- Saved model to checkpoints/classification/scratch_seed42/state.pt ---
Epoch 27
Epoch 27, Training Loss: 0.6943, Validation Loss: 0.6947
--- Saved model to checkpoints/classification/scratch_seed42/state.pt ---
Epoch 28
Epoch 28, Training Loss: 0.6937, Validation Loss: 0.6921
--- Saved model to checkpoints/classification/scratch_seed42/state.pt ---
Epoch 29
Epoch 29, Training Loss: 0.6911, Validation Loss: 0.6939
--- Saved model to checkpoints/classification/scratch_seed42/state.pt ---
Epoch 30
Epoch 30, Training Loss: 0.6943, Validation Loss: 0.6883 (best)
--- Saved model to checkpoints/classification/scratch_seed42/state.pt ---
Epoch 31
Epoch 31, Training Loss: 0.6925, Validation Loss: 0.6869 (best)
--- Saved model to checkpoints/classification/scratch_seed42/state.pt ---
Epoch 32
Epoch 32, Training Loss: 0.6925, Validation Loss: 0.6906
--- Saved model to checkpoints/classification/scratch_seed42/state.pt ---
Epoch 33
Epoch 33, Training Loss: 0.6903, Validation Loss: 0.6886
--- Saved model to checkpoints/classification/scratch_seed42/state.pt ---
Epoch 34
Epoch 34, Training Loss: 0.6917, Validation Loss: 0.6950
--- Saved model to checkpoints/classification/scratch_seed42/state.pt ---
Epoch 35
Epoch 35, Training Loss: 0.6922, Validation Loss: 0.6901
--- Saved model to checkpoints/classification/scratch_seed42/state.pt ---
Epoch 36
Epoch 36, Training Loss: 0.6943, Validation Loss: 0.6892
--- Saved model to checkpoints/classification/scratch_seed42/state.pt ---
Epoch 37
Epoch 37, Training Loss: 0.6875, Validation Loss: 0.6820 (best)
--- Saved model to checkpoints/classification/scratch_seed42/state.pt ---
Epoch 38
Epoch 38, Training Loss: 0.6874, Validation Loss: 0.6842
--- Saved model to checkpoints/classification/scratch_seed42/state.pt ---
Epoch 39
Epoch 39, Training Loss: 0.6844, Validation Loss: 0.6846
--- Saved model to checkpoints/classification/scratch_seed42/state.pt ---
Epoch 40
Epoch 40, Training Loss: 0.6829, Validation Loss: 0.6742 (best)
--- Saved model to checkpoints/classification/scratch_seed42/state.pt ---
Epoch 41
Epoch 41, Training Loss: 0.6739, Validation Loss: 0.6667 (best)
--- Saved model to checkpoints/classification/scratch_seed42/state.pt ---
Epoch 42
Epoch 42, Training Loss: 0.6786, Validation Loss: 0.6723
--- Saved model to checkpoints/classification/scratch_seed42/state.pt ---
Epoch 43
Epoch 43, Training Loss: 0.6654, Validation Loss: 0.6477 (best)
--- Saved model to checkpoints/classification/scratch_seed42/state.pt ---
Epoch 44
Epoch 44, Training Loss: 0.6631, Validation Loss: 0.6481
--- Saved model to checkpoints/classification/scratch_seed42/state.pt ---
Epoch 45
Epoch 45, Training Loss: 0.6582, Validation Loss: 0.6401 (best)
--- Saved model to checkpoints/classification/scratch_seed42/state.pt ---
Epoch 46
Epoch 46, Training Loss: 0.6576, Validation Loss: 0.6527
--- Saved model to checkpoints/classification/scratch_seed42/state.pt ---
Epoch 47
Epoch 47, Training Loss: 0.6630, Validation Loss: 0.6424
--- Saved model to checkpoints/classification/scratch_seed42/state.pt ---
Epoch 48
Epoch 48, Training Loss: 0.6644, Validation Loss: 0.6412
--- Saved model to checkpoints/classification/scratch_seed42/state.pt ---
Epoch 49
Epoch 49, Training Loss: 0.6442, Validation Loss: 0.6403
--- Saved model to checkpoints/classification/scratch_seed42/state.pt ---
Epoch 50
Epoch 50, Training Loss: 0.6401, Validation Loss: 0.6361 (best)
--- Saved model to checkpoints/classification/scratch_seed42/state.pt ---
Epoch 51
Epoch 51, Training Loss: 0.6394, Validation Loss: 0.6399
--- Saved model to checkpoints/classification/scratch_seed42/state.pt ---
Epoch 52
Epoch 52, Training Loss: 0.6492, Validation Loss: 0.6401
--- Saved model to checkpoints/classification/scratch_seed42/state.pt ---
Epoch 53
Epoch 53, Training Loss: 0.6445, Validation Loss: 0.6338 (best)
--- Saved model to checkpoints/classification/scratch_seed42/state.pt ---
Epoch 54
Epoch 54, Training Loss: 0.6341, Validation Loss: 0.6590
--- Saved model to checkpoints/classification/scratch_seed42/state.pt ---
Epoch 55
Epoch 55, Training Loss: 0.6434, Validation Loss: 0.6377
--- Saved model to checkpoints/classification/scratch_seed42/state.pt ---
Epoch 56
Epoch 56, Training Loss: 0.6406, Validation Loss: 0.6423
--- Saved model to checkpoints/classification/scratch_seed42/state.pt ---
Epoch 57
Epoch 57, Training Loss: 0.6319, Validation Loss: 0.6265 (best)
--- Saved model to checkpoints/classification/scratch_seed42/state.pt ---
Epoch 58
Epoch 58, Training Loss: 0.6246, Validation Loss: 0.6303
--- Saved model to checkpoints/classification/scratch_seed42/state.pt ---
Epoch 59
Epoch 59, Training Loss: 0.6230, Validation Loss: 0.6268
--- Saved model to checkpoints/classification/scratch_seed42/state.pt ---
Epoch 60
Epoch 60, Training Loss: 0.6288, Validation Loss: 0.6361
--- Saved model to checkpoints/classification/scratch_seed42/state.pt ---
Epoch 61
Epoch 61, Training Loss: 0.6256, Validation Loss: 0.6235 (best)
--- Saved model to checkpoints/classification/scratch_seed42/state.pt ---
Epoch 62
Epoch 62, Training Loss: 0.6289, Validation Loss: 0.6362
--- Saved model to checkpoints/classification/scratch_seed42/state.pt ---
Epoch 63
Epoch 63, Training Loss: 0.6255, Validation Loss: 0.6278
--- Saved model to checkpoints/classification/scratch_seed42/state.pt ---
Epoch 64
Epoch 64, Training Loss: 0.6231, Validation Loss: 0.6331
--- Saved model to checkpoints/classification/scratch_seed42/state.pt ---
Epoch 65
Epoch 65, Training Loss: 0.6347, Validation Loss: 0.6368
--- Saved model to checkpoints/classification/scratch_seed42/state.pt ---
Epoch 66
Epoch 66, Training Loss: 0.6334, Validation Loss: 0.6387
--- Saved model to checkpoints/classification/scratch_seed42/state.pt ---
Epoch 67
Epoch 67, Training Loss: 0.6277, Validation Loss: 0.6251
--- Saved model to checkpoints/classification/scratch_seed42/state.pt ---
Epoch 68
Epoch 68, Training Loss: 0.6316, Validation Loss: 0.6255
--- Saved model to checkpoints/classification/scratch_seed42/state.pt ---
Epoch 69
Epoch 69, Training Loss: 0.6168, Validation Loss: 0.6237
--- Saved model to checkpoints/classification/scratch_seed42/state.pt ---
Epoch 70
Epoch 70, Training Loss: 0.6231, Validation Loss: 0.6279
--- Saved model to checkpoints/classification/scratch_seed42/state.pt ---
Epoch 71
Epoch 71, Training Loss: 0.6190, Validation Loss: 0.6225 (best)
--- Saved model to checkpoints/classification/scratch_seed42/state.pt ---
Epoch 72
Epoch 72, Training Loss: 0.6241, Validation Loss: 0.6269
--- Saved model to checkpoints/classification/scratch_seed42/state.pt ---
Epoch 73
Epoch 73, Training Loss: 0.6247, Validation Loss: 0.6256
--- Saved model to checkpoints/classification/scratch_seed42/state.pt ---
Epoch 74
Epoch 74, Training Loss: 0.6239, Validation Loss: 0.6457
--- Saved model to checkpoints/classification/scratch_seed42/state.pt ---
Epoch 75
Epoch 75, Training Loss: 0.6219, Validation Loss: 0.6300
--- Saved model to checkpoints/classification/scratch_seed42/state.pt ---
Epoch 76
Epoch 76, Training Loss: 0.6148, Validation Loss: 0.6203 (best)
--- Saved model to checkpoints/classification/scratch_seed42/state.pt ---
Epoch 77
Epoch 77, Training Loss: 0.6153, Validation Loss: 0.6232
--- Saved model to checkpoints/classification/scratch_seed42/state.pt ---
Epoch 78
Epoch 78, Training Loss: 0.6150, Validation Loss: 0.6251
--- Saved model to checkpoints/classification/scratch_seed42/state.pt ---
Epoch 79
Epoch 79, Training Loss: 0.6143, Validation Loss: 0.6296
--- Saved model to checkpoints/classification/scratch_seed42/state.pt ---
Epoch 80
Epoch 80, Training Loss: 0.6111, Validation Loss: 0.6329
--- Saved model to checkpoints/classification/scratch_seed42/state.pt ---
Epoch 81
Epoch 81, Training Loss: 0.6100, Validation Loss: 0.6294
--- Saved model to checkpoints/classification/scratch_seed42/state.pt ---
Epoch 82
Epoch 82, Training Loss: 0.6034, Validation Loss: 0.6251
--- Saved model to checkpoints/classification/scratch_seed42/state.pt ---
Epoch 83
Epoch 83, Training Loss: 0.6028, Validation Loss: 0.6318
--- Saved model to checkpoints/classification/scratch_seed42/state.pt ---
Epoch 84
Epoch 84, Training Loss: 0.6133, Validation Loss: 0.6283
--- Saved model to checkpoints/classification/scratch_seed42/state.pt ---
Epoch 85
Epoch 85, Training Loss: 0.5990, Validation Loss: 0.6321
--- Saved model to checkpoints/classification/scratch_seed42/state.pt ---
Epoch 86
Epoch 86, Training Loss: 0.6166, Validation Loss: 0.6400
--- Saved model to checkpoints/classification/scratch_seed42/state.pt ---
Epoch 87
Epoch 87, Training Loss: 0.6051, Validation Loss: 0.6313
--- Saved model to checkpoints/classification/scratch_seed42/state.pt ---
Epoch 88
Epoch 88, Training Loss: 0.6055, Validation Loss: 0.6212
--- Saved model to checkpoints/classification/scratch_seed42/state.pt ---
Epoch 89
Epoch 89, Training Loss: 0.6017, Validation Loss: 0.6304
--- Saved model to checkpoints/classification/scratch_seed42/state.pt ---
Epoch 90
Epoch 90, Training Loss: 0.6034, Validation Loss: 0.6260
--- Saved model to checkpoints/classification/scratch_seed42/state.pt ---
Epoch 91
Epoch 91, Training Loss: 0.6045, Validation Loss: 0.6173 (best)
--- Saved model to checkpoints/classification/scratch_seed42/state.pt ---
Epoch 92
Epoch 92, Training Loss: 0.5959, Validation Loss: 0.6255
--- Saved model to checkpoints/classification/scratch_seed42/state.pt ---
Epoch 93
Epoch 93, Training Loss: 0.5974, Validation Loss: 0.6507
--- Saved model to checkpoints/classification/scratch_seed42/state.pt ---
Epoch 94
Epoch 94, Training Loss: 0.6180, Validation Loss: 0.6207
--- Saved model to checkpoints/classification/scratch_seed42/state.pt ---
Epoch 95
Epoch 95, Training Loss: 0.5911, Validation Loss: 0.6176
--- Saved model to checkpoints/classification/scratch_seed42/state.pt ---
Epoch 96
Epoch 96, Training Loss: 0.6092, Validation Loss: 0.6268
--- Saved model to checkpoints/classification/scratch_seed42/state.pt ---
Epoch 97
Epoch 97, Training Loss: 0.6011, Validation Loss: 0.6212
--- Saved model to checkpoints/classification/scratch_seed42/state.pt ---
Epoch 98
Epoch 98, Training Loss: 0.5941, Validation Loss: 0.6145 (best)
--- Saved model to checkpoints/classification/scratch_seed42/state.pt ---
Epoch 99
Epoch 99, Training Loss: 0.5970, Validation Loss: 0.6159
--- Saved model to checkpoints/classification/scratch_seed42/state.pt ---
Epoch 100
Epoch 100, Training Loss: 0.6069, Validation Loss: 0.6260
--- Saved model to checkpoints/classification/scratch_seed42/state.pt ---
Epoch 101
Epoch 101, Training Loss: 0.5975, Validation Loss: 0.6067 (best)
--- Saved model to checkpoints/classification/scratch_seed42/state.pt ---
Epoch 102
Epoch 102, Training Loss: 0.5907, Validation Loss: 0.6138
--- Saved model to checkpoints/classification/scratch_seed42/state.pt ---
Epoch 103
Epoch 103, Training Loss: 0.5963, Validation Loss: 0.6143
--- Saved model to checkpoints/classification/scratch_seed42/state.pt ---
Epoch 104
Epoch 104, Training Loss: 0.6015, Validation Loss: 0.6068
--- Saved model to checkpoints/classification/scratch_seed42/state.pt ---
Epoch 105
Epoch 105, Training Loss: 0.5954, Validation Loss: 0.6138
--- Saved model to checkpoints/classification/scratch_seed42/state.pt ---
Epoch 106
Epoch 106, Training Loss: 0.5842, Validation Loss: 0.6119
--- Saved model to checkpoints/classification/scratch_seed42/state.pt ---
Epoch 107
Epoch 107, Training Loss: 0.5887, Validation Loss: 0.6175
--- Saved model to checkpoints/classification/scratch_seed42/state.pt ---
Epoch 108
Epoch 108, Training Loss: 0.5900, Validation Loss: 0.6074
--- Saved model to checkpoints/classification/scratch_seed42/state.pt ---
Epoch 109
Epoch 109, Training Loss: 0.5815, Validation Loss: 0.6087
--- Saved model to checkpoints/classification/scratch_seed42/state.pt ---
Epoch 110
Epoch 110, Training Loss: 0.6004, Validation Loss: 0.6104
--- Saved model to checkpoints/classification/scratch_seed42/state.pt ---
Epoch 111
Epoch 111, Training Loss: 0.5927, Validation Loss: 0.6084
--- Saved model to checkpoints/classification/scratch_seed42/state.pt ---
Epoch 112
Epoch 112, Training Loss: 0.5879, Validation Loss: 0.6172
--- Saved model to checkpoints/classification/scratch_seed42/state.pt ---
Epoch 113
Epoch 113, Training Loss: 0.5888, Validation Loss: 0.6083
--- Saved model to checkpoints/classification/scratch_seed42/state.pt ---
Epoch 114
Epoch 114, Training Loss: 0.5827, Validation Loss: 0.6091
--- Saved model to checkpoints/classification/scratch_seed42/state.pt ---
Epoch 115
Epoch 115, Training Loss: 0.6050, Validation Loss: 0.6098
--- Saved model to checkpoints/classification/scratch_seed42/state.pt ---
Epoch 116
Epoch 116, Training Loss: 0.5864, Validation Loss: 0.6155
--- Saved model to checkpoints/classification/scratch_seed42/state.pt ---
Epoch 117
Epoch 117, Training Loss: 0.5786, Validation Loss: 0.6256
--- Saved model to checkpoints/classification/scratch_seed42/state.pt ---
Epoch 118
Epoch 118, Training Loss: 0.5852, Validation Loss: 0.6264
--- Saved model to checkpoints/classification/scratch_seed42/state.pt ---
Epoch 119
Epoch 119, Training Loss: 0.5752, Validation Loss: 0.6081
--- Saved model to checkpoints/classification/scratch_seed42/state.pt ---
Epoch 120
Epoch 120, Training Loss: 0.5730, Validation Loss: 0.6088
--- Saved model to checkpoints/classification/scratch_seed42/state.pt ---
Epoch 121
Epoch 121, Training Loss: 0.5752, Validation Loss: 0.6106
--- Saved model to checkpoints/classification/scratch_seed42/state.pt ---
Epoch 122
Epoch 122, Training Loss: 0.5787, Validation Loss: 0.6140
--- Saved model to checkpoints/classification/scratch_seed42/state.pt ---
Epoch 123
Epoch 123, Training Loss: 0.5766, Validation Loss: 0.6160
--- Saved model to checkpoints/classification/scratch_seed42/state.pt ---
Epoch 124
Epoch 124, Training Loss: 0.5666, Validation Loss: 0.6162
--- Saved model to checkpoints/classification/scratch_seed42/state.pt ---
Epoch 125
Epoch 125, Training Loss: 0.5699, Validation Loss: 0.6039 (best)
--- Saved model to checkpoints/classification/scratch_seed42/state.pt ---
Epoch 126
Epoch 126, Training Loss: 0.5821, Validation Loss: 0.6129
--- Saved model to checkpoints/classification/scratch_seed42/state.pt ---
Epoch 127
Epoch 127, Training Loss: 0.5719, Validation Loss: 0.6057
--- Saved model to checkpoints/classification/scratch_seed42/state.pt ---
Epoch 128
Epoch 128, Training Loss: 0.6036, Validation Loss: 0.6105
--- Saved model to checkpoints/classification/scratch_seed42/state.pt ---
Epoch 129
Epoch 129, Training Loss: 0.5807, Validation Loss: 0.6020 (best)
--- Saved model to checkpoints/classification/scratch_seed42/state.pt ---
Epoch 130
Epoch 130, Training Loss: 0.5602, Validation Loss: 0.6172
--- Saved model to checkpoints/classification/scratch_seed42/state.pt ---
Epoch 131
Epoch 131, Training Loss: 0.5621, Validation Loss: 0.6025
--- Saved model to checkpoints/classification/scratch_seed42/state.pt ---
Epoch 132
Epoch 132, Training Loss: 0.5750, Validation Loss: 0.5987 (best)
--- Saved model to checkpoints/classification/scratch_seed42/state.pt ---
Epoch 133
Epoch 133, Training Loss: 0.5618, Validation Loss: 0.5998
--- Saved model to checkpoints/classification/scratch_seed42/state.pt ---
Epoch 134
Epoch 134, Training Loss: 0.5560, Validation Loss: 0.6274
--- Saved model to checkpoints/classification/scratch_seed42/state.pt ---
Epoch 135
Epoch 135, Training Loss: 0.5898, Validation Loss: 0.5940 (best)
--- Saved model to checkpoints/classification/scratch_seed42/state.pt ---
Epoch 136
Epoch 136, Training Loss: 0.5817, Validation Loss: 0.6010
--- Saved model to checkpoints/classification/scratch_seed42/state.pt ---
Epoch 137
Epoch 137, Training Loss: 0.5722, Validation Loss: 0.5948
--- Saved model to checkpoints/classification/scratch_seed42/state.pt ---
Epoch 138
Epoch 138, Training Loss: 0.5732, Validation Loss: 0.6062
--- Saved model to checkpoints/classification/scratch_seed42/state.pt ---
Epoch 139
Epoch 139, Training Loss: 0.5674, Validation Loss: 0.5935 (best)
--- Saved model to checkpoints/classification/scratch_seed42/state.pt ---
Epoch 140
Epoch 140, Training Loss: 0.5654, Validation Loss: 0.5944
--- Saved model to checkpoints/classification/scratch_seed42/state.pt ---
Epoch 141
Epoch 141, Training Loss: 0.5630, Validation Loss: 0.5935 (best)
--- Saved model to checkpoints/classification/scratch_seed42/state.pt ---
Epoch 142
Epoch 142, Training Loss: 0.5671, Validation Loss: 0.6007
--- Saved model to checkpoints/classification/scratch_seed42/state.pt ---
Epoch 143
Epoch 143, Training Loss: 0.5601, Validation Loss: 0.6032
--- Saved model to checkpoints/classification/scratch_seed42/state.pt ---
Epoch 144
Epoch 144, Training Loss: 0.5558, Validation Loss: 0.5980
--- Saved model to checkpoints/classification/scratch_seed42/state.pt ---
Epoch 145
Epoch 145, Training Loss: 0.5635, Validation Loss: 0.6025
--- Saved model to checkpoints/classification/scratch_seed42/state.pt ---
Epoch 146
Epoch 146, Training Loss: 0.5632, Validation Loss: 0.5975
--- Saved model to checkpoints/classification/scratch_seed42/state.pt ---
Epoch 147
Epoch 147, Training Loss: 0.5469, Validation Loss: 0.6009
--- Saved model to checkpoints/classification/scratch_seed42/state.pt ---
Epoch 148
Epoch 148, Training Loss: 0.5596, Validation Loss: 0.5975
--- Saved model to checkpoints/classification/scratch_seed42/state.pt ---
Epoch 149
Epoch 149, Training Loss: 0.5580, Validation Loss: 0.5976
--- Saved model to checkpoints/classification/scratch_seed42/state.pt ---
Epoch 150
Epoch 150, Training Loss: 0.5706, Validation Loss: 0.5980
--- Saved model to checkpoints/classification/scratch_seed42/state.pt ---
Epoch 151
Epoch 151, Training Loss: 0.5528, Validation Loss: 0.5981
--- Saved model to checkpoints/classification/scratch_seed42/state.pt ---
Epoch 152
Epoch 152, Training Loss: 0.5559, Validation Loss: 0.5979
--- Saved model to checkpoints/classification/scratch_seed42/state.pt ---
Epoch 153
Epoch 153, Training Loss: 0.5558, Validation Loss: 0.5936
--- Saved model to checkpoints/classification/scratch_seed42/state.pt ---
Epoch 154
Epoch 154, Training Loss: 0.5576, Validation Loss: 0.5940
--- Saved model to checkpoints/classification/scratch_seed42/state.pt ---
Epoch 155
Epoch 155, Training Loss: 0.5498, Validation Loss: 0.5960
--- Saved model to checkpoints/classification/scratch_seed42/state.pt ---
Epoch 156
Epoch 156, Training Loss: 0.5639, Validation Loss: 0.5967
--- Saved model to checkpoints/classification/scratch_seed42/state.pt ---
Epoch 157
Epoch 157, Training Loss: 0.5572, Validation Loss: 0.6279
--- Saved model to checkpoints/classification/scratch_seed42/state.pt ---
Epoch 158
Epoch 158, Training Loss: 0.5632, Validation Loss: 0.5966
--- Saved model to checkpoints/classification/scratch_seed42/state.pt ---
Epoch 159
Epoch 159, Training Loss: 0.5627, Validation Loss: 0.5937
--- Saved model to checkpoints/classification/scratch_seed42/state.pt ---
Epoch 160
Epoch 160, Training Loss: 0.5532, Validation Loss: 0.6000
--- Saved model to checkpoints/classification/scratch_seed42/state.pt ---
Epoch 161
Epoch 161, Training Loss: 0.5413, Validation Loss: 0.5893 (best)
--- Saved model to checkpoints/classification/scratch_seed42/state.pt ---
Epoch 162
Epoch 162, Training Loss: 0.5637, Validation Loss: 0.5951
--- Saved model to checkpoints/classification/scratch_seed42/state.pt ---
Epoch 163
Epoch 163, Training Loss: 0.5443, Validation Loss: 0.5979
--- Saved model to checkpoints/classification/scratch_seed42/state.pt ---
Epoch 164
Epoch 164, Training Loss: 0.5539, Validation Loss: 0.6048
--- Saved model to checkpoints/classification/scratch_seed42/state.pt ---
Epoch 165
Epoch 165, Training Loss: 0.5548, Validation Loss: 0.5938
--- Saved model to checkpoints/classification/scratch_seed42/state.pt ---
Epoch 166
Epoch 166, Training Loss: 0.5379, Validation Loss: 0.5971
--- Saved model to checkpoints/classification/scratch_seed42/state.pt ---
Epoch 167
Epoch 167, Training Loss: 0.5687, Validation Loss: 0.5989
--- Saved model to checkpoints/classification/scratch_seed42/state.pt ---
Epoch 168
Epoch 168, Training Loss: 0.5505, Validation Loss: 0.6027
--- Saved model to checkpoints/classification/scratch_seed42/state.pt ---
Epoch 169
Epoch 169, Training Loss: 0.5454, Validation Loss: 0.5907
--- Saved model to checkpoints/classification/scratch_seed42/state.pt ---
Epoch 170
Epoch 170, Training Loss: 0.5498, Validation Loss: 0.5990
--- Saved model to checkpoints/classification/scratch_seed42/state.pt ---
Epoch 171
Epoch 171, Training Loss: 0.5458, Validation Loss: 0.5960
--- Saved model to checkpoints/classification/scratch_seed42/state.pt ---
Epoch 172
Epoch 172, Training Loss: 0.5499, Validation Loss: 0.5943
--- Saved model to checkpoints/classification/scratch_seed42/state.pt ---
Epoch 173
Epoch 173, Training Loss: 0.5441, Validation Loss: 0.6092
--- Saved model to checkpoints/classification/scratch_seed42/state.pt ---
Epoch 174
Epoch 174, Training Loss: 0.5625, Validation Loss: 0.5952
--- Saved model to checkpoints/classification/scratch_seed42/state.pt ---
Epoch 175
Epoch 175, Training Loss: 0.5511, Validation Loss: 0.5928
--- Saved model to checkpoints/classification/scratch_seed42/state.pt ---
Epoch 176
Epoch 176, Training Loss: 0.5366, Validation Loss: 0.6001
--- Saved model to checkpoints/classification/scratch_seed42/state.pt ---
Epoch 177
Epoch 177, Training Loss: 0.5544, Validation Loss: 0.5986
--- Saved model to checkpoints/classification/scratch_seed42/state.pt ---
Epoch 178
Epoch 178, Training Loss: 0.5439, Validation Loss: 0.5929
--- Saved model to checkpoints/classification/scratch_seed42/state.pt ---
Epoch 179
Epoch 179, Training Loss: 0.5442, Validation Loss: 0.5936
--- Saved model to checkpoints/classification/scratch_seed42/state.pt ---
Epoch 180
Epoch 180, Training Loss: 0.5490, Validation Loss: 0.6280
--- Saved model to checkpoints/classification/scratch_seed42/state.pt ---
Epoch 181
Epoch 181, Training Loss: 0.5470, Validation Loss: 0.5869 (best)
--- Saved model to checkpoints/classification/scratch_seed42/state.pt ---
Epoch 182
Epoch 182, Training Loss: 0.5497, Validation Loss: 0.5938
--- Saved model to checkpoints/classification/scratch_seed42/state.pt ---
Epoch 183
Epoch 183, Training Loss: 0.5406, Validation Loss: 0.5861 (best)
--- Saved model to checkpoints/classification/scratch_seed42/state.pt ---
Epoch 184
Epoch 184, Training Loss: 0.5440, Validation Loss: 0.6008
--- Saved model to checkpoints/classification/scratch_seed42/state.pt ---
Epoch 185
Epoch 185, Training Loss: 0.5286, Validation Loss: 0.5899
--- Saved model to checkpoints/classification/scratch_seed42/state.pt ---
Epoch 186
Epoch 186, Training Loss: 0.5355, Validation Loss: 0.5875
--- Saved model to checkpoints/classification/scratch_seed42/state.pt ---
Epoch 187
Epoch 187, Training Loss: 0.5427, Validation Loss: 0.6098
--- Saved model to checkpoints/classification/scratch_seed42/state.pt ---
Epoch 188
Epoch 188, Training Loss: 0.5528, Validation Loss: 0.5989
--- Saved model to checkpoints/classification/scratch_seed42/state.pt ---
Epoch 189
Epoch 189, Training Loss: 0.5466, Validation Loss: 0.5928
--- Saved model to checkpoints/classification/scratch_seed42/state.pt ---
Epoch 190
Epoch 190, Training Loss: 0.5404, Validation Loss: 0.5859 (best)
--- Saved model to checkpoints/classification/scratch_seed42/state.pt ---
Epoch 191
Epoch 191, Training Loss: 0.5208, Validation Loss: 0.6000
--- Saved model to checkpoints/classification/scratch_seed42/state.pt ---
Epoch 192
Epoch 192, Training Loss: 0.5279, Validation Loss: 0.5998
--- Saved model to checkpoints/classification/scratch_seed42/state.pt ---
Epoch 193
Epoch 193, Training Loss: 0.5336, Validation Loss: 0.5926
--- Saved model to checkpoints/classification/scratch_seed42/state.pt ---
Epoch 194
Epoch 194, Training Loss: 0.5380, Validation Loss: 0.5958
--- Saved model to checkpoints/classification/scratch_seed42/state.pt ---
Epoch 195
Epoch 195, Training Loss: 0.5493, Validation Loss: 0.5943
--- Saved model to checkpoints/classification/scratch_seed42/state.pt ---
Epoch 196
Epoch 196, Training Loss: 0.5466, Validation Loss: 0.5982
--- Saved model to checkpoints/classification/scratch_seed42/state.pt ---
Epoch 197
Epoch 197, Training Loss: 0.5373, Validation Loss: 0.5898
--- Saved model to checkpoints/classification/scratch_seed42/state.pt ---
Epoch 198
Epoch 198, Training Loss: 0.5372, Validation Loss: 0.6000
--- Saved model to checkpoints/classification/scratch_seed42/state.pt ---
Epoch 199
Epoch 199, Training Loss: 0.5428, Validation Loss: 0.5836 (best)
--- Saved model to checkpoints/classification/scratch_seed42/state.pt ---
Epoch 200
Epoch 200, Training Loss: 0.5386, Validation Loss: 0.5891
--- Saved model to checkpoints/classification/scratch_seed42/state.pt ---
Epoch 201
Epoch 201, Training Loss: 0.5287, Validation Loss: 0.5990
--- Saved model to checkpoints/classification/scratch_seed42/state.pt ---
Epoch 202
Epoch 202, Training Loss: 0.5390, Validation Loss: 0.6045
--- Saved model to checkpoints/classification/scratch_seed42/state.pt ---
Epoch 203
Epoch 203, Training Loss: 0.5410, Validation Loss: 0.5971
--- Saved model to checkpoints/classification/scratch_seed42/state.pt ---
Epoch 204
Epoch 204, Training Loss: 0.5367, Validation Loss: 0.5875
--- Saved model to checkpoints/classification/scratch_seed42/state.pt ---
Epoch 205
Epoch 205, Training Loss: 0.5416, Validation Loss: 0.6058
--- Saved model to checkpoints/classification/scratch_seed42/state.pt ---
Epoch 206
Epoch 206, Training Loss: 0.5451, Validation Loss: 0.6038
--- Saved model to checkpoints/classification/scratch_seed42/state.pt ---
Epoch 207
Epoch 207, Training Loss: 0.5388, Validation Loss: 0.5961
--- Saved model to checkpoints/classification/scratch_seed42/state.pt ---
Epoch 208
Epoch 208, Training Loss: 0.5314, Validation Loss: 0.5924
--- Saved model to checkpoints/classification/scratch_seed42/state.pt ---
Epoch 209
Epoch 209, Training Loss: 0.5312, Validation Loss: 0.6182
--- Saved model to checkpoints/classification/scratch_seed42/state.pt ---
Epoch 210
Epoch 210, Training Loss: 0.5301, Validation Loss: 0.6032
--- Saved model to checkpoints/classification/scratch_seed42/state.pt ---
Epoch 211
Epoch 211, Training Loss: 0.5217, Validation Loss: 0.6237
--- Saved model to checkpoints/classification/scratch_seed42/state.pt ---
Epoch 212
Epoch 212, Training Loss: 0.5444, Validation Loss: 0.5964
--- Saved model to checkpoints/classification/scratch_seed42/state.pt ---
Epoch 213
Epoch 213, Training Loss: 0.5311, Validation Loss: 0.6081
--- Saved model to checkpoints/classification/scratch_seed42/state.pt ---
Epoch 214
Epoch 214, Training Loss: 0.5407, Validation Loss: 0.6076
--- Saved model to checkpoints/classification/scratch_seed42/state.pt ---
Epoch 215
Epoch 215, Training Loss: 0.5361, Validation Loss: 0.5892
--- Saved model to checkpoints/classification/scratch_seed42/state.pt ---
Epoch 216
Epoch 216, Training Loss: 0.5513, Validation Loss: 0.5950
--- Saved model to checkpoints/classification/scratch_seed42/state.pt ---
Epoch 217
Epoch 217, Training Loss: 0.5302, Validation Loss: 0.5868
--- Saved model to checkpoints/classification/scratch_seed42/state.pt ---
Epoch 218
Epoch 218, Training Loss: 0.5262, Validation Loss: 0.5876
--- Saved model to checkpoints/classification/scratch_seed42/state.pt ---
Epoch 219
Epoch 219, Training Loss: 0.5252, Validation Loss: 0.5941
--- Saved model to checkpoints/classification/scratch_seed42/state.pt ---
Epoch 220
Epoch 220, Training Loss: 0.5323, Validation Loss: 0.5994
--- Saved model to checkpoints/classification/scratch_seed42/state.pt ---
Epoch 221
Epoch 221, Training Loss: 0.5366, Validation Loss: 0.5926
--- Saved model to checkpoints/classification/scratch_seed42/state.pt ---
Epoch 222
Epoch 222, Training Loss: 0.5347, Validation Loss: 0.6548
--- Saved model to checkpoints/classification/scratch_seed42/state.pt ---
Epoch 223
Epoch 223, Training Loss: 0.5397, Validation Loss: 0.5853
--- Saved model to checkpoints/classification/scratch_seed42/state.pt ---
Epoch 224
Epoch 224, Training Loss: 0.5234, Validation Loss: 0.5954
--- Saved model to checkpoints/classification/scratch_seed42/state.pt ---
Epoch 225
Epoch 225, Training Loss: 0.5358, Validation Loss: 0.6089
--- Saved model to checkpoints/classification/scratch_seed42/state.pt ---
Epoch 226
Epoch 226, Training Loss: 0.5294, Validation Loss: 0.5885
--- Saved model to checkpoints/classification/scratch_seed42/state.pt ---
Epoch 227
Epoch 227, Training Loss: 0.5163, Validation Loss: 0.5922
--- Saved model to checkpoints/classification/scratch_seed42/state.pt ---
Epoch 228
Epoch 228, Training Loss: 0.5274, Validation Loss: 0.5921
--- Saved model to checkpoints/classification/scratch_seed42/state.pt ---
Epoch 229
Epoch 229, Training Loss: 0.5342, Validation Loss: 0.5984
--- Saved model to checkpoints/classification/scratch_seed42/state.pt ---
Epoch 230
Epoch 230, Training Loss: 0.5333, Validation Loss: 0.6282
--- Saved model to checkpoints/classification/scratch_seed42/state.pt ---
Epoch 231
Epoch 231, Training Loss: 0.5385, Validation Loss: 0.5853
--- Saved model to checkpoints/classification/scratch_seed42/state.pt ---
Epoch 232
Epoch 232, Training Loss: 0.5369, Validation Loss: 0.5898
--- Saved model to checkpoints/classification/scratch_seed42/state.pt ---
Epoch 233
Epoch 233, Training Loss: 0.5210, Validation Loss: 0.5891
--- Saved model to checkpoints/classification/scratch_seed42/state.pt ---
Epoch 234
Epoch 234, Training Loss: 0.5307, Validation Loss: 0.5946
--- Saved model to checkpoints/classification/scratch_seed42/state.pt ---
Epoch 235
Epoch 235, Training Loss: 0.5187, Validation Loss: 0.6126
--- Saved model to checkpoints/classification/scratch_seed42/state.pt ---
Epoch 236
Epoch 236, Training Loss: 0.5289, Validation Loss: 0.5966
--- Saved model to checkpoints/classification/scratch_seed42/state.pt ---
Epoch 237
Epoch 237, Training Loss: 0.5272, Validation Loss: 0.5970
--- Saved model to checkpoints/classification/scratch_seed42/state.pt ---
Epoch 238
Epoch 238, Training Loss: 0.5214, Validation Loss: 0.6014
--- Saved model to checkpoints/classification/scratch_seed42/state.pt ---
Epoch 239
Epoch 239, Training Loss: 0.5172, Validation Loss: 0.5972
--- Saved model to checkpoints/classification/scratch_seed42/state.pt ---
Epoch 240
Epoch 240, Training Loss: 0.5186, Validation Loss: 0.6123
--- Saved model to checkpoints/classification/scratch_seed42/state.pt ---
Epoch 241
Epoch 241, Training Loss: 0.5331, Validation Loss: 0.6015
--- Saved model to checkpoints/classification/scratch_seed42/state.pt ---
Epoch 242
Epoch 242, Training Loss: 0.5267, Validation Loss: 0.5772 (best)
--- Saved model to checkpoints/classification/scratch_seed42/state.pt ---
Epoch 243
Epoch 243, Training Loss: 0.5171, Validation Loss: 0.5952
--- Saved model to checkpoints/classification/scratch_seed42/state.pt ---
Epoch 244
Epoch 244, Training Loss: 0.5098, Validation Loss: 0.5952
--- Saved model to checkpoints/classification/scratch_seed42/state.pt ---
Epoch 245
Epoch 245, Training Loss: 0.5003, Validation Loss: 0.5923
--- Saved model to checkpoints/classification/scratch_seed42/state.pt ---
Epoch 246
Epoch 246, Training Loss: 0.5346, Validation Loss: 0.5886
--- Saved model to checkpoints/classification/scratch_seed42/state.pt ---
Epoch 247
Epoch 247, Training Loss: 0.5199, Validation Loss: 0.6088
--- Saved model to checkpoints/classification/scratch_seed42/state.pt ---
Epoch 248
Epoch 248, Training Loss: 0.5380, Validation Loss: 0.5936
--- Saved model to checkpoints/classification/scratch_seed42/state.pt ---
Epoch 249
Epoch 249, Training Loss: 0.5105, Validation Loss: 0.6091
--- Saved model to checkpoints/classification/scratch_seed42/state.pt ---
Epoch 250
Epoch 250, Training Loss: 0.5225, Validation Loss: 0.6171
--- Saved model to checkpoints/classification/scratch_seed42/state.pt ---
Epoch 251
Epoch 251, Training Loss: 0.5126, Validation Loss: 0.5949
--- Saved model to checkpoints/classification/scratch_seed42/state.pt ---
Epoch 252
Epoch 252, Training Loss: 0.5339, Validation Loss: 0.5903
--- Saved model to checkpoints/classification/scratch_seed42/state.pt ---
Epoch 253
Epoch 253, Training Loss: 0.5300, Validation Loss: 0.5965
--- Saved model to checkpoints/classification/scratch_seed42/state.pt ---
Epoch 254
Epoch 254, Training Loss: 0.5151, Validation Loss: 0.5933
--- Saved model to checkpoints/classification/scratch_seed42/state.pt ---
Epoch 255
Epoch 255, Training Loss: 0.5306, Validation Loss: 0.5974
--- Saved model to checkpoints/classification/scratch_seed42/state.pt ---
Epoch 256
Epoch 256, Training Loss: 0.5153, Validation Loss: 0.6054
--- Saved model to checkpoints/classification/scratch_seed42/state.pt ---
Epoch 257
Epoch 257, Training Loss: 0.5054, Validation Loss: 0.5912
--- Saved model to checkpoints/classification/scratch_seed42/state.pt ---
Epoch 258
Epoch 258, Training Loss: 0.5086, Validation Loss: 0.5929
--- Saved model to checkpoints/classification/scratch_seed42/state.pt ---
Epoch 259
Epoch 259, Training Loss: 0.5234, Validation Loss: 0.5955
--- Saved model to checkpoints/classification/scratch_seed42/state.pt ---
Epoch 260
Epoch 260, Training Loss: 0.5222, Validation Loss: 0.5907
--- Saved model to checkpoints/classification/scratch_seed42/state.pt ---
Epoch 261
Epoch 261, Training Loss: 0.5196, Validation Loss: 0.5887
--- Saved model to checkpoints/classification/scratch_seed42/state.pt ---
Epoch 262
Epoch 262, Training Loss: 0.5166, Validation Loss: 0.5756 (best)
--- Saved model to checkpoints/classification/scratch_seed42/state.pt ---
Epoch 263
Epoch 263, Training Loss: 0.5078, Validation Loss: 0.6129
--- Saved model to checkpoints/classification/scratch_seed42/state.pt ---
Epoch 264
Epoch 264, Training Loss: 0.5207, Validation Loss: 0.6103
--- Saved model to checkpoints/classification/scratch_seed42/state.pt ---
Epoch 265
Epoch 265, Training Loss: 0.5203, Validation Loss: 0.6023
--- Saved model to checkpoints/classification/scratch_seed42/state.pt ---
Epoch 266
Epoch 266, Training Loss: 0.5180, Validation Loss: 0.6079
--- Saved model to checkpoints/classification/scratch_seed42/state.pt ---
Epoch 267
Epoch 267, Training Loss: 0.5094, Validation Loss: 0.5892
--- Saved model to checkpoints/classification/scratch_seed42/state.pt ---
Epoch 268
Epoch 268, Training Loss: 0.5118, Validation Loss: 0.5931
--- Saved model to checkpoints/classification/scratch_seed42/state.pt ---
Epoch 269
Epoch 269, Training Loss: 0.5225, Validation Loss: 0.6027
--- Saved model to checkpoints/classification/scratch_seed42/state.pt ---
Epoch 270
Epoch 270, Training Loss: 0.5142, Validation Loss: 0.5816
--- Saved model to checkpoints/classification/scratch_seed42/state.pt ---
Epoch 271
Epoch 271, Training Loss: 0.5254, Validation Loss: 0.5931
--- Saved model to checkpoints/classification/scratch_seed42/state.pt ---
Epoch 272
Epoch 272, Training Loss: 0.5022, Validation Loss: 0.6446
--- Saved model to checkpoints/classification/scratch_seed42/state.pt ---
Epoch 273
Epoch 273, Training Loss: 0.5193, Validation Loss: 0.5977
--- Saved model to checkpoints/classification/scratch_seed42/state.pt ---
Epoch 274
Epoch 274, Training Loss: 0.5100, Validation Loss: 0.5839
--- Saved model to checkpoints/classification/scratch_seed42/state.pt ---
Epoch 275
Epoch 275, Training Loss: 0.5166, Validation Loss: 0.6058
--- Saved model to checkpoints/classification/scratch_seed42/state.pt ---
Epoch 276
Epoch 276, Training Loss: 0.5222, Validation Loss: 0.5874
--- Saved model to checkpoints/classification/scratch_seed42/state.pt ---
Epoch 277
Epoch 277, Training Loss: 0.5091, Validation Loss: 0.5996
--- Saved model to checkpoints/classification/scratch_seed42/state.pt ---
Epoch 278
Epoch 278, Training Loss: 0.5146, Validation Loss: 0.6109
--- Saved model to checkpoints/classification/scratch_seed42/state.pt ---
Epoch 279
Epoch 279, Training Loss: 0.5243, Validation Loss: 0.5986
--- Saved model to checkpoints/classification/scratch_seed42/state.pt ---
Epoch 280
Epoch 280, Training Loss: 0.5094, Validation Loss: 0.5916
--- Saved model to checkpoints/classification/scratch_seed42/state.pt ---
Epoch 281
Epoch 281, Training Loss: 0.5132, Validation Loss: 0.6081
--- Saved model to checkpoints/classification/scratch_seed42/state.pt ---
Epoch 282
Epoch 282, Training Loss: 0.5218, Validation Loss: 0.6026
--- Saved model to checkpoints/classification/scratch_seed42/state.pt ---
Epoch 283
Epoch 283, Training Loss: 0.5286, Validation Loss: 0.6251
--- Saved model to checkpoints/classification/scratch_seed42/state.pt ---
Epoch 284
Epoch 284, Training Loss: 0.5192, Validation Loss: 0.6063
--- Saved model to checkpoints/classification/scratch_seed42/state.pt ---
Epoch 285
Epoch 285, Training Loss: 0.5190, Validation Loss: 0.5958
--- Saved model to checkpoints/classification/scratch_seed42/state.pt ---
Epoch 286
Epoch 286, Training Loss: 0.5166, Validation Loss: 0.6092
--- Saved model to checkpoints/classification/scratch_seed42/state.pt ---
Epoch 287
Epoch 287, Training Loss: 0.5218, Validation Loss: 0.6174
--- Saved model to checkpoints/classification/scratch_seed42/state.pt ---
Epoch 288
Epoch 288, Training Loss: 0.5171, Validation Loss: 0.5922
--- Saved model to checkpoints/classification/scratch_seed42/state.pt ---
Epoch 289
Epoch 289, Training Loss: 0.5035, Validation Loss: 0.6060
--- Saved model to checkpoints/classification/scratch_seed42/state.pt ---
Epoch 290
Epoch 290, Training Loss: 0.5203, Validation Loss: 0.6007
--- Saved model to checkpoints/classification/scratch_seed42/state.pt ---
Epoch 291
Epoch 291, Training Loss: 0.5224, Validation Loss: 0.5976
--- Saved model to checkpoints/classification/scratch_seed42/state.pt ---
Epoch 292
Epoch 292, Training Loss: 0.5098, Validation Loss: 0.6130
--- Saved model to checkpoints/classification/scratch_seed42/state.pt ---
Epoch 293
Epoch 293, Training Loss: 0.5146, Validation Loss: 0.6023
--- Saved model to checkpoints/classification/scratch_seed42/state.pt ---
Epoch 294
Epoch 294, Training Loss: 0.5138, Validation Loss: 0.5928
--- Saved model to checkpoints/classification/scratch_seed42/state.pt ---
Epoch 295
Epoch 295, Training Loss: 0.5073, Validation Loss: 0.5859
--- Saved model to checkpoints/classification/scratch_seed42/state.pt ---
Epoch 296
Epoch 296, Training Loss: 0.5076, Validation Loss: 0.5989
--- Saved model to checkpoints/classification/scratch_seed42/state.pt ---
Epoch 297
Epoch 297, Training Loss: 0.5146, Validation Loss: 0.5938
--- Saved model to checkpoints/classification/scratch_seed42/state.pt ---
Epoch 298
Epoch 298, Training Loss: 0.5243, Validation Loss: 0.6097
--- Saved model to checkpoints/classification/scratch_seed42/state.pt ---
Epoch 299
Epoch 299, Training Loss: 0.5115, Validation Loss: 0.6168
--- Saved model to checkpoints/classification/scratch_seed42/state.pt ---
Restored best model (val loss 0.5756)
--- Saved model to checkpoints/classification/scratch_seed42/state.pt ---
Testing model
Accuracy: 74.04%

============================================================
Run 2/5  |  seed=43  |  tag=scratch_seed43  |  results -> results/classification/run_20260713_210147_seed43
============================================================

Training classification for 300 epochs
Epoch 0
Epoch 0, Training Loss: 0.7115, Validation Loss: 0.7198 (best)
--- Saved model to checkpoints/classification/scratch_seed43/state.pt ---
Epoch 1
Epoch 1, Training Loss: 0.7026, Validation Loss: 0.7014 (best)
--- Saved model to checkpoints/classification/scratch_seed43/state.pt ---
Epoch 2
Epoch 2, Training Loss: 0.6971, Validation Loss: 0.6948 (best)
--- Saved model to checkpoints/classification/scratch_seed43/state.pt ---
Epoch 3
Epoch 3, Training Loss: 0.6989, Validation Loss: 0.6927 (best)
--- Saved model to checkpoints/classification/scratch_seed43/state.pt ---
Epoch 4
Epoch 4, Training Loss: 0.6950, Validation Loss: 0.6925 (best)
--- Saved model to checkpoints/classification/scratch_seed43/state.pt ---
Epoch 5
Epoch 5, Training Loss: 0.6954, Validation Loss: 0.6937
--- Saved model to checkpoints/classification/scratch_seed43/state.pt ---
Epoch 6
Epoch 6, Training Loss: 0.6959, Validation Loss: 0.6937
--- Saved model to checkpoints/classification/scratch_seed43/state.pt ---
Epoch 7
Epoch 7, Training Loss: 0.6949, Validation Loss: 0.6927
--- Saved model to checkpoints/classification/scratch_seed43/state.pt ---
Epoch 8
Epoch 8, Training Loss: 0.6963, Validation Loss: 0.6939
--- Saved model to checkpoints/classification/scratch_seed43/state.pt ---
Epoch 9
Epoch 9, Training Loss: 0.6954, Validation Loss: 0.6965
--- Saved model to checkpoints/classification/scratch_seed43/state.pt ---
Epoch 10
Epoch 10, Training Loss: 0.6958, Validation Loss: 0.6924 (best)
--- Saved model to checkpoints/classification/scratch_seed43/state.pt ---
Epoch 11
Epoch 11, Training Loss: 0.6955, Validation Loss: 0.6932
--- Saved model to checkpoints/classification/scratch_seed43/state.pt ---
Epoch 12
Epoch 12, Training Loss: 0.6945, Validation Loss: 0.6949
--- Saved model to checkpoints/classification/scratch_seed43/state.pt ---
Epoch 13
Epoch 13, Training Loss: 0.6956, Validation Loss: 0.6930
--- Saved model to checkpoints/classification/scratch_seed43/state.pt ---
Epoch 14
Epoch 14, Training Loss: 0.6943, Validation Loss: 0.6928
--- Saved model to checkpoints/classification/scratch_seed43/state.pt ---
Epoch 15
Epoch 15, Training Loss: 0.6959, Validation Loss: 0.6942
--- Saved model to checkpoints/classification/scratch_seed43/state.pt ---
Epoch 16
Epoch 16, Training Loss: 0.6963, Validation Loss: 0.6932
--- Saved model to checkpoints/classification/scratch_seed43/state.pt ---
Epoch 17
Epoch 17, Training Loss: 0.6937, Validation Loss: 0.6930
--- Saved model to checkpoints/classification/scratch_seed43/state.pt ---
Epoch 18
Epoch 18, Training Loss: 0.6927, Validation Loss: 0.6951
--- Saved model to checkpoints/classification/scratch_seed43/state.pt ---
Epoch 19
Epoch 19, Training Loss: 0.6951, Validation Loss: 0.6934
--- Saved model to checkpoints/classification/scratch_seed43/state.pt ---
Epoch 20
Epoch 20, Training Loss: 0.6958, Validation Loss: 0.6923 (best)
--- Saved model to checkpoints/classification/scratch_seed43/state.pt ---
Epoch 21
Epoch 21, Training Loss: 0.6953, Validation Loss: 0.6929
--- Saved model to checkpoints/classification/scratch_seed43/state.pt ---
Epoch 22
Epoch 22, Training Loss: 0.6944, Validation Loss: 0.6928
--- Saved model to checkpoints/classification/scratch_seed43/state.pt ---
Epoch 23
Epoch 23, Training Loss: 0.6934, Validation Loss: 0.6947
--- Saved model to checkpoints/classification/scratch_seed43/state.pt ---
Epoch 24
Epoch 24, Training Loss: 0.6958, Validation Loss: 0.6946
--- Saved model to checkpoints/classification/scratch_seed43/state.pt ---
Epoch 25
Epoch 25, Training Loss: 0.6943, Validation Loss: 0.6943
--- Saved model to checkpoints/classification/scratch_seed43/state.pt ---
Epoch 26
Epoch 26, Training Loss: 0.6950, Validation Loss: 0.6923
--- Saved model to checkpoints/classification/scratch_seed43/state.pt ---
Epoch 27
Epoch 27, Training Loss: 0.6962, Validation Loss: 0.6935
--- Saved model to checkpoints/classification/scratch_seed43/state.pt ---
Epoch 28
Epoch 28, Training Loss: 0.6937, Validation Loss: 0.6932
--- Saved model to checkpoints/classification/scratch_seed43/state.pt ---
Epoch 29
Epoch 29, Training Loss: 0.6961, Validation Loss: 0.6938
--- Saved model to checkpoints/classification/scratch_seed43/state.pt ---
Epoch 30
Epoch 30, Training Loss: 0.6950, Validation Loss: 0.6928
--- Saved model to checkpoints/classification/scratch_seed43/state.pt ---
Epoch 31
Epoch 31, Training Loss: 0.6947, Validation Loss: 0.6927
--- Saved model to checkpoints/classification/scratch_seed43/state.pt ---
Epoch 32
Epoch 32, Training Loss: 0.6938, Validation Loss: 0.6933
--- Saved model to checkpoints/classification/scratch_seed43/state.pt ---
Epoch 33
Epoch 33, Training Loss: 0.6944, Validation Loss: 0.6929
--- Saved model to checkpoints/classification/scratch_seed43/state.pt ---
Epoch 34
Epoch 34, Training Loss: 0.6931, Validation Loss: 0.6937
--- Saved model to checkpoints/classification/scratch_seed43/state.pt ---
Epoch 35
Epoch 35, Training Loss: 0.6961, Validation Loss: 0.6942
--- Saved model to checkpoints/classification/scratch_seed43/state.pt ---
Epoch 36
Epoch 36, Training Loss: 0.6939, Validation Loss: 0.6941
--- Saved model to checkpoints/classification/scratch_seed43/state.pt ---
Epoch 37
Epoch 37, Training Loss: 0.6940, Validation Loss: 0.6931
--- Saved model to checkpoints/classification/scratch_seed43/state.pt ---
Epoch 38
Epoch 38, Training Loss: 0.6933, Validation Loss: 0.6933
--- Saved model to checkpoints/classification/scratch_seed43/state.pt ---
Epoch 39
Epoch 39, Training Loss: 0.6950, Validation Loss: 0.6942
--- Saved model to checkpoints/classification/scratch_seed43/state.pt ---
Epoch 40
Epoch 40, Training Loss: 0.6918, Validation Loss: 0.6947
--- Saved model to checkpoints/classification/scratch_seed43/state.pt ---
Epoch 41
Epoch 41, Training Loss: 0.6966, Validation Loss: 0.6932
--- Saved model to checkpoints/classification/scratch_seed43/state.pt ---
Epoch 42
Epoch 42, Training Loss: 0.6931, Validation Loss: 0.6933
--- Saved model to checkpoints/classification/scratch_seed43/state.pt ---
Epoch 43
Epoch 43, Training Loss: 0.6940, Validation Loss: 0.6930
--- Saved model to checkpoints/classification/scratch_seed43/state.pt ---
Epoch 44
Epoch 44, Training Loss: 0.6955, Validation Loss: 0.6926
--- Saved model to checkpoints/classification/scratch_seed43/state.pt ---
Epoch 45
Epoch 45, Training Loss: 0.6946, Validation Loss: 0.6937
--- Saved model to checkpoints/classification/scratch_seed43/state.pt ---
Epoch 46
Epoch 46, Training Loss: 0.6954, Validation Loss: 0.6924
--- Saved model to checkpoints/classification/scratch_seed43/state.pt ---
Epoch 47
Epoch 47, Training Loss: 0.6946, Validation Loss: 0.6938
--- Saved model to checkpoints/classification/scratch_seed43/state.pt ---
Epoch 48
Epoch 48, Training Loss: 0.6957, Validation Loss: 0.6926
--- Saved model to checkpoints/classification/scratch_seed43/state.pt ---
Epoch 49
Epoch 49, Training Loss: 0.6943, Validation Loss: 0.6936
--- Saved model to checkpoints/classification/scratch_seed43/state.pt ---
Epoch 50
Epoch 50, Training Loss: 0.6937, Validation Loss: 0.6933
--- Saved model to checkpoints/classification/scratch_seed43/state.pt ---
Epoch 51
Epoch 51, Training Loss: 0.6940, Validation Loss: 0.6926
--- Saved model to checkpoints/classification/scratch_seed43/state.pt ---
Epoch 52
Epoch 52, Training Loss: 0.6937, Validation Loss: 0.6938
--- Saved model to checkpoints/classification/scratch_seed43/state.pt ---
Epoch 53
Epoch 53, Training Loss: 0.6948, Validation Loss: 0.6945
--- Saved model to checkpoints/classification/scratch_seed43/state.pt ---
Epoch 54
Epoch 54, Training Loss: 0.6945, Validation Loss: 0.6944
--- Saved model to checkpoints/classification/scratch_seed43/state.pt ---
Epoch 55
Epoch 55, Training Loss: 0.6942, Validation Loss: 0.6928
--- Saved model to checkpoints/classification/scratch_seed43/state.pt ---
Epoch 56
Epoch 56, Training Loss: 0.6945, Validation Loss: 0.6934
--- Saved model to checkpoints/classification/scratch_seed43/state.pt ---
Epoch 57
Epoch 57, Training Loss: 0.6933, Validation Loss: 0.6932
--- Saved model to checkpoints/classification/scratch_seed43/state.pt ---
Epoch 58
Epoch 58, Training Loss: 0.6941, Validation Loss: 0.6925
--- Saved model to checkpoints/classification/scratch_seed43/state.pt ---
Epoch 59
Epoch 59, Training Loss: 0.6944, Validation Loss: 0.6937
--- Saved model to checkpoints/classification/scratch_seed43/state.pt ---
Epoch 60
Epoch 60, Training Loss: 0.6945, Validation Loss: 0.6928
--- Saved model to checkpoints/classification/scratch_seed43/state.pt ---
Epoch 61
Epoch 61, Training Loss: 0.6942, Validation Loss: 0.6946
--- Saved model to checkpoints/classification/scratch_seed43/state.pt ---
Epoch 62
Epoch 62, Training Loss: 0.6947, Validation Loss: 0.6923 (best)
--- Saved model to checkpoints/classification/scratch_seed43/state.pt ---
Epoch 63
