CUDA Memory Cleared. Current VRAM Usage: 0.00 MB
On device cuda
Getting data loader crumb_fits
Loaded FITS stats: noise_rms=0.000324, peak_log=4.066700
Loaded FITS stats: noise_rms=0.000324, peak_log=4.066700
Total unique classes found: 2
Label IDs: [0, 1]
Total images in dataset: 1789
Total batches: 157 (at batch size 8)

============================================================
Run 1/1  |  seed=43  |  tag=diffusion_crumb_fits_seed43  |  results -> results/diffusion/20260922_222710_diffusion_crumb_fits_seed43_921090
============================================================

Training diffusion for 400 epochs
Epoch 0
/idia/users/bevan/pid-radast/classifier-guided-physics-informed-diffusion/.venv/lib/python3.11/site-packages/diffusers/configuration_utils.py:139: FutureWarning: Accessing config attribute `num_train_timesteps` directly via 'DDPMScheduler' object attribute is deprecated. Please access 'num_train_timesteps' over 'DDPMScheduler's config object instead, e.g. 'scheduler.config.num_train_timesteps'.
  deprecate("direct config name access", "1.0.0", deprecation_message, standard_warn=False)
/idia/users/bevan/pid-radast/classifier-guided-physics-informed-diffusion/.venv/lib/python3.11/site-packages/diffusers/models/attention_processor.py:1259: UserWarning: Memory Efficient attention is a non-deterministic algorithm. To explicitly disable Memory Efficient attention call torch.use_deterministic_algorithms(True, warn_only=False). (Triggered internally at ../aten/src/ATen/native/transformers/cuda/sdp_utils.h:419.)
  hidden_states = F.scaled_dot_product_attention(
/idia/users/bevan/pid-radast/classifier-guided-physics-informed-diffusion/.venv/lib/python3.11/site-packages/torchmetrics/utilities/prints.py:43: UserWarning: Metric `Kernel Inception Distance` will save all extracted features in buffer. For large datasets this may lead to large memory footprint.
  warnings.warn(*args, **kwargs)
Epoch 0 | Loss: 0.063839 | Val: 0.149518
FITS files saved to results/diffusion/20260922_222710_diffusion_crumb_fits_seed43_921090/generated_fits
Computing FID/KID/PDF at epoch 0...
  FID: 170.9264 | KID: 0.189092
  Pixel PDF W-dist: 0.1215
--- Saved model to checkpoints/diffusion/diffusion_crumb_fits_seed43/state.pt ---
Epoch 1
Epoch 1 | Loss: 0.028254 | Val: 0.143607
--- Saved model to checkpoints/diffusion/diffusion_crumb_fits_seed43/state.pt ---
Epoch 2
Epoch 2 | Loss: 0.031897 | Val: 0.137277
--- Saved model to checkpoints/diffusion/diffusion_crumb_fits_seed43/state.pt ---
Epoch 3
Epoch 3 | Loss: 0.026369 | Val: 0.138457
--- Saved model to checkpoints/diffusion/diffusion_crumb_fits_seed43/state.pt ---
Epoch 4
Epoch 4 | Loss: 0.026890 | Val: 0.135136
--- Saved model to checkpoints/diffusion/diffusion_crumb_fits_seed43/state.pt ---
Epoch 5
Epoch 5 | Loss: 0.023287 | Val: 0.136664
--- Saved model to checkpoints/diffusion/diffusion_crumb_fits_seed43/state.pt ---
Epoch 6
Epoch 6 | Loss: 0.022831 | Val: 0.135307
--- Saved model to checkpoints/diffusion/diffusion_crumb_fits_seed43/state.pt ---
Epoch 7
Epoch 7 | Loss: 0.024619 | Val: 0.135994
--- Saved model to checkpoints/diffusion/diffusion_crumb_fits_seed43/state.pt ---
Epoch 8
Epoch 8 | Loss: 0.020161 | Val: 0.134556
--- Saved model to checkpoints/diffusion/diffusion_crumb_fits_seed43/state.pt ---
Epoch 9
Epoch 9 | Loss: 0.024945 | Val: 0.134603
--- Saved model to checkpoints/diffusion/diffusion_crumb_fits_seed43/state.pt ---
Epoch 10
Epoch 10 | Loss: 0.019958 | Val: 0.136551
FITS files saved to results/diffusion/20260922_222710_diffusion_crumb_fits_seed43_921090/generated_fits
Computing FID/KID/PDF at epoch 10...
  FID: 159.4965 | KID: 0.159752
  Pixel PDF W-dist: 0.1181
--- Saved model to checkpoints/diffusion/diffusion_crumb_fits_seed43/state.pt ---
Epoch 11
Epoch 11 | Loss: 0.027256 | Val: 0.135190
--- Saved model to checkpoints/diffusion/diffusion_crumb_fits_seed43/state.pt ---
Epoch 12
Epoch 12 | Loss: 0.024198 | Val: 0.135366
--- Saved model to checkpoints/diffusion/diffusion_crumb_fits_seed43/state.pt ---
Epoch 13
Epoch 13 | Loss: 0.026569 | Val: 0.133810
--- Saved model to checkpoints/diffusion/diffusion_crumb_fits_seed43/state.pt ---
Epoch 14
Epoch 14 | Loss: 0.023904 | Val: 0.134871
--- Saved model to checkpoints/diffusion/diffusion_crumb_fits_seed43/state.pt ---
Epoch 15
Epoch 15 | Loss: 0.020719 | Val: 0.134981
--- Saved model to checkpoints/diffusion/diffusion_crumb_fits_seed43/state.pt ---
Epoch 16
Epoch 16 | Loss: 0.024749 | Val: 0.134026
--- Saved model to checkpoints/diffusion/diffusion_crumb_fits_seed43/state.pt ---
Epoch 17
Epoch 17 | Loss: 0.020550 | Val: 0.132127
--- Saved model to checkpoints/diffusion/diffusion_crumb_fits_seed43/state.pt ---
Epoch 18
Epoch 18 | Loss: 0.028718 | Val: 0.132581
--- Saved model to checkpoints/diffusion/diffusion_crumb_fits_seed43/state.pt ---
Epoch 19
Epoch 19 | Loss: 0.022941 | Val: 0.133072
--- Saved model to checkpoints/diffusion/diffusion_crumb_fits_seed43/state.pt ---
Epoch 20
Epoch 20 | Loss: 0.024064 | Val: 0.132018
FITS files saved to results/diffusion/20260922_222710_diffusion_crumb_fits_seed43_921090/generated_fits
Computing FID/KID/PDF at epoch 20...
  FID: 159.3555 | KID: 0.121020
  Pixel PDF W-dist: 0.3105
--- Saved model to checkpoints/diffusion/diffusion_crumb_fits_seed43/state.pt ---
Epoch 21
Epoch 21 | Loss: 0.029223 | Val: 0.133895
--- Saved model to checkpoints/diffusion/diffusion_crumb_fits_seed43/state.pt ---
Epoch 22
Epoch 22 | Loss: 0.023954 | Val: 0.132771
--- Saved model to checkpoints/diffusion/diffusion_crumb_fits_seed43/state.pt ---
Epoch 23
Epoch 23 | Loss: 0.023681 | Val: 0.132146
--- Saved model to checkpoints/diffusion/diffusion_crumb_fits_seed43/state.pt ---
Epoch 24
Epoch 24 | Loss: 0.029343 | Val: 0.134815
--- Saved model to checkpoints/diffusion/diffusion_crumb_fits_seed43/state.pt ---
Epoch 25
Epoch 25 | Loss: 0.025888 | Val: 0.132594
--- Saved model to checkpoints/diffusion/diffusion_crumb_fits_seed43/state.pt ---
Epoch 26
Epoch 26 | Loss: 0.023916 | Val: 0.135466
--- Saved model to checkpoints/diffusion/diffusion_crumb_fits_seed43/state.pt ---
Epoch 27
Epoch 27 | Loss: 0.023321 | Val: 0.132021
--- Saved model to checkpoints/diffusion/diffusion_crumb_fits_seed43/state.pt ---
Epoch 28
Epoch 28 | Loss: 0.028071 | Val: 0.131228
--- Saved model to checkpoints/diffusion/diffusion_crumb_fits_seed43/state.pt ---
Epoch 29
Epoch 29 | Loss: 0.022793 | Val: 0.132323
--- Saved model to checkpoints/diffusion/diffusion_crumb_fits_seed43/state.pt ---
Epoch 30
Epoch 30 | Loss: 0.025037 | Val: 0.131682
FITS files saved to results/diffusion/20260922_222710_diffusion_crumb_fits_seed43_921090/generated_fits
Computing FID/KID/PDF at epoch 30...
  FID: 163.3745 | KID: 0.152345
  Pixel PDF W-dist: 0.1551
--- Saved model to checkpoints/diffusion/diffusion_crumb_fits_seed43/state.pt ---
Epoch 31
Epoch 31 | Loss: 0.023944 | Val: 0.131869
--- Saved model to checkpoints/diffusion/diffusion_crumb_fits_seed43/state.pt ---
Epoch 32
Epoch 32 | Loss: 0.018342 | Val: 0.131702
--- Saved model to checkpoints/diffusion/diffusion_crumb_fits_seed43/state.pt ---
Epoch 33
Epoch 33 | Loss: 0.026066 | Val: 0.136148
--- Saved model to checkpoints/diffusion/diffusion_crumb_fits_seed43/state.pt ---
Epoch 34
Epoch 34 | Loss: 0.024162 | Val: 0.131438
--- Saved model to checkpoints/diffusion/diffusion_crumb_fits_seed43/state.pt ---
Epoch 35
Epoch 35 | Loss: 0.023882 | Val: 0.132446
--- Saved model to checkpoints/diffusion/diffusion_crumb_fits_seed43/state.pt ---
Epoch 36
Epoch 36 | Loss: 0.024767 | Val: 0.132028
--- Saved model to checkpoints/diffusion/diffusion_crumb_fits_seed43/state.pt ---
Epoch 37
Epoch 37 | Loss: 0.025714 | Val: 0.132125
--- Saved model to checkpoints/diffusion/diffusion_crumb_fits_seed43/state.pt ---
Epoch 38
Epoch 38 | Loss: 0.026110 | Val: 0.132686
--- Saved model to checkpoints/diffusion/diffusion_crumb_fits_seed43/state.pt ---
Epoch 39
Epoch 39 | Loss: 0.022979 | Val: 0.131407
--- Saved model to checkpoints/diffusion/diffusion_crumb_fits_seed43/state.pt ---
Epoch 40
Epoch 40 | Loss: 0.020197 | Val: 0.131161
FITS files saved to results/diffusion/20260922_222710_diffusion_crumb_fits_seed43_921090/generated_fits
Computing FID/KID/PDF at epoch 40...
  FID: 154.2813 | KID: 0.144835
  Pixel PDF W-dist: 0.2413
--- Saved model to checkpoints/diffusion/diffusion_crumb_fits_seed43/state.pt ---
Epoch 41
Epoch 41 | Loss: 0.027787 | Val: 0.131356
--- Saved model to checkpoints/diffusion/diffusion_crumb_fits_seed43/state.pt ---
Epoch 42
Epoch 42 | Loss: 0.025948 | Val: 0.130781
--- Saved model to checkpoints/diffusion/diffusion_crumb_fits_seed43/state.pt ---
Epoch 43
Epoch 43 | Loss: 0.019829 | Val: 0.132222
--- Saved model to checkpoints/diffusion/diffusion_crumb_fits_seed43/state.pt ---
Epoch 44
Epoch 44 | Loss: 0.023349 | Val: 0.130901
--- Saved model to checkpoints/diffusion/diffusion_crumb_fits_seed43/state.pt ---
Epoch 45
Epoch 45 | Loss: 0.023110 | Val: 0.131577
--- Saved model to checkpoints/diffusion/diffusion_crumb_fits_seed43/state.pt ---
Epoch 46
Epoch 46 | Loss: 0.025736 | Val: 0.131431
--- Saved model to checkpoints/diffusion/diffusion_crumb_fits_seed43/state.pt ---
Epoch 47
Epoch 47 | Loss: 0.023120 | Val: 0.132679
--- Saved model to checkpoints/diffusion/diffusion_crumb_fits_seed43/state.pt ---
Epoch 48
Epoch 48 | Loss: 0.024003 | Val: 0.129978
--- Saved model to checkpoints/diffusion/diffusion_crumb_fits_seed43/state.pt ---
Epoch 49
Epoch 49 | Loss: 0.022869 | Val: 0.130739
--- Saved model to checkpoints/diffusion/diffusion_crumb_fits_seed43/state.pt ---
Epoch 50
Epoch 50 | Loss: 0.020649 | Val: 0.131086
FITS files saved to results/diffusion/20260922_222710_diffusion_crumb_fits_seed43_921090/generated_fits
Computing FID/KID/PDF at epoch 50...
  FID: 169.4102 | KID: 0.139714
  Pixel PDF W-dist: 0.1438
--- Saved model to checkpoints/diffusion/diffusion_crumb_fits_seed43/state.pt ---
Epoch 51
Epoch 51 | Loss: 0.019811 | Val: 0.131299
--- Saved model to checkpoints/diffusion/diffusion_crumb_fits_seed43/state.pt ---
Epoch 52
Epoch 52 | Loss: 0.026779 | Val: 0.130849
--- Saved model to checkpoints/diffusion/diffusion_crumb_fits_seed43/state.pt ---
Epoch 53
Epoch 53 | Loss: 0.024211 | Val: 0.129573
--- Saved model to checkpoints/diffusion/diffusion_crumb_fits_seed43/state.pt ---
Epoch 54
Epoch 54 | Loss: 0.020723 | Val: 0.130425
--- Saved model to checkpoints/diffusion/diffusion_crumb_fits_seed43/state.pt ---
Epoch 55
Epoch 55 | Loss: 0.025267 | Val: 0.131655
--- Saved model to checkpoints/diffusion/diffusion_crumb_fits_seed43/state.pt ---
Epoch 56
Epoch 56 | Loss: 0.024218 | Val: 0.130372
--- Saved model to checkpoints/diffusion/diffusion_crumb_fits_seed43/state.pt ---
Epoch 57
Epoch 57 | Loss: 0.019870 | Val: 0.130924
--- Saved model to checkpoints/diffusion/diffusion_crumb_fits_seed43/state.pt ---
Epoch 58
Epoch 58 | Loss: 0.025869 | Val: 0.131123
--- Saved model to checkpoints/diffusion/diffusion_crumb_fits_seed43/state.pt ---
Epoch 59
Epoch 59 | Loss: 0.025377 | Val: 0.130640
--- Saved model to checkpoints/diffusion/diffusion_crumb_fits_seed43/state.pt ---
Epoch 60
Epoch 60 | Loss: 0.024714 | Val: 0.131406
FITS files saved to results/diffusion/20260922_222710_diffusion_crumb_fits_seed43_921090/generated_fits
Computing FID/KID/PDF at epoch 60...
  FID: 155.5513 | KID: 0.143131
  Pixel PDF W-dist: 0.1267
--- Saved model to checkpoints/diffusion/diffusion_crumb_fits_seed43/state.pt ---
Epoch 61
Epoch 61 | Loss: 0.025311 | Val: 0.129541
--- Saved model to checkpoints/diffusion/diffusion_crumb_fits_seed43/state.pt ---
Epoch 62
Epoch 62 | Loss: 0.019840 | Val: 0.129814
--- Saved model to checkpoints/diffusion/diffusion_crumb_fits_seed43/state.pt ---
Epoch 63
Epoch 63 | Loss: 0.023787 | Val: 0.130425
--- Saved model to checkpoints/diffusion/diffusion_crumb_fits_seed43/state.pt ---
Epoch 64
Epoch 64 | Loss: 0.025349 | Val: 0.130436
--- Saved model to checkpoints/diffusion/diffusion_crumb_fits_seed43/state.pt ---
Epoch 65
Epoch 65 | Loss: 0.023515 | Val: 0.130145
--- Saved model to checkpoints/diffusion/diffusion_crumb_fits_seed43/state.pt ---
Epoch 66
Epoch 66 | Loss: 0.019835 | Val: 0.131193
--- Saved model to checkpoints/diffusion/diffusion_crumb_fits_seed43/state.pt ---
Epoch 67
Epoch 67 | Loss: 0.025272 | Val: 0.130922
--- Saved model to checkpoints/diffusion/diffusion_crumb_fits_seed43/state.pt ---
Epoch 68
Epoch 68 | Loss: 0.025495 | Val: 0.130234
--- Saved model to checkpoints/diffusion/diffusion_crumb_fits_seed43/state.pt ---
Epoch 69
Epoch 69 | Loss: 0.026306 | Val: 0.130055
--- Saved model to checkpoints/diffusion/diffusion_crumb_fits_seed43/state.pt ---
Epoch 70
Epoch 70 | Loss: 0.021730 | Val: 0.129807
FITS files saved to results/diffusion/20260922_222710_diffusion_crumb_fits_seed43_921090/generated_fits
Computing FID/KID/PDF at epoch 70...
  FID: 165.4981 | KID: 0.134213
  Pixel PDF W-dist: 0.1835
--- Saved model to checkpoints/diffusion/diffusion_crumb_fits_seed43/state.pt ---
Epoch 71
Epoch 71 | Loss: 0.028180 | Val: 0.130309
--- Saved model to checkpoints/diffusion/diffusion_crumb_fits_seed43/state.pt ---
Epoch 72
Epoch 72 | Loss: 0.024981 | Val: 0.129542
--- Saved model to checkpoints/diffusion/diffusion_crumb_fits_seed43/state.pt ---
Epoch 73
Epoch 73 | Loss: 0.024843 | Val: 0.129315
--- Saved model to checkpoints/diffusion/diffusion_crumb_fits_seed43/state.pt ---
Epoch 74
Epoch 74 | Loss: 0.027656 | Val: 0.130869
--- Saved model to checkpoints/diffusion/diffusion_crumb_fits_seed43/state.pt ---
Epoch 75
Epoch 75 | Loss: 0.021599 | Val: 0.130633
--- Saved model to checkpoints/diffusion/diffusion_crumb_fits_seed43/state.pt ---
Epoch 76
Epoch 76 | Loss: 0.021338 | Val: 0.129760
--- Saved model to checkpoints/diffusion/diffusion_crumb_fits_seed43/state.pt ---
Epoch 77
Epoch 77 | Loss: 0.021997 | Val: 0.130303
--- Saved model to checkpoints/diffusion/diffusion_crumb_fits_seed43/state.pt ---
Epoch 78
Epoch 78 | Loss: 0.027625 | Val: 0.129719
--- Saved model to checkpoints/diffusion/diffusion_crumb_fits_seed43/state.pt ---
Epoch 79
Epoch 79 | Loss: 0.025060 | Val: 0.131177
--- Saved model to checkpoints/diffusion/diffusion_crumb_fits_seed43/state.pt ---
Epoch 80
Epoch 80 | Loss: 0.021590 | Val: 0.131311
FITS files saved to results/diffusion/20260922_222710_diffusion_crumb_fits_seed43_921090/generated_fits
Computing FID/KID/PDF at epoch 80...
  FID: 126.1320 | KID: 0.102707
  Pixel PDF W-dist: 0.1808
--- Saved model to checkpoints/diffusion/diffusion_crumb_fits_seed43/state.pt ---
Epoch 81
Epoch 81 | Loss: 0.021996 | Val: 0.131101
--- Saved model to checkpoints/diffusion/diffusion_crumb_fits_seed43/state.pt ---
Epoch 82
Epoch 82 | Loss: 0.021741 | Val: 0.129628
--- Saved model to checkpoints/diffusion/diffusion_crumb_fits_seed43/state.pt ---
Epoch 83
Epoch 83 | Loss: 0.024025 | Val: 0.129278
--- Saved model to checkpoints/diffusion/diffusion_crumb_fits_seed43/state.pt ---
Epoch 84
Epoch 84 | Loss: 0.017686 | Val: 0.129905
--- Saved model to checkpoints/diffusion/diffusion_crumb_fits_seed43/state.pt ---
Epoch 85
Epoch 85 | Loss: 0.024723 | Val: 0.133498
--- Saved model to checkpoints/diffusion/diffusion_crumb_fits_seed43/state.pt ---
Epoch 86
Epoch 86 | Loss: 0.024071 | Val: 0.130225
--- Saved model to checkpoints/diffusion/diffusion_crumb_fits_seed43/state.pt ---
Epoch 87
Epoch 87 | Loss: 0.027150 | Val: 0.128838
--- Saved model to checkpoints/diffusion/diffusion_crumb_fits_seed43/state.pt ---
Epoch 88
Epoch 88 | Loss: 0.024363 | Val: 0.131836
--- Saved model to checkpoints/diffusion/diffusion_crumb_fits_seed43/state.pt ---
Epoch 89
Epoch 89 | Loss: 0.022154 | Val: 0.129631
--- Saved model to checkpoints/diffusion/diffusion_crumb_fits_seed43/state.pt ---
Epoch 90
Epoch 90 | Loss: 0.022057 | Val: 0.129996
FITS files saved to results/diffusion/20260922_222710_diffusion_crumb_fits_seed43_921090/generated_fits
Computing FID/KID/PDF at epoch 90...
  FID: 129.5517 | KID: 0.106010
  Pixel PDF W-dist: 0.1172
--- Saved model to checkpoints/diffusion/diffusion_crumb_fits_seed43/state.pt ---
Epoch 91
Epoch 91 | Loss: 0.019987 | Val: 0.129575
--- Saved model to checkpoints/diffusion/diffusion_crumb_fits_seed43/state.pt ---
Epoch 92
Epoch 92 | Loss: 0.023374 | Val: 0.129678
--- Saved model to checkpoints/diffusion/diffusion_crumb_fits_seed43/state.pt ---
Epoch 93
Epoch 93 | Loss: 0.025798 | Val: 0.130313
--- Saved model to checkpoints/diffusion/diffusion_crumb_fits_seed43/state.pt ---
Epoch 94
Epoch 94 | Loss: 0.027863 | Val: 0.130216
--- Saved model to checkpoints/diffusion/diffusion_crumb_fits_seed43/state.pt ---
Epoch 95
Epoch 95 | Loss: 0.021692 | Val: 0.129858
--- Saved model to checkpoints/diffusion/diffusion_crumb_fits_seed43/state.pt ---
Epoch 96
Epoch 96 | Loss: 0.021433 | Val: 0.128692
--- Saved model to checkpoints/diffusion/diffusion_crumb_fits_seed43/state.pt ---
Epoch 97
Epoch 97 | Loss: 0.022455 | Val: 0.130282
--- Saved model to checkpoints/diffusion/diffusion_crumb_fits_seed43/state.pt ---
Epoch 98
Epoch 98 | Loss: 0.027026 | Val: 0.128820
--- Saved model to checkpoints/diffusion/diffusion_crumb_fits_seed43/state.pt ---
Epoch 99
Epoch 99 | Loss: 0.021256 | Val: 0.130096
--- Saved model to checkpoints/diffusion/diffusion_crumb_fits_seed43/state.pt ---
Epoch 100
Epoch 100 | Loss: 0.021772 | Val: 0.128953
FITS files saved to results/diffusion/20260922_222710_diffusion_crumb_fits_seed43_921090/generated_fits
Computing FID/KID/PDF at epoch 100...
  FID: 107.8498 | KID: 0.075313
  Pixel PDF W-dist: 0.0791
--- Saved model to checkpoints/diffusion/diffusion_crumb_fits_seed43/state.pt ---
Epoch 101
Epoch 101 | Loss: 0.022623 | Val: 0.129397
--- Saved model to checkpoints/diffusion/diffusion_crumb_fits_seed43/state.pt ---
Epoch 102
Epoch 102 | Loss: 0.023513 | Val: 0.129860
--- Saved model to checkpoints/diffusion/diffusion_crumb_fits_seed43/state.pt ---
Epoch 103
Epoch 103 | Loss: 0.021283 | Val: 0.129651
--- Saved model to checkpoints/diffusion/diffusion_crumb_fits_seed43/state.pt ---
Epoch 104
Epoch 104 | Loss: 0.023346 | Val: 0.129334
--- Saved model to checkpoints/diffusion/diffusion_crumb_fits_seed43/state.pt ---
Epoch 105
Epoch 105 | Loss: 0.024272 | Val: 0.129399
--- Saved model to checkpoints/diffusion/diffusion_crumb_fits_seed43/state.pt ---
Epoch 106
Epoch 106 | Loss: 0.024052 | Val: 0.129749
--- Saved model to checkpoints/diffusion/diffusion_crumb_fits_seed43/state.pt ---
Epoch 107
Epoch 107 | Loss: 0.024498 | Val: 0.129463
--- Saved model to checkpoints/diffusion/diffusion_crumb_fits_seed43/state.pt ---
Epoch 108
Epoch 108 | Loss: 0.025168 | Val: 0.129498
--- Saved model to checkpoints/diffusion/diffusion_crumb_fits_seed43/state.pt ---
Epoch 109
Epoch 109 | Loss: 0.021256 | Val: 0.129024
--- Saved model to checkpoints/diffusion/diffusion_crumb_fits_seed43/state.pt ---
Epoch 110
Epoch 110 | Loss: 0.018858 | Val: 0.129492
FITS files saved to results/diffusion/20260922_222710_diffusion_crumb_fits_seed43_921090/generated_fits
Computing FID/KID/PDF at epoch 110...
  FID: 107.8344 | KID: 0.064694
  Pixel PDF W-dist: 0.0770
--- Saved model to checkpoints/diffusion/diffusion_crumb_fits_seed43/state.pt ---
Epoch 111
Epoch 111 | Loss: 0.024506 | Val: 0.129156
--- Saved model to checkpoints/diffusion/diffusion_crumb_fits_seed43/state.pt ---
Epoch 112
Epoch 112 | Loss: 0.026204 | Val: 0.130457
--- Saved model to checkpoints/diffusion/diffusion_crumb_fits_seed43/state.pt ---
Epoch 113
Epoch 113 | Loss: 0.021287 | Val: 0.129136
--- Saved model to checkpoints/diffusion/diffusion_crumb_fits_seed43/state.pt ---
Epoch 114
Epoch 114 | Loss: 0.025999 | Val: 0.129202
--- Saved model to checkpoints/diffusion/diffusion_crumb_fits_seed43/state.pt ---
Epoch 115
Epoch 115 | Loss: 0.024845 | Val: 0.130122
--- Saved model to checkpoints/diffusion/diffusion_crumb_fits_seed43/state.pt ---
Epoch 116
Epoch 116 | Loss: 0.025232 | Val: 0.128848
--- Saved model to checkpoints/diffusion/diffusion_crumb_fits_seed43/state.pt ---
Epoch 117
Epoch 117 | Loss: 0.025292 | Val: 0.130396
--- Saved model to checkpoints/diffusion/diffusion_crumb_fits_seed43/state.pt ---
Epoch 118
Epoch 118 | Loss: 0.024633 | Val: 0.129722
--- Saved model to checkpoints/diffusion/diffusion_crumb_fits_seed43/state.pt ---
Epoch 119
Epoch 119 | Loss: 0.022399 | Val: 0.128846
--- Saved model to checkpoints/diffusion/diffusion_crumb_fits_seed43/state.pt ---
Epoch 120
Epoch 120 | Loss: 0.022148 | Val: 0.128385
FITS files saved to results/diffusion/20260922_222710_diffusion_crumb_fits_seed43_921090/generated_fits
Computing FID/KID/PDF at epoch 120...
  FID: 97.2184 | KID: 0.043525
  Pixel PDF W-dist: 0.1000
--- Saved model to checkpoints/diffusion/diffusion_crumb_fits_seed43/state.pt ---
Epoch 121
Epoch 121 | Loss: 0.023475 | Val: 0.128961
--- Saved model to checkpoints/diffusion/diffusion_crumb_fits_seed43/state.pt ---
Epoch 122
Epoch 122 | Loss: 0.019168 | Val: 0.129064
--- Saved model to checkpoints/diffusion/diffusion_crumb_fits_seed43/state.pt ---
Epoch 123
Epoch 123 | Loss: 0.024808 | Val: 0.129725
--- Saved model to checkpoints/diffusion/diffusion_crumb_fits_seed43/state.pt ---
Epoch 124
Epoch 124 | Loss: 0.027846 | Val: 0.129437
--- Saved model to checkpoints/diffusion/diffusion_crumb_fits_seed43/state.pt ---
Epoch 125
Epoch 125 | Loss: 0.023766 | Val: 0.129041
--- Saved model to checkpoints/diffusion/diffusion_crumb_fits_seed43/state.pt ---
Epoch 126
Epoch 126 | Loss: 0.020021 | Val: 0.129499
--- Saved model to checkpoints/diffusion/diffusion_crumb_fits_seed43/state.pt ---
Epoch 127
Epoch 127 | Loss: 0.023161 | Val: 0.130399
--- Saved model to checkpoints/diffusion/diffusion_crumb_fits_seed43/state.pt ---
Epoch 128
Epoch 128 | Loss: 0.021383 | Val: 0.129773
--- Saved model to checkpoints/diffusion/diffusion_crumb_fits_seed43/state.pt ---
Epoch 129
Epoch 129 | Loss: 0.022157 | Val: 0.130610
--- Saved model to checkpoints/diffusion/diffusion_crumb_fits_seed43/state.pt ---
Epoch 130
Epoch 130 | Loss: 0.024847 | Val: 0.129003
FITS files saved to results/diffusion/20260922_222710_diffusion_crumb_fits_seed43_921090/generated_fits
Computing FID/KID/PDF at epoch 130...
  FID: 114.0138 | KID: 0.082672
  Pixel PDF W-dist: 0.1831
--- Saved model to checkpoints/diffusion/diffusion_crumb_fits_seed43/state.pt ---
Epoch 131
Epoch 131 | Loss: 0.025208 | Val: 0.130197
--- Saved model to checkpoints/diffusion/diffusion_crumb_fits_seed43/state.pt ---
Epoch 132
Epoch 132 | Loss: 0.026733 | Val: 0.130931
--- Saved model to checkpoints/diffusion/diffusion_crumb_fits_seed43/state.pt ---
Epoch 133
Epoch 133 | Loss: 0.018660 | Val: 0.130334
--- Saved model to checkpoints/diffusion/diffusion_crumb_fits_seed43/state.pt ---
Epoch 134
Epoch 134 | Loss: 0.020706 | Val: 0.129218
--- Saved model to checkpoints/diffusion/diffusion_crumb_fits_seed43/state.pt ---
Epoch 135
Epoch 135 | Loss: 0.022987 | Val: 0.129366
--- Saved model to checkpoints/diffusion/diffusion_crumb_fits_seed43/state.pt ---
Epoch 136
Epoch 136 | Loss: 0.023164 | Val: 0.129934
--- Saved model to checkpoints/diffusion/diffusion_crumb_fits_seed43/state.pt ---
Epoch 137
Epoch 137 | Loss: 0.024182 | Val: 0.129406
--- Saved model to checkpoints/diffusion/diffusion_crumb_fits_seed43/state.pt ---
Epoch 138
Epoch 138 | Loss: 0.019081 | Val: 0.128778
--- Saved model to checkpoints/diffusion/diffusion_crumb_fits_seed43/state.pt ---
Epoch 139
Epoch 139 | Loss: 0.019558 | Val: 0.128662
--- Saved model to checkpoints/diffusion/diffusion_crumb_fits_seed43/state.pt ---
Epoch 140
Epoch 140 | Loss: 0.025027 | Val: 0.128282
FITS files saved to results/diffusion/20260922_222710_diffusion_crumb_fits_seed43_921090/generated_fits
Computing FID/KID/PDF at epoch 140...
  FID: 82.2002 | KID: 0.043163
  Pixel PDF W-dist: 0.0216
--- Saved model to checkpoints/diffusion/diffusion_crumb_fits_seed43/state.pt ---
Epoch 141
Epoch 141 | Loss: 0.022417 | Val: 0.128831
--- Saved model to checkpoints/diffusion/diffusion_crumb_fits_seed43/state.pt ---
Epoch 142
Epoch 142 | Loss: 0.019389 | Val: 0.128461
--- Saved model to checkpoints/diffusion/diffusion_crumb_fits_seed43/state.pt ---
Epoch 143
Epoch 143 | Loss: 0.021529 | Val: 0.129225
--- Saved model to checkpoints/diffusion/diffusion_crumb_fits_seed43/state.pt ---
Epoch 144
Epoch 144 | Loss: 0.023636 | Val: 0.129791
--- Saved model to checkpoints/diffusion/diffusion_crumb_fits_seed43/state.pt ---
Epoch 145
Epoch 145 | Loss: 0.025267 | Val: 0.129984
--- Saved model to checkpoints/diffusion/diffusion_crumb_fits_seed43/state.pt ---
Epoch 146
Epoch 146 | Loss: 0.022530 | Val: 0.130614
--- Saved model to checkpoints/diffusion/diffusion_crumb_fits_seed43/state.pt ---
Epoch 147
Epoch 147 | Loss: 0.023609 | Val: 0.128710
--- Saved model to checkpoints/diffusion/diffusion_crumb_fits_seed43/state.pt ---
Epoch 148
Epoch 148 | Loss: 0.020799 | Val: 0.130396
--- Saved model to checkpoints/diffusion/diffusion_crumb_fits_seed43/state.pt ---
Epoch 149
Epoch 149 | Loss: 0.021555 | Val: 0.129964
--- Saved model to checkpoints/diffusion/diffusion_crumb_fits_seed43/state.pt ---
Epoch 150
Epoch 150 | Loss: 0.020960 | Val: 0.130789
FITS files saved to results/diffusion/20260922_222710_diffusion_crumb_fits_seed43_921090/generated_fits
Computing FID/KID/PDF at epoch 150...
  FID: 108.0387 | KID: 0.060536
  Pixel PDF W-dist: 0.0190
--- Saved model to checkpoints/diffusion/diffusion_crumb_fits_seed43/state.pt ---
Epoch 151
Epoch 151 | Loss: 0.017864 | Val: 0.132120
--- Saved model to checkpoints/diffusion/diffusion_crumb_fits_seed43/state.pt ---
Epoch 152
Epoch 152 | Loss: 0.021626 | Val: 0.130334
--- Saved model to checkpoints/diffusion/diffusion_crumb_fits_seed43/state.pt ---
Epoch 153
Epoch 153 | Loss: 0.021990 | Val: 0.129439
--- Saved model to checkpoints/diffusion/diffusion_crumb_fits_seed43/state.pt ---
Epoch 154
Epoch 154 | Loss: 0.021325 | Val: 0.129678
--- Saved model to checkpoints/diffusion/diffusion_crumb_fits_seed43/state.pt ---
Epoch 155
Epoch 155 | Loss: 0.020734 | Val: 0.128802
--- Saved model to checkpoints/diffusion/diffusion_crumb_fits_seed43/state.pt ---
Epoch 156
Epoch 156 | Loss: 0.021050 | Val: 0.129805
--- Saved model to checkpoints/diffusion/diffusion_crumb_fits_seed43/state.pt ---
Epoch 157
Epoch 157 | Loss: 0.021187 | Val: 0.128913
--- Saved model to checkpoints/diffusion/diffusion_crumb_fits_seed43/state.pt ---
Epoch 158
Epoch 158 | Loss: 0.020794 | Val: 0.129157
--- Saved model to checkpoints/diffusion/diffusion_crumb_fits_seed43/state.pt ---
Epoch 159
Epoch 159 | Loss: 0.026132 | Val: 0.129475
--- Saved model to checkpoints/diffusion/diffusion_crumb_fits_seed43/state.pt ---
Epoch 160
Epoch 160 | Loss: 0.022159 | Val: 0.130565
FITS files saved to results/diffusion/20260922_222710_diffusion_crumb_fits_seed43_921090/generated_fits
Computing FID/KID/PDF at epoch 160...
  FID: 79.0370 | KID: 0.023672
  Pixel PDF W-dist: 0.0224
--- Saved model to checkpoints/diffusion/diffusion_crumb_fits_seed43/state.pt ---
Epoch 161
Epoch 161 | Loss: 0.020268 | Val: 0.129946
--- Saved model to checkpoints/diffusion/diffusion_crumb_fits_seed43/state.pt ---
Epoch 162
Epoch 162 | Loss: 0.024218 | Val: 0.129022
--- Saved model to checkpoints/diffusion/diffusion_crumb_fits_seed43/state.pt ---
Epoch 163
Epoch 163 | Loss: 0.021892 | Val: 0.130196
--- Saved model to checkpoints/diffusion/diffusion_crumb_fits_seed43/state.pt ---
Epoch 164
Epoch 164 | Loss: 0.021354 | Val: 0.130064
--- Saved model to checkpoints/diffusion/diffusion_crumb_fits_seed43/state.pt ---
Epoch 165
Epoch 165 | Loss: 0.024540 | Val: 0.129064
--- Saved model to checkpoints/diffusion/diffusion_crumb_fits_seed43/state.pt ---
Epoch 166
Epoch 166 | Loss: 0.020731 | Val: 0.129744
--- Saved model to checkpoints/diffusion/diffusion_crumb_fits_seed43/state.pt ---
Epoch 167
Epoch 167 | Loss: 0.021672 | Val: 0.129298
--- Saved model to checkpoints/diffusion/diffusion_crumb_fits_seed43/state.pt ---
Epoch 168
Epoch 168 | Loss: 0.018139 | Val: 0.129319
--- Saved model to checkpoints/diffusion/diffusion_crumb_fits_seed43/state.pt ---
Epoch 169
Epoch 169 | Loss: 0.025310 | Val: 0.129084
--- Saved model to checkpoints/diffusion/diffusion_crumb_fits_seed43/state.pt ---
Epoch 170
Epoch 170 | Loss: 0.029843 | Val: 0.128827
FITS files saved to results/diffusion/20260922_222710_diffusion_crumb_fits_seed43_921090/generated_fits
Computing FID/KID/PDF at epoch 170...
  FID: 79.6389 | KID: 0.034213
  Pixel PDF W-dist: 0.0144
--- Saved model to checkpoints/diffusion/diffusion_crumb_fits_seed43/state.pt ---
Epoch 171
Epoch 171 | Loss: 0.022733 | Val: 0.129108
--- Saved model to checkpoints/diffusion/diffusion_crumb_fits_seed43/state.pt ---
Epoch 172
Epoch 172 | Loss: 0.022481 | Val: 0.128618
--- Saved model to checkpoints/diffusion/diffusion_crumb_fits_seed43/state.pt ---
Epoch 173
Epoch 173 | Loss: 0.026382 | Val: 0.129465
--- Saved model to checkpoints/diffusion/diffusion_crumb_fits_seed43/state.pt ---
Epoch 174
Epoch 174 | Loss: 0.019434 | Val: 0.130053
--- Saved model to checkpoints/diffusion/diffusion_crumb_fits_seed43/state.pt ---
Epoch 175
Epoch 175 | Loss: 0.018965 | Val: 0.128152
--- Saved model to checkpoints/diffusion/diffusion_crumb_fits_seed43/state.pt ---
Epoch 176
Epoch 176 | Loss: 0.022002 | Val: 0.129399
--- Saved model to checkpoints/diffusion/diffusion_crumb_fits_seed43/state.pt ---
Epoch 177
Epoch 177 | Loss: 0.021611 | Val: 0.128823
--- Saved model to checkpoints/diffusion/diffusion_crumb_fits_seed43/state.pt ---
Epoch 178
Epoch 178 | Loss: 0.021326 | Val: 0.128475
--- Saved model to checkpoints/diffusion/diffusion_crumb_fits_seed43/state.pt ---
Epoch 179
Epoch 179 | Loss: 0.023701 | Val: 0.129177
--- Saved model to checkpoints/diffusion/diffusion_crumb_fits_seed43/state.pt ---
Epoch 180
Epoch 180 | Loss: 0.019841 | Val: 0.128778
FITS files saved to results/diffusion/20260922_222710_diffusion_crumb_fits_seed43_921090/generated_fits
Computing FID/KID/PDF at epoch 180...
  FID: 74.7103 | KID: 0.017231
  Pixel PDF W-dist: 0.0413
--- Saved model to checkpoints/diffusion/diffusion_crumb_fits_seed43/state.pt ---
Epoch 181
Epoch 181 | Loss: 0.022212 | Val: 0.129322
--- Saved model to checkpoints/diffusion/diffusion_crumb_fits_seed43/state.pt ---
Epoch 182
Epoch 182 | Loss: 0.020214 | Val: 0.128918
--- Saved model to checkpoints/diffusion/diffusion_crumb_fits_seed43/state.pt ---
Epoch 183
Epoch 183 | Loss: 0.021902 | Val: 0.129379
--- Saved model to checkpoints/diffusion/diffusion_crumb_fits_seed43/state.pt ---
Epoch 184
Epoch 184 | Loss: 0.020973 | Val: 0.129573
--- Saved model to checkpoints/diffusion/diffusion_crumb_fits_seed43/state.pt ---
Epoch 185
Epoch 185 | Loss: 0.024084 | Val: 0.129283
--- Saved model to checkpoints/diffusion/diffusion_crumb_fits_seed43/state.pt ---
Epoch 186
Epoch 186 | Loss: 0.021621 | Val: 0.129216
--- Saved model to checkpoints/diffusion/diffusion_crumb_fits_seed43/state.pt ---
Epoch 187
Epoch 187 | Loss: 0.024919 | Val: 0.131528
--- Saved model to checkpoints/diffusion/diffusion_crumb_fits_seed43/state.pt ---
Epoch 188
Epoch 188 | Loss: 0.023432 | Val: 0.129215
--- Saved model to checkpoints/diffusion/diffusion_crumb_fits_seed43/state.pt ---
Epoch 189
Epoch 189 | Loss: 0.024079 | Val: 0.129400
--- Saved model to checkpoints/diffusion/diffusion_crumb_fits_seed43/state.pt ---
Epoch 190
Epoch 190 | Loss: 0.022885 | Val: 0.129428
FITS files saved to results/diffusion/20260922_222710_diffusion_crumb_fits_seed43_921090/generated_fits
Computing FID/KID/PDF at epoch 190...
  FID: 92.0664 | KID: 0.056064
  Pixel PDF W-dist: 0.0492
--- Saved model to checkpoints/diffusion/diffusion_crumb_fits_seed43/state.pt ---
Epoch 191
Epoch 191 | Loss: 0.023032 | Val: 0.129723
--- Saved model to checkpoints/diffusion/diffusion_crumb_fits_seed43/state.pt ---
Epoch 192
Epoch 192 | Loss: 0.024556 | Val: 0.129653
--- Saved model to checkpoints/diffusion/diffusion_crumb_fits_seed43/state.pt ---
Epoch 193
Epoch 193 | Loss: 0.022183 | Val: 0.129016
--- Saved model to checkpoints/diffusion/diffusion_crumb_fits_seed43/state.pt ---
Epoch 194
Epoch 194 | Loss: 0.023156 | Val: 0.128193
--- Saved model to checkpoints/diffusion/diffusion_crumb_fits_seed43/state.pt ---
Epoch 195
Epoch 195 | Loss: 0.022920 | Val: 0.129234
--- Saved model to checkpoints/diffusion/diffusion_crumb_fits_seed43/state.pt ---
Epoch 196
Epoch 196 | Loss: 0.025517 | Val: 0.129214
--- Saved model to checkpoints/diffusion/diffusion_crumb_fits_seed43/state.pt ---
Epoch 197
Epoch 197 | Loss: 0.023919 | Val: 0.129801
--- Saved model to checkpoints/diffusion/diffusion_crumb_fits_seed43/state.pt ---
Epoch 198
Epoch 198 | Loss: 0.022328 | Val: 0.128190
--- Saved model to checkpoints/diffusion/diffusion_crumb_fits_seed43/state.pt ---
Epoch 199
Epoch 199 | Loss: 0.024004 | Val: 0.129665
--- Saved model to checkpoints/diffusion/diffusion_crumb_fits_seed43/state.pt ---
Epoch 200
Epoch 200 | Loss: 0.019459 | Val: 0.128932
FITS files saved to results/diffusion/20260922_222710_diffusion_crumb_fits_seed43_921090/generated_fits
Computing FID/KID/PDF at epoch 200...
  FID: 88.6473 | KID: 0.042278
  Pixel PDF W-dist: 0.0076
--- Saved model to checkpoints/diffusion/diffusion_crumb_fits_seed43/state.pt ---
Epoch 201
Epoch 201 | Loss: 0.024089 | Val: 0.128690
--- Saved model to checkpoints/diffusion/diffusion_crumb_fits_seed43/state.pt ---
Epoch 202
Epoch 202 | Loss: 0.021738 | Val: 0.129358
--- Saved model to checkpoints/diffusion/diffusion_crumb_fits_seed43/state.pt ---
Epoch 203
Epoch 203 | Loss: 0.023275 | Val: 0.128977
--- Saved model to checkpoints/diffusion/diffusion_crumb_fits_seed43/state.pt ---
Epoch 204
Epoch 204 | Loss: 0.020639 | Val: 0.129338
--- Saved model to checkpoints/diffusion/diffusion_crumb_fits_seed43/state.pt ---
Epoch 205
Epoch 205 | Loss: 0.024265 | Val: 0.130094
--- Saved model to checkpoints/diffusion/diffusion_crumb_fits_seed43/state.pt ---
Epoch 206
Epoch 206 | Loss: 0.026235 | Val: 0.129613
--- Saved model to checkpoints/diffusion/diffusion_crumb_fits_seed43/state.pt ---
Epoch 207
Epoch 207 | Loss: 0.020410 | Val: 0.129037
--- Saved model to checkpoints/diffusion/diffusion_crumb_fits_seed43/state.pt ---
Epoch 208
Epoch 208 | Loss: 0.025097 | Val: 0.128081
--- Saved model to checkpoints/diffusion/diffusion_crumb_fits_seed43/state.pt ---
Epoch 209
Epoch 209 | Loss: 0.023386 | Val: 0.127424
--- Saved model to checkpoints/diffusion/diffusion_crumb_fits_seed43/state.pt ---
Epoch 210
Epoch 210 | Loss: 0.017426 | Val: 0.128026
FITS files saved to results/diffusion/20260922_222710_diffusion_crumb_fits_seed43_921090/generated_fits
Computing FID/KID/PDF at epoch 210...
  FID: 108.0658 | KID: 0.059336
  Pixel PDF W-dist: 0.0556
--- Saved model to checkpoints/diffusion/diffusion_crumb_fits_seed43/state.pt ---
Epoch 211
Epoch 211 | Loss: 0.024124 | Val: 0.130299
--- Saved model to checkpoints/diffusion/diffusion_crumb_fits_seed43/state.pt ---
Epoch 212
Epoch 212 | Loss: 0.021702 | Val: 0.132466
--- Saved model to checkpoints/diffusion/diffusion_crumb_fits_seed43/state.pt ---
Epoch 213
Epoch 213 | Loss: 0.022381 | Val: 0.130172
--- Saved model to checkpoints/diffusion/diffusion_crumb_fits_seed43/state.pt ---
Epoch 214
Epoch 214 | Loss: 0.019134 | Val: 0.130377
--- Saved model to checkpoints/diffusion/diffusion_crumb_fits_seed43/state.pt ---
Epoch 215
Epoch 215 | Loss: 0.023283 | Val: 0.130152
--- Saved model to checkpoints/diffusion/diffusion_crumb_fits_seed43/state.pt ---
Epoch 216
Epoch 216 | Loss: 0.023538 | Val: 0.129760
--- Saved model to checkpoints/diffusion/diffusion_crumb_fits_seed43/state.pt ---
Epoch 217
Epoch 217 | Loss: 0.023907 | Val: 0.129607
--- Saved model to checkpoints/diffusion/diffusion_crumb_fits_seed43/state.pt ---
Epoch 218
Epoch 218 | Loss: 0.024749 | Val: 0.128700
--- Saved model to checkpoints/diffusion/diffusion_crumb_fits_seed43/state.pt ---
Epoch 219
Epoch 219 | Loss: 0.023151 | Val: 0.131210
--- Saved model to checkpoints/diffusion/diffusion_crumb_fits_seed43/state.pt ---
Epoch 220
Epoch 220 | Loss: 0.025064 | Val: 0.129212
FITS files saved to results/diffusion/20260922_222710_diffusion_crumb_fits_seed43_921090/generated_fits
Computing FID/KID/PDF at epoch 220...
  FID: 72.8086 | KID: 0.022156
  Pixel PDF W-dist: 0.0250
--- Saved model to checkpoints/diffusion/diffusion_crumb_fits_seed43/state.pt ---
Epoch 221
Epoch 221 | Loss: 0.024147 | Val: 0.130014
--- Saved model to checkpoints/diffusion/diffusion_crumb_fits_seed43/state.pt ---
Epoch 222
Epoch 222 | Loss: 0.022998 | Val: 0.128405
--- Saved model to checkpoints/diffusion/diffusion_crumb_fits_seed43/state.pt ---
Epoch 223
Epoch 223 | Loss: 0.022935 | Val: 0.128566
--- Saved model to checkpoints/diffusion/diffusion_crumb_fits_seed43/state.pt ---
Epoch 224
Epoch 224 | Loss: 0.019380 | Val: 0.128796
--- Saved model to checkpoints/diffusion/diffusion_crumb_fits_seed43/state.pt ---
Epoch 225
Epoch 225 | Loss: 0.023907 | Val: 0.129812
--- Saved model to checkpoints/diffusion/diffusion_crumb_fits_seed43/state.pt ---
Epoch 226
Epoch 226 | Loss: 0.023523 | Val: 0.128642
--- Saved model to checkpoints/diffusion/diffusion_crumb_fits_seed43/state.pt ---
Epoch 227
Epoch 227 | Loss: 0.021784 | Val: 0.129395
--- Saved model to checkpoints/diffusion/diffusion_crumb_fits_seed43/state.pt ---
Epoch 228
Epoch 228 | Loss: 0.025985 | Val: 0.131262
--- Saved model to checkpoints/diffusion/diffusion_crumb_fits_seed43/state.pt ---
Epoch 229
Epoch 229 | Loss: 0.023703 | Val: 0.129367
--- Saved model to checkpoints/diffusion/diffusion_crumb_fits_seed43/state.pt ---
Epoch 230
Epoch 230 | Loss: 0.024454 | Val: 0.128959
FITS files saved to results/diffusion/20260922_222710_diffusion_crumb_fits_seed43_921090/generated_fits
Computing FID/KID/PDF at epoch 230...
  FID: 83.9131 | KID: 0.042817
  Pixel PDF W-dist: 0.0166
--- Saved model to checkpoints/diffusion/diffusion_crumb_fits_seed43/state.pt ---
Epoch 231
Epoch 231 | Loss: 0.021748 | Val: 0.128888
--- Saved model to checkpoints/diffusion/diffusion_crumb_fits_seed43/state.pt ---
Epoch 232
Epoch 232 | Loss: 0.020388 | Val: 0.129869
--- Saved model to checkpoints/diffusion/diffusion_crumb_fits_seed43/state.pt ---
Epoch 233
Epoch 233 | Loss: 0.019181 | Val: 0.128825
--- Saved model to checkpoints/diffusion/diffusion_crumb_fits_seed43/state.pt ---
Epoch 234
Epoch 234 | Loss: 0.020768 | Val: 0.130771
--- Saved model to checkpoints/diffusion/diffusion_crumb_fits_seed43/state.pt ---
Epoch 235
Epoch 235 | Loss: 0.016726 | Val: 0.130257
--- Saved model to checkpoints/diffusion/diffusion_crumb_fits_seed43/state.pt ---
Epoch 236
Epoch 236 | Loss: 0.024339 | Val: 0.130814
--- Saved model to checkpoints/diffusion/diffusion_crumb_fits_seed43/state.pt ---
Epoch 237
Epoch 237 | Loss: 0.019107 | Val: 0.129593
--- Saved model to checkpoints/diffusion/diffusion_crumb_fits_seed43/state.pt ---
Epoch 238
Epoch 238 | Loss: 0.022301 | Val: 0.129338
--- Saved model to checkpoints/diffusion/diffusion_crumb_fits_seed43/state.pt ---
Epoch 239
Epoch 239 | Loss: 0.024873 | Val: 0.130114
--- Saved model to checkpoints/diffusion/diffusion_crumb_fits_seed43/state.pt ---
Epoch 240
Epoch 240 | Loss: 0.020452 | Val: 0.130277
FITS files saved to results/diffusion/20260922_222710_diffusion_crumb_fits_seed43_921090/generated_fits
Computing FID/KID/PDF at epoch 240...
  FID: 92.3440 | KID: 0.055326
  Pixel PDF W-dist: 0.0217
--- Saved model to checkpoints/diffusion/diffusion_crumb_fits_seed43/state.pt ---
Epoch 241
Epoch 241 | Loss: 0.020534 | Val: 0.134038
--- Saved model to checkpoints/diffusion/diffusion_crumb_fits_seed43/state.pt ---
Epoch 242
Epoch 242 | Loss: 0.019378 | Val: 0.129015
--- Saved model to checkpoints/diffusion/diffusion_crumb_fits_seed43/state.pt ---
Epoch 243
Epoch 243 | Loss: 0.023180 | Val: 0.129709
--- Saved model to checkpoints/diffusion/diffusion_crumb_fits_seed43/state.pt ---
Epoch 244
Epoch 244 | Loss: 0.019971 | Val: 0.130069
--- Saved model to checkpoints/diffusion/diffusion_crumb_fits_seed43/state.pt ---
Epoch 245
Epoch 245 | Loss: 0.022362 | Val: 0.129537
--- Saved model to checkpoints/diffusion/diffusion_crumb_fits_seed43/state.pt ---
Epoch 246
Epoch 246 | Loss: 0.021017 | Val: 0.129966
--- Saved model to checkpoints/diffusion/diffusion_crumb_fits_seed43/state.pt ---
Epoch 247
Epoch 247 | Loss: 0.020702 | Val: 0.129536
--- Saved model to checkpoints/diffusion/diffusion_crumb_fits_seed43/state.pt ---
Epoch 248
Epoch 248 | Loss: 0.025289 | Val: 0.129517
--- Saved model to checkpoints/diffusion/diffusion_crumb_fits_seed43/state.pt ---
Epoch 249
Epoch 249 | Loss: 0.022271 | Val: 0.129893
--- Saved model to checkpoints/diffusion/diffusion_crumb_fits_seed43/state.pt ---
Epoch 250
Epoch 250 | Loss: 0.023619 | Val: 0.129901
FITS files saved to results/diffusion/20260922_222710_diffusion_crumb_fits_seed43_921090/generated_fits
Computing FID/KID/PDF at epoch 250...
  FID: 100.9512 | KID: 0.048884
  Pixel PDF W-dist: 0.0180
--- Saved model to checkpoints/diffusion/diffusion_crumb_fits_seed43/state.pt ---
Epoch 251
Epoch 251 | Loss: 0.026733 | Val: 0.129076
--- Saved model to checkpoints/diffusion/diffusion_crumb_fits_seed43/state.pt ---
Epoch 252
Epoch 252 | Loss: 0.017594 | Val: 0.130203
--- Saved model to checkpoints/diffusion/diffusion_crumb_fits_seed43/state.pt ---
Epoch 253
Epoch 253 | Loss: 0.018229 | Val: 0.128842
--- Saved model to checkpoints/diffusion/diffusion_crumb_fits_seed43/state.pt ---
Epoch 254
Epoch 254 | Loss: 0.025711 | Val: 0.129163
--- Saved model to checkpoints/diffusion/diffusion_crumb_fits_seed43/state.pt ---
Epoch 255
Epoch 255 | Loss: 0.022529 | Val: 0.129134
--- Saved model to checkpoints/diffusion/diffusion_crumb_fits_seed43/state.pt ---
Epoch 256
Epoch 256 | Loss: 0.025130 | Val: 0.128422
--- Saved model to checkpoints/diffusion/diffusion_crumb_fits_seed43/state.pt ---
Epoch 257
Epoch 257 | Loss: 0.026798 | Val: 0.129101
--- Saved model to checkpoints/diffusion/diffusion_crumb_fits_seed43/state.pt ---
Epoch 258
Epoch 258 | Loss: 0.020237 | Val: 0.128930
--- Saved model to checkpoints/diffusion/diffusion_crumb_fits_seed43/state.pt ---
Epoch 259
Epoch 259 | Loss: 0.020492 | Val: 0.129158
--- Saved model to checkpoints/diffusion/diffusion_crumb_fits_seed43/state.pt ---
Epoch 260
Epoch 260 | Loss: 0.019340 | Val: 0.130386
FITS files saved to results/diffusion/20260922_222710_diffusion_crumb_fits_seed43_921090/generated_fits
Computing FID/KID/PDF at epoch 260...
  FID: 75.3706 | KID: 0.039748
  Pixel PDF W-dist: 0.0147
--- Saved model to checkpoints/diffusion/diffusion_crumb_fits_seed43/state.pt ---
Epoch 261
Epoch 261 | Loss: 0.020572 | Val: 0.128640
--- Saved model to checkpoints/diffusion/diffusion_crumb_fits_seed43/state.pt ---
Epoch 262
Epoch 262 | Loss: 0.019983 | Val: 0.129734
--- Saved model to checkpoints/diffusion/diffusion_crumb_fits_seed43/state.pt ---
Epoch 263
Epoch 263 | Loss: 0.024952 | Val: 0.129493
--- Saved model to checkpoints/diffusion/diffusion_crumb_fits_seed43/state.pt ---
Epoch 264
Epoch 264 | Loss: 0.021115 | Val: 0.131844
--- Saved model to checkpoints/diffusion/diffusion_crumb_fits_seed43/state.pt ---
Epoch 265
Epoch 265 | Loss: 0.016587 | Val: 0.129494
--- Saved model to checkpoints/diffusion/diffusion_crumb_fits_seed43/state.pt ---
Epoch 266
Epoch 266 | Loss: 0.024334 | Val: 0.129954
--- Saved model to checkpoints/diffusion/diffusion_crumb_fits_seed43/state.pt ---
Epoch 267
Epoch 267 | Loss: 0.020529 | Val: 0.129096
--- Saved model to checkpoints/diffusion/diffusion_crumb_fits_seed43/state.pt ---
Epoch 268
Epoch 268 | Loss: 0.021470 | Val: 0.129496
--- Saved model to checkpoints/diffusion/diffusion_crumb_fits_seed43/state.pt ---
Epoch 269
Epoch 269 | Loss: 0.022436 | Val: 0.129679
--- Saved model to checkpoints/diffusion/diffusion_crumb_fits_seed43/state.pt ---
Epoch 270
Epoch 270 | Loss: 0.020733 | Val: 0.129667
FITS files saved to results/diffusion/20260922_222710_diffusion_crumb_fits_seed43_921090/generated_fits
Computing FID/KID/PDF at epoch 270...
  FID: 80.0528 | KID: 0.039044
  Pixel PDF W-dist: 0.0251
--- Saved model to checkpoints/diffusion/diffusion_crumb_fits_seed43/state.pt ---
Epoch 271
Epoch 271 | Loss: 0.024334 | Val: 0.129378
--- Saved model to checkpoints/diffusion/diffusion_crumb_fits_seed43/state.pt ---
Epoch 272
Epoch 272 | Loss: 0.024068 | Val: 0.129290
--- Saved model to checkpoints/diffusion/diffusion_crumb_fits_seed43/state.pt ---
Epoch 273
Epoch 273 | Loss: 0.023100 | Val: 0.128594
--- Saved model to checkpoints/diffusion/diffusion_crumb_fits_seed43/state.pt ---
Epoch 274
Epoch 274 | Loss: 0.022925 | Val: 0.129142
--- Saved model to checkpoints/diffusion/diffusion_crumb_fits_seed43/state.pt ---
Epoch 275
Epoch 275 | Loss: 0.021477 | Val: 0.129745
--- Saved model to checkpoints/diffusion/diffusion_crumb_fits_seed43/state.pt ---
Epoch 276
Epoch 276 | Loss: 0.026232 | Val: 0.129334
--- Saved model to checkpoints/diffusion/diffusion_crumb_fits_seed43/state.pt ---
Epoch 277
Epoch 277 | Loss: 0.026727 | Val: 0.129842
--- Saved model to checkpoints/diffusion/diffusion_crumb_fits_seed43/state.pt ---
Epoch 278
Epoch 278 | Loss: 0.019473 | Val: 0.129345
--- Saved model to checkpoints/diffusion/diffusion_crumb_fits_seed43/state.pt ---
Epoch 279
Epoch 279 | Loss: 0.022073 | Val: 0.130562
--- Saved model to checkpoints/diffusion/diffusion_crumb_fits_seed43/state.pt ---
Epoch 280
Epoch 280 | Loss: 0.023856 | Val: 0.130272
FITS files saved to results/diffusion/20260922_222710_diffusion_crumb_fits_seed43_921090/generated_fits
Computing FID/KID/PDF at epoch 280...
  FID: 89.7992 | KID: 0.040031
  Pixel PDF W-dist: 0.0145
--- Saved model to checkpoints/diffusion/diffusion_crumb_fits_seed43/state.pt ---
Epoch 281
Epoch 281 | Loss: 0.025093 | Val: 0.130347
--- Saved model to checkpoints/diffusion/diffusion_crumb_fits_seed43/state.pt ---
Epoch 282
Epoch 282 | Loss: 0.020401 | Val: 0.130006
--- Saved model to checkpoints/diffusion/diffusion_crumb_fits_seed43/state.pt ---
Epoch 283
Epoch 283 | Loss: 0.023761 | Val: 0.129778
--- Saved model to checkpoints/diffusion/diffusion_crumb_fits_seed43/state.pt ---
Epoch 284
Epoch 284 | Loss: 0.018498 | Val: 0.128962
--- Saved model to checkpoints/diffusion/diffusion_crumb_fits_seed43/state.pt ---
Epoch 285
Epoch 285 | Loss: 0.022580 | Val: 0.131387
--- Saved model to checkpoints/diffusion/diffusion_crumb_fits_seed43/state.pt ---
Epoch 286
Epoch 286 | Loss: 0.021251 | Val: 0.134655
--- Saved model to checkpoints/diffusion/diffusion_crumb_fits_seed43/state.pt ---
Epoch 287
Epoch 287 | Loss: 0.020978 | Val: 0.131462
--- Saved model to checkpoints/diffusion/diffusion_crumb_fits_seed43/state.pt ---
Epoch 288
Epoch 288 | Loss: 0.021932 | Val: 0.129921
--- Saved model to checkpoints/diffusion/diffusion_crumb_fits_seed43/state.pt ---
Epoch 289
Epoch 289 | Loss: 0.023584 | Val: 0.131863
--- Saved model to checkpoints/diffusion/diffusion_crumb_fits_seed43/state.pt ---
Epoch 290
Epoch 290 | Loss: 0.023676 | Val: 0.128677
FITS files saved to results/diffusion/20260922_222710_diffusion_crumb_fits_seed43_921090/generated_fits
Computing FID/KID/PDF at epoch 290...
  FID: 101.6033 | KID: 0.037852
  Pixel PDF W-dist: 0.0218
--- Saved model to checkpoints/diffusion/diffusion_crumb_fits_seed43/state.pt ---
Epoch 291
Epoch 291 | Loss: 0.027473 | Val: 0.129249
--- Saved model to checkpoints/diffusion/diffusion_crumb_fits_seed43/state.pt ---
Epoch 292
Epoch 292 | Loss: 0.019096 | Val: 0.128973
--- Saved model to checkpoints/diffusion/diffusion_crumb_fits_seed43/state.pt ---
Epoch 293
Epoch 293 | Loss: 0.020373 | Val: 0.129640
--- Saved model to checkpoints/diffusion/diffusion_crumb_fits_seed43/state.pt ---
Epoch 294
Epoch 294 | Loss: 0.018947 | Val: 0.130206
--- Saved model to checkpoints/diffusion/diffusion_crumb_fits_seed43/state.pt ---
Epoch 295
Epoch 295 | Loss: 0.021427 | Val: 0.129358
--- Saved model to checkpoints/diffusion/diffusion_crumb_fits_seed43/state.pt ---
Epoch 296
Epoch 296 | Loss: 0.027574 | Val: 0.129387
--- Saved model to checkpoints/diffusion/diffusion_crumb_fits_seed43/state.pt ---
Epoch 297
Epoch 297 | Loss: 0.024402 | Val: 0.129324
--- Saved model to checkpoints/diffusion/diffusion_crumb_fits_seed43/state.pt ---
Epoch 298
Epoch 298 | Loss: 0.025867 | Val: 0.129187
--- Saved model to checkpoints/diffusion/diffusion_crumb_fits_seed43/state.pt ---
Epoch 299
Epoch 299 | Loss: 0.021980 | Val: 0.129516
--- Saved model to checkpoints/diffusion/diffusion_crumb_fits_seed43/state.pt ---
Epoch 300
Epoch 300 | Loss: 0.025988 | Val: 0.128388
FITS files saved to results/diffusion/20260922_222710_diffusion_crumb_fits_seed43_921090/generated_fits
Computing FID/KID/PDF at epoch 300...
  FID: 138.3799 | KID: 0.080771
  Pixel PDF W-dist: 0.0138
--- Saved model to checkpoints/diffusion/diffusion_crumb_fits_seed43/state.pt ---
Epoch 301
Epoch 301 | Loss: 0.027970 | Val: 0.129294
--- Saved model to checkpoints/diffusion/diffusion_crumb_fits_seed43/state.pt ---
Epoch 302
Epoch 302 | Loss: 0.019112 | Val: 0.129277
--- Saved model to checkpoints/diffusion/diffusion_crumb_fits_seed43/state.pt ---
Epoch 303
Epoch 303 | Loss: 0.021070 | Val: 0.130131
--- Saved model to checkpoints/diffusion/diffusion_crumb_fits_seed43/state.pt ---
Epoch 304
Epoch 304 | Loss: 0.022315 | Val: 0.129046
--- Saved model to checkpoints/diffusion/diffusion_crumb_fits_seed43/state.pt ---
Epoch 305
Epoch 305 | Loss: 0.026256 | Val: 0.129647
--- Saved model to checkpoints/diffusion/diffusion_crumb_fits_seed43/state.pt ---
Epoch 306
Epoch 306 | Loss: 0.024570 | Val: 0.129569
--- Saved model to checkpoints/diffusion/diffusion_crumb_fits_seed43/state.pt ---
Epoch 307
Epoch 307 | Loss: 0.021873 | Val: 0.129230
--- Saved model to checkpoints/diffusion/diffusion_crumb_fits_seed43/state.pt ---
Epoch 308
Epoch 308 | Loss: 0.024359 | Val: 0.130819
--- Saved model to checkpoints/diffusion/diffusion_crumb_fits_seed43/state.pt ---
Epoch 309
Epoch 309 | Loss: 0.022758 | Val: 0.129223
--- Saved model to checkpoints/diffusion/diffusion_crumb_fits_seed43/state.pt ---
Epoch 310
Epoch 310 | Loss: 0.021817 | Val: 0.129935
FITS files saved to results/diffusion/20260922_222710_diffusion_crumb_fits_seed43_921090/generated_fits
Computing FID/KID/PDF at epoch 310...
  FID: 80.2088 | KID: 0.034422
  Pixel PDF W-dist: 0.0131
--- Saved model to checkpoints/diffusion/diffusion_crumb_fits_seed43/state.pt ---
Epoch 311
Epoch 311 | Loss: 0.023924 | Val: 0.128753
--- Saved model to checkpoints/diffusion/diffusion_crumb_fits_seed43/state.pt ---
Epoch 312
Epoch 312 | Loss: 0.021162 | Val: 0.130539
--- Saved model to checkpoints/diffusion/diffusion_crumb_fits_seed43/state.pt ---
Epoch 313
Epoch 313 | Loss: 0.022404 | Val: 0.129947
--- Saved model to checkpoints/diffusion/diffusion_crumb_fits_seed43/state.pt ---
Epoch 314
Epoch 314 | Loss: 0.025759 | Val: 0.130014
--- Saved model to checkpoints/diffusion/diffusion_crumb_fits_seed43/state.pt ---
Epoch 315
Epoch 315 | Loss: 0.019830 | Val: 0.129405
--- Saved model to checkpoints/diffusion/diffusion_crumb_fits_seed43/state.pt ---
Epoch 316
Epoch 316 | Loss: 0.019503 | Val: 0.130095
--- Saved model to checkpoints/diffusion/diffusion_crumb_fits_seed43/state.pt ---
Epoch 317
Epoch 317 | Loss: 0.024984 | Val: 0.129785
--- Saved model to checkpoints/diffusion/diffusion_crumb_fits_seed43/state.pt ---
Epoch 318
Epoch 318 | Loss: 0.017346 | Val: 0.130696
--- Saved model to checkpoints/diffusion/diffusion_crumb_fits_seed43/state.pt ---
Epoch 319
Epoch 319 | Loss: 0.027167 | Val: 0.129578
--- Saved model to checkpoints/diffusion/diffusion_crumb_fits_seed43/state.pt ---
Epoch 320
Epoch 320 | Loss: 0.022927 | Val: 0.129479
FITS files saved to results/diffusion/20260922_222710_diffusion_crumb_fits_seed43_921090/generated_fits
Computing FID/KID/PDF at epoch 320...
  FID: 91.4609 | KID: 0.044611
  Pixel PDF W-dist: 0.0152
--- Saved model to checkpoints/diffusion/diffusion_crumb_fits_seed43/state.pt ---
Epoch 321
Epoch 321 | Loss: 0.025049 | Val: 0.128731
--- Saved model to checkpoints/diffusion/diffusion_crumb_fits_seed43/state.pt ---
Epoch 322
Epoch 322 | Loss: 0.019277 | Val: 0.129994
--- Saved model to checkpoints/diffusion/diffusion_crumb_fits_seed43/state.pt ---
Epoch 323
Epoch 323 | Loss: 0.019173 | Val: 0.129667
--- Saved model to checkpoints/diffusion/diffusion_crumb_fits_seed43/state.pt ---
Epoch 324
Epoch 324 | Loss: 0.027032 | Val: 0.129544
--- Saved model to checkpoints/diffusion/diffusion_crumb_fits_seed43/state.pt ---
Epoch 325
Epoch 325 | Loss: 0.028766 | Val: 0.130271
--- Saved model to checkpoints/diffusion/diffusion_crumb_fits_seed43/state.pt ---
Epoch 326
Epoch 326 | Loss: 0.021732 | Val: 0.129694
--- Saved model to checkpoints/diffusion/diffusion_crumb_fits_seed43/state.pt ---
Epoch 327
Epoch 327 | Loss: 0.020976 | Val: 0.129519
--- Saved model to checkpoints/diffusion/diffusion_crumb_fits_seed43/state.pt ---
Epoch 328
Epoch 328 | Loss: 0.024993 | Val: 0.131225
--- Saved model to checkpoints/diffusion/diffusion_crumb_fits_seed43/state.pt ---
Epoch 329
Epoch 329 | Loss: 0.024510 | Val: 0.129846
--- Saved model to checkpoints/diffusion/diffusion_crumb_fits_seed43/state.pt ---
Epoch 330
Epoch 330 | Loss: 0.022984 | Val: 0.129096
FITS files saved to results/diffusion/20260922_222710_diffusion_crumb_fits_seed43_921090/generated_fits
Computing FID/KID/PDF at epoch 330...
  FID: 73.9530 | KID: 0.025525
  Pixel PDF W-dist: 0.0157
--- Saved model to checkpoints/diffusion/diffusion_crumb_fits_seed43/state.pt ---
Epoch 331
Epoch 331 | Loss: 0.020466 | Val: 0.130890
--- Saved model to checkpoints/diffusion/diffusion_crumb_fits_seed43/state.pt ---
Epoch 332
Epoch 332 | Loss: 0.023744 | Val: 0.130349
--- Saved model to checkpoints/diffusion/diffusion_crumb_fits_seed43/state.pt ---
Epoch 333
Epoch 333 | Loss: 0.024634 | Val: 0.129847
--- Saved model to checkpoints/diffusion/diffusion_crumb_fits_seed43/state.pt ---
Epoch 334
Epoch 334 | Loss: 0.021450 | Val: 0.129990
--- Saved model to checkpoints/diffusion/diffusion_crumb_fits_seed43/state.pt ---
Epoch 335
Epoch 335 | Loss: 0.023448 | Val: 0.129565
--- Saved model to checkpoints/diffusion/diffusion_crumb_fits_seed43/state.pt ---
Epoch 336
Epoch 336 | Loss: 0.019796 | Val: 0.130134
--- Saved model to checkpoints/diffusion/diffusion_crumb_fits_seed43/state.pt ---
Epoch 337
Epoch 337 | Loss: 0.023509 | Val: 0.130092
--- Saved model to checkpoints/diffusion/diffusion_crumb_fits_seed43/state.pt ---
Epoch 338
Epoch 338 | Loss: 0.022460 | Val: 0.129902
--- Saved model to checkpoints/diffusion/diffusion_crumb_fits_seed43/state.pt ---
Epoch 339
Epoch 339 | Loss: 0.021480 | Val: 0.129398
--- Saved model to checkpoints/diffusion/diffusion_crumb_fits_seed43/state.pt ---
Epoch 340
Epoch 340 | Loss: 0.016727 | Val: 0.129293
FITS files saved to results/diffusion/20260922_222710_diffusion_crumb_fits_seed43_921090/generated_fits
Computing FID/KID/PDF at epoch 340...
  FID: 91.8831 | KID: 0.046165
  Pixel PDF W-dist: 0.0163
--- Saved model to checkpoints/diffusion/diffusion_crumb_fits_seed43/state.pt ---
Epoch 341
Epoch 341 | Loss: 0.023893 | Val: 0.130127
--- Saved model to checkpoints/diffusion/diffusion_crumb_fits_seed43/state.pt ---
Epoch 342
Epoch 342 | Loss: 0.020727 | Val: 0.130013
--- Saved model to checkpoints/diffusion/diffusion_crumb_fits_seed43/state.pt ---
Epoch 343
Epoch 343 | Loss: 0.026805 | Val: 0.129429
--- Saved model to checkpoints/diffusion/diffusion_crumb_fits_seed43/state.pt ---
Epoch 344
Epoch 344 | Loss: 0.023625 | Val: 0.130839
--- Saved model to checkpoints/diffusion/diffusion_crumb_fits_seed43/state.pt ---
Epoch 345
Epoch 345 | Loss: 0.022434 | Val: 0.130146
--- Saved model to checkpoints/diffusion/diffusion_crumb_fits_seed43/state.pt ---
Epoch 346
Epoch 346 | Loss: 0.022067 | Val: 0.132766
--- Saved model to checkpoints/diffusion/diffusion_crumb_fits_seed43/state.pt ---
Epoch 347
Epoch 347 | Loss: 0.020327 | Val: 0.129893
--- Saved model to checkpoints/diffusion/diffusion_crumb_fits_seed43/state.pt ---
Epoch 348
Epoch 348 | Loss: 0.024617 | Val: 0.130661
--- Saved model to checkpoints/diffusion/diffusion_crumb_fits_seed43/state.pt ---
Epoch 349
Epoch 349 | Loss: 0.024698 | Val: 0.130486
--- Saved model to checkpoints/diffusion/diffusion_crumb_fits_seed43/state.pt ---
Epoch 350
Epoch 350 | Loss: 0.021780 | Val: 0.129946
FITS files saved to results/diffusion/20260922_222710_diffusion_crumb_fits_seed43_921090/generated_fits
Computing FID/KID/PDF at epoch 350...
  FID: 89.5606 | KID: 0.029077
  Pixel PDF W-dist: 0.0159
--- Saved model to checkpoints/diffusion/diffusion_crumb_fits_seed43/state.pt ---
Epoch 351
Epoch 351 | Loss: 0.023295 | Val: 0.130787
--- Saved model to checkpoints/diffusion/diffusion_crumb_fits_seed43/state.pt ---
Epoch 352
Epoch 352 | Loss: 0.021390 | Val: 0.129495
--- Saved model to checkpoints/diffusion/diffusion_crumb_fits_seed43/state.pt ---
Epoch 353
Epoch 353 | Loss: 0.021341 | Val: 0.129655
--- Saved model to checkpoints/diffusion/diffusion_crumb_fits_seed43/state.pt ---
Epoch 354
Epoch 354 | Loss: 0.019997 | Val: 0.130580
--- Saved model to checkpoints/diffusion/diffusion_crumb_fits_seed43/state.pt ---
Epoch 355
Epoch 355 | Loss: 0.026709 | Val: 0.130641
--- Saved model to checkpoints/diffusion/diffusion_crumb_fits_seed43/state.pt ---
Epoch 356
Epoch 356 | Loss: 0.026253 | Val: 0.129819
--- Saved model to checkpoints/diffusion/diffusion_crumb_fits_seed43/state.pt ---
Epoch 357
Epoch 357 | Loss: 0.024047 | Val: 0.129377
--- Saved model to checkpoints/diffusion/diffusion_crumb_fits_seed43/state.pt ---
Epoch 358
Epoch 358 | Loss: 0.021040 | Val: 0.129707
--- Saved model to checkpoints/diffusion/diffusion_crumb_fits_seed43/state.pt ---
Epoch 359
Epoch 359 | Loss: 0.023634 | Val: 0.131332
--- Saved model to checkpoints/diffusion/diffusion_crumb_fits_seed43/state.pt ---
Epoch 360
Epoch 360 | Loss: 0.022330 | Val: 0.130301
FITS files saved to results/diffusion/20260922_222710_diffusion_crumb_fits_seed43_921090/generated_fits
Computing FID/KID/PDF at epoch 360...
  FID: 91.1625 | KID: 0.037864
  Pixel PDF W-dist: 0.0200
--- Saved model to checkpoints/diffusion/diffusion_crumb_fits_seed43/state.pt ---
Epoch 361
Epoch 361 | Loss: 0.018488 | Val: 0.129891
--- Saved model to checkpoints/diffusion/diffusion_crumb_fits_seed43/state.pt ---
Epoch 362
Epoch 362 | Loss: 0.020213 | Val: 0.130712
--- Saved model to checkpoints/diffusion/diffusion_crumb_fits_seed43/state.pt ---
Epoch 363
Epoch 363 | Loss: 0.021458 | Val: 0.130674
--- Saved model to checkpoints/diffusion/diffusion_crumb_fits_seed43/state.pt ---
Epoch 364
Epoch 364 | Loss: 0.023972 | Val: 0.129744
--- Saved model to checkpoints/diffusion/diffusion_crumb_fits_seed43/state.pt ---
Epoch 365
Epoch 365 | Loss: 0.022769 | Val: 0.130936
--- Saved model to checkpoints/diffusion/diffusion_crumb_fits_seed43/state.pt ---
Epoch 366
Epoch 366 | Loss: 0.018075 | Val: 0.130948
--- Saved model to checkpoints/diffusion/diffusion_crumb_fits_seed43/state.pt ---
Epoch 367
Epoch 367 | Loss: 0.027293 | Val: 0.131183
--- Saved model to checkpoints/diffusion/diffusion_crumb_fits_seed43/state.pt ---
Epoch 368
Epoch 368 | Loss: 0.019639 | Val: 0.129836
--- Saved model to checkpoints/diffusion/diffusion_crumb_fits_seed43/state.pt ---
Epoch 369
Epoch 369 | Loss: 0.020181 | Val: 0.130627
--- Saved model to checkpoints/diffusion/diffusion_crumb_fits_seed43/state.pt ---
Epoch 370
Epoch 370 | Loss: 0.023771 | Val: 0.130589
FITS files saved to results/diffusion/20260922_222710_diffusion_crumb_fits_seed43_921090/generated_fits
Computing FID/KID/PDF at epoch 370...
  FID: 79.8902 | KID: 0.030636
  Pixel PDF W-dist: 0.0211
--- Saved model to checkpoints/diffusion/diffusion_crumb_fits_seed43/state.pt ---
Epoch 371
Epoch 371 | Loss: 0.022336 | Val: 0.130549
--- Saved model to checkpoints/diffusion/diffusion_crumb_fits_seed43/state.pt ---
Epoch 372
Epoch 372 | Loss: 0.022070 | Val: 0.129626
--- Saved model to checkpoints/diffusion/diffusion_crumb_fits_seed43/state.pt ---
Epoch 373
Epoch 373 | Loss: 0.021204 | Val: 0.130134
--- Saved model to checkpoints/diffusion/diffusion_crumb_fits_seed43/state.pt ---
Epoch 374
Epoch 374 | Loss: 0.018730 | Val: 0.130068
--- Saved model to checkpoints/diffusion/diffusion_crumb_fits_seed43/state.pt ---
Epoch 375
Epoch 375 | Loss: 0.020328 | Val: 0.130759
--- Saved model to checkpoints/diffusion/diffusion_crumb_fits_seed43/state.pt ---
Epoch 376
Epoch 376 | Loss: 0.022308 | Val: 0.131181
--- Saved model to checkpoints/diffusion/diffusion_crumb_fits_seed43/state.pt ---
Epoch 377
Epoch 377 | Loss: 0.028123 | Val: 0.130298
--- Saved model to checkpoints/diffusion/diffusion_crumb_fits_seed43/state.pt ---
Epoch 378
Epoch 378 | Loss: 0.020790 | Val: 0.129024
--- Saved model to checkpoints/diffusion/diffusion_crumb_fits_seed43/state.pt ---
Epoch 379
Epoch 379 | Loss: 0.020839 | Val: 0.130274
--- Saved model to checkpoints/diffusion/diffusion_crumb_fits_seed43/state.pt ---
Epoch 380
Epoch 380 | Loss: 0.024179 | Val: 0.132714
FITS files saved to results/diffusion/20260922_222710_diffusion_crumb_fits_seed43_921090/generated_fits
Computing FID/KID/PDF at epoch 380...
  FID: 96.0498 | KID: 0.036298
  Pixel PDF W-dist: 0.0163
--- Saved model to checkpoints/diffusion/diffusion_crumb_fits_seed43/state.pt ---
Epoch 381
Epoch 381 | Loss: 0.024206 | Val: 0.131585
--- Saved model to checkpoints/diffusion/diffusion_crumb_fits_seed43/state.pt ---
Epoch 382
Epoch 382 | Loss: 0.025790 | Val: 0.130667
--- Saved model to checkpoints/diffusion/diffusion_crumb_fits_seed43/state.pt ---
Epoch 383
Epoch 383 | Loss: 0.027099 | Val: 0.129083
--- Saved model to checkpoints/diffusion/diffusion_crumb_fits_seed43/state.pt ---
Epoch 384
Epoch 384 | Loss: 0.027248 | Val: 0.131228
--- Saved model to checkpoints/diffusion/diffusion_crumb_fits_seed43/state.pt ---
Epoch 385
Epoch 385 | Loss: 0.021923 | Val: 0.131625
--- Saved model to checkpoints/diffusion/diffusion_crumb_fits_seed43/state.pt ---
Epoch 386
Epoch 386 | Loss: 0.024403 | Val: 0.129758
--- Saved model to checkpoints/diffusion/diffusion_crumb_fits_seed43/state.pt ---
Epoch 387
Epoch 387 | Loss: 0.022139 | Val: 0.131176
--- Saved model to checkpoints/diffusion/diffusion_crumb_fits_seed43/state.pt ---
Epoch 388
Epoch 388 | Loss: 0.020334 | Val: 0.129721
--- Saved model to checkpoints/diffusion/diffusion_crumb_fits_seed43/state.pt ---
Epoch 389
Epoch 389 | Loss: 0.026271 | Val: 0.129192
--- Saved model to checkpoints/diffusion/diffusion_crumb_fits_seed43/state.pt ---
Epoch 390
Epoch 390 | Loss: 0.020626 | Val: 0.130270
FITS files saved to results/diffusion/20260922_222710_diffusion_crumb_fits_seed43_921090/generated_fits
Computing FID/KID/PDF at epoch 390...
  FID: 100.8785 | KID: 0.033869
  Pixel PDF W-dist: 0.0131
--- Saved model to checkpoints/diffusion/diffusion_crumb_fits_seed43/state.pt ---
Epoch 391
Epoch 391 | Loss: 0.019310 | Val: 0.129425
--- Saved model to checkpoints/diffusion/diffusion_crumb_fits_seed43/state.pt ---
Epoch 392
Epoch 392 | Loss: 0.020530 | Val: 0.129341
--- Saved model to checkpoints/diffusion/diffusion_crumb_fits_seed43/state.pt ---
Epoch 393
Epoch 393 | Loss: 0.019310 | Val: 0.129349
--- Saved model to checkpoints/diffusion/diffusion_crumb_fits_seed43/state.pt ---
Epoch 394
Epoch 394 | Loss: 0.022777 | Val: 0.131280
--- Saved model to checkpoints/diffusion/diffusion_crumb_fits_seed43/state.pt ---
Epoch 395
Epoch 395 | Loss: 0.023868 | Val: 0.130370
--- Saved model to checkpoints/diffusion/diffusion_crumb_fits_seed43/state.pt ---
Epoch 396
Epoch 396 | Loss: 0.019606 | Val: 0.129987
--- Saved model to checkpoints/diffusion/diffusion_crumb_fits_seed43/state.pt ---
Epoch 397
Epoch 397 | Loss: 0.023926 | Val: 0.129420
--- Saved model to checkpoints/diffusion/diffusion_crumb_fits_seed43/state.pt ---
Epoch 398
Epoch 398 | Loss: 0.022139 | Val: 0.130493
--- Saved model to checkpoints/diffusion/diffusion_crumb_fits_seed43/state.pt ---
Epoch 399
Epoch 399 | Loss: 0.021924 | Val: 0.129301
--- Saved model to checkpoints/diffusion/diffusion_crumb_fits_seed43/state.pt ---
FITS files saved to results/diffusion/20260922_222710_diffusion_crumb_fits_seed43_921090/generated_fits
Generated images saved.
Loss graph saved to results/diffusion/20260922_222710_diffusion_crumb_fits_seed43_921090/training_metrics.png
Generative metrics plot saved to results/diffusion/20260922_222710_diffusion_crumb_fits_seed43_921090/generative_metrics.png
Pixel PDF history plot saved to results/diffusion/20260922_222710_diffusion_crumb_fits_seed43_921090/pixel_pdf_history.png
Testing model
Generated test images saved to results/diffusion/20260922_222710_diffusion_crumb_fits_seed43_921090/
