CUDA Memory Cleared. Current VRAM Usage: 0.00 MB
On device cuda
Getting data loader crumb
Corrected 163/300 CRUMB test labels using train-derived (parent, code) -> label mapping
Total unique classes found: 2
Label IDs: [0, 1]
Total images in dataset: 2002
Total batches: 86 (at batch size 16)

============================================================
Run 1/1  |  seed=42  |  tag=scratch_cnn_3_layers  |  results -> results/classification/run_20260713_202353_seed42
============================================================

Training classification for 100 epochs
Epoch 0
Epoch 0, Training Loss: 0.7190, Validation Loss: 0.6921 (best)
--- Saved model to checkpoints/classification/scratch_cnn_3_layers/state.pt ---
Epoch 1
Epoch 1, Training Loss: 0.6992, Validation Loss: 0.6935
--- Saved model to checkpoints/classification/scratch_cnn_3_layers/state.pt ---
Epoch 2
Epoch 2, Training Loss: 0.6993, Validation Loss: 0.6960
--- Saved model to checkpoints/classification/scratch_cnn_3_layers/state.pt ---
Epoch 3
Epoch 3, Training Loss: 0.6949, Validation Loss: 0.6933
--- Saved model to checkpoints/classification/scratch_cnn_3_layers/state.pt ---
Epoch 4
Epoch 4, Training Loss: 0.6949, Validation Loss: 0.6926
--- Saved model to checkpoints/classification/scratch_cnn_3_layers/state.pt ---
Epoch 5
Epoch 5, Training Loss: 0.6946, Validation Loss: 0.6940
--- Saved model to checkpoints/classification/scratch_cnn_3_layers/state.pt ---
Epoch 6
Epoch 6, Training Loss: 0.6976, Validation Loss: 0.6935
--- Saved model to checkpoints/classification/scratch_cnn_3_layers/state.pt ---
Epoch 7
Epoch 7, Training Loss: 0.6968, Validation Loss: 0.6921 (best)
--- Saved model to checkpoints/classification/scratch_cnn_3_layers/state.pt ---
Epoch 8
Epoch 8, Training Loss: 0.6946, Validation Loss: 0.6940
--- Saved model to checkpoints/classification/scratch_cnn_3_layers/state.pt ---
Epoch 9
Epoch 9, Training Loss: 0.6959, Validation Loss: 0.6935
--- Saved model to checkpoints/classification/scratch_cnn_3_layers/state.pt ---
Epoch 10
Epoch 10, Training Loss: 0.6973, Validation Loss: 0.6938
--- Saved model to checkpoints/classification/scratch_cnn_3_layers/state.pt ---
Epoch 11
Epoch 11, Training Loss: 0.6953, Validation Loss: 0.6969
--- Saved model to checkpoints/classification/scratch_cnn_3_layers/state.pt ---
Epoch 12
Epoch 12, Training Loss: 0.6955, Validation Loss: 0.6922
--- Saved model to checkpoints/classification/scratch_cnn_3_layers/state.pt ---
Epoch 13
Epoch 13, Training Loss: 0.6926, Validation Loss: 0.6969
--- Saved model to checkpoints/classification/scratch_cnn_3_layers/state.pt ---
Epoch 14
Epoch 14, Training Loss: 0.6957, Validation Loss: 0.6930
--- Saved model to checkpoints/classification/scratch_cnn_3_layers/state.pt ---
Epoch 15
Epoch 15, Training Loss: 0.6962, Validation Loss: 0.6929
--- Saved model to checkpoints/classification/scratch_cnn_3_layers/state.pt ---
Epoch 16
Epoch 16, Training Loss: 0.6942, Validation Loss: 0.6924
--- Saved model to checkpoints/classification/scratch_cnn_3_layers/state.pt ---
Epoch 17
Epoch 17, Training Loss: 0.6960, Validation Loss: 0.6976
--- Saved model to checkpoints/classification/scratch_cnn_3_layers/state.pt ---
Epoch 18
Epoch 18, Training Loss: 0.6949, Validation Loss: 0.6925
--- Saved model to checkpoints/classification/scratch_cnn_3_layers/state.pt ---
Epoch 19
Epoch 19, Training Loss: 0.6949, Validation Loss: 0.6920 (best)
--- Saved model to checkpoints/classification/scratch_cnn_3_layers/state.pt ---
Epoch 20
Epoch 20, Training Loss: 0.6964, Validation Loss: 0.6934
--- Saved model to checkpoints/classification/scratch_cnn_3_layers/state.pt ---
Epoch 21
Epoch 21, Training Loss: 0.6939, Validation Loss: 0.6929
--- Saved model to checkpoints/classification/scratch_cnn_3_layers/state.pt ---
Epoch 22
Epoch 22, Training Loss: 0.6944, Validation Loss: 0.6951
--- Saved model to checkpoints/classification/scratch_cnn_3_layers/state.pt ---
Epoch 23
Epoch 23, Training Loss: 0.6921, Validation Loss: 0.6919 (best)
--- Saved model to checkpoints/classification/scratch_cnn_3_layers/state.pt ---
Epoch 24
Epoch 24, Training Loss: 0.6956, Validation Loss: 0.6933
--- Saved model to checkpoints/classification/scratch_cnn_3_layers/state.pt ---
Epoch 25
Epoch 25, Training Loss: 0.6934, Validation Loss: 0.7111
--- Saved model to checkpoints/classification/scratch_cnn_3_layers/state.pt ---
Epoch 26
Epoch 26, Training Loss: 0.6982, Validation Loss: 0.6929
--- Saved model to checkpoints/classification/scratch_cnn_3_layers/state.pt ---
Epoch 27
Epoch 27, Training Loss: 0.6977, Validation Loss: 0.6925
--- Saved model to checkpoints/classification/scratch_cnn_3_layers/state.pt ---
Epoch 28
Epoch 28, Training Loss: 0.6958, Validation Loss: 0.6934
--- Saved model to checkpoints/classification/scratch_cnn_3_layers/state.pt ---
Epoch 29
Epoch 29, Training Loss: 0.6944, Validation Loss: 0.6950
--- Saved model to checkpoints/classification/scratch_cnn_3_layers/state.pt ---
Epoch 30
Epoch 30, Training Loss: 0.6950, Validation Loss: 0.6931
--- Saved model to checkpoints/classification/scratch_cnn_3_layers/state.pt ---
Epoch 31
Epoch 31, Training Loss: 0.6946, Validation Loss: 0.6928
--- Saved model to checkpoints/classification/scratch_cnn_3_layers/state.pt ---
Epoch 32
Epoch 32, Training Loss: 0.6949, Validation Loss: 0.6927
--- Saved model to checkpoints/classification/scratch_cnn_3_layers/state.pt ---
Epoch 33
Epoch 33, Training Loss: 0.6942, Validation Loss: 0.6945
--- Saved model to checkpoints/classification/scratch_cnn_3_layers/state.pt ---
Epoch 34
Epoch 34, Training Loss: 0.6953, Validation Loss: 0.6931
--- Saved model to checkpoints/classification/scratch_cnn_3_layers/state.pt ---
Epoch 35
Epoch 35, Training Loss: 0.6940, Validation Loss: 0.6926
--- Saved model to checkpoints/classification/scratch_cnn_3_layers/state.pt ---
Epoch 36
Epoch 36, Training Loss: 0.6947, Validation Loss: 0.6932
--- Saved model to checkpoints/classification/scratch_cnn_3_layers/state.pt ---
Epoch 37
Epoch 37, Training Loss: 0.6937, Validation Loss: 0.6942
--- Saved model to checkpoints/classification/scratch_cnn_3_layers/state.pt ---
Epoch 38
Epoch 38, Training Loss: 0.6931, Validation Loss: 0.6931
--- Saved model to checkpoints/classification/scratch_cnn_3_layers/state.pt ---
Epoch 39
Epoch 39, Training Loss: 0.6945, Validation Loss: 0.6928
--- Saved model to checkpoints/classification/scratch_cnn_3_layers/state.pt ---
Epoch 40
Epoch 40, Training Loss: 0.6936, Validation Loss: 0.6923
--- Saved model to checkpoints/classification/scratch_cnn_3_layers/state.pt ---
Epoch 41
Epoch 41, Training Loss: 0.6964, Validation Loss: 0.6934
--- Saved model to checkpoints/classification/scratch_cnn_3_layers/state.pt ---
Epoch 42
Epoch 42, Training Loss: 0.6942, Validation Loss: 0.6932
--- Saved model to checkpoints/classification/scratch_cnn_3_layers/state.pt ---
Epoch 43
Epoch 43, Training Loss: 0.6932, Validation Loss: 0.6933
--- Saved model to checkpoints/classification/scratch_cnn_3_layers/state.pt ---
Epoch 44
Epoch 44, Training Loss: 0.6944, Validation Loss: 0.6960
--- Saved model to checkpoints/classification/scratch_cnn_3_layers/state.pt ---
Epoch 45
Epoch 45, Training Loss: 0.6944, Validation Loss: 0.6925
--- Saved model to checkpoints/classification/scratch_cnn_3_layers/state.pt ---
Epoch 46
Epoch 46, Training Loss: 0.6949, Validation Loss: 0.6922
--- Saved model to checkpoints/classification/scratch_cnn_3_layers/state.pt ---
Epoch 47
Epoch 47, Training Loss: 0.6940, Validation Loss: 0.6923
--- Saved model to checkpoints/classification/scratch_cnn_3_layers/state.pt ---
Epoch 48
Epoch 48, Training Loss: 0.6941, Validation Loss: 0.6933
--- Saved model to checkpoints/classification/scratch_cnn_3_layers/state.pt ---
Epoch 49
Epoch 49, Training Loss: 0.6935, Validation Loss: 0.6936
--- Saved model to checkpoints/classification/scratch_cnn_3_layers/state.pt ---
Epoch 50
Epoch 50, Training Loss: 0.6936, Validation Loss: 0.6919 (best)
--- Saved model to checkpoints/classification/scratch_cnn_3_layers/state.pt ---
Epoch 51
Epoch 51, Training Loss: 0.6963, Validation Loss: 0.6927
--- Saved model to checkpoints/classification/scratch_cnn_3_layers/state.pt ---
Epoch 52
Epoch 52, Training Loss: 0.6938, Validation Loss: 0.6932
--- Saved model to checkpoints/classification/scratch_cnn_3_layers/state.pt ---
Epoch 53
Epoch 53, Training Loss: 0.6949, Validation Loss: 0.6932
--- Saved model to checkpoints/classification/scratch_cnn_3_layers/state.pt ---
Epoch 54
Epoch 54, Training Loss: 0.6937, Validation Loss: 0.6941
--- Saved model to checkpoints/classification/scratch_cnn_3_layers/state.pt ---
Epoch 55
Epoch 55, Training Loss: 0.6942, Validation Loss: 0.6937
--- Saved model to checkpoints/classification/scratch_cnn_3_layers/state.pt ---
Epoch 56
Epoch 56, Training Loss: 0.6938, Validation Loss: 0.6920
--- Saved model to checkpoints/classification/scratch_cnn_3_layers/state.pt ---
Epoch 57
Epoch 57, Training Loss: 0.6948, Validation Loss: 0.6946
--- Saved model to checkpoints/classification/scratch_cnn_3_layers/state.pt ---
Epoch 58
Epoch 58, Training Loss: 0.6943, Validation Loss: 0.6922
--- Saved model to checkpoints/classification/scratch_cnn_3_layers/state.pt ---
Epoch 59
Epoch 59, Training Loss: 0.6942, Validation Loss: 0.6931
--- Saved model to checkpoints/classification/scratch_cnn_3_layers/state.pt ---
Epoch 60
Epoch 60, Training Loss: 0.6937, Validation Loss: 0.6937
--- Saved model to checkpoints/classification/scratch_cnn_3_layers/state.pt ---
Epoch 61
Epoch 61, Training Loss: 0.6930, Validation Loss: 0.6918 (best)
--- Saved model to checkpoints/classification/scratch_cnn_3_layers/state.pt ---
Epoch 62
Epoch 62, Training Loss: 0.6932, Validation Loss: 0.6927
--- Saved model to checkpoints/classification/scratch_cnn_3_layers/state.pt ---
Epoch 63
Epoch 63, Training Loss: 0.6937, Validation Loss: 0.6916 (best)
--- Saved model to checkpoints/classification/scratch_cnn_3_layers/state.pt ---
Epoch 64
Epoch 64, Training Loss: 0.6929, Validation Loss: 0.6912 (best)
--- Saved model to checkpoints/classification/scratch_cnn_3_layers/state.pt ---
Epoch 65
Epoch 65, Training Loss: 0.6935, Validation Loss: 0.6907 (best)
--- Saved model to checkpoints/classification/scratch_cnn_3_layers/state.pt ---
Epoch 66
Epoch 66, Training Loss: 0.6934, Validation Loss: 0.6947
--- Saved model to checkpoints/classification/scratch_cnn_3_layers/state.pt ---
Epoch 67
Epoch 67, Training Loss: 0.6925, Validation Loss: 0.6910
--- Saved model to checkpoints/classification/scratch_cnn_3_layers/state.pt ---
Epoch 68
Epoch 68, Training Loss: 0.6912, Validation Loss: 0.6896 (best)
--- Saved model to checkpoints/classification/scratch_cnn_3_layers/state.pt ---
Epoch 69
Epoch 69, Training Loss: 0.6906, Validation Loss: 0.6903
--- Saved model to checkpoints/classification/scratch_cnn_3_layers/state.pt ---
Epoch 70
Epoch 70, Training Loss: 0.6902, Validation Loss: 0.6892 (best)
--- Saved model to checkpoints/classification/scratch_cnn_3_layers/state.pt ---
Epoch 71
Epoch 71, Training Loss: 0.6893, Validation Loss: 0.6886 (best)
--- Saved model to checkpoints/classification/scratch_cnn_3_layers/state.pt ---
Epoch 72
Epoch 72, Training Loss: 0.6922, Validation Loss: 0.6906
--- Saved model to checkpoints/classification/scratch_cnn_3_layers/state.pt ---
Epoch 73
Epoch 73, Training Loss: 0.6881, Validation Loss: 0.6855 (best)
--- Saved model to checkpoints/classification/scratch_cnn_3_layers/state.pt ---
Epoch 74
Epoch 74, Training Loss: 0.6891, Validation Loss: 0.6846 (best)
--- Saved model to checkpoints/classification/scratch_cnn_3_layers/state.pt ---
Epoch 75
Epoch 75, Training Loss: 0.6869, Validation Loss: 0.6826 (best)
--- Saved model to checkpoints/classification/scratch_cnn_3_layers/state.pt ---
Epoch 76
Epoch 76, Training Loss: 0.6752, Validation Loss: 0.6699 (best)
--- Saved model to checkpoints/classification/scratch_cnn_3_layers/state.pt ---
Epoch 77
Epoch 77, Training Loss: 0.6704, Validation Loss: 0.6660 (best)
--- Saved model to checkpoints/classification/scratch_cnn_3_layers/state.pt ---
Epoch 78
Epoch 78, Training Loss: 0.6671, Validation Loss: 0.6470 (best)
--- Saved model to checkpoints/classification/scratch_cnn_3_layers/state.pt ---
Epoch 79
Epoch 79, Training Loss: 0.6485, Validation Loss: 0.6389 (best)
--- Saved model to checkpoints/classification/scratch_cnn_3_layers/state.pt ---
Epoch 80
Epoch 80, Training Loss: 0.6510, Validation Loss: 0.6344 (best)
--- Saved model to checkpoints/classification/scratch_cnn_3_layers/state.pt ---
Epoch 81
Epoch 81, Training Loss: 0.6408, Validation Loss: 0.6315 (best)
--- Saved model to checkpoints/classification/scratch_cnn_3_layers/state.pt ---
Epoch 82
Epoch 82, Training Loss: 0.6408, Validation Loss: 0.6485
--- Saved model to checkpoints/classification/scratch_cnn_3_layers/state.pt ---
Epoch 83
Epoch 83, Training Loss: 0.6357, Validation Loss: 0.6347
--- Saved model to checkpoints/classification/scratch_cnn_3_layers/state.pt ---
Epoch 84
Epoch 84, Training Loss: 0.6322, Validation Loss: 0.6440
--- Saved model to checkpoints/classification/scratch_cnn_3_layers/state.pt ---
Epoch 85
Epoch 85, Training Loss: 0.6463, Validation Loss: 0.6558
--- Saved model to checkpoints/classification/scratch_cnn_3_layers/state.pt ---
Epoch 86
Epoch 86, Training Loss: 0.6352, Validation Loss: 0.6340
--- Saved model to checkpoints/classification/scratch_cnn_3_layers/state.pt ---
Epoch 87
Epoch 87, Training Loss: 0.6374, Validation Loss: 0.6361
--- Saved model to checkpoints/classification/scratch_cnn_3_layers/state.pt ---
Epoch 88
Epoch 88, Training Loss: 0.6323, Validation Loss: 0.6611
--- Saved model to checkpoints/classification/scratch_cnn_3_layers/state.pt ---
Epoch 89
Epoch 89, Training Loss: 0.6374, Validation Loss: 0.6350
--- Saved model to checkpoints/classification/scratch_cnn_3_layers/state.pt ---
Epoch 90
Epoch 90, Training Loss: 0.6329, Validation Loss: 0.6543
--- Saved model to checkpoints/classification/scratch_cnn_3_layers/state.pt ---
Epoch 91
Epoch 91, Training Loss: 0.6269, Validation Loss: 0.6357
--- Saved model to checkpoints/classification/scratch_cnn_3_layers/state.pt ---
Epoch 92
Epoch 92, Training Loss: 0.6260, Validation Loss: 0.6328
--- Saved model to checkpoints/classification/scratch_cnn_3_layers/state.pt ---
Epoch 93
Epoch 93, Training Loss: 0.6313, Validation Loss: 0.6379
--- Saved model to checkpoints/classification/scratch_cnn_3_layers/state.pt ---
Epoch 94
Epoch 94, Training Loss: 0.6327, Validation Loss: 0.6367
--- Saved model to checkpoints/classification/scratch_cnn_3_layers/state.pt ---
Epoch 95
Epoch 95, Training Loss: 0.6308, Validation Loss: 0.6297 (best)
--- Saved model to checkpoints/classification/scratch_cnn_3_layers/state.pt ---
Epoch 96
Epoch 96, Training Loss: 0.6243, Validation Loss: 0.6355
--- Saved model to checkpoints/classification/scratch_cnn_3_layers/state.pt ---
Epoch 97
Epoch 97, Training Loss: 0.6271, Validation Loss: 0.6564
--- Saved model to checkpoints/classification/scratch_cnn_3_layers/state.pt ---
Epoch 98
Epoch 98, Training Loss: 0.6267, Validation Loss: 0.6345
--- Saved model to checkpoints/classification/scratch_cnn_3_layers/state.pt ---
Epoch 99
Epoch 99, Training Loss: 0.6180, Validation Loss: 0.6323
--- Saved model to checkpoints/classification/scratch_cnn_3_layers/state.pt ---
Restored best model (val loss 0.6297)
--- Saved model to checkpoints/classification/scratch_cnn_3_layers/state.pt ---
Testing model
Accuracy: 69.47%
