CUDA Memory Cleared. Current VRAM Usage: 0.00 MB
On device cuda
Getting data loader crumb
Corrected 163/300 CRUMB test labels using train-derived (parent, code) -> label mapping
Total unique classes found: 2
Label IDs: [0, 1]
Total images in dataset: 2002
Total batches: 86 (at batch size 16)

============================================================
Run 1/1  |  seed=42  |  tag=crumb_scratch_lr  |  results -> results/classification/run_20260713_195122_seed42
============================================================

Training classification for 100 epochs
Epoch 0
Epoch 0, Training Loss: 0.7080, Validation Loss: 0.6887 (best)
--- Saved model to checkpoints/classification/crumb_scratch_lr/state.pt ---
Epoch 1
Epoch 1, Training Loss: 0.7037, Validation Loss: 0.6886 (best)
--- Saved model to checkpoints/classification/crumb_scratch_lr/state.pt ---
Epoch 2
Epoch 2, Training Loss: 0.6970, Validation Loss: 0.6882 (best)
--- Saved model to checkpoints/classification/crumb_scratch_lr/state.pt ---
Epoch 3
Epoch 3, Training Loss: 0.6974, Validation Loss: 0.6889
--- Saved model to checkpoints/classification/crumb_scratch_lr/state.pt ---
Epoch 4
Epoch 4, Training Loss: 0.6895, Validation Loss: 0.6831 (best)
--- Saved model to checkpoints/classification/crumb_scratch_lr/state.pt ---
Epoch 5
Epoch 5, Training Loss: 0.6866, Validation Loss: 0.6919
--- Saved model to checkpoints/classification/crumb_scratch_lr/state.pt ---
Epoch 6
Epoch 6, Training Loss: 0.6847, Validation Loss: 0.6820 (best)
--- Saved model to checkpoints/classification/crumb_scratch_lr/state.pt ---
Epoch 7
Epoch 7, Training Loss: 0.6889, Validation Loss: 0.6791 (best)
--- Saved model to checkpoints/classification/crumb_scratch_lr/state.pt ---
Epoch 8
Epoch 8, Training Loss: 0.6893, Validation Loss: 0.6994
--- Saved model to checkpoints/classification/crumb_scratch_lr/state.pt ---
Epoch 9
Epoch 9, Training Loss: 0.6832, Validation Loss: 0.6820
--- Saved model to checkpoints/classification/crumb_scratch_lr/state.pt ---
Epoch 10
Epoch 10, Training Loss: 0.6915, Validation Loss: 0.7262
--- Saved model to checkpoints/classification/crumb_scratch_lr/state.pt ---
Epoch 11
Epoch 11, Training Loss: 0.6840, Validation Loss: 0.6755 (best)
--- Saved model to checkpoints/classification/crumb_scratch_lr/state.pt ---
Epoch 12
Epoch 12, Training Loss: 0.6841, Validation Loss: 0.6813
--- Saved model to checkpoints/classification/crumb_scratch_lr/state.pt ---
Epoch 13
Epoch 13, Training Loss: 0.6840, Validation Loss: 0.6745 (best)
--- Saved model to checkpoints/classification/crumb_scratch_lr/state.pt ---
Epoch 14
Epoch 14, Training Loss: 0.6803, Validation Loss: 0.9247
--- Saved model to checkpoints/classification/crumb_scratch_lr/state.pt ---
Epoch 15
Epoch 15, Training Loss: 0.6852, Validation Loss: 0.6728 (best)
--- Saved model to checkpoints/classification/crumb_scratch_lr/state.pt ---
Epoch 16
Epoch 16, Training Loss: 0.6811, Validation Loss: 0.6717 (best)
--- Saved model to checkpoints/classification/crumb_scratch_lr/state.pt ---
Epoch 17
Epoch 17, Training Loss: 0.6793, Validation Loss: 0.7111
--- Saved model to checkpoints/classification/crumb_scratch_lr/state.pt ---
Epoch 18
Epoch 18, Training Loss: 0.6758, Validation Loss: 0.7059
--- Saved model to checkpoints/classification/crumb_scratch_lr/state.pt ---
Epoch 19
Epoch 19, Training Loss: 0.6749, Validation Loss: 0.6736
--- Saved model to checkpoints/classification/crumb_scratch_lr/state.pt ---
Epoch 20
Epoch 20, Training Loss: 0.6830, Validation Loss: 0.7325
--- Saved model to checkpoints/classification/crumb_scratch_lr/state.pt ---
Epoch 21
Epoch 21, Training Loss: 0.6810, Validation Loss: 0.6738
--- Saved model to checkpoints/classification/crumb_scratch_lr/state.pt ---
Epoch 22
Epoch 22, Training Loss: 0.6729, Validation Loss: 0.9070
--- Saved model to checkpoints/classification/crumb_scratch_lr/state.pt ---
Epoch 23
Epoch 23, Training Loss: 0.6797, Validation Loss: 0.6697 (best)
--- Saved model to checkpoints/classification/crumb_scratch_lr/state.pt ---
Epoch 24
Epoch 24, Training Loss: 0.6764, Validation Loss: 0.6687 (best)
--- Saved model to checkpoints/classification/crumb_scratch_lr/state.pt ---
Epoch 25
Epoch 25, Training Loss: 0.6857, Validation Loss: 0.6701
--- Saved model to checkpoints/classification/crumb_scratch_lr/state.pt ---
Epoch 26
Epoch 26, Training Loss: 0.6845, Validation Loss: 0.9675
--- Saved model to checkpoints/classification/crumb_scratch_lr/state.pt ---
Epoch 27
Epoch 27, Training Loss: 0.6808, Validation Loss: 0.6694
--- Saved model to checkpoints/classification/crumb_scratch_lr/state.pt ---
Epoch 28
Epoch 28, Training Loss: 0.6816, Validation Loss: 0.6685 (best)
--- Saved model to checkpoints/classification/crumb_scratch_lr/state.pt ---
Epoch 29
Epoch 29, Training Loss: 0.6753, Validation Loss: 0.9267
--- Saved model to checkpoints/classification/crumb_scratch_lr/state.pt ---
Epoch 30
Epoch 30, Training Loss: 0.6799, Validation Loss: 0.6693
--- Saved model to checkpoints/classification/crumb_scratch_lr/state.pt ---
Epoch 31
Epoch 31, Training Loss: 0.6745, Validation Loss: 0.6700
--- Saved model to checkpoints/classification/crumb_scratch_lr/state.pt ---
Epoch 32
Epoch 32, Training Loss: 0.6794, Validation Loss: 0.6676 (best)
--- Saved model to checkpoints/classification/crumb_scratch_lr/state.pt ---
Epoch 33
Epoch 33, Training Loss: 0.6749, Validation Loss: 0.8650
--- Saved model to checkpoints/classification/crumb_scratch_lr/state.pt ---
Epoch 34
Epoch 34, Training Loss: 0.6713, Validation Loss: 0.7198
--- Saved model to checkpoints/classification/crumb_scratch_lr/state.pt ---
Epoch 35
Epoch 35, Training Loss: 0.6770, Validation Loss: 0.6682
--- Saved model to checkpoints/classification/crumb_scratch_lr/state.pt ---
Epoch 36
Epoch 36, Training Loss: 0.6723, Validation Loss: 0.7343
--- Saved model to checkpoints/classification/crumb_scratch_lr/state.pt ---
Epoch 37
Epoch 37, Training Loss: 0.6732, Validation Loss: 0.7304
--- Saved model to checkpoints/classification/crumb_scratch_lr/state.pt ---
Epoch 38
Epoch 38, Training Loss: 0.6746, Validation Loss: 0.7258
--- Saved model to checkpoints/classification/crumb_scratch_lr/state.pt ---
Epoch 39
Epoch 39, Training Loss: 0.6715, Validation Loss: 0.6853
--- Saved model to checkpoints/classification/crumb_scratch_lr/state.pt ---
Epoch 40
Epoch 40, Training Loss: 0.6794, Validation Loss: 0.7749
--- Saved model to checkpoints/classification/crumb_scratch_lr/state.pt ---
Epoch 41
Epoch 41, Training Loss: 0.6751, Validation Loss: 0.7622
--- Saved model to checkpoints/classification/crumb_scratch_lr/state.pt ---
Epoch 42
Epoch 42, Training Loss: 0.6716, Validation Loss: 0.6697
--- Saved model to checkpoints/classification/crumb_scratch_lr/state.pt ---
Epoch 43
Epoch 43, Training Loss: 0.6778, Validation Loss: 0.6738
--- Saved model to checkpoints/classification/crumb_scratch_lr/state.pt ---
Epoch 44
Epoch 44, Training Loss: 0.6727, Validation Loss: 0.6668 (best)
--- Saved model to checkpoints/classification/crumb_scratch_lr/state.pt ---
Epoch 45
Epoch 45, Training Loss: 0.6700, Validation Loss: 0.8619
--- Saved model to checkpoints/classification/crumb_scratch_lr/state.pt ---
Epoch 46
Epoch 46, Training Loss: 0.6722, Validation Loss: 0.6653 (best)
--- Saved model to checkpoints/classification/crumb_scratch_lr/state.pt ---
Epoch 47
Epoch 47, Training Loss: 0.6717, Validation Loss: 0.6658
--- Saved model to checkpoints/classification/crumb_scratch_lr/state.pt ---
Epoch 48
Epoch 48, Training Loss: 0.6750, Validation Loss: 0.6671
--- Saved model to checkpoints/classification/crumb_scratch_lr/state.pt ---
Epoch 49
Epoch 49, Training Loss: 0.6818, Validation Loss: 0.6653
--- Saved model to checkpoints/classification/crumb_scratch_lr/state.pt ---
Epoch 50
Epoch 50, Training Loss: 0.6756, Validation Loss: 1.0601
--- Saved model to checkpoints/classification/crumb_scratch_lr/state.pt ---
Epoch 51
Epoch 51, Training Loss: 0.6711, Validation Loss: 0.6649 (best)
--- Saved model to checkpoints/classification/crumb_scratch_lr/state.pt ---
Epoch 52
Epoch 52, Training Loss: 0.6702, Validation Loss: 0.6658
--- Saved model to checkpoints/classification/crumb_scratch_lr/state.pt ---
Epoch 53
Epoch 53, Training Loss: 0.6806, Validation Loss: 0.6719
--- Saved model to checkpoints/classification/crumb_scratch_lr/state.pt ---
Epoch 54
Epoch 54, Training Loss: 0.6731, Validation Loss: 0.6665
--- Saved model to checkpoints/classification/crumb_scratch_lr/state.pt ---
Epoch 55
Epoch 55, Training Loss: 0.6777, Validation Loss: 0.6648 (best)
--- Saved model to checkpoints/classification/crumb_scratch_lr/state.pt ---
Epoch 56
Epoch 56, Training Loss: 0.6742, Validation Loss: 0.9887
--- Saved model to checkpoints/classification/crumb_scratch_lr/state.pt ---
Epoch 57
Epoch 57, Training Loss: 0.6724, Validation Loss: 0.6747
--- Saved model to checkpoints/classification/crumb_scratch_lr/state.pt ---
Epoch 58
Epoch 58, Training Loss: 0.6761, Validation Loss: 0.9841
--- Saved model to checkpoints/classification/crumb_scratch_lr/state.pt ---
Epoch 59
Epoch 59, Training Loss: 0.6768, Validation Loss: 0.6641 (best)
--- Saved model to checkpoints/classification/crumb_scratch_lr/state.pt ---
Epoch 60
Epoch 60, Training Loss: 0.6688, Validation Loss: 0.7408
--- Saved model to checkpoints/classification/crumb_scratch_lr/state.pt ---
Epoch 61
Epoch 61, Training Loss: 0.6770, Validation Loss: 0.6643
--- Saved model to checkpoints/classification/crumb_scratch_lr/state.pt ---
Epoch 62
Epoch 62, Training Loss: 0.6684, Validation Loss: 0.6639 (best)
--- Saved model to checkpoints/classification/crumb_scratch_lr/state.pt ---
Epoch 63
Epoch 63, Training Loss: 0.6761, Validation Loss: 1.0434
--- Saved model to checkpoints/classification/crumb_scratch_lr/state.pt ---
Epoch 64
Epoch 64, Training Loss: 0.6730, Validation Loss: 0.6910
--- Saved model to checkpoints/classification/crumb_scratch_lr/state.pt ---
Epoch 65
Epoch 65, Training Loss: 0.6735, Validation Loss: 0.6792
--- Saved model to checkpoints/classification/crumb_scratch_lr/state.pt ---
Epoch 66
Epoch 66, Training Loss: 0.6761, Validation Loss: 0.8577
--- Saved model to checkpoints/classification/crumb_scratch_lr/state.pt ---
Epoch 67
Epoch 67, Training Loss: 0.6724, Validation Loss: 0.6656
--- Saved model to checkpoints/classification/crumb_scratch_lr/state.pt ---
Epoch 68
Epoch 68, Training Loss: 0.6765, Validation Loss: 0.6875
--- Saved model to checkpoints/classification/crumb_scratch_lr/state.pt ---
Epoch 69
Epoch 69, Training Loss: 0.6737, Validation Loss: 0.6646
--- Saved model to checkpoints/classification/crumb_scratch_lr/state.pt ---
Epoch 70
Epoch 70, Training Loss: 0.6717, Validation Loss: 0.8262
--- Saved model to checkpoints/classification/crumb_scratch_lr/state.pt ---
Epoch 71
Epoch 71, Training Loss: 0.6681, Validation Loss: 0.6668
--- Saved model to checkpoints/classification/crumb_scratch_lr/state.pt ---
Epoch 72
Epoch 72, Training Loss: 0.6775, Validation Loss: 0.6666
--- Saved model to checkpoints/classification/crumb_scratch_lr/state.pt ---
Epoch 73
Epoch 73, Training Loss: 0.6676, Validation Loss: 0.6696
--- Saved model to checkpoints/classification/crumb_scratch_lr/state.pt ---
Epoch 74
Epoch 74, Training Loss: 0.6696, Validation Loss: 0.6643
--- Saved model to checkpoints/classification/crumb_scratch_lr/state.pt ---
Epoch 75
Epoch 75, Training Loss: 0.6719, Validation Loss: 0.6658
--- Saved model to checkpoints/classification/crumb_scratch_lr/state.pt ---
Epoch 76
Epoch 76, Training Loss: 0.6729, Validation Loss: 0.6669
--- Saved model to checkpoints/classification/crumb_scratch_lr/state.pt ---
Epoch 77
Epoch 77, Training Loss: 0.6731, Validation Loss: 0.6637 (best)
--- Saved model to checkpoints/classification/crumb_scratch_lr/state.pt ---
Epoch 78
Epoch 78, Training Loss: 0.6720, Validation Loss: 0.6671
--- Saved model to checkpoints/classification/crumb_scratch_lr/state.pt ---
Epoch 79
Epoch 79, Training Loss: 0.6647, Validation Loss: 0.6635 (best)
--- Saved model to checkpoints/classification/crumb_scratch_lr/state.pt ---
Epoch 80
Epoch 80, Training Loss: 0.6641, Validation Loss: 0.6845
--- Saved model to checkpoints/classification/crumb_scratch_lr/state.pt ---
Epoch 81
Epoch 81, Training Loss: 0.6735, Validation Loss: 0.7032
--- Saved model to checkpoints/classification/crumb_scratch_lr/state.pt ---
Epoch 82
Epoch 82, Training Loss: 0.6650, Validation Loss: 0.6672
--- Saved model to checkpoints/classification/crumb_scratch_lr/state.pt ---
Epoch 83
Epoch 83, Training Loss: 0.6749, Validation Loss: 0.6663
--- Saved model to checkpoints/classification/crumb_scratch_lr/state.pt ---
Epoch 84
Epoch 84, Training Loss: 0.6692, Validation Loss: 0.6660
--- Saved model to checkpoints/classification/crumb_scratch_lr/state.pt ---
Epoch 85
Epoch 85, Training Loss: 0.6721, Validation Loss: 0.6692
--- Saved model to checkpoints/classification/crumb_scratch_lr/state.pt ---
Epoch 86
Epoch 86, Training Loss: 0.6671, Validation Loss: 0.6680
--- Saved model to checkpoints/classification/crumb_scratch_lr/state.pt ---
Epoch 87
Epoch 87, Training Loss: 0.6722, Validation Loss: 0.6622 (best)
--- Saved model to checkpoints/classification/crumb_scratch_lr/state.pt ---
Epoch 88
Epoch 88, Training Loss: 0.6652, Validation Loss: 0.7161
--- Saved model to checkpoints/classification/crumb_scratch_lr/state.pt ---
Epoch 89
Epoch 89, Training Loss: 0.6719, Validation Loss: 0.6873
--- Saved model to checkpoints/classification/crumb_scratch_lr/state.pt ---
Epoch 90
Epoch 90, Training Loss: 0.6695, Validation Loss: 0.7687
--- Saved model to checkpoints/classification/crumb_scratch_lr/state.pt ---
Epoch 91
Epoch 91, Training Loss: 0.6761, Validation Loss: 0.7454
--- Saved model to checkpoints/classification/crumb_scratch_lr/state.pt ---
Epoch 92
Epoch 92, Training Loss: 0.6680, Validation Loss: 0.6924
--- Saved model to checkpoints/classification/crumb_scratch_lr/state.pt ---
Epoch 93
Epoch 93, Training Loss: 0.6688, Validation Loss: 0.6628
--- Saved model to checkpoints/classification/crumb_scratch_lr/state.pt ---
Epoch 94
Epoch 94, Training Loss: 0.6696, Validation Loss: 0.6674
--- Saved model to checkpoints/classification/crumb_scratch_lr/state.pt ---
Epoch 95
Epoch 95, Training Loss: 0.6687, Validation Loss: 0.9074
--- Saved model to checkpoints/classification/crumb_scratch_lr/state.pt ---
Epoch 96
Epoch 96, Training Loss: 0.6740, Validation Loss: 0.7393
--- Saved model to checkpoints/classification/crumb_scratch_lr/state.pt ---
Epoch 97
Epoch 97, Training Loss: 0.6705, Validation Loss: 0.6702
--- Saved model to checkpoints/classification/crumb_scratch_lr/state.pt ---
Epoch 98
Epoch 98, Training Loss: 0.6681, Validation Loss: 0.6659
--- Saved model to checkpoints/classification/crumb_scratch_lr/state.pt ---
Epoch 99
Epoch 99, Training Loss: 0.6679, Validation Loss: 0.6618 (best)
--- Saved model to checkpoints/classification/crumb_scratch_lr/state.pt ---
Restored best model (val loss 0.6618)
--- Saved model to checkpoints/classification/crumb_scratch_lr/state.pt ---
Testing model
Accuracy: 69.47%
