/idia/users/bevan/pid-radast/classifier-guided-physics-informed-diffusion/.venv/lib/python3.11/site-packages/torchvision/models/_utils.py:208: UserWarning: The parameter 'pretrained' is deprecated since 0.13 and may be removed in the future, please use 'weights' instead.
  warnings.warn(
/idia/users/bevan/pid-radast/classifier-guided-physics-informed-diffusion/.venv/lib/python3.11/site-packages/torchvision/models/_utils.py:223: UserWarning: Arguments other than a weight enum or `None` for 'weights' are deprecated since 0.13 and may be removed in the future. The current behavior is equivalent to passing `weights=None`.
  warnings.warn(msg)
On device cuda
CRUMB test set: 286 non-hybrid images total, 100 matched to a MiraBest source (tolerance=0.01 deg)

--- full_crumb (n=286) ---
[full_crumb] FULL deterministic pass: 141/286 correct (49.3%)
[full_crumb] random 100-sample run (seed=0): 45/100 correct (45.0%)
[full_crumb] random 100-sample run (seed=1): 46/100 correct (46.0%)
[full_crumb] random 100-sample run (seed=2): 46/100 correct (46.0%)
[full_crumb] random 100-sample run (seed=3): 49/100 correct (49.0%)
[full_crumb] random 100-sample run (seed=4): 46/100 correct (46.0%)
[full_crumb] mean over 5 random-sample runs: 46.4%

--- mirabest_subset (n=100) ---
[mirabest_subset] FULL deterministic pass: 49/100 correct (49.0%)
[mirabest_subset] random 100-sample run (seed=0): 43/100 correct (43.0%)
[mirabest_subset] random 100-sample run (seed=1): 53/100 correct (53.0%)
[mirabest_subset] random 100-sample run (seed=2): 50/100 correct (50.0%)
[mirabest_subset] random 100-sample run (seed=3): 53/100 correct (53.0%)
[mirabest_subset] random 100-sample run (seed=4): 49/100 correct (49.0%)
[mirabest_subset] mean over 5 random-sample runs: 49.6%

=== Summary ===
full_crumb: full-set accuracy=49.3%  random-run accuracies=['45.0%', '46.0%', '46.0%', '49.0%', '46.0%']
mirabest_subset: full-set accuracy=49.0%  random-run accuracies=['43.0%', '53.0%', '50.0%', '53.0%', '49.0%']
