CUDA Memory Cleared. Current VRAM Usage: 0.00 MB
On device cuda
Getting data loader crumb
Total unique classes found: 2
Label IDs: [0, 1]
Total images in dataset: 2003
Total batches: 86 (at batch size 16)

============================================================
Run 1/1  |  seed=43  |  results -> results/classification/run_20260702_033144_seed43
============================================================

Training classification for 100 epochs
Epoch 0
Epoch 0, Training Loss: 0.6127, Validation Loss: 0.6493 (best)
--- Saved model to checkpoints/classification/state.pt ---
Epoch 1
Epoch 1, Training Loss: 0.5788, Validation Loss: 0.6688
--- Saved model to checkpoints/classification/state.pt ---
Epoch 2
Epoch 2, Training Loss: 0.5477, Validation Loss: 0.6555
--- Saved model to checkpoints/classification/state.pt ---
Epoch 3
Epoch 3, Training Loss: 0.5410, Validation Loss: 0.6073 (best)
--- Saved model to checkpoints/classification/state.pt ---
Epoch 4
Epoch 4, Training Loss: 0.5234, Validation Loss: 0.6713
--- Saved model to checkpoints/classification/state.pt ---
Epoch 5
Epoch 5, Training Loss: 0.5213, Validation Loss: 0.6151
--- Saved model to checkpoints/classification/state.pt ---
Epoch 6
Epoch 6, Training Loss: 0.5235, Validation Loss: 0.6648
--- Saved model to checkpoints/classification/state.pt ---
Epoch 7
Epoch 7, Training Loss: 0.4935, Validation Loss: 0.6714
--- Saved model to checkpoints/classification/state.pt ---
Epoch 8
Epoch 8, Training Loss: 0.4949, Validation Loss: 0.6592
--- Saved model to checkpoints/classification/state.pt ---
Epoch 9
Epoch 9, Training Loss: 0.4962, Validation Loss: 0.6257
--- Saved model to checkpoints/classification/state.pt ---
Epoch 10
Epoch 10, Training Loss: 0.5001, Validation Loss: 0.6219
--- Saved model to checkpoints/classification/state.pt ---
Epoch 11
Epoch 11, Training Loss: 0.4828, Validation Loss: 0.6226
--- Saved model to checkpoints/classification/state.pt ---
Epoch 12
Epoch 12, Training Loss: 0.4750, Validation Loss: 0.6222
--- Saved model to checkpoints/classification/state.pt ---
Epoch 13
Epoch 13, Training Loss: 0.4753, Validation Loss: 0.6045 (best)
--- Saved model to checkpoints/classification/state.pt ---
Epoch 14
Epoch 14, Training Loss: 0.4662, Validation Loss: 0.6466
--- Saved model to checkpoints/classification/state.pt ---
Epoch 15
Epoch 15, Training Loss: 0.4662, Validation Loss: 0.6021 (best)
--- Saved model to checkpoints/classification/state.pt ---
Epoch 16
Epoch 16, Training Loss: 0.4772, Validation Loss: 0.6989
--- Saved model to checkpoints/classification/state.pt ---
Epoch 17
Epoch 17, Training Loss: 0.4464, Validation Loss: 0.6995
--- Saved model to checkpoints/classification/state.pt ---
Epoch 18
Epoch 18, Training Loss: 0.4529, Validation Loss: 0.7313
--- Saved model to checkpoints/classification/state.pt ---
Epoch 19
Epoch 19, Training Loss: 0.4465, Validation Loss: 0.6598
--- Saved model to checkpoints/classification/state.pt ---
Epoch 20
Epoch 20, Training Loss: 0.4552, Validation Loss: 0.6484
--- Saved model to checkpoints/classification/state.pt ---
Epoch 21
Epoch 21, Training Loss: 0.4582, Validation Loss: 0.6552
--- Saved model to checkpoints/classification/state.pt ---
Epoch 22
Epoch 22, Training Loss: 0.4462, Validation Loss: 0.6259
--- Saved model to checkpoints/classification/state.pt ---
Epoch 23
Epoch 23, Training Loss: 0.4447, Validation Loss: 0.6512
--- Saved model to checkpoints/classification/state.pt ---
Epoch 24
Epoch 24, Training Loss: 0.4384, Validation Loss: 0.5979 (best)
--- Saved model to checkpoints/classification/state.pt ---
Epoch 25
Epoch 25, Training Loss: 0.4240, Validation Loss: 0.6116
--- Saved model to checkpoints/classification/state.pt ---
Epoch 26
Epoch 26, Training Loss: 0.4388, Validation Loss: 0.5769 (best)
--- Saved model to checkpoints/classification/state.pt ---
Epoch 27
Epoch 27, Training Loss: 0.4120, Validation Loss: 0.6237
--- Saved model to checkpoints/classification/state.pt ---
Epoch 28
Epoch 28, Training Loss: 0.4430, Validation Loss: 0.6432
--- Saved model to checkpoints/classification/state.pt ---
Epoch 29
Epoch 29, Training Loss: 0.4272, Validation Loss: 0.6437
--- Saved model to checkpoints/classification/state.pt ---
Epoch 30
Epoch 30, Training Loss: 0.4084, Validation Loss: 0.5864
--- Saved model to checkpoints/classification/state.pt ---
Epoch 31
Epoch 31, Training Loss: 0.4238, Validation Loss: 0.6492
--- Saved model to checkpoints/classification/state.pt ---
Epoch 32
Epoch 32, Training Loss: 0.4263, Validation Loss: 0.6745
--- Saved model to checkpoints/classification/state.pt ---
Epoch 33
Epoch 33, Training Loss: 0.4148, Validation Loss: 0.6455
--- Saved model to checkpoints/classification/state.pt ---
Epoch 34
Epoch 34, Training Loss: 0.4149, Validation Loss: 0.6624
--- Saved model to checkpoints/classification/state.pt ---
Epoch 35
Epoch 35, Training Loss: 0.4213, Validation Loss: 0.6572
--- Saved model to checkpoints/classification/state.pt ---
Epoch 36
Epoch 36, Training Loss: 0.3964, Validation Loss: 0.7073
--- Saved model to checkpoints/classification/state.pt ---
Epoch 37
Epoch 37, Training Loss: 0.4029, Validation Loss: 0.6576
--- Saved model to checkpoints/classification/state.pt ---
Epoch 38
Epoch 38, Training Loss: 0.4099, Validation Loss: 0.6559
--- Saved model to checkpoints/classification/state.pt ---
Epoch 39
Epoch 39, Training Loss: 0.4025, Validation Loss: 0.6652
--- Saved model to checkpoints/classification/state.pt ---
Epoch 40
Epoch 40, Training Loss: 0.4009, Validation Loss: 0.6409
--- Saved model to checkpoints/classification/state.pt ---
Epoch 41
Epoch 41, Training Loss: 0.4079, Validation Loss: 0.6706
--- Saved model to checkpoints/classification/state.pt ---
Epoch 42
Epoch 42, Training Loss: 0.3846, Validation Loss: 0.6075
--- Saved model to checkpoints/classification/state.pt ---
Epoch 43
Epoch 43, Training Loss: 0.4001, Validation Loss: 0.6914
--- Saved model to checkpoints/classification/state.pt ---
Epoch 44
Epoch 44, Training Loss: 0.3886, Validation Loss: 0.6441
--- Saved model to checkpoints/classification/state.pt ---
Epoch 45
Epoch 45, Training Loss: 0.3886, Validation Loss: 0.6950
--- Saved model to checkpoints/classification/state.pt ---
Epoch 46
Epoch 46, Training Loss: 0.3914, Validation Loss: 0.6863
--- Saved model to checkpoints/classification/state.pt ---
Epoch 47
Epoch 47, Training Loss: 0.3884, Validation Loss: 0.7233
--- Saved model to checkpoints/classification/state.pt ---
Epoch 48
Epoch 48, Training Loss: 0.3906, Validation Loss: 0.6867
--- Saved model to checkpoints/classification/state.pt ---
Epoch 49
Epoch 49, Training Loss: 0.4117, Validation Loss: 0.6251
--- Saved model to checkpoints/classification/state.pt ---
Epoch 50
Epoch 50, Training Loss: 0.3824, Validation Loss: 0.7294
--- Saved model to checkpoints/classification/state.pt ---
Epoch 51
Epoch 51, Training Loss: 0.3748, Validation Loss: 0.7112
--- Saved model to checkpoints/classification/state.pt ---
Epoch 52
Epoch 52, Training Loss: 0.3807, Validation Loss: 0.7101
--- Saved model to checkpoints/classification/state.pt ---
Epoch 53
Epoch 53, Training Loss: 0.3914, Validation Loss: 0.7018
--- Saved model to checkpoints/classification/state.pt ---
Epoch 54
Epoch 54, Training Loss: 0.3582, Validation Loss: 0.7016
--- Saved model to checkpoints/classification/state.pt ---
Epoch 55
Epoch 55, Training Loss: 0.3655, Validation Loss: 0.7453
--- Saved model to checkpoints/classification/state.pt ---
Epoch 56
Epoch 56, Training Loss: 0.3732, Validation Loss: 0.7237
--- Saved model to checkpoints/classification/state.pt ---
Epoch 57
Epoch 57, Training Loss: 0.3594, Validation Loss: 0.7537
--- Saved model to checkpoints/classification/state.pt ---
Epoch 58
Epoch 58, Training Loss: 0.3699, Validation Loss: 0.8022
--- Saved model to checkpoints/classification/state.pt ---
Epoch 59
Epoch 59, Training Loss: 0.3697, Validation Loss: 0.7272
--- Saved model to checkpoints/classification/state.pt ---
Epoch 60
Epoch 60, Training Loss: 0.3871, Validation Loss: 0.7581
--- Saved model to checkpoints/classification/state.pt ---
Epoch 61
Epoch 61, Training Loss: 0.3813, Validation Loss: 0.7676
--- Saved model to checkpoints/classification/state.pt ---
Epoch 62
Epoch 62, Training Loss: 0.3391, Validation Loss: 0.7780
--- Saved model to checkpoints/classification/state.pt ---
Epoch 63
Epoch 63, Training Loss: 0.3558, Validation Loss: 0.8172
--- Saved model to checkpoints/classification/state.pt ---
Epoch 64
Epoch 64, Training Loss: 0.3488, Validation Loss: 0.6885
--- Saved model to checkpoints/classification/state.pt ---
Epoch 65
Epoch 65, Training Loss: 0.3614, Validation Loss: 0.7296
--- Saved model to checkpoints/classification/state.pt ---
Epoch 66
Epoch 66, Training Loss: 0.3419, Validation Loss: 0.7168
--- Saved model to checkpoints/classification/state.pt ---
Epoch 67
Epoch 67, Training Loss: 0.3529, Validation Loss: 0.8217
--- Saved model to checkpoints/classification/state.pt ---
Epoch 68
Epoch 68, Training Loss: 0.3279, Validation Loss: 0.7427
--- Saved model to checkpoints/classification/state.pt ---
Epoch 69
Epoch 69, Training Loss: 0.3471, Validation Loss: 0.7832
--- Saved model to checkpoints/classification/state.pt ---
Epoch 70
Epoch 70, Training Loss: 0.3413, Validation Loss: 0.8039
--- Saved model to checkpoints/classification/state.pt ---
Epoch 71
Epoch 71, Training Loss: 0.3636, Validation Loss: 0.7018
--- Saved model to checkpoints/classification/state.pt ---
Epoch 72
Epoch 72, Training Loss: 0.3372, Validation Loss: 0.7193
--- Saved model to checkpoints/classification/state.pt ---
Epoch 73
Epoch 73, Training Loss: 0.3482, Validation Loss: 0.7116
--- Saved model to checkpoints/classification/state.pt ---
Epoch 74
Epoch 74, Training Loss: 0.3427, Validation Loss: 0.7976
--- Saved model to checkpoints/classification/state.pt ---
Epoch 75
Epoch 75, Training Loss: 0.3425, Validation Loss: 0.8028
--- Saved model to checkpoints/classification/state.pt ---
Epoch 76
Epoch 76, Training Loss: 0.3347, Validation Loss: 0.7949
--- Saved model to checkpoints/classification/state.pt ---
Epoch 77
Epoch 77, Training Loss: 0.3280, Validation Loss: 0.9915
--- Saved model to checkpoints/classification/state.pt ---
Epoch 78
Epoch 78, Training Loss: 0.3175, Validation Loss: 0.8188
--- Saved model to checkpoints/classification/state.pt ---
Epoch 79
Epoch 79, Training Loss: 0.3445, Validation Loss: 0.7912
--- Saved model to checkpoints/classification/state.pt ---
Epoch 80
Epoch 80, Training Loss: 0.3324, Validation Loss: 0.7577
--- Saved model to checkpoints/classification/state.pt ---
Epoch 81
Epoch 81, Training Loss: 0.3341, Validation Loss: 0.9103
--- Saved model to checkpoints/classification/state.pt ---
Epoch 82
Epoch 82, Training Loss: 0.3157, Validation Loss: 0.7705
--- Saved model to checkpoints/classification/state.pt ---
Epoch 83
Epoch 83, Training Loss: 0.3337, Validation Loss: 0.8629
--- Saved model to checkpoints/classification/state.pt ---
Epoch 84
Epoch 84, Training Loss: 0.3424, Validation Loss: 0.7277
--- Saved model to checkpoints/classification/state.pt ---
Epoch 85
Epoch 85, Training Loss: 0.3385, Validation Loss: 0.8669
--- Saved model to checkpoints/classification/state.pt ---
Epoch 86
Epoch 86, Training Loss: 0.3155, Validation Loss: 0.8145
--- Saved model to checkpoints/classification/state.pt ---
Epoch 87
Epoch 87, Training Loss: 0.3126, Validation Loss: 0.7653
--- Saved model to checkpoints/classification/state.pt ---
Epoch 88
Epoch 88, Training Loss: 0.3093, Validation Loss: 0.7426
--- Saved model to checkpoints/classification/state.pt ---
Epoch 89
Epoch 89, Training Loss: 0.3553, Validation Loss: 0.7428
--- Saved model to checkpoints/classification/state.pt ---
Epoch 90
Epoch 90, Training Loss: 0.3129, Validation Loss: 0.7726
--- Saved model to checkpoints/classification/state.pt ---
Epoch 91
Epoch 91, Training Loss: 0.3225, Validation Loss: 0.8117
--- Saved model to checkpoints/classification/state.pt ---
Epoch 92
Epoch 92, Training Loss: 0.3108, Validation Loss: 0.8480
--- Saved model to checkpoints/classification/state.pt ---
Epoch 93
Epoch 93, Training Loss: 0.3097, Validation Loss: 0.7604
--- Saved model to checkpoints/classification/state.pt ---
Epoch 94
Epoch 94, Training Loss: 0.2996, Validation Loss: 0.7026
--- Saved model to checkpoints/classification/state.pt ---
Epoch 95
Epoch 95, Training Loss: 0.3033, Validation Loss: 0.8404
--- Saved model to checkpoints/classification/state.pt ---
Epoch 96
Epoch 96, Training Loss: 0.3188, Validation Loss: 0.8029
--- Saved model to checkpoints/classification/state.pt ---
Epoch 97
Epoch 97, Training Loss: 0.3075, Validation Loss: 0.8407
--- Saved model to checkpoints/classification/state.pt ---
Epoch 98
Epoch 98, Training Loss: 0.3051, Validation Loss: 0.8314
--- Saved model to checkpoints/classification/state.pt ---
Epoch 99
Epoch 99, Training Loss: 0.3174, Validation Loss: 0.8109
--- Saved model to checkpoints/classification/state.pt ---
Restored best model (val loss 0.5769)
Testing model
Accuracy: 52.10%
