Loaded guidance classifier (robust_classification) from checkpoints/robust_classification/guide_fits
Getting data loader crumb_fits
Loaded FITS stats: noise_rms=0.000324, peak_log=4.066700
Loaded FITS stats: noise_rms=0.000324, peak_log=4.066700
Guidance classifier: checkpoints/robust_classification/guide_fits (robust_classification, time-aware=True)

[1+2] Guidance classifier on real crumb_fits val images, clean (t=0) and noised:
  t=   0  accuracy=0.751  (FR-I=0.787  FR-II=0.725)  p_target=0.728  predicted FR-II=0.510
  t=  25  accuracy=0.762  (FR-I=0.800  FR-II=0.734)  p_target=0.720  predicted FR-II=0.510
  t=  50  accuracy=0.714  (FR-I=0.813  FR-II=0.643)  p_target=0.693  predicted FR-II=0.451
  t= 100  accuracy=0.731  (FR-I=0.833  FR-II=0.657)  p_target=0.674  predicted FR-II=0.451
  t= 200  accuracy=0.630  (FR-I=0.800  FR-II=0.507)  p_target=0.578  predicted FR-II=0.378
  t= 400  accuracy=0.574  (FR-I=0.767  FR-II=0.435)  p_target=0.519  predicted FR-II=0.350
  t= 600  accuracy=0.571  (FR-I=0.047  FR-II=0.952)  p_target=0.506  predicted FR-II=0.952  <-- COLLAPSED
  t= 800  accuracy=0.588  (FR-I=0.047  FR-II=0.981)  p_target=0.507  predicted FR-II=0.969  <-- COLLAPSED
  t= 999  accuracy=0.510  (FR-I=0.400  FR-II=0.589)  p_target=0.503  predicted FR-II=0.594
  -> not collapsed and >=60% accurate at t = [0, 25, 50, 100, 200]

[3] Sampling cls_guided_diffusion_crumb_fits_seed42 at CFG 3.0, classifier_scale 1.0:
  class=0  t= 980  nudge_ratio=5.36e-04  p_target=0.500  frac_pred_target=0.50
  class=0  t= 880  nudge_ratio=6.94e-04  p_target=0.449  frac_pred_target=0.00
  class=0  t= 780  nudge_ratio=7.51e-04  p_target=0.468  frac_pred_target=0.00
  class=0  t= 680  nudge_ratio=9.54e-04  p_target=0.468  frac_pred_target=0.12
  class=0  t= 580  nudge_ratio=1.03e-03  p_target=0.468  frac_pred_target=0.06
  class=0  t= 480  nudge_ratio=1.07e-03  p_target=0.492  frac_pred_target=0.44
  class=0  t= 380  nudge_ratio=1.33e-03  p_target=0.567  frac_pred_target=0.94
  class=0  t= 280  nudge_ratio=1.85e-03  p_target=0.692  frac_pred_target=0.88
  class=0  t= 180  nudge_ratio=1.35e-03  p_target=0.811  frac_pred_target=0.94
  class=0  t=  80  nudge_ratio=4.23e-04  p_target=0.911  frac_pred_target=1.00
  class=1  t= 980  nudge_ratio=5.56e-04  p_target=0.495  frac_pred_target=0.38
  class=1  t= 880  nudge_ratio=5.53e-04  p_target=0.562  frac_pred_target=1.00
  class=1  t= 780  nudge_ratio=6.54e-04  p_target=0.531  frac_pred_target=0.94
  class=1  t= 680  nudge_ratio=7.46e-04  p_target=0.527  frac_pred_target=0.94
  class=1  t= 580  nudge_ratio=9.61e-04  p_target=0.557  frac_pred_target=0.88
  class=1  t= 480  nudge_ratio=1.49e-03  p_target=0.576  frac_pred_target=0.69
  class=1  t= 380  nudge_ratio=1.48e-03  p_target=0.653  frac_pred_target=0.88
  class=1  t= 280  nudge_ratio=1.71e-03  p_target=0.727  frac_pred_target=0.81
  class=1  t= 180  nudge_ratio=2.53e-03  p_target=0.751  frac_pred_target=0.94
  class=1  t=  80  nudge_ratio=6.93e-04  p_target=0.828  frac_pred_target=0.94
  nudge_ratio over all steps: median=8.82e-04  max=2.66e-03

Saved to results/cgd_guidance_diagnostics_robust/
